 usermatthLib

 Timestamp is 6a5906ab (Thu Jul 16 18:28:27 2026)

 Preferred load address is 0000000180000000

 Start         Length     Name                   Class
 0001:00000000 00005790H .text                   CODE
 0001:00005790 00001860H .text$mn                CODE
 0001:00006ff0 00000036H .text$mn$00             CODE
 0001:00007026 00000092H .text$x                 CODE
 0002:00000000 00000178H .idata$5                DATA
 0002:00000178 00000038H .00cfg                  DATA
 0002:000001b0 00000008H .CRT$XCA                DATA
 0002:000001b8 00000008H .CRT$XCU                DATA
 0002:000001c0 00000008H .CRT$XCZ                DATA
 0002:000001c8 00000008H .CRT$XIA                DATA
 0002:000001d0 00000008H .CRT$XIZ                DATA
 0002:000001d8 00000008H .CRT$XPA                DATA
 0002:000001e0 00000008H .CRT$XPZ                DATA
 0002:000001e8 00000008H .CRT$XTA                DATA
 0002:000001f0 00000010H .CRT$XTZ                DATA
 0002:000001f8 00000000H .gehcont$y              DATA
 0002:000001f8 00000000H .gfids$y                DATA
 0002:00000200 00001d80H .rdata                  DATA
 0002:00001f80 00000000H .rdata$CastGuardVftablesA DATA
 0002:00001f80 00000000H .rdata$CastGuardVftablesC DATA
 0002:00001f80 00000064H .rdata$voltmd           DATA
 0002:00001fe4 0000028cH .rdata$zzzdbg           DATA
 0002:00002270 00000008H .rtc$IAA                DATA
 0002:00002278 00000008H .rtc$IZZ                DATA
 0002:00002280 00000008H .rtc$TAA                DATA
 0002:00002288 00000008H .rtc$TZZ                DATA
 0002:00002290 000002a0H .xdata                  DATA
 0002:00002530 00000050H .edata                  DATA
 0002:00002580 0000008cH .idata$2                DATA
 0002:0000260c 00000014H .idata$3                DATA
 0002:00002620 00000178H .idata$4                DATA
 0002:00002798 000003c6H .idata$6                DATA
 0003:00000000 00000100H .data                   DATA
 0003:00000100 00001368H .bss                    DATA
 0004:00000000 00000258H .pdata                  DATA
 0005:00000000 00000b10H _RDATA                  DATA
 0006:00000000 00000060H .rsrc$01                DATA
 0006:00000060 00000180H .rsrc$02                DATA

  Address         Publics by Value              Rva+Base               Lib:Object

 0000:00000000       __AbsoluteZero             0000000000000000     <absolute>
 0000:00000000       ___safe_se_handler_count   0000000000000000     <absolute>
 0000:00000000       ___safe_se_handler_table   0000000000000000     <absolute>
 0000:00000000       __arm64x_extra_rfe_table   0000000000000000     <absolute>
 0000:00000000       __arm64x_extra_rfe_table_size 0000000000000000     <absolute>
 0000:00000000       __arm64x_native_entrypoint 0000000000000000     <absolute>
 0000:00000000       __arm64x_redirection_metadata 0000000000000000     <absolute>
 0000:00000000       __arm64x_redirection_metadata_count 0000000000000000     <absolute>
 0000:00000000       __dynamic_value_reloc_table 0000000000000000     <absolute>
 0000:00000000       __enclave_config           0000000000000000     <absolute>
 0000:00000000       __guard_check_icall_a64n_fptr 0000000000000000     <absolute>
 0000:00000000       __guard_eh_cont_count      0000000000000000     <absolute>
 0000:00000000       __guard_eh_cont_table      0000000000000000     <absolute>
 0000:00000000       __guard_fids_count         0000000000000000     <absolute>
 0000:00000000       __guard_fids_table         0000000000000000     <absolute>
 0000:00000000       __guard_iat_count          0000000000000000     <absolute>
 0000:00000000       __guard_iat_table          0000000000000000     <absolute>
 0000:00000000       __guard_longjmp_count      0000000000000000     <absolute>
 0000:00000000       __guard_longjmp_table      0000000000000000     <absolute>
 0000:00000000       __hybrid_auxiliary_delayload_iat 0000000000000000     <absolute>
 0000:00000000       __hybrid_auxiliary_delayload_iat_copy 0000000000000000     <absolute>
 0000:00000000       __hybrid_auxiliary_iat     0000000000000000     <absolute>
 0000:00000000       __hybrid_auxiliary_iat_copy 0000000000000000     <absolute>
 0000:00000000       __hybrid_code_map          0000000000000000     <absolute>
 0000:00000000       __hybrid_code_map_count    0000000000000000     <absolute>
 0000:00000000       __hybrid_image_info_bitfield 0000000000000000     <absolute>
 0000:00000000       __x64_code_ranges_to_entry_points 0000000000000000     <absolute>
 0000:00000000       __x64_code_ranges_to_entry_points_count 0000000000000000     <absolute>
 0000:00000100       __guard_flags              0000000000000100     <absolute>
 0000:00000000       __ImageBase                0000000180000000     <linker-defined>
 0001:00000000       USERMATTH                  0000000180001000 f   usermatth.obj
 0001:00000b00       _intel_fast_memset         0000000180001b00 f   libirc:fastmemset.c.obj
 0001:00000bb0       __intel_avx_rep_memset     0000000180001bb0 f   libirc:intel_avx_rep_memset.c.obj
 0001:00001c80       __intel_mic_avx512f_memset 0000000180002c80 f   libirc:intel_mic_avx512f_memset.c.obj
 0001:00004130       __intel_cpu_features_init_x 0000000180005130 f   libirc:cpu_feature_disp.c.obj
 0001:00005480       sprintf                    0000000180006480 f i libirc:irc_msg_support.c.obj
 0001:00005670       __libirc_print             0000000180006670 f   libirc:irc_msg_support.c.obj
 0001:00005710       printf                     0000000180006710 f i libirc:irc_msg_support.c.obj
 0001:00005790       exp                        0000000180006790 f   libmmd:libmmd.dll
 0001:00005796       pow                        0000000180006796 f   libmmd:libmmd.dll
 0001:00005aac       _DllMainCRTStartup         0000000180006aac f   MSVCRT:dll_dllmain.obj
 0001:00005aec       __security_init_cookie     0000000180006aec f   MSVCRT:gs_support.obj
 0001:00005b98       DllMain                    0000000180006b98 f   MSVCRT:dll_dllmain_stub.obj
 0001:00005bbc       ?__scrt_initialize_type_info@@YAXXZ 0000000180006bbc f   MSVCRT:tncleanup.obj
 0001:00005bcc       ?__scrt_uninitialize_type_info@@YAXXZ 0000000180006bcc f   MSVCRT:tncleanup.obj
 0001:00005bd8       __local_stdio_printf_options 0000000180006bd8 f i MSVCRT:default_local_stdio_options.obj
 0001:00005be0       __local_stdio_scanf_options 0000000180006be0 f i MSVCRT:default_local_stdio_options.obj
 0001:00005be8       __scrt_initialize_default_local_stdio_options 0000000180006be8 f   MSVCRT:default_local_stdio_options.obj
 0001:00005c04       __scrt_acquire_startup_lock 0000000180006c04 f   MSVCRT:utility.obj
 0001:00005c40       __scrt_dllmain_after_initialize_c 0000000180006c40 f   MSVCRT:utility.obj
 0001:00005c74       __scrt_dllmain_before_initialize_c 0000000180006c74 f   MSVCRT:utility.obj
 0001:00005c8c       __scrt_dllmain_crt_thread_attach 0000000180006c8c f   MSVCRT:utility.obj
 0001:00005cb4       __scrt_dllmain_crt_thread_detach 0000000180006cb4 f   MSVCRT:utility.obj
 0001:00005ccc       __scrt_dllmain_exception_filter 0000000180006ccc f   MSVCRT:utility.obj
 0001:00005d2c       __scrt_dllmain_uninitialize_c 0000000180006d2c f   MSVCRT:utility.obj
 0001:00005d5c       __scrt_dllmain_uninitialize_critical 0000000180006d5c f   MSVCRT:utility.obj
 0001:00005d70       __scrt_initialize_crt      0000000180006d70 f   MSVCRT:utility.obj
 0001:00005dac       __scrt_initialize_onexit_tables 0000000180006dac f   MSVCRT:utility.obj
 0001:00005e38       __scrt_is_nonwritable_in_current_image 0000000180006e38 f   MSVCRT:utility.obj
 0001:00005ed0       __scrt_release_startup_lock 0000000180006ed0 f   MSVCRT:utility.obj
 0001:00005ef4       __scrt_uninitialize_crt    0000000180006ef4 f   MSVCRT:utility.obj
 0001:00005f20       __scrt_get_dyn_tls_init_callback 0000000180006f20 f   MSVCRT:dyn_tls_init.obj
 0001:00005f28       __crt_debugger_hook        0000000180006f28 f   MSVCRT:utility_desktop.obj
 0001:00005f30       __scrt_fastfail            0000000180006f30 f   MSVCRT:utility_desktop.obj
 0001:00006078       _RTC_Initialize            0000000180007078 f   MSVCRT:initsect.obj
 0001:000060b4       _RTC_Terminate             00000001800070b4 f   MSVCRT:initsect.obj
 0001:000060f0       _guard_check_icall_nop     00000001800070f0 f i MSVCRT:guard_support.obj
 0001:000060f4       __isa_available_init       00000001800070f4 f   MSVCRT:cpu_disp.obj
 0001:000063c0       _get_startup_argv_mode     00000001800073c0 f   MSVCRT:argv_mode.obj
 0001:000063c8       __scrt_is_ucrt_dll_in_use  00000001800073c8 f   MSVCRT:ucrt_detection.obj
 0001:000063e0       __intel_memset             00000001800073e0 f   libirc:fast_memset.asm.obj
 0001:000063e0       __intel_new_memset         00000001800073e0 f   libirc:fast_memset.asm.obj
 0001:00006dc4       __C_specific_handler       0000000180007dc4 f   vcruntime:VCRUNTIME140.dll
 0001:00006dca       __std_type_info_destroy_list 0000000180007dca f   vcruntime:VCRUNTIME140.dll
 0001:00006dd0       memset                     0000000180007dd0 f   vcruntime:VCRUNTIME140.dll
 0001:00006dd6       _initterm                  0000000180007dd6 f   ucrt:api-ms-win-crt-runtime-l1-1-0.dll
 0001:00006ddc       _initterm_e                0000000180007ddc f   ucrt:api-ms-win-crt-runtime-l1-1-0.dll
 0001:00006de2       _seh_filter_dll            0000000180007de2 f   ucrt:api-ms-win-crt-runtime-l1-1-0.dll
 0001:00006de8       _configure_narrow_argv     0000000180007de8 f   ucrt:api-ms-win-crt-runtime-l1-1-0.dll
 0001:00006dee       _initialize_narrow_environment 0000000180007dee f   ucrt:api-ms-win-crt-runtime-l1-1-0.dll
 0001:00006df4       _initialize_onexit_table   0000000180007df4 f   ucrt:api-ms-win-crt-runtime-l1-1-0.dll
 0001:00006dfa       _execute_onexit_table      0000000180007dfa f   ucrt:api-ms-win-crt-runtime-l1-1-0.dll
 0001:00006e00       _cexit                     0000000180007e00 f   ucrt:api-ms-win-crt-runtime-l1-1-0.dll
 0001:00006e06       getenv                     0000000180007e06 f   ucrt:api-ms-win-crt-environment-l1-1-0.dll
 0001:00006e0c       exit                       0000000180007e0c f   ucrt:api-ms-win-crt-runtime-l1-1-0.dll
 0001:00006e12       __stdio_common_vsprintf    0000000180007e12 f   ucrt:api-ms-win-crt-stdio-l1-1-0.dll
 0001:00006e18       strlen                     0000000180007e18 f   ucrt:api-ms-win-crt-string-l1-1-0.dll
 0001:00006e1e       strncpy                    0000000180007e1e f   ucrt:api-ms-win-crt-string-l1-1-0.dll
 0001:00006e24       __acrt_iob_func            0000000180007e24 f   ucrt:api-ms-win-crt-stdio-l1-1-0.dll
 0001:00006e2a       __stdio_common_vfprintf    0000000180007e2a f   ucrt:api-ms-win-crt-stdio-l1-1-0.dll
 0001:00006e40       __security_check_cookie    0000000180007e40 f   MSVCRT:amdsecgs.obj
 0001:00006e60       __raise_securityfailure    0000000180007e60 f   MSVCRT:gs_report.obj
 0001:00006e94       __report_gsfailure         0000000180007e94 f   MSVCRT:gs_report.obj
 0001:00006fdc       __acrt_initialize          0000000180007fdc f   MSVCRT:ucrt_stubs.obj
 0001:00006fdc       __acrt_thread_attach       0000000180007fdc f   MSVCRT:ucrt_stubs.obj
 0001:00006fdc       __acrt_thread_detach       0000000180007fdc f   MSVCRT:ucrt_stubs.obj
 0001:00006fdc       __acrt_uninitialize        0000000180007fdc f   MSVCRT:ucrt_stubs.obj
 0001:00006fdc       __acrt_uninitialize_critical 0000000180007fdc f   MSVCRT:ucrt_stubs.obj
 0001:00006fdc       __scrt_stub_for_acrt_initialize 0000000180007fdc f   MSVCRT:ucrt_stubs.obj
 0001:00006fdc       __scrt_stub_for_acrt_thread_attach 0000000180007fdc f   MSVCRT:ucrt_stubs.obj
 0001:00006fdc       __scrt_stub_for_acrt_thread_detach 0000000180007fdc f   MSVCRT:ucrt_stubs.obj
 0001:00006fdc       __scrt_stub_for_acrt_uninitialize 0000000180007fdc f   MSVCRT:ucrt_stubs.obj
 0001:00006fdc       __scrt_stub_for_acrt_uninitialize_critical 0000000180007fdc f   MSVCRT:ucrt_stubs.obj
 0001:00006fdc       __vcrt_initialize          0000000180007fdc f   MSVCRT:ucrt_stubs.obj
 0001:00006fdc       __vcrt_thread_attach       0000000180007fdc f   MSVCRT:ucrt_stubs.obj
 0001:00006fdc       __vcrt_thread_detach       0000000180007fdc f   MSVCRT:ucrt_stubs.obj
 0001:00006fdc       __vcrt_uninitialize        0000000180007fdc f   MSVCRT:ucrt_stubs.obj
 0001:00006fdc       __vcrt_uninitialize_critical 0000000180007fdc f   MSVCRT:ucrt_stubs.obj
 0001:00006fe0       __scrt_stub_for_is_c_termination_complete 0000000180007fe0 f   MSVCRT:ucrt_stubs.obj
 0001:00006fe0       _is_c_termination_complete 0000000180007fe0 f   MSVCRT:ucrt_stubs.obj
 0001:00006fe3       memcpy                     0000000180007fe3 f   vcruntime:VCRUNTIME140.dll
 0001:00007000       _guard_dispatch_icall_nop  0000000180008000 f   MSVCRT:guard_dispatch.obj
 0001:00007020       _guard_xfg_dispatch_icall_nop 0000000180008020 f   MSVCRT:guard_xfg_dispatch.obj
 0002:00000000       __imp_RtlVirtualUnwind     0000000180009000     kernel32:KERNEL32.dll
 0002:00000008       __imp_TerminateProcess     0000000180009008     kernel32:KERNEL32.dll
 0002:00000010       __imp_GetCurrentProcess    0000000180009010     kernel32:KERNEL32.dll
 0002:00000018       __imp_QueryPerformanceCounter 0000000180009018     kernel32:KERNEL32.dll
 0002:00000020       __imp_GetCurrentProcessId  0000000180009020     kernel32:KERNEL32.dll
 0002:00000028       __imp_GetCurrentThreadId   0000000180009028     kernel32:KERNEL32.dll
 0002:00000030       __imp_GetSystemTimeAsFileTime 0000000180009030     kernel32:KERNEL32.dll
 0002:00000038       __imp_DisableThreadLibraryCalls 0000000180009038     kernel32:KERNEL32.dll
 0002:00000040       __imp_InitializeSListHead  0000000180009040     kernel32:KERNEL32.dll
 0002:00000048       __imp_RtlCaptureContext    0000000180009048     kernel32:KERNEL32.dll
 0002:00000050       __imp_RtlLookupFunctionEntry 0000000180009050     kernel32:KERNEL32.dll
 0002:00000058       __imp_LocalFree            0000000180009058     kernel32:KERNEL32.dll
 0002:00000060       __imp_IsDebuggerPresent    0000000180009060     kernel32:KERNEL32.dll
 0002:00000068       __imp_UnhandledExceptionFilter 0000000180009068     kernel32:KERNEL32.dll
 0002:00000070       __imp_SetUnhandledExceptionFilter 0000000180009070     kernel32:KERNEL32.dll
 0002:00000078       __imp_IsProcessorFeaturePresent 0000000180009078     kernel32:KERNEL32.dll
 0002:00000080       __imp_GetThreadLocale      0000000180009080     kernel32:KERNEL32.dll
 0002:00000088       __imp_LoadLibraryA         0000000180009088     kernel32:KERNEL32.dll
 0002:00000090       __imp_FormatMessageA       0000000180009090     kernel32:KERNEL32.dll
 0002:00000098       \177KERNEL32_NULL_THUNK_DATA 0000000180009098     kernel32:KERNEL32.dll
 0002:000000a0       __imp_memset               00000001800090a0     vcruntime:VCRUNTIME140.dll
 0002:000000a8       __imp___C_specific_handler 00000001800090a8     vcruntime:VCRUNTIME140.dll
 0002:000000b0       __imp___std_type_info_destroy_list 00000001800090b0     vcruntime:VCRUNTIME140.dll
 0002:000000b8       __imp_memcpy               00000001800090b8     vcruntime:VCRUNTIME140.dll
 0002:000000c0       \177VCRUNTIME140_NULL_THUNK_DATA 00000001800090c0     vcruntime:VCRUNTIME140.dll
 0002:000000c8       __imp_getenv               00000001800090c8     ucrt:api-ms-win-crt-environment-l1-1-0.dll
 0002:000000d0       \177api-ms-win-crt-environment-l1-1-0_NULL_THUNK_DATA 00000001800090d0     ucrt:api-ms-win-crt-environment-l1-1-0.dll
 0002:000000d8       __imp__seh_filter_dll      00000001800090d8     ucrt:api-ms-win-crt-runtime-l1-1-0.dll
 0002:000000e0       __imp__configure_narrow_argv 00000001800090e0     ucrt:api-ms-win-crt-runtime-l1-1-0.dll
 0002:000000e8       __imp__initialize_narrow_environment 00000001800090e8     ucrt:api-ms-win-crt-runtime-l1-1-0.dll
 0002:000000f0       __imp__initialize_onexit_table 00000001800090f0     ucrt:api-ms-win-crt-runtime-l1-1-0.dll
 0002:000000f8       __imp__execute_onexit_table 00000001800090f8     ucrt:api-ms-win-crt-runtime-l1-1-0.dll
 0002:00000100       __imp__cexit               0000000180009100     ucrt:api-ms-win-crt-runtime-l1-1-0.dll
 0002:00000108       __imp__initterm            0000000180009108     ucrt:api-ms-win-crt-runtime-l1-1-0.dll
 0002:00000110       __imp_exit                 0000000180009110     ucrt:api-ms-win-crt-runtime-l1-1-0.dll
 0002:00000118       __imp__initterm_e          0000000180009118     ucrt:api-ms-win-crt-runtime-l1-1-0.dll
 0002:00000120       \177api-ms-win-crt-runtime-l1-1-0_NULL_THUNK_DATA 0000000180009120     ucrt:api-ms-win-crt-runtime-l1-1-0.dll
 0002:00000128       __imp___acrt_iob_func      0000000180009128     ucrt:api-ms-win-crt-stdio-l1-1-0.dll
 0002:00000130       __imp___stdio_common_vfprintf 0000000180009130     ucrt:api-ms-win-crt-stdio-l1-1-0.dll
 0002:00000138       __imp___stdio_common_vsprintf 0000000180009138     ucrt:api-ms-win-crt-stdio-l1-1-0.dll
 0002:00000140       \177api-ms-win-crt-stdio-l1-1-0_NULL_THUNK_DATA 0000000180009140     ucrt:api-ms-win-crt-stdio-l1-1-0.dll
 0002:00000148       __imp_strlen               0000000180009148     ucrt:api-ms-win-crt-string-l1-1-0.dll
 0002:00000150       __imp_strncpy              0000000180009150     ucrt:api-ms-win-crt-string-l1-1-0.dll
 0002:00000158       \177api-ms-win-crt-string-l1-1-0_NULL_THUNK_DATA 0000000180009158     ucrt:api-ms-win-crt-string-l1-1-0.dll
 0002:00000160       __imp_pow                  0000000180009160     libmmd:libmmd.dll
 0002:00000168       __imp_exp                  0000000180009168     libmmd:libmmd.dll
 0002:00000170       \177libmmd_NULL_THUNK_DATA 0000000180009170     libmmd:libmmd.dll
 0002:00000178       __guard_check_icall_fptr   0000000180009178     MSVCRT:guard_support.obj
 0002:00000180       __guard_xfg_check_icall_fptr 0000000180009180     MSVCRT:guard_support.obj
 0002:00000188       __guard_dispatch_icall_fptr 0000000180009188     MSVCRT:guard_support.obj
 0002:00000190       __guard_xfg_dispatch_icall_fptr 0000000180009190     MSVCRT:guard_support.obj
 0002:00000198       __guard_xfg_table_dispatch_icall_fptr 0000000180009198     MSVCRT:guard_support.obj
 0002:000001a0       __castguard_check_failure_os_handled_fptr 00000001800091a0     MSVCRT:guard_support.obj
 0002:000001a8       __guard_memcpy_fptr        00000001800091a8     vcruntime:softmemtag.obj
 0002:000001b0       __xc_a                     00000001800091b0     MSVCRT:initializers.obj
 0002:000001c0       __xc_z                     00000001800091c0     MSVCRT:initializers.obj
 0002:000001c8       __xi_a                     00000001800091c8     MSVCRT:initializers.obj
 0002:000001d0       __xi_z                     00000001800091d0     MSVCRT:initializers.obj
 0002:000001d8       __xp_a                     00000001800091d8     MSVCRT:initializers.obj
 0002:000001e0       __xp_z                     00000001800091e0     MSVCRT:initializers.obj
 0002:000001e8       __xt_a                     00000001800091e8     MSVCRT:initializers.obj
 0002:000001f0       __xt_z                     00000001800091f0     MSVCRT:initializers.obj
 0002:00000280       _pDefaultRawDllMain        0000000180009280     MSVCRT:dll_dllmain.obj
 0002:00000280       _pRawDllMain               0000000180009280     MSVCRT:dll_dllmain.obj
 0002:00000290       __xmm@ffffffffffffffffffffffffffffffff 0000000180009290     MSVCRT:utility.obj
 0002:000002a0       ??_C@_0BC@KAPBHMOC@INTEL_ISA_DISABLE?$AA@ 00000001800092a0     libirc:cpu_feature_disp.c.obj
 0002:000002b2       ??_C@_0N@DLEDHPEL@GENERIC_IA32?$AA@ 00000001800092b2     libirc:cpu_feature_disp.c.obj
 0002:000002bf       ??_C@_03GKHNBDLC@X87?$AA@  00000001800092bf     libirc:cpu_feature_disp.c.obj
 0002:000002c3       ??_C@_04NINHJKLE@CMOV?$AA@ 00000001800092c3     libirc:cpu_feature_disp.c.obj
 0002:000002c8       ??_C@_03LABOKELA@mmx?$AA@  00000001800092c8     libirc:cpu_feature_disp.c.obj
 0002:000002cc       ??_C@_03LNOFGJMM@MMX?$AA@  00000001800092cc     libirc:cpu_feature_disp.c.obj
 0002:000002d0       ??_C@_06BMLBIJFJ@FXSAVE?$AA@ 00000001800092d0     libirc:cpu_feature_disp.c.obj
 0002:000002d7       ??_C@_03OJAMGGHK@sse?$AA@  00000001800092d7     libirc:cpu_feature_disp.c.obj
 0002:000002db       ??_C@_03OEPHKLAG@SSE?$AA@  00000001800092db     libirc:cpu_feature_disp.c.obj
 0002:000002df       ??_C@_04FNEJMADF@sse2?$AA@ 00000001800092df     libirc:cpu_feature_disp.c.obj
 0002:000002e4       ??_C@_04EPHAGOP@SSE2?$AA@  00000001800092e4     libirc:cpu_feature_disp.c.obj
 0002:000002e9       ??_C@_04EEFCPBHE@sse3?$AA@ 00000001800092e9     libirc:cpu_feature_disp.c.obj
 0002:000002ee       ??_C@_04BNOMDHKO@SSE3?$AA@ 00000001800092ee     libirc:cpu_feature_disp.c.obj
 0002:000002f3       ??_C@_05LOAENIKF@ssse3?$AA@ 00000001800092f3     libirc:cpu_feature_disp.c.obj
 0002:000002f9       ??_C@_05OABGBLEJ@SSSE3?$AA@ 00000001800092f9     libirc:cpu_feature_disp.c.obj
 0002:000002ff       ??_C@_06OILAGOML@sse4?41?$AA@ 00000001800092ff     libirc:cpu_feature_disp.c.obj
 0002:00000306       ??_C@_06LEFDHPAC@SSE4_1?$AA@ 0000000180009306     libirc:cpu_feature_disp.c.obj
 0002:0000030d       ??_C@_04LBDGHLD@sse4?$AA@  000000018000930d     libirc:cpu_feature_disp.c.obj
 0002:00000312       ??_C@_06JPHOCMMB@SSE4_2?$AA@ 0000000180009312     libirc:cpu_feature_disp.c.obj
 0002:00000319       ??_C@_05PMLINNKI@movbe?$AA@ 0000000180009319     libirc:cpu_feature_disp.c.obj
 0002:0000031f       ??_C@_05DHCODKOG@MOVBE?$AA@ 000000018000931f     libirc:cpu_feature_disp.c.obj
 0002:00000325       ??_C@_06KOACKPNP@popcnt?$AA@ 0000000180009325     libirc:cpu_feature_disp.c.obj
 0002:0000032c       ??_C@_06KKCJHBAN@POPCNT?$AA@ 000000018000932c     libirc:cpu_feature_disp.c.obj
 0002:00000333       ??_C@_06OGHLGNM@pclmul?$AA@ 0000000180009333     libirc:cpu_feature_disp.c.obj
 0002:0000033a       ??_C@_09HPFCOANK@PCLMULQDQ?$AA@ 000000018000933a     libirc:cpu_feature_disp.c.obj
 0002:00000344       ??_C@_03BHCPJDHL@aes?$AA@  0000000180009344     libirc:cpu_feature_disp.c.obj
 0002:00000348       ??_C@_03BKNEFOAH@AES?$AA@  0000000180009348     libirc:cpu_feature_disp.c.obj
 0002:0000034c       ??_C@_03OKLLFHJJ@avx?$AA@  000000018000934c     libirc:cpu_feature_disp.c.obj
 0002:00000350       ??_C@_03OHEAJKOF@AVX?$AA@  0000000180009350     libirc:cpu_feature_disp.c.obj
 0002:00000354       ??_C@_04JAOLEIN@f16c?$AA@  0000000180009354     libirc:cpu_feature_disp.c.obj
 0002:00000359       ??_C@_04FNELLPCL@F16C?$AA@ 0000000180009359     libirc:cpu_feature_disp.c.obj
 0002:0000035e       ??_C@_05OGILADIF@rdrnd?$AA@ 000000018000935e     libirc:cpu_feature_disp.c.obj
 0002:00000364       ??_C@_05CNBNOEML@RDRND?$AA@ 0000000180009364     libirc:cpu_feature_disp.c.obj
 0002:0000036a       ??_C@_03PMBPIKKJ@fma?$AA@  000000018000936a     libirc:cpu_feature_disp.c.obj
 0002:0000036e       ??_C@_03PBOEEHNF@FMA?$AA@  000000018000936e     libirc:cpu_feature_disp.c.obj
 0002:00000372       ??_C@_03LLKEJHPG@bmi?$AA@  0000000180009372     libirc:cpu_feature_disp.c.obj
 0002:00000376       ??_C@_03LGFPFKIK@BMI?$AA@  0000000180009376     libirc:cpu_feature_disp.c.obj
 0002:0000037a       ??_C@_05KCOAGLCG@lzcnt?$AA@ 000000018000937a     libirc:cpu_feature_disp.c.obj
 0002:00000380       ??_C@_05GJHGIMGI@LZCNT?$AA@ 0000000180009380     libirc:cpu_feature_disp.c.obj
 0002:00000386       ??_C@_03HJGOFCKJ@hle?$AA@  0000000180009386     libirc:cpu_feature_disp.c.obj
 0002:0000038a       ??_C@_03HEJFJPNF@HLE?$AA@  000000018000938a     libirc:cpu_feature_disp.c.obj
 0002:0000038e       ??_C@_03JMCGJNJC@rtm?$AA@  000000018000938e     libirc:cpu_feature_disp.c.obj
 0002:00000392       ??_C@_03JBNNFAOO@RTM?$AA@  0000000180009392     libirc:cpu_feature_disp.c.obj
 0002:00000396       ??_C@_04GEEJMEMG@avx2?$AA@ 0000000180009396     libirc:cpu_feature_disp.c.obj
 0002:0000039b       ??_C@_04DNPHACBM@AVX2?$AA@ 000000018000939b     libirc:cpu_feature_disp.c.obj
 0002:000003a0       ??_C@_07NLELLPOD@avx512f?$AA@ 00000001800093a0     libirc:cpu_feature_disp.c.obj
 0002:000003a8       ??_C@_07HPKIMFLN@AVX512F?$AA@ 00000001800093a8     libirc:cpu_feature_disp.c.obj
 0002:000003b0       ??_C@_08MHIGEKE@avx512dq?$AA@ 00000001800093b0     libirc:cpu_feature_disp.c.obj
 0002:000003b9       ??_C@_08BFILNPIP@AVX512DQ?$AA@ 00000001800093b9     libirc:cpu_feature_disp.c.obj
 0002:000003c2       ??_C@_07LGMDCMAP@ptwrite?$AA@ 00000001800093c2     libirc:cpu_feature_disp.c.obj
 0002:000003ca       ??_C@_07ELJOJAIL@PTWRITE?$AA@ 00000001800093ca     libirc:cpu_feature_disp.c.obj
 0002:000003d2       ??_C@_05BOHPOBIO@KNCNI?$AA@ 00000001800093d2     libirc:cpu_feature_disp.c.obj
 0002:000003d8       ??_C@_03PFBJCAIH@adx?$AA@  00000001800093d8     libirc:cpu_feature_disp.c.obj
 0002:000003dc       ??_C@_03PIOCONPL@ADX?$AA@  00000001800093dc     libirc:cpu_feature_disp.c.obj
 0002:000003e0       ??_C@_06HHAGJGIJ@rdseed?$AA@ 00000001800093e0     libirc:cpu_feature_disp.c.obj
 0002:000003e7       ??_C@_06HDCNEIFL@RDSEED?$AA@ 00000001800093e7     libirc:cpu_feature_disp.c.obj
 0002:000003ee       ??_C@_0L@IJADHJNG@avx512ifma?$AA@ 00000001800093ee     libirc:cpu_feature_disp.c.obj
 0002:000003f9       ??_C@_0N@LFFKPCEC@AVX512IFMA52?$AA@ 00000001800093f9     libirc:cpu_feature_disp.c.obj
 0002:00000406       ??_C@_08CGJHFNFA@avx512er?$AA@ 0000000180009406     libirc:cpu_feature_disp.c.obj
 0002:0000040f       ??_C@_08DPGEOGHL@AVX512ER?$AA@ 000000018000940f     libirc:cpu_feature_disp.c.obj
 0002:00000418       ??_C@_08BCNEOLJO@avx512pf?$AA@ 0000000180009418     libirc:cpu_feature_disp.c.obj
 0002:00000421       ??_C@_08LCHFALF@AVX512PF?$AA@ 0000000180009421     libirc:cpu_feature_disp.c.obj
 0002:0000042a       ??_C@_08DOICJEDF@avx512cd?$AA@ 000000018000942a     libirc:cpu_feature_disp.c.obj
 0002:00000433       ??_C@_08CHHBCPBO@AVX512CD?$AA@ 0000000180009433     libirc:cpu_feature_disp.c.obj
 0002:0000043c       ??_C@_03JNBDOPOP@sha?$AA@  000000018000943c     libirc:cpu_feature_disp.c.obj
 0002:00000440       ??_C@_03JAOICCJD@SHA?$AA@  0000000180009440     libirc:cpu_feature_disp.c.obj
 0002:00000444       ??_C@_03KEOAJEJD@mpx?$AA@  0000000180009444     libirc:cpu_feature_disp.c.obj
 0002:00000448       ??_C@_03KJBLFJOP@MPX?$AA@  0000000180009448     libirc:cpu_feature_disp.c.obj
 0002:0000044c       ??_C@_08FOKPLPJA@avx512bw?$AA@ 000000018000944c     libirc:cpu_feature_disp.c.obj
 0002:00000455       ??_C@_08EHFMAELL@AVX512BW?$AA@ 0000000180009455     libirc:cpu_feature_disp.c.obj
 0002:0000045e       ??_C@_08OMLGHPKG@avx512vl?$AA@ 000000018000945e     libirc:cpu_feature_disp.c.obj
 0002:00000467       ??_C@_08PFEFMEIN@AVX512VL?$AA@ 0000000180009467     libirc:cpu_feature_disp.c.obj
 0002:00000470       ??_C@_0L@CMAIGENK@avx512vbmi?$AA@ 0000000180009470     libirc:cpu_feature_disp.c.obj
 0002:0000047b       ??_C@_0L@KLACIIAG@AVX512VBMI?$AA@ 000000018000947b     libirc:cpu_feature_disp.c.obj
 0002:00000486       ??_C@_0N@OMFKOIBA@avx5124fmaps?$AA@ 0000000180009486     libirc:cpu_feature_disp.c.obj
 0002:00000493       ??_C@_0O@MIOLLIDA@AVX512_4FMAPS?$AA@ 0000000180009493     libirc:cpu_feature_disp.c.obj
 0002:000004a1       ??_C@_0N@IHNENNPG@avx5124vnniw?$AA@ 00000001800094a1     libirc:cpu_feature_disp.c.obj
 0002:000004ae       ??_C@_0O@KDGFINNG@AVX512_4VNNIW?$AA@ 00000001800094ae     libirc:cpu_feature_disp.c.obj
 0002:000004bc       ??_C@_0BA@EHLDCBHF@avx512vpopcntdq?$AA@ 00000001800094bc     libirc:cpu_feature_disp.c.obj
 0002:000004cc       ??_C@_0BB@DLIFHHFD@AVX512_VPOPCNTDQ?$AA@ 00000001800094cc     libirc:cpu_feature_disp.c.obj
 0002:000004dd       ??_C@_0N@LGLPOPK@avx512bitalg?$AA@ 00000001800094dd     libirc:cpu_feature_disp.c.obj
 0002:000004ea       ??_C@_0O@OAGHJHEG@AVX512_BITALG?$AA@ 00000001800094ea     libirc:cpu_feature_disp.c.obj
 0002:000004f8       ??_C@_0M@ILFKGHNP@avx512vbmi2?$AA@ 00000001800094f8     libirc:cpu_feature_disp.c.obj
 0002:00000504       ??_C@_0N@CHOPOAHA@AVX512_VBMI2?$AA@ 0000000180009504     libirc:cpu_feature_disp.c.obj
 0002:00000511       ??_C@_04PKPEDNKE@gfni?$AA@ 0000000180009511     libirc:cpu_feature_disp.c.obj
 0002:00000516       ??_C@_04DGMONPNM@GFNI?$AA@ 0000000180009516     libirc:cpu_feature_disp.c.obj
 0002:0000051b       ??_C@_04IGNLKOBF@vaes?$AA@ 000000018000951b     libirc:cpu_feature_disp.c.obj
 0002:00000520       ??_C@_04EKOBEMGN@VAES?$AA@ 0000000180009520     libirc:cpu_feature_disp.c.obj
 0002:00000525       ??_C@_0L@NBDJJMAH@vpclmulqdq?$AA@ 0000000180009525     libirc:cpu_feature_disp.c.obj
 0002:00000530       ??_C@_0L@GHFECOCH@VPCLMULQDQ?$AA@ 0000000180009530     libirc:cpu_feature_disp.c.obj
 0002:0000053b       ??_C@_0L@GEJIGFDL@avx512vnni?$AA@ 000000018000953b     libirc:cpu_feature_disp.c.obj
 0002:00000546       ??_C@_0M@GNOGIKBA@AVX512_VNNI?$AA@ 0000000180009546     libirc:cpu_feature_disp.c.obj
 0002:00000552       ??_C@_04JAMKDKDE@clwb?$AA@ 0000000180009552     libirc:cpu_feature_disp.c.obj
 0002:00000557       ??_C@_04FMPANIEM@CLWB?$AA@ 0000000180009557     libirc:cpu_feature_disp.c.obj
 0002:0000055c       ??_C@_05EJMNNNIL@rdpid?$AA@ 000000018000955c     libirc:cpu_feature_disp.c.obj
 0002:00000562       ??_C@_05ICFLDKMF@RDPID?$AA@ 0000000180009562     libirc:cpu_feature_disp.c.obj
 0002:00000568       ??_C@_03JIJFDLNG@ibt?$AA@  0000000180009568     libirc:cpu_feature_disp.c.obj
 0002:0000056c       ??_C@_03JFGOPGKK@IBT?$AA@  000000018000956c     libirc:cpu_feature_disp.c.obj
 0002:00000570       ??_C@_05MGLCGACN@shstk?$AA@ 0000000180009570     libirc:cpu_feature_disp.c.obj
 0002:00000576       ??_C@_05NCEIHGD@SHSTK?$AA@ 0000000180009576     libirc:cpu_feature_disp.c.obj
 0002:0000057c       ??_C@_03NEPABMK@sgx?$AA@   000000018000957c     libirc:cpu_feature_disp.c.obj
 0002:00000580       ??_C@_03LEMMLG@SGX?$AA@    0000000180009580     libirc:cpu_feature_disp.c.obj
 0002:00000584       ??_C@_08CDOHEHPB@wbnoinvd?$AA@ 0000000180009584     libirc:cpu_feature_disp.c.obj
 0002:0000058d       ??_C@_08FMELHJNG@WBNOINVD?$AA@ 000000018000958d     libirc:cpu_feature_disp.c.obj
 0002:00000596       ??_C@_07CAIEDGMN@pconfig?$AA@ 0000000180009596     libirc:cpu_feature_disp.c.obj
 0002:0000059e       ??_C@_07NNNJIKEJ@PCONFIG?$AA@ 000000018000959e     libirc:cpu_feature_disp.c.obj
 0002:000005a6       ??_C@_0BD@JLLEEGLK@avx512vp2intersect?$AA@ 00000001800095a6     libirc:cpu_feature_disp.c.obj
 0002:000005b9       ??_C@_0BE@PEIFBHE@AVX512_VP2INTERSECT?$AA@ 00000001800095b9     libirc:cpu_feature_disp.c.obj
 0002:000005cd       ??_C@_0L@OOHNPKAD@avx512fp16?$AA@ 00000001800095cd     libirc:cpu_feature_disp.c.obj
 0002:000005d8       ??_C@_0M@EKMKHHGK@AVX512_FP16?$AA@ 00000001800095d8     libirc:cpu_feature_disp.c.obj
 0002:000005e4       ??_C@_08JFAJBOBM@cldemote?$AA@ 00000001800095e4     libirc:cpu_feature_disp.c.obj
 0002:000005ed       ??_C@_08OKKFCADL@CLDEMOTE?$AA@ 00000001800095ed     libirc:cpu_feature_disp.c.obj
 0002:000005f6       ??_C@_07LIGAECPI@movdiri?$AA@ 00000001800095f6     libirc:cpu_feature_disp.c.obj
 0002:000005fe       ??_C@_07EFDNPOHM@MOVDIRI?$AA@ 00000001800095fe     libirc:cpu_feature_disp.c.obj
 0002:00000606       ??_C@_09KDHAKIPE@movdir64b?$AA@ 0000000180009606     libirc:cpu_feature_disp.c.obj
 0002:00000610       ??_C@_09LPOHMNN@MOVDIR64B?$AA@ 0000000180009610     libirc:cpu_feature_disp.c.obj
 0002:0000061a       ??_C@_07DHCBJOOO@waitpkg?$AA@ 000000018000961a     libirc:cpu_feature_disp.c.obj
 0002:00000622       ??_C@_07MKHMCCGK@WAITPKG?$AA@ 0000000180009622     libirc:cpu_feature_disp.c.obj
 0002:0000062a       ??_C@_0L@GOIPFEIA@avx512bf16?$AA@ 000000018000962a     libirc:cpu_feature_disp.c.obj
 0002:00000635       ??_C@_0M@MKDINJOJ@AVX512_BF16?$AA@ 0000000180009635     libirc:cpu_feature_disp.c.obj
 0002:00000641       ??_C@_06CFFMEKKL@enqcmd?$AA@ 0000000180009641     libirc:cpu_feature_disp.c.obj
 0002:00000648       ??_C@_06CBHHJEHJ@ENQCMD?$AA@ 0000000180009648     libirc:cpu_feature_disp.c.obj
 0002:0000064f       ??_C@_07LFEIEJJF@avxvnni?$AA@ 000000018000964f     libirc:cpu_feature_disp.c.obj
 0002:00000657       ??_C@_08DJJDFKEF@AVX_VNNI?$AA@ 0000000180009657     libirc:cpu_feature_disp.c.obj
 0002:00000660       ??_C@_08GOIOBAFI@amx?9tile?$AA@ 0000000180009660     libirc:cpu_feature_disp.c.obj
 0002:00000669       ??_C@_08BGIOCLEJ@AMX?9TILE?$AA@ 0000000180009669     libirc:cpu_feature_disp.c.obj
 0002:00000672       ??_C@_08HGAJKKAD@amx?9int8?$AA@ 0000000180009672     libirc:cpu_feature_disp.c.obj
 0002:0000067b       ??_C@_08JLINLFLA@AMX?9INT8?$AA@ 000000018000967b     libirc:cpu_feature_disp.c.obj
 0002:00000684       ??_C@_08CMLPNBFI@amx?9bf16?$AA@ 0000000180009684     libirc:cpu_feature_disp.c.obj
 0002:0000068d       ??_C@_08PJHGIIAL@AMX?9BF16?$AA@ 000000018000968d     libirc:cpu_feature_disp.c.obj
 0002:00000696       ??_C@_02INHECGIH@kl?$AA@   0000000180009696     libirc:cpu_feature_disp.c.obj
 0002:00000699       ??_C@_02CALNEEMF@KL?$AA@   0000000180009699     libirc:cpu_feature_disp.c.obj
 0002:0000069c       ??_C@_07DPEDHDNB@wide?9kl?$AA@ 000000018000969c     libirc:cpu_feature_disp.c.obj
 0002:000006a4       ??_C@_07GCCMGAGL@WIDE?9KL?$AA@ 00000001800096a4     libirc:cpu_feature_disp.c.obj
 0002:00000ec0       ??_C@_0BF@OPNNPJKI@__INTEL_LIBIRC_DEBUG?$AA@ 0000000180009ec0     libirc:fast_mem_ops.c.obj
 0002:00000ed5       ??_C@_01EEMJAFIK@?6?$AA@   0000000180009ed5     libirc:irc_msg_support.c.obj
 0002:00000ed7       ??_C@_03OFAPEBGM@?$CFs?6?$AA@ 0000000180009ed7     libirc:irc_msg_support.c.obj
 0002:00000edb       ??_C@_00CNPNBAHC@?$AA@     0000000180009edb     libirc:irc_msg_support.c.obj
 0002:000012c0       ??_C@_0M@MBALBCAP@irc_msg?4dll?$AA@ 000000018000a2c0     libirc:irc_msg_support.c.obj
 0002:000012cc       ??_C@_06HDNHIHHC@?$CFlu?1?$CFs?$AA@ 000000018000a2cc     libirc:irc_msg_support.c.obj
 0002:000012d3       ??_C@_0CO@LIDAPGLI@Constant?5propagation?5error?5?$CI?$CFs?5s@ 000000018000a2d3     libirc:irc_msg_support.c.obj
 0002:00001301       ??_C@_06LNHPCDMO@FORMAL?$AA@ 000000018000a301     libirc:irc_msg_support.c.obj
 0002:00001308       ??_C@_06LJMOENAO@RETURN?$AA@ 000000018000a308     libirc:irc_msg_support.c.obj
 0002:0000130f       ??_C@_06FNIPBJLB@GLOBAL?$AA@ 000000018000a30f     libirc:irc_msg_support.c.obj
 0002:00001316       ??_C@_0BA@HFCAGHIM@?7I32?5?$CFlx?5?$CB?$DN?5?$CFlx?$AA@ 000000018000a316     libirc:irc_msg_support.c.obj
 0002:00001326       ??_C@_0BB@KBKLMHMJ@?7SI32?5?$CFld?5?$CB?$DN?5?$CFld?$AA@ 000000018000a326     libirc:irc_msg_support.c.obj
 0002:00001337       ??_C@_0O@OIJLDIAL@?7F32?5?$CFf?5?$CB?$DN?5?$CFf?$AA@ 000000018000a337     libirc:irc_msg_support.c.obj
 0002:00001345       ??_C@_0BI@PHAMDHG@?7I64?5?$CFlx?3?$CFlx?5?$CB?$DN?5?$CFlx?3?$CFlx?$AA@ 000000018000a345     libirc:irc_msg_support.c.obj
 0002:0000135d       ??_C@_0BJ@KAOIAAOJ@?7SI64?5?$CFld?3?$CFld?5?$CB?$DN?5?$CFld?3?$CFld?$AA@ 000000018000a35d     libirc:irc_msg_support.c.obj
 0002:00001376       ??_C@_0O@JIINIFFI@?7F64?5?$CFf?5?$CB?$DN?5?$CFf?$AA@ 000000018000a376     libirc:irc_msg_support.c.obj
 0002:00001384       ??_C@_0BE@JFHKIGEA@Bad?5second?5argument?$AA@ 000000018000a384     libirc:irc_msg_support.c.obj
 0002:00001398       ??_C@_0CH@BFIFJDFA@Fatal?5Error?3?5Can?5not?5initiate?5th@ 000000018000a398     libirc:irc_msg_support.c.obj
 0002:000013bf       ??_C@_0CB@BENDEFKL@Usage?3?5?$CFs?5input_file?5output_file@ 000000018000a3bf     libirc:irc_msg_support.c.obj
 0002:000013e0       ??_C@_0CL@ECBPGCHK@Usage?3?5?$CFs?5segment_size?5input_fil@ 000000018000a3e0     libirc:irc_msg_support.c.obj
 0002:0000140b       ??_C@_0DE@CNIENLA@Conversion?5from?5text?5file?5?$CFs?5to?5@ 000000018000a40b     libirc:irc_msg_support.c.obj
 0002:0000143f       ??_C@_0BJ@CDJAJJCL@segment_size?5?$DN?50x?$CFx?5?$DN?5?$CFd?$AA@ 000000018000a43f     libirc:irc_msg_support.c.obj
 0002:00001458       ??_C@_0DF@PMDBBNPG@Cannot?5allocate?5memory?5to?5hold?5s@ 000000018000a458     libirc:irc_msg_support.c.obj
 0002:0000148d       ??_C@_0BJ@GMFAFGIE@Input?5file?3?5?$CFs?5corrupted?$AA@ 000000018000a48d     libirc:irc_msg_support.c.obj
 0002:000014a6       ??_C@_0BE@LHCNFCKL@routine_name?5?$DN?5?8?$CFs?8?$AA@ 000000018000a4a6     libirc:irc_msg_support.c.obj
 0002:000014ba       ??_C@_0BE@IHJIFMAO@file_name?5?5?5?5?$DN?5?8?$CFs?8?$AA@ 000000018000a4ba     libirc:irc_msg_support.c.obj
 0002:000014ce       ??_C@_0BE@IMDFJMBB@prof_dir?5?5?5?5?5?$DN?5?8?$CFs?8?$AA@ 000000018000a4ce     libirc:irc_msg_support.c.obj
 0002:000014e2       ??_C@_0CP@NPCNIIOF@Dynamic?5profile?5created?5from?5fil@ 000000018000a4e2     libirc:irc_msg_support.c.obj
 0002:00001511       ??_C@_0FA@HECKJFDI@Fatal?5Error?3?5This?5program?5was?5no@ 000000018000a511     libirc:irc_msg_support.c.obj
 0002:00001561       ??_C@_0CA@PAJBEGNK@The?5allowed?5processors?5are?3?5?$CFs?4?$AA@ 000000018000a561     libirc:irc_msg_support.c.obj
 0002:00001581       ??_C@_0FC@HHGEAGCP@Run?9Time?5Check?5Failure?3?5The?5vari@ 000000018000a581     libirc:irc_msg_support.c.obj
 0002:000015d3       ??_C@_0CN@OLCFEPDB@Error?3?5?5Buffer?5overrun?5occurred?0@ 000000018000a5d3     libirc:irc_msg_support.c.obj
 0002:00001600       ??_C@_0DH@CPGBMFLK@Initialization?5of?5symbol?5handler@ 000000018000a600     libirc:irc_msg_support.c.obj
 0002:00001637       ??_C@_0BH@JFAEFEG@NTDLL?5module?5not?5found?$AA@ 000000018000a637     libirc:irc_msg_support.c.obj
 0002:0000164e       ??_C@_0DC@LEKHGOOI@RtlCaptureContext?5function?5not?5f@ 000000018000a64e     libirc:irc_msg_support.c.obj
 0002:00001680       ??_C@_0EB@LNNIKPNI@?5Windows?5XP?564?9bit?5Edition?5Versi@ 000000018000a680     libirc:irc_msg_support.c.obj
 0002:000016c1       ??_C@_0DC@NFPOCHEJ@StackWalk?5is?5terminated?5abnormal@ 000000018000a6c1     libirc:irc_msg_support.c.obj
 0002:000016f3       ??_C@_0CJ@NFGKMOPL@Exception?5is?5raised?5during?5stack@ 000000018000a6f3     libirc:irc_msg_support.c.obj
 0002:0000171c       ??_C@_0BE@CKBJPGBN@Signal?5?$CFs?5is?5raised?$AA@ 000000018000a71c     libirc:irc_msg_support.c.obj
 0002:00001730       ??_C@_0BM@NAJAFBGP@Signal?5?$CFs?5is?5raised?5at?50x?$CFp?$AA@ 000000018000a730     libirc:irc_msg_support.c.obj
 0002:0000174c       ??_C@_07MIPHKCEO@SIGSEGV?$AA@ 000000018000a74c     libirc:irc_msg_support.c.obj
 0002:00001754       ??_C@_06HBHKGPEM@SIGILL?$AA@ 000000018000a754     libirc:irc_msg_support.c.obj
 0002:0000175b       ??_C@_06HINGHOCM@SIGBUS?$AA@ 000000018000a75b     libirc:irc_msg_support.c.obj
 0002:00001762       ??_C@_06ONOHJOEH@SIGFPE?$AA@ 000000018000a762     libirc:irc_msg_support.c.obj
 0002:00001769       ??_C@_07CIFAGBMG@unknown?$AA@ 000000018000a769     libirc:irc_msg_support.c.obj
 0002:00001771       ??_C@_08INEPGKHH@No?5error?$AA@ 000000018000a771     libirc:irc_msg_support.c.obj
 0002:0000177a       ??_C@_0DM@DFCLNCCD@You?5must?5link?5with?5libunwind?5to?5@ 000000018000a77a     libirc:irc_msg_support.c.obj
 0002:000017b6       ??_C@_0IL@DKLMJCLK@Intel?$CIR?$CJ?5Core?$CITM?$CJ?5Duo?5processors@ 000000018000a7b6     libirc:irc_msg_support.c.obj
 0002:00001841       ??_C@_0IE@BAELBPCJ@Intel?$CIR?$CJ?5Pentium?$CIR?$CJ?54?5and?5compat@ 000000018000a841     libirc:irc_msg_support.c.obj
 0002:000018c5       ??_C@_0DG@BNPHHLLH@Intel?$CIR?$CJ?5Pentium?$CIR?$CJ?5M?5and?5compat@ 000000018000a8c5     libirc:irc_msg_support.c.obj
 0002:000018fb       ??_C@_0IH@FKDJEOFB@Intel?$CIR?$CJ?5Pentium?$CIR?$CJ?54?5and?5compat@ 000000018000a8fb     libirc:irc_msg_support.c.obj
 0002:00001982       ??_C@_0DI@OOGINKBO@Intel?$CIR?$CJ?5processors?5with?5Swing?5N@ 000000018000a982     libirc:irc_msg_support.c.obj
 0002:000019ba       ??_C@_0EA@GOKPAGHH@Intel?$CIR?$CJ?5processors?5with?5SSE4?42?5@ 000000018000a9ba     libirc:irc_msg_support.c.obj
 0002:000019fa       ??_C@_0DE@DKKPMJEF@Intel?$CIR?$CJ?5processors?5with?5MOVBE?5i@ 000000018000a9fa     libirc:irc_msg_support.c.obj
 0002:00001a2e       ??_C@_0DP@KGLFIBED@Fatal?5Error?3?5This?5program?5was?5no@ 000000018000aa2e     libirc:irc_msg_support.c.obj
 0002:00001a6d       ??_C@_0FF@POEHAPA@Please?5verify?5that?5both?5the?5oper@ 000000018000aa6d     libirc:irc_msg_support.c.obj
 0002:00001ac2       ??_C@_0HD@PPODPHNK@Please?5verify?5that?5both?5the?5oper@ 000000018000aac2     libirc:irc_msg_support.c.obj
 0002:00001b35       ??_C@_0IB@DEEBLHBP@Please?5verify?5that?5both?5the?5oper@ 000000018000ab35     libirc:irc_msg_support.c.obj
 0002:00001bb6       ??_C@_0DC@KIEFKGK@Boundary?5Run?9Time?5Check?5Failure?5@ 000000018000abb6     libirc:irc_msg_support.c.obj
 0002:00001be8       ??_C@_0CA@JEJMKEJC@Boundary?5Run?9Time?5Check?5Failure?$AA@ 000000018000abe8     libirc:irc_msg_support.c.obj
 0002:00001c08       ??_C@_0CC@CLNFNHHP@Conversion?5Run?9Time?5Check?5Failur@ 000000018000ac08     libirc:irc_msg_support.c.obj
 0002:00001c2a       ??_C@_0GB@IOBEIGFC@Please?5verify?5that?5both?5the?5oper@ 000000018000ac2a     libirc:irc_msg_support.c.obj
 0002:00001c8b       ??_C@_05OMGAMCPJ@?5and?5?$AA@ 000000018000ac8b     libirc:irc_msg_support.c.obj
 0002:00001c91       ??_C@_0FG@IIPPJLGL@Please?5verify?5that?5your?5applicat@ 000000018000ac91     libirc:irc_msg_support.c.obj
 0002:00001ce7       ??_C@_0EH@KNJCDJKO@Use?5of?5incompatible?5or?5internall@ 000000018000ace7     libirc:irc_msg_support.c.obj
 0002:00001d2e       ??_C@_0FI@DJBLLMPC@Run?9Time?5Check?5Failure?3?5The?5vari@ 000000018000ad2e     libirc:irc_msg_support.c.obj
 0002:00001d86       ??_C@_0GP@LBOKLFPI@Cache?5size?5is?5incorrectly?5report@ 000000018000ad86     libirc:irc_msg_support.c.obj
 0002:00001e10       _load_config_used          000000018000ae10     MSVCRT:loadcfg.obj
 0002:00001f80       __volatile_metadata        000000018000af80     <linker-defined>
 0002:00002270       __rtc_iaa                  000000018000b270     MSVCRT:initsect.obj
 0002:00002278       __rtc_izz                  000000018000b278     MSVCRT:initsect.obj
 0002:00002280       __rtc_taa                  000000018000b280     MSVCRT:initsect.obj
 0002:00002288       __rtc_tzz                  000000018000b288     MSVCRT:initsect.obj
 0002:00002580       __IMPORT_DESCRIPTOR_libmmd 000000018000b580     libmmd:libmmd.dll
 0002:00002594       __IMPORT_DESCRIPTOR_KERNEL32 000000018000b594     kernel32:KERNEL32.dll
 0002:000025a8       __IMPORT_DESCRIPTOR_VCRUNTIME140 000000018000b5a8     vcruntime:VCRUNTIME140.dll
 0002:000025bc       __IMPORT_DESCRIPTOR_api-ms-win-crt-runtime-l1-1-0 000000018000b5bc     ucrt:api-ms-win-crt-runtime-l1-1-0.dll
 0002:000025d0       __IMPORT_DESCRIPTOR_api-ms-win-crt-environment-l1-1-0 000000018000b5d0     ucrt:api-ms-win-crt-environment-l1-1-0.dll
 0002:000025e4       __IMPORT_DESCRIPTOR_api-ms-win-crt-stdio-l1-1-0 000000018000b5e4     ucrt:api-ms-win-crt-stdio-l1-1-0.dll
 0002:000025f8       __IMPORT_DESCRIPTOR_api-ms-win-crt-string-l1-1-0 000000018000b5f8     ucrt:api-ms-win-crt-string-l1-1-0.dll
 0002:0000260c       __NULL_IMPORT_DESCRIPTOR   000000018000b60c     libmmd:libmmd.dll
 0003:00000000       _fltused                   000000018000c000     MSVCRT:fltused.obj
 0003:00000004       __scrt_native_dllmain_reason 000000018000c004     MSVCRT:utility.obj
 0003:00000040       __security_cookie          000000018000c040     MSVCRT:gs_cookie.obj
 0003:00000080       __security_cookie_complement 000000018000c080     MSVCRT:gs_cookie.obj
 0003:00000088       __isa_inverted             000000018000c088     MSVCRT:cpu_disp.obj
 0003:00000090       __isa_available            000000018000c090     MSVCRT:cpu_disp.obj
 0003:00000094       __isa_enabled              000000018000c094     MSVCRT:cpu_disp.obj
 0003:00000098       __memset_fast_string_threshold 000000018000c098     MSVCRT:cpu_disp.obj
 0003:000000a0       __memset_nt_threshold      000000018000c0a0     MSVCRT:cpu_disp.obj
 0003:000000b0       __libirc_largest_cache_size 000000018000c0b0     libirc:fast_mem_ops.c.obj
 0003:000000b8       __libirc_largest_cache_size_half 000000018000c0b8     libirc:fast_mem_ops.c.obj
 0003:000000c0       __libirc_data_cache_size   000000018000c0c0     libirc:fast_mem_ops.c.obj
 0003:000000c8       __libirc_data_cache_size_half 000000018000c0c8     libirc:fast_mem_ops.c.obj
 0003:000000d0       __libirc_largest_cache_size_quoter 000000018000c0d0     libirc:fast_mem_ops.c.obj
 0003:000000d8       __libirc_copy_loop_threshold 000000018000c0d8     libirc:fast_mem_ops.c.obj
 0003:000000e0       __libirc_rep_move_threshold 000000018000c0e0     libirc:fast_mem_ops.c.obj
 0003:000000e8       __libirc_set_loop_threshold 000000018000c0e8     libirc:fast_mem_ops.c.obj
 0003:000000f0       __scrt_ucrt_dll_is_in_use  000000018000c0f0     MSVCRT:ucrt_stubs.obj
 0003:00000110       ?__type_info_root_node@@3U__type_info_node@@A 000000018000c110     MSVCRT:tncleanup.obj
 0003:00000120       ?_OptionsStorage@?1??__local_stdio_printf_options@@9@4_KA 000000018000c120     MSVCRT:default_local_stdio_options.obj
 0003:00000128       ?_OptionsStorage@?1??__local_stdio_scanf_options@@9@4_KA 000000018000c128     MSVCRT:default_local_stdio_options.obj
 0003:00000130       __scrt_current_native_startup_state 000000018000c130     MSVCRT:utility.obj
 0003:00000138       __scrt_native_startup_lock 000000018000c138     MSVCRT:utility.obj
 0003:00000178       __scrt_debugger_hook_flag  000000018000c178     MSVCRT:utility_desktop.obj
 0003:0000017c       __avx10_version            000000018000c17c     MSVCRT:cpu_disp.obj
 0003:00000180       __favor                    000000018000c180     MSVCRT:cpu_disp.obj
 0003:00000190       __intel_cpu_feature_indicator 000000018000c190     libirc:cpu_feature_disp.c.obj
 0003:000001a0       __intel_cpu_feature_indicator_x 000000018000c1a0     libirc:cpu_feature_disp.c.obj
 0003:000008b0       __libirc_mem_ops_method    000000018000c8b0     libirc:fast_mem_ops.c.obj
 0003:000008b8       __libirc_largest_cachelinesize 000000018000c8b8     libirc:fast_mem_ops.c.obj
 0003:00001460       __dyn_tls_init_callback    000000018000d460     <common>

 entry point at        0001:00005aac

 Static symbols

 0001:00000ae0       __intel_get_fast_memset_impl.V 0000000180001ae0 f   libirc:fastmemset.c.obj
 0001:00000af0       __intel_get_fast_memset_impl.Z 0000000180001af0 f   libirc:fastmemset.c.obj
 0001:00000b20       __real_memset_impl_setup   0000000180001b20 f   libirc:fastmemset.c.obj
 0001:00003550       __intel_cpu_features_init_body 0000000180004550 f   libirc:cpu_feature_disp.c.obj
 0001:00004140       __libirc_isa_init_once     0000000180005140 f   libirc:cpu_feature_disp.c.obj
 0001:00004c00       __libirc_set_cpu_feature   0000000180005c00 f   libirc:cpu_feature_disp.c.obj
 0001:00004c60       __libirc_handle_intel_isa_disable 0000000180005c60 f   libirc:cpu_feature_disp.c.obj
 0001:00004dd0       ?__libirc_init_cache_tbl@@YAXXZ 0000000180005dd0 f   libirc:fast_mem_ops.c.obj
 0001:000051a0       _GLOBAL__sub_I_fast_mem_ops.c 00000001800061a0 f   libirc:fast_mem_ops.c.obj
 0001:00005500       irc_ptr_msg                0000000180006500 f   libirc:irc_msg_support.c.obj
 0001:0000579c       ?dllmain_crt_dispatch@@YAHQEAUHINSTANCE__@@KQEAX@Z 000000018000679c f   MSVCRT:dll_dllmain.obj
 0001:000057ec       ?dllmain_crt_process_attach@@YAHQEAUHINSTANCE__@@QEAX@Z 00000001800067ec f   MSVCRT:dll_dllmain.obj
 0001:00005904       ?dllmain_crt_process_detach@@YAH_N@Z 0000000180006904 f   MSVCRT:dll_dllmain.obj
 0001:00005984       ?dllmain_dispatch@@YAHQEAUHINSTANCE__@@KQEAX@Z 0000000180006984 f   MSVCRT:dll_dllmain.obj
 0001:00006e30       $$000000                   0000000180007e30     MSVCRT:amdsecgs.obj
 0001:00006f68       capture_previous_context   0000000180007f68 f   MSVCRT:gs_report.obj
 0001:00006ff0       $$000000                   0000000180007ff0     MSVCRT:guard_dispatch.obj
 0001:00007010       $$000000                   0000000180008010     MSVCRT:guard_xfg_dispatch.obj
 0001:00007026       ?fin$0@?0??dllmain_crt_process_attach@@YAHQEAUHINSTANCE__@@QEAX@Z@4HA 0000000180008026 f   MSVCRT:dll_dllmain.obj
 0001:0000703d       ?fin$0@?0??dllmain_crt_process_detach@@YAH_N@Z@4HA 000000018000803d f   MSVCRT:dll_dllmain.obj
 0001:00007056       ?fin$1@?0??dllmain_crt_process_detach@@YAH_N@Z@4HA 0000000180008056 f   MSVCRT:dll_dllmain.obj
 0001:0000706a       ?filt$0@?0??dllmain_dispatch@@YAHQEAUHINSTANCE__@@KQEAX@Z@4HA 000000018000806a f   MSVCRT:dll_dllmain.obj
 0001:000070a0       __scrt_is_nonwritable_in_current_image$filt$0 00000001800080a0 f   MSVCRT:utility.obj
 0002:00000200       _2il0floatpacket.9         0000000180009200     usermatth.obj
 0002:00000210       _2il0floatpacket.10        0000000180009210     usermatth.obj
 0002:00000220       _2il0floatpacket.11        0000000180009220     usermatth.obj
 0002:00000230       _2il0floatpacket.0         0000000180009230     usermatth.obj
 0002:00000238       _2il0floatpacket.1         0000000180009238     usermatth.obj
 0002:00000240       _2il0floatpacket.2         0000000180009240     usermatth.obj
 0002:00000248       _2il0floatpacket.3         0000000180009248     usermatth.obj
 0002:00000250       _2il0floatpacket.4         0000000180009250     usermatth.obj
 0002:00000258       _2il0floatpacket.5         0000000180009258     usermatth.obj
 0002:00000260       _2il0floatpacket.6         0000000180009260     usermatth.obj
 0002:00000268       _2il0floatpacket.7         0000000180009268     usermatth.obj
 0002:00000270       _2il0floatpacket.8         0000000180009270     usermatth.obj
 0002:00000278       _2il0floatpacket.12        0000000180009278     usermatth.obj
 0002:000006c0       cpuid2_cache_tbl           00000001800096c0     libirc:fast_mem_ops.c.obj
 0002:00000ee0       irc_msgtab                 0000000180009ee0     libirc:irc_msg_support.c.obj
 0002:00001df8       GS_ExceptionPointers       000000018000adf8     MSVCRT:gs_report.obj
 0002:000022d0       $unwind$?dllmain_crt_process_attach@@YAHQEAUHINSTANCE__@@QEAX@Z 000000018000b2d0     MSVCRT:dll_dllmain.obj
 0002:0000230c       $unwind$?fin$0@?0??dllmain_crt_process_attach@@YAHQEAUHINSTANCE__@@QEAX@Z@4HA 000000018000b30c     MSVCRT:dll_dllmain.obj
 0002:0000230c       $unwind$?fin$0@?0??dllmain_crt_process_detach@@YAH_N@Z@4HA 000000018000b30c     MSVCRT:dll_dllmain.obj
 0002:0000230c       $unwind$?fin$1@?0??dllmain_crt_process_detach@@YAH_N@Z@4HA 000000018000b30c     MSVCRT:dll_dllmain.obj
 0002:00002314       $unwind$?dllmain_crt_process_detach@@YAH_N@Z 000000018000b314     MSVCRT:dll_dllmain.obj
 0002:00002368       $unwind$__scrt_initialize_default_local_stdio_options 000000018000b368     MSVCRT:default_local_stdio_options.obj
 0002:00002368       $unwind$?dllmain_crt_dispatch@@YAHQEAUHINSTANCE__@@KQEAX@Z 000000018000b368     MSVCRT:dll_dllmain.obj
 0002:00002368       $unwind$DllMain            000000018000b368     MSVCRT:dll_dllmain_stub.obj
 0002:00002368       $unwind$__scrt_acquire_startup_lock 000000018000b368     MSVCRT:utility.obj
 0002:00002368       $unwind$__scrt_dllmain_after_initialize_c 000000018000b368     MSVCRT:utility.obj
 0002:00002368       $unwind$__scrt_dllmain_before_initialize_c 000000018000b368     MSVCRT:utility.obj
 0002:00002368       $unwind$__scrt_dllmain_crt_thread_attach 000000018000b368     MSVCRT:utility.obj
 0002:00002368       $unwind$__scrt_dllmain_crt_thread_detach 000000018000b368     MSVCRT:utility.obj
 0002:00002368       $unwind$__scrt_dllmain_uninitialize_c 000000018000b368     MSVCRT:utility.obj
 0002:00002368       $unwind$__scrt_dllmain_uninitialize_critical 000000018000b368     MSVCRT:utility.obj
 0002:00002368       $unwind$__scrt_initialize_crt 000000018000b368     MSVCRT:utility.obj
 0002:00002370       $unwind$?dllmain_dispatch@@YAHQEAUHINSTANCE__@@KQEAX@Z 000000018000b370     MSVCRT:dll_dllmain.obj
 0002:00002398       $unwind$?filt$0@?0??dllmain_dispatch@@YAHQEAUHINSTANCE__@@KQEAX@Z@4HA 000000018000b398     MSVCRT:dll_dllmain.obj
 0002:000023a0       $unwind$_DllMainCRTStartup 000000018000b3a0     MSVCRT:dll_dllmain.obj
 0002:000023b0       $unwind$__security_init_cookie 000000018000b3b0     MSVCRT:gs_support.obj
 0002:000023bc       $unwind$__scrt_is_nonwritable_in_current_image 000000018000b3bc     MSVCRT:utility.obj
 0002:000023dc       $unwind$__scrt_is_nonwritable_in_current_image$filt$0 000000018000b3dc     MSVCRT:utility.obj
 0002:000023e4       $unwind$__raise_securityfailure 000000018000b3e4     MSVCRT:gs_report.obj
 0002:000023e4       $unwind$__scrt_initialize_onexit_tables 000000018000b3e4     MSVCRT:utility.obj
 0002:000023e4       $unwind$__scrt_release_startup_lock 000000018000b3e4     MSVCRT:utility.obj
 0002:000023e4       $unwind$__scrt_uninitialize_crt 000000018000b3e4     MSVCRT:utility.obj
 0002:000023ec       $unwind$__scrt_dllmain_exception_filter 000000018000b3ec     MSVCRT:utility.obj
 0002:00002400       $unwind$__scrt_fastfail    000000018000b400     MSVCRT:utility_desktop.obj
 0002:00002410       $unwind$_RTC_Initialize    000000018000b410     MSVCRT:initsect.obj
 0002:00002410       $unwind$_RTC_Terminate     000000018000b410     MSVCRT:initsect.obj
 0002:0000241c       $unwind$__isa_available_init 000000018000b41c     MSVCRT:cpu_disp.obj
 0002:00002430       $xdatasym                  000000018000b430     MSVCRT:guard_dispatch.obj
 0002:00002438       $xdatasym                  000000018000b438     MSVCRT:guard_xfg_dispatch.obj
 0002:00002510       $xdatasym                  000000018000b510     MSVCRT:amdsecgs.obj
 0002:00002514       $unwind$__report_gsfailure 000000018000b514     MSVCRT:gs_report.obj
 0002:0000251c       $unwind$capture_previous_context 000000018000b51c     MSVCRT:gs_report.obj
 0002:00002530       .edata                     000000018000b530     usermatthLib.exp
 0002:00002558       rgpv                       000000018000b558     usermatthLib.exp
 0002:0000255c       rgszName                   000000018000b55c     usermatthLib.exp
 0002:00002560       rgwOrd                     000000018000b560     usermatthLib.exp
 0002:00002562       szName                     000000018000b562     usermatthLib.exp
 0002:00002573       $N00001                    000000018000b573     usermatthLib.exp
 0002:000027a4       .idata$6                   000000018000b7a4     libmmd:libmmd.dll
 0002:0000292e       .idata$6                   000000018000b92e     kernel32:KERNEL32.dll
 0002:0000297e       .idata$6                   000000018000b97e     vcruntime:VCRUNTIME140.dll
 0002:00002aa2       .idata$6                   000000018000baa2     ucrt:api-ms-win-crt-runtime-l1-1-0.dll
 0002:00002ac4       .idata$6                   000000018000bac4     ucrt:api-ms-win-crt-environment-l1-1-0.dll
 0002:00002aea       .idata$6                   000000018000baea     ucrt:api-ms-win-crt-stdio-l1-1-0.dll
 0002:00002b0a       .idata$6                   000000018000bb0a     ucrt:api-ms-win-crt-string-l1-1-0.dll
 0003:00000100       ?__proc_attached@@3HA      000000018000c100     MSVCRT:dll_dllmain.obj
 0003:00000140       ?is_initialized_as_dll@@3_NA 000000018000c140     MSVCRT:utility.obj
 0003:00000141       ?module_local_atexit_table_initialized@@3_NA 000000018000c141     MSVCRT:utility.obj
 0003:00000148       ?module_local_atexit_table@@3U_onexit_table_t@@A 000000018000c148     MSVCRT:utility.obj
 0003:00000160       ?module_local_at_quick_exit_table@@3U_onexit_table_t@@A 000000018000c160     MSVCRT:utility.obj
 0003:00000188       __real_memset_impl         000000018000c188     libirc:fastmemset.c.obj
 0003:000001b0       __libirc_isa_info_initialized 000000018000c1b0     libirc:cpu_feature_disp.c.obj
 0003:000001c0       proc_info_features         000000018000c1c0     libirc:cpu_feature_disp.c.obj
 0003:00000870       __libirc_cache_tbl         000000018000c870     libirc:fast_mem_ops.c.obj
 0003:000008c0       __libirc_tmp               000000018000c8c0     libirc:fast_mem_ops.c.obj
 0003:000008d0       get_msg_buf                000000018000c8d0     libirc:irc_msg_support.c.obj
 0003:00000ad0       print_buf                  000000018000cad0     libirc:irc_msg_support.c.obj
 0003:00000cd0       __local_stdio_printf_options._OptionsStorage 000000018000ccd0     libirc:irc_msg_support.c.obj
 0003:00000cd8       first_msg                  000000018000ccd8     libirc:irc_msg_support.c.obj
 0003:00000cdc       use_internal_msg           000000018000ccdc     libirc:irc_msg_support.c.obj
 0003:00000ce0       message_catalog            000000018000cce0     libirc:irc_msg_support.c.obj
 0003:00000cf0       get_text_buf               000000018000ccf0     libirc:irc_msg_support.c.obj
 0003:00000ef0       GS_ExceptionRecord         000000018000cef0     MSVCRT:gs_report.obj
 0003:00000f90       GS_ContextRecord           000000018000cf90     MSVCRT:gs_report.obj
 0005:00000000       AliPxDx                    000000018000f000     libirc:fast_memset.asm.obj
 0005:00000040       setPxQx                    000000018000f040     libirc:fast_memset.asm.obj
 0005:00000480       AliPxQx                    000000018000f480     libirc:fast_memset.asm.obj
 0005:00000510       SSExDx                     000000018000f510     libirc:fast_memset.asm.obj
 0006:00000060       $R000000                   0000000180010060     * linker generated manifest res *
