/COM,ANSYS RELEASE 2026 R1.02        BUILD 26.1      UP20260202       13:33:27

 *** WARNING ***                         ELAPSED TIME =       6.224   TIME= 13:33:29
 One or more single layer Shell elements (such as element 3099)          
 reference section 1, which defines a different material (1) than the    
 attribute of the element (2).                                           

 *** WARNING ***                         ELAPSED TIME =       7.518   TIME= 13:33:30
 Coefficient ratio exceeds 1.0e8 - Check results.                        

 *** WARNING ***                         ELAPSED TIME =      37.559   TIME= 13:34:00
 A reference moment value times the tolerance is used by the             
 Newton-Raphson method for checking convergence.  The calculated         
 reference MOMENT CONVERGENCE VALUE = 0.365750005 is less than a         
 threshold.  This threshold is internally calculated.  You can           
 overwrite it by specifying MINREF on the CNVTOL command.  Check         
 results carefully.                                                      

 *** ERROR ***                           ELAPSED TIME =     290.703   TIME= 13:38:13
 The run is terminated at the user's request from the ABT file.          

 *** WARNING ***                         ELAPSED TIME =     290.703   TIME= 13:38:13
 The unconverged solution (identified as time 2 substep 999999) is       
 output for analysis debug purposes.  Results should not be used for     
 any other purpose.                                                      
