Input #0, image2, from '/Users/mdn/Developer/MIT_Rkt_Team/2026-7/MIT-RT-26_27-Work/simulation_work/avionics/powerboardsim/1/outputs/random_motion_20261005_2143/videos/random_fig18_pcb_stress/frames/AnimationFrame%06d.png':
  Duration: 00:00:08.00, start: 0.000000, bitrate: N/A
  Stream #0:0: Video: png, rgb24(pc, gbr/unknown/unknown), 3840x2160, 60 fps, 60 tbr, 60 tbn
Input #1, png_pipe, from '/Users/mdn/Developer/MIT_Rkt_Team/2026-7/MIT-RT-26_27-Work/simulation_work/avionics/powerboardsim/1/outputs/random_motion_20261005_2143/videos/random_fig18_pcb_stress/legend_relabeled.png':
  Duration: N/A, bitrate: N/A
  Stream #1:0: Video: png, rgb24(pc, gbr/unknown/unknown), 3840x2160, 25 fps, 25 tbr, 25 tbn
Stream mapping:
  Stream #0:0 (png) -> overlay
  Stream #1:0 (png) -> crop:default
  drawtext:default -> Stream #0:0 (h264_videotoolbox)
Press [q] to stop, [?] for help
Output #0, mp4, to '/Users/mdn/Developer/MIT_Rkt_Team/2026-7/MIT-RT-26_27-Work/simulation_work/avionics/powerboardsim/1/output/videos/power_board_random_motion_4k60/random_fig18_pcb_stress.encoding.mp4':
  Metadata:
    title           : Base X | Dynamic von Mises stress | PCB - unaveraged | Dynamic stress [Pa]
    comment         : Native Mechanical 2026R1 animation of 480 actual MAPDL transient result sets. Fixed camera. Seeded PSD realization, relative displacement, 750 N/bolt, 2% damping, 50x motion, 273.07x slower. Contours are instantaneous fields, not RMS; stress clip excludes
    encoder         : Lavf61.7.100
  Stream #0:0: Video: h264 (avc1 / 0x31637661), yuv420p(bt709/unknown/unknown, progressive), 3840x2160, q=2-31, 80000 kb/s, 60 fps, 15360 tbn
      Metadata:
        encoder         : Lavc61.19.101 h264_videotoolbox
[h264_videotoolbox @ 0x9bf049180] Color range not set for yuv420p. Using MPEG range.
frame=    1 fps=0.0 q=-0.0 size=       0KiB time=00:00:00.00 bitrate=N/A speed=   0x    frame=   41 fps= 41 q=-0.0 size=     256KiB time=00:00:00.66 bitrate=3146.3kbits/s speed=0.663x    frame=   80 fps= 53 q=-0.0 size=     512KiB time=00:00:01.31 bitrate=3185.8kbits/s speed=0.874x    frame=  120 fps= 60 q=-0.0 size=     768KiB time=00:00:01.98 bitrate=3172.4kbits/s speed=0.986x    frame=  159 fps= 63 q=-0.0 size=    1280KiB time=00:00:02.63 bitrate=3982.1kbits/s speed=1.05x    frame=  199 fps= 66 q=-0.0 size=    1536KiB time=00:00:03.30 bitrate=3813.1kbits/s speed=1.09x    frame=  238 fps= 68 q=-0.0 size=    1792KiB time=00:00:03.95 bitrate=3716.6kbits/s speed=1.12x    frame=  278 fps= 69 q=-0.0 size=    2304KiB time=00:00:04.61 bitrate=4088.4kbits/s speed=1.15x    frame=  317 fps= 70 q=-0.0 size=    2560KiB time=00:00:05.26 bitrate=3982.0kbits/s speed=1.16x    frame=  357 fps= 71 q=-0.0 size=    3072KiB time=00:00:05.93 bitrate=4241.5kbits/s speed=1.18x    frame=  396 fps= 71 q=-0.0 size=    3328KiB time=00:00:06.58 bitrate=4141.3kbits/s speed=1.19x    frame=  436 fps= 72 q=-0.0 size=    3584KiB time=00:00:07.25 bitrate=4049.7kbits/s speed= 1.2x    frame=  468 fps= 71 q=-0.0 size=    3840KiB time=N/A bitrate=N/A speed=N/A    [mp4 @ 0x9bec48500] Starting second pass: moving the moov atom to the beginning of the file
[out#0/mp4 @ 0x9bf0089c0] video:4206KiB audio:0KiB subtitle:0KiB other streams:0KiB global headers:0KiB muxing overhead: 0.074930%
frame=  480 fps= 73 q=-0.0 Lsize=    4209KiB time=00:00:07.98 bitrate=4318.9kbits/s speed=1.21x    
