/COM,ANSYS RELEASE 2026 R1.02        BUILD 26.1      UP20260202       14:38:39

 *** WARNING ***                         ELAPSED TIME =       7.834   TIME= 14:38:42
 Coefficient ratio exceeds 1.0e8 - Check results.                        

 *** ERROR ***                           ELAPSED TIME =      34.787   TIME= 14:39:09
 Element 7902 has excessive distortion.                                  

 *** WARNING ***                         ELAPSED TIME =      37.693   TIME= 14:39:12
 Coefficient ratio exceeds 1.0e8 - Check results.                        

 *** ERROR ***                           ELAPSED TIME =      63.721   TIME= 14:39:38
 Element 3360 has excessive distortion.                                  

 *** WARNING ***                         ELAPSED TIME =      66.466   TIME= 14:39:41
 Coefficient ratio exceeds 1.0e8 - Check results.                        

 *** ERROR ***                           ELAPSED TIME =      85.801   TIME= 14:40:00
 Element 3328 has excessive distortion.                                  

 *** WARNING ***                         ELAPSED TIME =      87.777   TIME= 14:40:02
 Coefficient ratio exceeds 1.0e8 - Check results.                        

 *** ERROR ***                           ELAPSED TIME =     106.368   TIME= 14:40:21
 Element 7935 has excessive distortion.                                  

 *** WARNING ***                         ELAPSED TIME =     107.611   TIME= 14:40:22
 Coefficient ratio exceeds 1.0e8 - Check results.                        

 *** ERROR ***                           ELAPSED TIME =     125.866   TIME= 14:40:41
 Element 7935 has excessive distortion.                                  

 *** WARNING ***                         ELAPSED TIME =     125.877   TIME= 14:40:41
 The unconverged solution (identified as time 1 substep 999999) is       
 output for analysis debug purposes.  Results should not be used for     
 any other purpose.                                                      
