/COM,ANSYS RELEASE 2026 R1.02        BUILD 26.1      UP20260202       14:42:31

 *** WARNING ***                         ELAPSED TIME =       6.805   TIME= 14:42:34
 A boundary condition has been applied on 1 degrees of freedom of the    
 nodes belonging to the constraint element(MPC184) 10696.  It is likely  
 that the system may encounter solver difficulties due to                
 overconstraining.                                                       

 *** WARNING ***                         ELAPSED TIME =       6.806   TIME= 14:42:34
 A boundary condition has been applied on 1 degrees of freedom of the    
 nodes belonging to the constraint element(MPC184) 12208.  It is likely  
 that the system may encounter solver difficulties due to                
 overconstraining.                                                       

 *** WARNING ***                         ELAPSED TIME =       6.806   TIME= 14:42:34
 A boundary condition has been applied on 1 degrees of freedom of the    
 nodes belonging to the constraint element(MPC184) 10697.  It is likely  
 that the system may encounter solver difficulties due to                
 overconstraining.                                                       

 *** WARNING ***                         ELAPSED TIME =       6.806   TIME= 14:42:34
 A boundary condition has been applied on 1 degrees of freedom of the    
 nodes belonging to the constraint element(MPC184) 12209.  It is likely  
 that the system may encounter solver difficulties due to                
 overconstraining.                                                       

 *** WARNING ***                         ELAPSED TIME =       6.809   TIME= 14:42:34
 A boundary condition has been applied on 1 degrees of freedom of the    
 nodes belonging to the constraint element(MPC184) 12210.  It is likely  
 that the system may encounter solver difficulties due to                
 overconstraining.                                                       

 *** WARNING ***                         ELAPSED TIME =       6.809   TIME= 14:42:34
 A boundary condition has been applied on 1 degrees of freedom of the    
 nodes belonging to the constraint element(MPC184) 10698.  It is likely  
 that the system may encounter solver difficulties due to                
 overconstraining.                                                       

 *** WARNING ***                         ELAPSED TIME =       6.809   TIME= 14:42:34
 A boundary condition has been applied on 1 degrees of freedom of the    
 nodes belonging to the constraint element(MPC184) 12211.  It is likely  
 that the system may encounter solver difficulties due to                
 overconstraining.                                                       

 *** WARNING ***                         ELAPSED TIME =       6.809   TIME= 14:42:34
 A boundary condition has been applied on 1 degrees of freedom of the    
 nodes belonging to the constraint element(MPC184) 10699.  It is likely  
 that the system may encounter solver difficulties due to                
 overconstraining.                                                       

 *** WARNING ***                         ELAPSED TIME =       6.809   TIME= 14:42:34
 A boundary condition has been applied on 1 degrees of freedom of the    
 nodes belonging to the constraint element(MPC184) 10700.  It is likely  
 that the system may encounter solver difficulties due to                
 overconstraining.                                                       

 *** WARNING ***                         ELAPSED TIME =       6.809   TIME= 14:42:34
 A boundary condition has been applied on 1 degrees of freedom of the    
 nodes belonging to the constraint element(MPC184) 12212.  It is likely  
 that the system may encounter solver difficulties due to                
 overconstraining.                                                       

 *** WARNING ***                         ELAPSED TIME =       6.809   TIME= 14:42:34
 A boundary condition has been applied on 1 degrees of freedom of the    
 nodes belonging to the constraint element(MPC184) 10701.  It is likely  
 that the system may encounter solver difficulties due to                
 overconstraining.                                                       

 *** WARNING ***                         ELAPSED TIME =       6.809   TIME= 14:42:34
 A boundary condition has been applied on 1 degrees of freedom of the    
 nodes belonging to the constraint element(MPC184) 12213.  It is likely  
 that the system may encounter solver difficulties due to                
 overconstraining.                                                       

 *** WARNING ***                         ELAPSED TIME =       6.809   TIME= 14:42:34
 A boundary condition has been applied on 1 degrees of freedom of the    
 nodes belonging to the constraint element(MPC184) 10702.  It is likely  
 that the system may encounter solver difficulties due to                
 overconstraining.                                                       

 *** WARNING ***                         ELAPSED TIME =       7.685   TIME= 14:42:35
 Pivoting has been activated for the Sparse Matrix Solver.  The memory   
 required may greatly exceed the predicted amount.  In that event, use   
 the DSPOPTION command to change the memory mode and/or memory size      
 used by the Sparse Matrix Solver.                                       
