Input #0, image2, from '/Users/mdn/Developer/MIT_Rkt_Team/2026-7/MIT-RT-26_27-Work/simulation_work/avionics/powerboardsim/1/outputs/random_motion_20261005_2143/videos/random_fig11_baseY_responseZ/frames/AnimationFrame%06d.png':
  Duration: 00:00:08.00, start: 0.000000, bitrate: N/A
  Stream #0:0: Video: png, rgb24(pc, gbr/unknown/unknown), 3840x2160, 60 fps, 60 tbr, 60 tbn
Input #1, png_pipe, from '/Users/mdn/Developer/MIT_Rkt_Team/2026-7/MIT-RT-26_27-Work/simulation_work/avionics/powerboardsim/1/outputs/random_motion_20261005_2143/videos/random_fig11_baseY_responseZ/legend_relabeled.png':
  Duration: N/A, bitrate: N/A
  Stream #1:0: Video: png, rgb24(pc, gbr/unknown/unknown), 3840x2160, 25 fps, 25 tbr, 25 tbn
Stream mapping:
  Stream #0:0 (png) -> overlay
  Stream #1:0 (png) -> crop:default
  drawtext:default -> Stream #0:0 (h264_videotoolbox)
Press [q] to stop, [?] for help
Output #0, mp4, to '/Users/mdn/Developer/MIT_Rkt_Team/2026-7/MIT-RT-26_27-Work/simulation_work/avionics/powerboardsim/1/output/videos/power_board_random_motion_4k60/random_fig11_baseY_responseZ.encoding.mp4':
  Metadata:
    title           : Base Y | Instantaneous Z displacement | Full assembly - battery view | Signed displacement [m]
    comment         : Native Mechanical 2026R1 animation of 480 actual MAPDL transient result sets. Fixed camera. Seeded PSD realization, relative displacement, 750 N/bolt, 2% damping, 50x motion, 273.07x slower. Contours are instantaneous signed displacement, not RMS.
    encoder         : Lavf61.7.100
  Stream #0:0: Video: h264 (avc1 / 0x31637661), yuv420p(bt709/unknown/unknown, progressive), 3840x2160, q=2-31, 80000 kb/s, 60 fps, 15360 tbn
      Metadata:
        encoder         : Lavc61.19.101 h264_videotoolbox
[h264_videotoolbox @ 0xb39069180] Color range not set for yuv420p. Using MPEG range.
frame=   11 fps=0.0 q=-0.0 size=     512KiB time=00:00:00.16 bitrate=25168.1kbits/s speed=0.33x    frame=   48 fps= 48 q=-0.0 size=    2048KiB time=00:00:00.78 bitrate=21418.2kbits/s speed=0.776x    frame=   85 fps= 56 q=-0.0 size=    3584KiB time=00:00:01.40 bitrate=20971.8kbits/s speed=0.926x    frame=  122 fps= 61 q=-0.0 size=    5120KiB time=00:00:02.01 bitrate=20798.4kbits/s speed=   1x    frame=  159 fps= 63 q=-0.0 size=    6656KiB time=00:00:02.63 bitrate=20706.2kbits/s speed=1.05x    frame=  196 fps= 65 q=-0.0 size=    8192KiB time=00:00:03.25 bitrate=20649.0kbits/s speed=1.08x    frame=  234 fps= 66 q=-0.0 size=    9472KiB time=00:00:03.88 bitrate=19981.5kbits/s speed= 1.1x    frame=  271 fps= 67 q=-0.0 size=   11008KiB time=00:00:04.50 bitrate=20039.5kbits/s speed=1.12x    frame=  308 fps= 68 q=-0.0 size=   12544KiB time=00:00:05.11 bitrate=20083.5kbits/s speed=1.13x    frame=  345 fps= 69 q=-0.0 size=   13824KiB time=00:00:05.73 bitrate=19752.3kbits/s speed=1.14x    frame=  382 fps= 69 q=-0.0 size=   15360KiB time=00:00:06.35 bitrate=19815.7kbits/s speed=1.15x    frame=  420 fps= 70 q=-0.0 size=   16896KiB time=00:00:06.98 bitrate=19820.4kbits/s speed=1.16x    frame=  457 fps= 70 q=-0.0 size=   18432KiB time=00:00:07.60 bitrate=19867.8kbits/s speed=1.16x    [mp4 @ 0xb38c2c500] Starting second pass: moving the moov atom to the beginning of the file
[out#0/mp4 @ 0xb38c303c0] video:19471KiB audio:0KiB subtitle:0KiB other streams:0KiB global headers:0KiB muxing overhead: 0.017273%
frame=  480 fps= 70 q=-0.0 Lsize=   19475KiB time=00:00:07.98 bitrate=19983.6kbits/s speed=1.16x    
