Input #0, image2, from '/Users/mdn/Developer/MIT_Rkt_Team/2026-7/MIT-RT-26_27-Work/simulation_work/avionics/powerboardsim/1/outputs/video_4k60_20261005_1928/modal_fig03_bolted_mode20/sequence/%04d.png':
  Duration: 00:00:09.00, start: 0.000000, bitrate: N/A
  Stream #0:0: Video: png, rgb24(pc, gbr/unknown/unknown), 3840x2160, 60 fps, 60 tbr, 60 tbn
Input #1, png_pipe, from '/Users/mdn/Developer/MIT_Rkt_Team/2026-7/MIT-RT-26_27-Work/simulation_work/avionics/powerboardsim/1/outputs/video_4k60_20261005_1928/modal_fig03_bolted_mode20/legend_source.png':
  Duration: N/A, bitrate: N/A
  Stream #1:0: Video: png, rgb24(pc, gbr/unknown/unknown), 3840x2160, 25 fps, 25 tbr, 25 tbn
Stream mapping:
  Stream #0:0 (png) -> overlay
  Stream #1:0 (png) -> crop:default
  drawtext:default -> Stream #0:0 (h264_videotoolbox)
Press [q] to stop, [?] for help
Output #0, mp4, to '/Users/mdn/Developer/MIT_Rkt_Team/2026-7/MIT-RT-26_27-Work/simulation_work/avionics/powerboardsim/1/output/videos/power_board_4k60/modal_fig03_bolted_mode20.encoding.mp4':
  Metadata:
    title           : 750 N per bolt | Mode 20 | 2364.1791 Hz
    comment         : Mechanical 2026 R1 native 4K frames; 60 fps. Normalized mode animation, not physical amplitude/time.
    encoder         : Lavf61.7.100
  Stream #0:0: Video: h264 (avc1 / 0x31637661), yuv420p(bt709/unknown/unknown, progressive), 3840x2160, q=2-31, 80000 kb/s, 60 fps, 15360 tbn
      Metadata:
        encoder         : Lavc61.19.101 h264_videotoolbox
[h264_videotoolbox @ 0xc13051180] Color range not set for yuv420p. Using MPEG range.
frame=    0 fps=0.0 q=0.0 size=       0KiB time=N/A bitrate=N/A speed=N/A    frame=   20 fps= 20 q=-0.0 size=     512KiB time=00:00:00.31 bitrate=13246.4kbits/s speed=0.316x    frame=   63 fps= 42 q=-0.0 size=    1024KiB time=00:00:01.03 bitrate=8118.4kbits/s speed=0.683x    frame=  102 fps= 50 q=-0.0 size=    1792KiB time=00:00:01.68 bitrate=8721.1kbits/s speed=0.832x    frame=  141 fps= 56 q=-0.0 size=    2560KiB time=00:00:02.33 bitrate=8988.0kbits/s speed=0.921x    frame=  180 fps= 59 q=-0.0 size=    3328KiB time=00:00:02.98 bitrate=9138.6kbits/s speed=0.98x    frame=  218 fps= 61 q=-0.0 size=    4096KiB time=00:00:03.61 bitrate=9277.8kbits/s speed=1.02x    frame=  257 fps= 63 q=-0.0 size=    4864KiB time=00:00:04.26 bitrate=9339.0kbits/s speed=1.05x    frame=  296 fps= 65 q=-0.0 size=    5632KiB time=00:00:04.91 bitrate=9383.9kbits/s speed=1.08x    frame=  335 fps= 66 q=-0.0 size=    6144KiB time=00:00:05.56 bitrate=9041.7kbits/s speed= 1.1x    frame=  373 fps= 67 q=-0.0 size=    7168KiB time=00:00:06.20 bitrate=9471.1kbits/s speed=1.11x    frame=  413 fps= 68 q=-0.0 size=    7680KiB time=00:00:06.86 bitrate=9162.4kbits/s speed=1.13x    frame=  452 fps= 68 q=-0.0 size=    8448KiB time=00:00:07.51 bitrate=9207.1kbits/s speed=1.14x    frame=  490 fps= 69 q=-0.0 size=    9216KiB time=00:00:08.15 bitrate=9263.5kbits/s speed=1.15x    frame=  528 fps= 69 q=-0.0 size=    9728KiB time=N/A bitrate=N/A speed=N/A    [mp4 @ 0xc12c6c500] Starting second pass: moving the moov atom to the beginning of the file
[out#0/mp4 @ 0xc13008900] video:10224KiB audio:0KiB subtitle:0KiB other streams:0KiB global headers:0KiB muxing overhead: 0.032038%
frame=  540 fps= 70 q=-0.0 Lsize=   10227KiB time=00:00:08.98 bitrate=9326.0kbits/s speed=1.16x    
