\BOOKMARK [1][-]{toc1.1}{\376\377\000C\000o\000n\000t\000e\000n\000t\000s}{}% 1
\BOOKMARK [1][-]{section.0.1}{\376\377\0001\000\040\000P\000r\000i\000n\000c\000i\000p\000a\000l\000\040\000f\000i\000n\000d\000i\000n\000g\000s}{}% 2
\BOOKMARK [2][-]{subsection.0.1.1}{\376\377\0001\000.\0001\000\040\000W\000h\000a\000t\000\040\000t\000h\000e\000\040\000s\000t\000u\000d\000y\000\040\000e\000s\000t\000a\000b\000l\000i\000s\000h\000e\000s}{section.0.1}% 3
\BOOKMARK [1][-]{section.0.2}{\376\377\0002\000\040\000E\000x\000p\000e\000r\000i\000m\000e\000n\000t\000a\000l\000\040\000d\000e\000s\000i\000g\000n}{}% 4
\BOOKMARK [2][-]{subsection.0.2.1}{\376\377\0002\000.\0001\000\040\000S\000h\000a\000r\000e\000d\000\040\000f\000l\000i\000g\000h\000t\000\040\000c\000o\000n\000d\000i\000t\000i\000o\000n\000s}{section.0.2}% 5
\BOOKMARK [1][-]{section.0.3}{\376\377\0003\000\040\000M\000o\000d\000e\000l\000\040\000e\000q\000u\000i\000v\000a\000l\000e\000n\000c\000e\000\040\000a\000n\000d\000\040\000r\000e\000m\000a\000i\000n\000i\000n\000g\000\040\000d\000i\000f\000f\000e\000r\000e\000n\000c\000e\000s}{}% 6
\BOOKMARK [1][-]{section.0.4}{\376\377\0004\000\040\000F\000l\000i\000g\000h\000t\000\040\000s\000t\000a\000t\000i\000s\000t\000i\000c\000s}{}% 7
\BOOKMARK [1][-]{section.0.5}{\376\377\0005\000\040\000D\000r\000a\000g\000-\000m\000o\000d\000e\000l\000\040\000e\000v\000i\000d\000e\000n\000c\000e}{}% 8
\BOOKMARK [1][-]{section.0.6}{\376\377\0006\000\040\000A\000t\000t\000r\000i\000b\000u\000t\000i\000o\000n\000\040\000a\000n\000d\000\040\000n\000u\000m\000e\000r\000i\000c\000a\000l\000\040\000c\000h\000e\000c\000k\000s}{}% 9
\BOOKMARK [2][-]{subsection.0.6.1}{\376\377\0006\000.\0001\000\040\000R\000e\000p\000l\000a\000c\000e\000\040\000d\000r\000a\000g\000;\000\040\000r\000e\000t\000a\000i\000n\000\040\000M\000I\000T\000\040\000O\000R\000'\000s\000\040\000f\000l\000i\000g\000h\000t\000\040\000s\000o\000l\000v\000e\000r}{section.0.6}% 10
\BOOKMARK [2][-]{subsection.0.6.2}{\376\377\0006\000.\0002\000\040\000C\000h\000e\000c\000k\000s\000\040\000a\000g\000a\000i\000n\000s\000t\000\040\000a\000l\000t\000e\000r\000n\000a\000t\000i\000v\000e\000\040\000e\000x\000p\000l\000a\000n\000a\000t\000i\000o\000n\000s}{section.0.6}% 11
\BOOKMARK [1][-]{section.0.7}{\376\377\0007\000\040\000F\000l\000o\000w\000-\000s\000e\000t\000t\000i\000n\000g\000\040\000s\000e\000n\000s\000i\000t\000i\000v\000i\000t\000y}{}% 12
\BOOKMARK [2][-]{subsection.0.7.1}{\376\377\0007\000.\0001\000\040\000W\000h\000y\000\040\000t\000h\000e\000\040\000r\000o\000u\000g\000h\000n\000e\000s\000s\000\040\000r\000e\000s\000u\000l\000t\000\040\000i\000s\000\040\000n\000o\000t\000\040\000a\000\040\000s\000o\000l\000v\000e\000r\000\040\000c\000o\000m\000p\000a\000r\000i\000s\000o\000n}{section.0.7}% 13
\BOOKMARK [2][-]{subsection.0.7.2}{\376\377\0007\000.\0002\000\040\000I\000n\000t\000e\000r\000p\000r\000e\000t\000a\000t\000i\000o\000n\000\040\000o\000f\000\040\000t\000h\000e\000\040\000m\000a\000t\000c\000h\000e\000d\000\040\000s\000e\000t\000t\000i\000n\000g}{section.0.7}% 14
\BOOKMARK [1][-]{section.0.8}{\376\377\0008\000\040\000R\000e\000c\000o\000m\000m\000e\000n\000d\000e\000d\000\040\000M\000I\000T\000\040\000O\000R\000\040\000i\000m\000p\000r\000o\000v\000e\000m\000e\000n\000t\000s}{}% 15
\BOOKMARK [1][-]{section.0.9}{\376\377\0009\000\040\000L\000i\000m\000i\000t\000s\000,\000\040\000e\000v\000i\000d\000e\000n\000c\000e\000\040\000a\000n\000d\000\040\000r\000e\000p\000r\000o\000d\000u\000c\000t\000i\000o\000n}{}% 16
\BOOKMARK [2][-]{subsection.0.9.1}{\376\377\0009\000.\0001\000\040\000W\000h\000a\000t\000\040\000r\000e\000m\000a\000i\000n\000s\000\040\000u\000n\000r\000e\000s\000o\000l\000v\000e\000d}{section.0.9}% 17
\BOOKMARK [2][-]{subsection.0.9.2}{\376\377\0009\000.\0002\000\040\000E\000x\000e\000c\000u\000t\000i\000o\000n\000\040\000a\000n\000d\000\040\000p\000r\000o\000v\000e\000n\000a\000n\000c\000e}{section.0.9}% 18
\BOOKMARK [2][-]{subsection.0.9.3}{\376\377\0009\000.\0003\000\040\000R\000e\000f\000e\000r\000e\000n\000c\000e\000s}{section.0.9}% 19
\BOOKMARK [1][-]{section.0.10}{\376\377\0001\0000\000\040\000A\000e\000r\000o\000d\000y\000n\000a\000m\000i\000c\000\040\000i\000n\000v\000e\000s\000t\000i\000g\000a\000t\000i\000o\000n\000\040\000a\000n\000d\000\040\000p\000r\000o\000p\000o\000s\000e\000d\000\040\000c\000o\000r\000r\000e\000c\000t\000i\000o\000n\000s}{}% 20
\BOOKMARK [2][-]{subsection.0.10.1}{\376\377\0001\0000\000.\0001\000\040\000S\000c\000o\000p\000e\000\040\000a\000n\000d\000\040\000c\000o\000n\000t\000r\000o\000l\000l\000e\000d\000\040\000e\000x\000p\000e\000r\000i\000m\000e\000n\000t\000s}{section.0.10}% 21
\BOOKMARK [2][-]{subsection.0.10.2}{\376\377\0001\0000\000.\0002\000\040\000S\000e\000p\000a\000r\000a\000t\000e\000\040\000b\000o\000d\000y\000\040\000d\000r\000a\000g\000\040\000f\000r\000o\000m\000\040\000t\000h\000e\000\040\000n\000e\000t\000\040\000f\000i\000n\000\040\000c\000o\000n\000t\000r\000i\000b\000u\000t\000i\000o\000n}{section.0.10}% 22
\BOOKMARK [2][-]{subsection.0.10.3}{\376\377\0001\0000\000.\0003\000\040\000T\000a\000n\000g\000e\000n\000t\000-\000o\000g\000i\000v\000e\000\040\000n\000o\000s\000e\000\040\000p\000r\000e\000s\000s\000u\000r\000e\000:\000\040\000t\000h\000e\000\040\000s\000t\000r\000o\000n\000g\000e\000s\000t\000\040\000c\000o\000r\000r\000e\000c\000t\000i\000v\000e\000\040\000l\000e\000a\000d}{section.0.10}% 23
\BOOKMARK [2][-]{subsection.0.10.4}{\376\377\0001\0000\000.\0004\000\040\000F\000i\000n\000\040\000p\000r\000o\000f\000i\000l\000e\000,\000\040\000t\000h\000i\000c\000k\000n\000e\000s\000s\000\040\000a\000n\000d\000\040\000s\000w\000e\000e\000p}{section.0.10}% 24
\BOOKMARK [2][-]{subsection.0.10.5}{\376\377\0001\0000\000.\0005\000\040\000F\000r\000i\000c\000t\000i\000o\000n\000,\000\040\000b\000a\000s\000e\000\040\000d\000r\000a\000g\000\040\000a\000n\000d\000\040\000l\000i\000m\000i\000t\000s\000\040\000o\000f\000\040\000m\000a\000t\000c\000h\000i\000n\000g\000\040\000R\000A\000S\000A\000e\000r\000o}{section.0.10}% 25
\BOOKMARK [2][-]{subsection.0.10.6}{\376\377\0001\0000\000.\0006\000\040\000R\000a\000n\000k\000e\000d\000\040\000a\000e\000r\000o\000d\000y\000n\000a\000m\000i\000c\000\040\000s\000u\000g\000g\000e\000s\000t\000i\000o\000n\000s\000\040\000a\000n\000d\000\040\000v\000a\000l\000i\000d\000a\000t\000i\000o\000n\000\040\000g\000a\000t\000e\000s}{section.0.10}% 26
\BOOKMARK [2][-]{subsection.0.10.7}{\376\377\0001\0000\000.\0007\000\040\000E\000v\000i\000d\000e\000n\000c\000e\000,\000\040\000r\000e\000f\000e\000r\000e\000n\000c\000e\000s\000\040\000a\000n\000d\000\040\000r\000e\000p\000r\000o\000d\000u\000c\000t\000i\000o\000n}{section.0.10}% 27
\BOOKMARK [1][-]{section.0.11}{\376\377\0001\0001\000\040\000E\000x\000t\000e\000n\000d\000e\000d\000\040\000c\000o\000e\000f\000f\000i\000c\000i\000e\000n\000t\000\040\000s\000t\000u\000d\000y\000\040\000a\000n\000d\000\040\000p\000l\000o\000t\000\040\000a\000t\000l\000a\000s}{}% 28
\BOOKMARK [2][-]{subsection.0.11.1}{\376\377\0001\0001\000.\0001\000\040\000C\000o\000m\000p\000l\000e\000t\000e\000d\000\040\000e\000x\000p\000e\000r\000i\000m\000e\000n\000t\000s}{section.0.11}% 29
\BOOKMARK [2][-]{subsection.0.11.2}{\376\377\0001\0001\000.\0002\000\040\000C\000o\000e\000f\000f\000i\000c\000i\000e\000n\000t\000\040\000d\000e\000f\000i\000n\000i\000t\000i\000o\000n\000s\000\040\000a\000n\000d\000\040\000c\000h\000e\000c\000k\000s}{section.0.11}% 30
\BOOKMARK [2][-]{subsection.0.11.3}{\376\377\0001\0001\000.\0003\000\040\000W\000h\000a\000t\000\040\000t\000h\000e\000\040\000a\000d\000d\000i\000t\000i\000o\000n\000a\000l\000\040\000d\000a\000t\000a\000\040\000e\000s\000t\000a\000b\000l\000i\000s\000h}{section.0.11}% 31
\BOOKMARK [2][-]{subsection.0.11.4}{\376\377\0001\0001\000.\0004\000\040\000N\000o\000r\000m\000a\000l\000\040\000f\000o\000r\000c\000e\000,\000\040\000C\000P\000\040\000a\000n\000d\000\040\000i\000n\000t\000e\000r\000p\000r\000e\000t\000a\000t\000i\000o\000n\000\040\000l\000i\000m\000i\000t\000s}{section.0.11}% 32
\BOOKMARK [2][-]{subsection.0.11.5}{\376\377\0001\0001\000.\0005\000\040\000C\000o\000e\000f\000f\000i\000c\000i\000e\000n\000t\000\040\000p\000l\000o\000t\000\040\000a\000t\000l\000a\000s}{section.0.11}% 33
