Input #0, image2, from '/Users/mdn/Developer/MIT_Rkt_Team/2026-7/MIT-RT-26_27-Work/simulation_work/avionics/powerboardsim/1/outputs/random_motion_20261005_2143/videos/random_fig16_pcb_baseY/frames/AnimationFrame%06d.png':
  Duration: 00:00:08.00, start: 0.000000, bitrate: N/A
  Stream #0:0: Video: png, rgb24(pc, gbr/unknown/unknown), 3840x2160, 60 fps, 60 tbr, 60 tbn
Input #1, png_pipe, from '/Users/mdn/Developer/MIT_Rkt_Team/2026-7/MIT-RT-26_27-Work/simulation_work/avionics/powerboardsim/1/outputs/random_motion_20261005_2143/videos/random_fig16_pcb_baseY/legend_relabeled.png':
  Duration: N/A, bitrate: N/A
  Stream #1:0: Video: png, rgb24(pc, gbr/unknown/unknown), 3840x2160, 25 fps, 25 tbr, 25 tbn
Stream mapping:
  Stream #0:0 (png) -> overlay
  Stream #1:0 (png) -> crop:default
  drawtext:default -> Stream #0:0 (h264_videotoolbox)
Press [q] to stop, [?] for help
Output #0, mp4, to '/Users/mdn/Developer/MIT_Rkt_Team/2026-7/MIT-RT-26_27-Work/simulation_work/avionics/powerboardsim/1/output/videos/power_board_random_motion_4k60/random_fig16_pcb_baseY.encoding.mp4':
  Metadata:
    title           : Base Y | Instantaneous Z displacement | PCB-scoped contour - isometric view | Signed displacement [m]
    comment         : Native Mechanical 2026R1 animation of 480 actual MAPDL transient result sets. Fixed camera. Seeded PSD realization, relative displacement, 750 N/bolt, 2% damping, 50x motion, 273.07x slower. Contours are instantaneous fields, not RMS; stress clip excludes
    encoder         : Lavf61.7.100
  Stream #0:0: Video: h264 (avc1 / 0x31637661), yuv420p(bt709/unknown/unknown, progressive), 3840x2160, q=2-31, 80000 kb/s, 60 fps, 15360 tbn
      Metadata:
        encoder         : Lavc61.19.101 h264_videotoolbox
[h264_videotoolbox @ 0x9b9049180] Color range not set for yuv420p. Using MPEG range.
frame=   16 fps=0.0 q=-0.0 size=     256KiB time=00:00:00.25 bitrate=8390.1kbits/s speed=0.49x    frame=   55 fps= 54 q=-0.0 size=     768KiB time=00:00:00.90 bitrate=6990.9kbits/s speed=0.882x    frame=   95 fps= 62 q=-0.0 size=    1280KiB time=00:00:01.56 bitrate=6693.3kbits/s speed=1.02x    frame=  134 fps= 66 q=-0.0 size=    1792KiB time=00:00:02.21 bitrate=6622.8kbits/s speed=1.09x    frame=  173 fps= 68 q=-0.0 size=    2304KiB time=00:00:02.86 bitrate=6584.2kbits/s speed=1.13x    frame=  213 fps= 70 q=-0.0 size=    2816KiB time=00:00:03.53 bitrate=6529.0kbits/s speed=1.16x    frame=  252 fps= 71 q=-0.0 size=    3328KiB time=00:00:04.18 bitrate=6517.1kbits/s speed=1.18x    frame=  291 fps= 72 q=-0.0 size=    3840KiB time=00:00:04.83 bitrate=6508.5kbits/s speed=1.19x    frame=  331 fps= 72 q=-0.0 size=    4352KiB time=00:00:05.50 bitrate=6482.2kbits/s speed= 1.2x    frame=  370 fps= 73 q=-0.0 size=    4864KiB time=00:00:06.15 bitrate=6479.1kbits/s speed=1.21x    frame=  410 fps= 73 q=-0.0 size=    5376KiB time=00:00:06.81 bitrate=6460.7kbits/s speed=1.22x    frame=  449 fps= 74 q=-0.0 size=    5888KiB time=00:00:07.46 bitrate=6460.0kbits/s speed=1.23x    [mp4 @ 0x9b8c44500] Starting second pass: moving the moov atom to the beginning of the file
[out#0/mp4 @ 0x9b9008a80] video:6390KiB audio:0KiB subtitle:0KiB other streams:0KiB global headers:0KiB muxing overhead: 0.049854%
frame=  480 fps= 74 q=-0.0 Lsize=    6393KiB time=00:00:07.98 bitrate=6560.0kbits/s speed=1.23x    
