Input #0, image2, from '/Users/mdn/Developer/MIT_Rkt_Team/2026-7/MIT-RT-26_27-Work/simulation_work/avionics/powerboardsim/1/outputs/random_motion_20261005_2143/videos/random_fig15_pcb_baseX/frames/AnimationFrame%06d.png':
  Duration: 00:00:08.00, start: 0.000000, bitrate: N/A
  Stream #0:0: Video: png, rgb24(pc, gbr/unknown/unknown), 3840x2160, 60 fps, 60 tbr, 60 tbn
Input #1, png_pipe, from '/Users/mdn/Developer/MIT_Rkt_Team/2026-7/MIT-RT-26_27-Work/simulation_work/avionics/powerboardsim/1/outputs/random_motion_20261005_2143/videos/random_fig15_pcb_baseX/legend_relabeled.png':
  Duration: N/A, bitrate: N/A
  Stream #1:0: Video: png, rgb24(pc, gbr/unknown/unknown), 3840x2160, 25 fps, 25 tbr, 25 tbn
Stream mapping:
  Stream #0:0 (png) -> overlay
  Stream #1:0 (png) -> crop:default
  drawtext:default -> Stream #0:0 (h264_videotoolbox)
Press [q] to stop, [?] for help
Output #0, mp4, to '/Users/mdn/Developer/MIT_Rkt_Team/2026-7/MIT-RT-26_27-Work/simulation_work/avionics/powerboardsim/1/output/videos/power_board_random_motion_4k60/random_fig15_pcb_baseX.encoding.mp4':
  Metadata:
    title           : Base X | Instantaneous Z displacement | PCB-scoped contour - isometric view | Signed displacement [m]
    comment         : Native Mechanical 2026R1 animation of 480 actual MAPDL transient result sets. Fixed camera. Seeded PSD realization, relative displacement, 750 N/bolt, 2% damping, 50x motion, 273.07x slower. Contours are instantaneous fields, not RMS; stress clip excludes
    encoder         : Lavf61.7.100
  Stream #0:0: Video: h264 (avc1 / 0x31637661), yuv420p(bt709/unknown/unknown, progressive), 3840x2160, q=2-31, 80000 kb/s, 60 fps, 15360 tbn
      Metadata:
        encoder         : Lavc61.19.101 h264_videotoolbox
[h264_videotoolbox @ 0xb09049180] Color range not set for yuv420p. Using MPEG range.
frame=   15 fps=0.0 q=-0.0 size=     256KiB time=00:00:00.23 bitrate=8989.5kbits/s speed=0.458x    frame=   55 fps= 54 q=-0.0 size=     512KiB time=00:00:00.90 bitrate=4660.8kbits/s speed=0.882x    frame=   95 fps= 62 q=-0.0 size=    1024KiB time=00:00:01.56 bitrate=5354.7kbits/s speed=1.02x    frame=  134 fps= 66 q=-0.0 size=    1792KiB time=00:00:02.21 bitrate=6622.8kbits/s speed=1.09x    frame=  174 fps= 68 q=-0.0 size=    2048KiB time=00:00:02.88 bitrate=5818.8kbits/s speed=1.13x    frame=  214 fps= 70 q=-0.0 size=    2560KiB time=00:00:03.55 bitrate=5907.6kbits/s speed=1.16x    frame=  253 fps= 71 q=-0.0 size=    3328KiB time=00:00:04.20 bitrate=6491.3kbits/s speed=1.18x    frame=  293 fps= 72 q=-0.0 size=    3840KiB time=00:00:04.86 bitrate=6463.9kbits/s speed=1.19x    frame=  332 fps= 72 q=-0.0 size=    4352KiB time=00:00:05.51 bitrate=6462.6kbits/s speed= 1.2x    frame=  371 fps= 73 q=-0.0 size=    4864KiB time=00:00:06.16 bitrate=6461.6kbits/s speed=1.21x    frame=  411 fps= 73 q=-0.0 size=    5376KiB time=00:00:06.83 bitrate=6445.0kbits/s speed=1.22x    frame=  450 fps= 74 q=-0.0 size=    5632KiB time=00:00:07.48 bitrate=6165.4kbits/s speed=1.23x    [mp4 @ 0xb08c48500] Starting second pass: moving the moov atom to the beginning of the file
[out#0/mp4 @ 0xb090089c0] video:6289KiB audio:0KiB subtitle:0KiB other streams:0KiB global headers:0KiB muxing overhead: 0.051026%
frame=  480 fps= 74 q=-0.0 Lsize=    6292KiB time=00:00:07.98 bitrate=6456.6kbits/s speed=1.23x    
