/COM,ANSYS RELEASE 2026 R1.02        BUILD 26.1      UP20260202       18:16:36

 *** WARNING ***                         ELAPSED TIME =      12.150   TIME= 18:16:43
 Element shape errors, if any, are currently shown as warnings only.     
 Issue SHPP,ON to restore shape error traps, if desired.                 

 *** WARNING ***                         ELAPSED TIME =      12.760   TIME= 18:16:44
 No shape testing has been performed on 115061 of the 248516 selected    
 elements.  To perform shape testing on these elements and see any       
 warning messages about the others, please issue the CHECK command.      

 *** WARNING ***                         ELAPSED TIME =      13.328   TIME= 18:16:44
 Material number 628 (used by element 330976) should normally have at    
 least one MP or one TB type command associated with it.  Output of      
 energy by material may not be available.                                

 *** WARNING ***                         ELAPSED TIME =      19.959   TIME= 18:16:51
 Overconstraint may occur for Lagrange multiplier or MPC based contact   
 algorithm.                                                              

 *** WARNING ***                         ELAPSED TIME =      19.959   TIME= 18:16:51
 Certain contact elements (for example 341323 & 210384) overlap with     
 other.                                                                  

 *** WARNING ***                         ELAPSED TIME =      19.959   TIME= 18:16:51
 Certain contact pairs (for example 647 & 608) overlap with other.       
