
 Ansys Mechanical Enterprise Academic Research     


 *------------------------------------------------------------------*
 |                                                                  |
 |   W E L C O M E   T O   T H E   A N S Y S (R)  P R O G R A M     |
 |                                                                  |
 *------------------------------------------------------------------*




 ***************************************************************
 *         ANSYS MAPDL 2026 R1.02       LEGAL NOTICES          *
 ***************************************************************
 *                                                             *
 * Copyright (c) 2026 Synopsys, Inc. and ANSYS, Inc.           *
 * All rights reserved.                                        *
 * Unauthorized use, distribution or duplication is            *
 * prohibited.                                                 *
 *                                                             *
 * Ansys is a registered trademark of Ansys, Inc. or its       *
 * subsidiaries in the United States or other countries.       *
 * See the Ansys, Inc. online documentation or the Ansys, Inc. *
 * documentation CD or online help for the complete Legal      *
 * Notice.                                                     *
 *                                                             *
 ***************************************************************
 *                                                             *
 * THIS ANSYS SOFTWARE PRODUCT AND PROGRAM DOCUMENTATION       *
 * INCLUDE TRADE SECRETS AND CONFIDENTIAL AND PROPRIETARY      *
 * PRODUCTS OF ANSYS, INC., ITS SUBSIDIARIES, OR LICENSORS.    *
 * The software products and documentation are furnished by    *
 * Ansys, Inc. or its subsidiaries under a software license    *
 * agreement that contains provisions concerning               *
 * non-disclosure, copying, length and nature of use,          *
 * compliance with exporting laws, warranties, disclaimers,    *
 * limitations of liability, and remedies, and other           *
 * provisions.  The software products and documentation may be *
 * used, disclosed, transferred, or copied only in accordance  *
 * with the terms and conditions of that software license      *
 * agreement.                                                  *
 *                                                             *
 * Ansys, Inc. is a UL registered                              *
 * ISO 9001:2015 company.                                      *
 *                                                             *
 ***************************************************************
 *                                                             *
 * This product is subject to U.S. laws governing export and   *
 * re-export.                                                  *
 *                                                             *
 * For U.S. Government users, except as specifically granted   *
 * by the Ansys, Inc. software license agreement, the use,     *
 * duplication, or disclosure by the United States Government  *
 * is subject to restrictions stated in the Ansys, Inc.        *
 * software license agreement and FAR 12.212 (for non-DOD      *
 * licenses).                                                  *
 *                                                             *
 ***************************************************************

 2026 R1.02  
     
 Point Releases and Patches installed:   
     
 Ansys Service Pack 2026 R1.01   
 Ansys Service Pack 2026 R1.02   
 Ansys, Inc. License Manager 2026 R1 
 Ansys, Inc. License Manager 2026 R1.01  
 Ansys, Inc. License Manager 2026 R1.02  
 Discovery (reduced install) 2026 R1 
 Discovery (reduced install) 2026 R1.01  
 Discovery (reduced install) 2026 R1.02  
 Core WB Files 2026 R1   
 Core WB Files 2026 R1.01
 Core WB Files 2026 R1.02
 BladeModeler 2026 R1
 BladeModeler 2026 R1.01 
 BladeModeler 2026 R1.02 
 CFX (includes CFD-Post) 2026 R1 
 CFX (includes CFD-Post) 2026 R1.01  
 CFX (includes CFD-Post) 2026 R1.02  
 CFD-Post only 2026 R1   
 CFD-Post only 2026 R1.01
 CFD-Post only 2026 R1.02
 Chemkin 2026 R1 
 Chemkin 2026 R1.01  
 Chemkin 2026 R1.02  
 EnSight 2026 R1 
 EnSight 2026 R1.01  
 EnSight 2026 R1.02  
 FENSAP-ICE 2026 R1  
 FENSAP-ICE 2026 R1.01   
 FENSAP-ICE 2026 R1.02   
 Fluent (includes CFD-Post) 2026 R1  
 Fluent (includes CFD-Post) 2026 R1.01   
 Fluent (includes CFD-Post) 2026 R1.02   
 Polyflow (includes CFD-Post) 2026 R1
 Polyflow (includes CFD-Post) 2026 R1.01 
 Polyflow (includes CFD-Post) 2026 R1.02 
 Forte (includes EnSight) 2026 R1
 Forte (includes EnSight) 2026 R1.01 
 Forte (includes EnSight) 2026 R1.02 
 ICEM CFD 2026 R1
 ICEM CFD 2026 R1.01 
 ICEM CFD 2026 R1.02 
 RBF Morph Fluids UDF 2026 R1
 RBF Morph Fluids UDF 2026 R1.01 
 RBF Morph Fluids UDF 2026 R1.02 
 RBF Morph Libraries 2026 R1 
 RBF Morph Libraries 2026 R1.01  
 RBF Morph Libraries 2026 R1.02  
 Rocky 2026 R1   
 Rocky 2026 R1.01
 Rocky 2026 R1.02
 Thermal Desktop: AutoCAD 2026 R1
 Thermal Desktop: AutoCAD 2026 R1.01 
 Thermal Desktop: AutoCAD 2026 R1.02 
 Thermal Desktop: Thermal Desktop and TD Designer  2026 R1   
 Thermal Desktop: Thermal Desktop and TD Designer  2026 R1.01
 Thermal Desktop: Thermal Desktop and TD Designer  2026 R1.02
 Thermal Desktop: Sinda Solver 2026 R1   
 Thermal Desktop: Sinda Solver 2026 R1.01
 Thermal Desktop: Sinda Solver 2026 R1.02
 TurboGrid 2026 R1   
 TurboGrid 2026 R1.01
 TurboGrid 2026 R1.02
 Granta EduPack 2026 R1  
 Granta EduPack 2026 R1.01   
 Granta EduPack 2026 R1.02   
 Granta Selector 2026 R1 
 Granta Selector 2026 R1.01  
 Granta Selector 2026 R1.02  
 Dynamic Reporting 2026 R1   
 Dynamic Reporting 2026 R1.01
 Dynamic Reporting 2026 R1.02
 Remote Solve Manager Standalone Services 2026 R1
 Remote Solve Manager Standalone Services 2026 R1.01 
 Remote Solve Manager Standalone Services 2026 R1.02 
 Aqwa 2026 R1
 Aqwa 2026 R1.01 
 Aqwa 2026 R1.02 
 Autodyn 2026 R1 
 Autodyn 2026 R1.01  
 Autodyn 2026 R1.02  
 Customization Files for User Programmable Features 2026 R1  
 Customization Files for User Programmable Features 2026 R1.01   
 Customization Files for User Programmable Features 2026 R1.02   
 LS-DYNA 2026 R1 
 LS-DYNA 2026 R1.01  
 LS-DYNA 2026 R1.02  
 Material Calibration App 2026 R1
 Material Calibration App 2026 R1.01 
 Material Calibration App 2026 R1.02 
 Material Designer 2026 R1   
 Material Designer 2026 R1.01
 Material Designer 2026 R1.02
 Mechanical Products 2026 R1 
 Mechanical Products 2026 R1.01  
 Mechanical Products 2026 R1.02  
 Motion 2026 R1  
 Motion 2026 R1.01   
 Motion 2026 R1.02   
 RBF Morph 2026 R1   
 RBF Morph 2026 R1.01
 RBF Morph 2026 R1.02
 Sherlock 2026 R1
 Sherlock 2026 R1.01 
 Sherlock 2026 R1.02 
 Sound - SAS 2026 R1 
 Sound - SAS 2026 R1.01  
 Sound - SAS 2026 R1.02  
 ACIS Geometry Interface 2026 R1 
 ACIS Geometry Interface 2026 R1.01  
 ACIS Geometry Interface 2026 R1.02  
 AutoCAD Geometry Interface 2026 R1  
 AutoCAD Geometry Interface 2026 R1.01   
 AutoCAD Geometry Interface 2026 R1.02   
 Catia, Version 4 Geometry Interface 2026 R1 
 Catia, Version 4 Geometry Interface 2026 R1.01  
 Catia, Version 4 Geometry Interface 2026 R1.02  
 Catia, Version 5 Geometry Interface 2026 R1 
 Catia, Version 5 Geometry Interface 2026 R1.01  
 Catia, Version 5 Geometry Interface 2026 R1.02  
 Catia, Version 6 Geometry Interface 2026 R1 
 Catia, Version 6 Geometry Interface 2026 R1.01  
 Catia, Version 6 Geometry Interface 2026 R1.02  
 Creo Elements/Direct Modeling Geometry Interface 2026 R1
 Creo Elements/Direct Modeling Geometry Interface 2026 R1.01 
 Creo Elements/Direct Modeling Geometry Interface 2026 R1.02 
 Creo Parametric Geometry Interface 2026 R1  
 Creo Parametric Geometry Interface 2026 R1.01   
 Creo Parametric Geometry Interface 2026 R1.02   
 Inventor Geometry Interface 2026 R1 
 Inventor Geometry Interface 2026 R1.01  
 Inventor Geometry Interface 2026 R1.02  
 JTOpen Geometry Interface 2026 R1   
 JTOpen Geometry Interface 2026 R1.01
 JTOpen Geometry Interface 2026 R1.02
 NX Geometry Interface 2026 R1   
 NX Geometry Interface 2026 R1.01
 NX Geometry Interface 2026 R1.02
 Parasolid Geometry Interface  2026 R1   
 Parasolid Geometry Interface  2026 R1.01
 Parasolid Geometry Interface  2026 R1.02
 Solid Edge Geometry Interface 2026 R1   
 Solid Edge Geometry Interface 2026 R1.01
 Solid Edge Geometry Interface 2026 R1.02
 SOLIDWORKS Geometry Interface 2026 R1   
 SOLIDWORKS Geometry Interface 2026 R1.01
 SOLIDWORKS Geometry Interface 2026 R1.02


          *****  MAPDL COMMAND LINE ARGUMENTS  *****
  INITIAL JOBNAME              = checkua                                                                                                                                                                                                                                                 
  BATCH MODE REQUESTED (-b)    = NOLIST
  INPUT FILE COPY MODE (-c)    = COPY
  SHARED MEMORY PARALLEL REQUESTED
    SINGLE PROCESS WITH SINGLE THREAD REQUESTED
    TOTAL OF     1 CORES REQUESTED
  INPUT FILE NAME              = C:\Temp\PBMotion_20261005_stress_cached_proof\check_u_all.dat
  OUTPUT FILE NAME             = C:\Temp\PBMotion_20261005_stress_cached_proof\check_u_all.out

 RELEASE= 2026 R1.02           BUILD= 26.1      UP20260202   VERSION=WINDOWS x64 
 CURRENT JOBNAME=checkua  12:00:58  OCT 06, 2026  Elapsed Time=       0.047


 RUN SETUP PROCEDURE FROM FILE= C:\Program Files\ANSYS Inc\v261\Ansys\apdl\start.ans

 /INPUT FILE= C:\Program Files\ANSYS Inc\v261\Ansys\apdl\start.ans  LINE=       0

 RESUME ANSYS DATA FROM FILE NAME=file.db                                                                                                                                                                                                                                                             

 *** MAPDL GLOBAL STATUS *** 

 TITLE = powerboardsim_v1--RANDOM VIBE - expanded prestressed modal basis (C5) 
 ANALYSIS TYPE =  MODAL                
       646 ELEM TYPES DEFINED    MAX ELEM TYPE NUMBER =           651
    248516 ELEMENTS DEFINED      MAX ELEMENT NUMBER =          341323
    369590 NODES DEFINED         MAX NODE NUMBER =             379902
       208 MATERIALS DEFINED     MAX MATERIAL NUMBER =            208
       426 REAL CONSTS DEFINED   MAX REAL CONST NUMBER =          651
         6 SECTIONS DEFINED      MAX SECTION NUMBER =             649
         6 COORD SYS DEFINED     MAX COORD SYS NUMBER =            17
 
 ACTIVE COORDINATE SYSTEM             =          0  (CARTESIAN)
 NUMBER OF DEFINED NODAL CONSTRAINTS  =       2349
 NUMBER OF DEFINED NODAL LOADS        =          0
 NUMBER OF DEFINED COMPONENTS         =         20
 NUMBER OF DEFINED ELEM SURFACE LOADS =          0
 NUMBER OF DEFINED ELEM BODY LOADS    =          0
 NUMBER OF DEFINED NODE BODY FORCES   =          0
 CURRENT LOAD CASE =      0 OF      0
 LOAD SET   =       1
 SUBSTEP    =      38
 TIME/FREQ  =    2.0000    

 INITIAL JOBNAME = checkua
 CURRENT JOBNAME = checkua

 SELECT ALL ENTITIES OF TYPE= ALL  AND BELOW

 *** MAPDL - ENGINEERING ANALYSIS SYSTEM  RELEASE 2026 R1.02       26.1     ***
 Ansys Mechanical Enterprise Academic Research     
 01196637  VERSION=WINDOWS x64   12:00:59  OCT 06, 2026 Elapsed Time=      6.351

 powerboardsim_v1--RANDOM VIBE - expanded prestressed modal basis (C5)         



          ***** MAPDL RESULTS INTERPRETATION (POST1) *****

 *** NOTE ***                            ELAPSED TIME =       6.352   TIME= 12:00:59
 Reading results into the database (SET command) will update the current 
 displacement and force boundary conditions in the database with the     
 values from the results file for that load set.  Note that any          
 subsequent solutions will use these values unless action is taken to    
 either SAVE the current values or not overwrite them (/EXIT,NOSAVE).    

 *** NOTE ***                            ELAPSED TIME =       6.352   TIME= 12:00:59
 The nodal coordinates were updated from their original locations during 
 a prior operation (an explicit UPCOORD or UPGEOM, or a linear           
 perturbation analysis).                                                 

 SET DATABASE INPUT CONTROL TO ACCESS RESULTS FILE DATA FOR :
  ALL                                                             

 RSYS KEY SET TO   0

 USE THE GLOBAL COORDINATE SYSTEM FOR SOLUTION RESULTS

 DATA FILE CHANGED TO FILE= motion.rst

 OPENED FILE= displacement_nodes_all.csv FOR COMMAND FILE DATA 



 USE LOAD STEP     2  SUBSTEP     1  FOR LOAD CASE 0 

 SET COMMAND GOT LOAD STEP=     2  SUBSTEP=     1  CUMULATIVE ITERATION=     2
   TIME/FREQUENCY=  1.0001    
 TITLE= powerboardsim_v1--RANDOM VIBE - expanded prestressed modal basis (C5)   

 *GET  PBT       FROM  ACTI  ITEM=SET  TIME  VALUE=  1.00006100    

 *GET  PUX       FROM  NODE     44  ITEM=U    X     VALUE=-0.370001478E-05

 *GET  PUY       FROM  NODE     44  ITEM=U    Y     VALUE= 0.572280552E-06

 *GET  PUZ       FROM  NODE     44  ITEM=U    Z     VALUE= 0.870508460E-05

 *GET  PUX       FROM  NODE   2064  ITEM=U    X     VALUE= 0.374980127E-06

 *GET  PUY       FROM  NODE   2064  ITEM=U    Y     VALUE= 0.884862792E-05

 *GET  PUZ       FROM  NODE   2064  ITEM=U    Z     VALUE= 0.301095608E-04

 *GET  PUX       FROM  NODE   2075  ITEM=U    X     VALUE= 0.230447743E-06

 *GET  PUY       FROM  NODE   2075  ITEM=U    Y     VALUE= 0.259050153E-06

 *GET  PUZ       FROM  NODE   2075  ITEM=U    Z     VALUE= 0.303892696E-04

 *GET  PUX       FROM  NODE   2185  ITEM=U    X     VALUE=-0.316124482E-05

 *GET  PUY       FROM  NODE   2185  ITEM=U    Y     VALUE=-0.158545978E-05

 *GET  PUZ       FROM  NODE   2185  ITEM=U    Z     VALUE= 0.787442031E-05

 *GET  PUX       FROM  NODE  42154  ITEM=U    X     VALUE=-0.202773064E-05

 *GET  PUY       FROM  NODE  42154  ITEM=U    Y     VALUE=-0.969080946E-07

 *GET  PUZ       FROM  NODE  42154  ITEM=U    Z     VALUE= 0.822168642E-05

 *GET  PUX       FROM  NODE  42242  ITEM=U    X     VALUE=-0.161717231E-05

 *GET  PUY       FROM  NODE  42242  ITEM=U    Y     VALUE= 0.104455942E-06

 *GET  PUZ       FROM  NODE  42242  ITEM=U    Z     VALUE= 0.700091484E-05

 *GET  PUX       FROM  NODE 136765  ITEM=U    X     VALUE=  0.00000000    

 *GET  PUY       FROM  NODE 136765  ITEM=U    Y     VALUE=  0.00000000    

 *GET  PUZ       FROM  NODE 136765  ITEM=U    Z     VALUE=  0.00000000    


 USE LOAD STEP     3  SUBSTEP     1  FOR LOAD CASE 0 

 SET COMMAND GOT LOAD STEP=     3  SUBSTEP=     1  CUMULATIVE ITERATION=     3
   TIME/FREQUENCY=  1.0002    
 TITLE= powerboardsim_v1--RANDOM VIBE - expanded prestressed modal basis (C5)   

 *GET  PBT       FROM  ACTI  ITEM=SET  TIME  VALUE=  1.00024400    

 *GET  PUX       FROM  NODE     44  ITEM=U    X     VALUE=-0.370001478E-05

 *GET  PUY       FROM  NODE     44  ITEM=U    Y     VALUE= 0.572280552E-06

 *GET  PUZ       FROM  NODE     44  ITEM=U    Z     VALUE= 0.870508460E-05

 *GET  PUX       FROM  NODE   2064  ITEM=U    X     VALUE= 0.374980127E-06

 *GET  PUY       FROM  NODE   2064  ITEM=U    Y     VALUE= 0.884862792E-05

 *GET  PUZ       FROM  NODE   2064  ITEM=U    Z     VALUE= 0.301095608E-04

 *GET  PUX       FROM  NODE   2075  ITEM=U    X     VALUE= 0.230447743E-06

 *GET  PUY       FROM  NODE   2075  ITEM=U    Y     VALUE= 0.259050153E-06

 *GET  PUZ       FROM  NODE   2075  ITEM=U    Z     VALUE= 0.303892696E-04

 *GET  PUX       FROM  NODE   2185  ITEM=U    X     VALUE=-0.316124482E-05

 *GET  PUY       FROM  NODE   2185  ITEM=U    Y     VALUE=-0.158545978E-05

 *GET  PUZ       FROM  NODE   2185  ITEM=U    Z     VALUE= 0.787442031E-05

 *GET  PUX       FROM  NODE  42154  ITEM=U    X     VALUE=-0.202773064E-05

 *GET  PUY       FROM  NODE  42154  ITEM=U    Y     VALUE=-0.969080946E-07

 *GET  PUZ       FROM  NODE  42154  ITEM=U    Z     VALUE= 0.822168642E-05

 *GET  PUX       FROM  NODE  42242  ITEM=U    X     VALUE=-0.161717231E-05

 *GET  PUY       FROM  NODE  42242  ITEM=U    Y     VALUE= 0.104455942E-06

 *GET  PUZ       FROM  NODE  42242  ITEM=U    Z     VALUE= 0.700091484E-05

 *GET  PUX       FROM  NODE 136765  ITEM=U    X     VALUE=  0.00000000    

 *GET  PUY       FROM  NODE 136765  ITEM=U    Y     VALUE=  0.00000000    

 *GET  PUZ       FROM  NODE 136765  ITEM=U    Z     VALUE=  0.00000000    

  COMMAND FILE CLOSED 


 EXIT THE MAPDL POST1 DATABASE PROCESSOR


 ***** ROUTINE COMPLETED *****  ELAPSED TIME =         7.211



 EXIT MAPDL WITHOUT SAVING DATABASE


 NUMBER OF WARNING MESSAGES ENCOUNTERED=          0
 NUMBER OF ERROR   MESSAGES ENCOUNTERED=          0

+--------------------- M A P D L   S T A T I S T I C S ------------------------+

Release: 2026 R1.02         Build: 26.1       Update: UP20260202   Platform: WINDOWS x64 
Date Run: 10/06/2026   Time: 12:01     Process ID: 10180
Operating System: Windows 11  (Build: 26200)

Processor Model:                           Virtual CPU @ 3.20GHz

Compiler: Intel(R) Fortran Compiler Classic Version 2021.9  (Build: 20230302)
          Intel(R) C/C++ Compiler Classic Version 2021.9  (Build: 20230302)
          AOCL-BLAS 5.1.1 Build 20251008
          Intel(R) oneAPI Math Kernel Library Version 2024.2.3-Product Build 20250403

Number of machines requested            :    1
Total number of cores available         :   14
Number of physical cores available      :   14
Number of processes requested           :    1
Number of threads per process requested :    1
Total number of cores requested         :    1 (Shared Memory Parallel)                    

GPU Acceleration: Not Requested

Job Name: checkua
Input File: check_u_all.dat
Working Directory: C:\Temp\PBMotion_20261005_stress_cached_proof

Total CPU time for main thread                    :        2.1 seconds
Total CPU time summed for all threads             :        1.9 seconds

Elapsed time spent obtaining a license            :        1.2 seconds
Elapsed time spent pre-processing model (/PREP7)  :        0.0 seconds
Elapsed time spent solution - preprocessing       :        0.0 seconds
Elapsed time spent computing solution             :        0.0 seconds
   Elapsed time in element formation & assembly   :        0.0 seconds
   Elapsed time in equation solver                :        0.0 seconds
   Elapsed time in element result calculations    :        0.0 seconds
Elapsed time spent solution - postprocessing      :        0.0 seconds
Elapsed time spent post-processing model (/POST1) :        0.9 seconds
 

Sum of disk space used on all processes           :        0.0 MB

Sum of memory used on all processes               :      491.0 MB
Sum of memory allocated on all processes          :     2304.0 MB
Physical memory available                         :        112 GB
Total amount of I/O written to disk               :        0.0 GB
Total amount of I/O read from disk                :        0.3 GB

+------------------ E N D   M A P D L   S T A T I S T I C S -------------------+


 *-----------------------------------------------------------------------------*
 |                                                                             |
 |                               RUN COMPLETED                                 |
 |                                                                             |
 |-----------------------------------------------------------------------------|
 |                                                                             |
 |  Ansys MAPDL 2026 R1.02      Build 26.1         UP20260202    WINDOWS x64   |
 |                                                                             |
 |-----------------------------------------------------------------------------|
 |                                                                             |
 |  Database Requested(-db)  1024 MB     Scratch Memory Requested      1024 MB |
 |  Maximum Database Used     440 MB     Maximum Scratch Memory Used     51 MB |
 |                                                                             |
 |-----------------------------------------------------------------------------|
 |                                                                             |
 |        CP Time      (sec) =          1.875       Time  =  12:01:10          |
 |        Elapsed Time (sec) =         17.756       Date  =  10/06/2026        |
 |                                                                             |
 *-----------------------------------------------------------------------------*
