[JAVA] Installing Simulation Listeners
[JAVA] Calling Simulator
[JAVA] Simulator Init
[JAVA] Confirmed start of simulation.
[JAVA] Ended Simulation.                           
Simulation: returning from simulator, simulation took 0s
B01-smooth-square-turbulent-J570W.csv REPLAY apogee=780.7211715019354 vmax=128.53724370623996 warnings=Messages[Listeners modified the flight simulation]
[JAVA] Installing Simulation Listeners
[JAVA] Calling Simulator
[JAVA] Simulator Init
[JAVA] Confirmed start of simulation.
[JAVA] Ended Simulation.                           
Simulation: returning from simulator, simulation took 0s
B03-smooth-bevel-turbulent-I500T-14A.csv REPLAY apogee=376.7512563669823 vmax=82.4621732540819 warnings=Messages[Listeners modified the flight simulation]
[JAVA] Installing Simulation Listeners
[JAVA] Calling Simulator
[JAVA] Simulator Init
[JAVA] Confirmed start of simulation.
[JAVA] Ended Simulation.                           
Simulation: returning from simulator, simulation took 0s
B05-slender-bevel-turbulent-I500T-14A.csv REPLAY apogee=2222.2631698147 vmax=368.81206732326365 warnings=Messages[Listeners modified the flight simulation]
[JAVA] Installing Simulation Listeners
[JAVA] Calling Simulator
[JAVA] Simulator Init
[JAVA] Confirmed start of simulation.
[JAVA] Ended Simulation.                           
Simulation: returning from simulator, simulation took 0s
B04-slender-square-turbulent-I500T-14A.csv REPLAY apogee=1533.6940146582199 vmax=350.0587464778072 warnings=Messages[Listeners modified the flight simulation]
[JAVA] Installing Simulation Listeners
[JAVA] Calling Simulator
[JAVA] Simulator Init
[JAVA] Confirmed start of simulation.
[JAVA] Ended Simulation.                           
Simulation: returning from simulator, simulation took 0s
B03-smooth-bevel-turbulent-J570W.csv REPLAY apogee=897.777663420345 vmax=131.98542037884144 warnings=Messages[Listeners modified the flight simulation]
[JAVA] Installing Simulation Listeners
[JAVA] Calling Simulator
[JAVA] Simulator Init
[JAVA] Confirmed start of simulation.
[JAVA] Ended Simulation.                           
Simulation: returning from simulator, simulation took 0s
B01-smooth-square-turbulent-I500T-14A.csv REPLAY apogee=350.9385266029815 vmax=81.65982259834865 warnings=Messages[Listeners modified the flight simulation]
[JAVA] Installing Simulation Listeners
[JAVA] Calling Simulator
[JAVA] Simulator Init
[JAVA] Confirmed start of simulation.
[JAVA] Ended Simulation.                           
Simulation: returning from simulator, simulation took 0s
B05-slender-bevel-turbulent-J570W.csv REPLAY apogee=2860.329792794209 vmax=464.51810104653055 warnings=Messages[Listeners modified the flight simulation,Body calculations may not be entirely accurate at supersonic speeds.]
[JAVA] Installing Simulation Listeners
[JAVA] Calling Simulator
[JAVA] Simulator Init
[JAVA] Confirmed start of simulation.
[JAVA] Ended Simulation.                           
Simulation: returning from simulator, simulation took 0s
B04-slender-square-turbulent-J570W.csv REPLAY apogee=2045.5669688786372 vmax=437.81573559575025 warnings=Messages[Listeners modified the flight simulation,Body calculations may not be entirely accurate at supersonic speeds.]
