[JAVA] Calling Simulator
[JAVA] Simulator Init
[JAVA] Confirmed start of simulation.
[JAVA] Ended Simulation.                           
Simulation: returning from simulator, simulation took 0s
B05-slender-bevel-I500T-14A altitude=2252.5874413077627 velocity=369.6221083541292 mach=1.0887624355415473 apogee=18.37250000000019 warnings=Messages[]
[JAVA] Calling Simulator
[JAVA] Simulator Init
[JAVA] Confirmed start of simulation.
[JAVA] Ended Simulation.                           
Simulation: returning from simulator, simulation took 0s
B05-slender-bevel-J570W altitude=3076.1594381844016 velocity=486.1457075122372 mach=1.4362229407121299 apogee=20.317500000001196 warnings=Messages[Body calculations may not be entirely accurate at supersonic speeds.]
Looking for info.openrocket.core.file.openrocket.savers.RocketSaver
Looking for info.openrocket.core.file.openrocket.savers.AxialStageSaver
Looking for info.openrocket.core.file.openrocket.savers.NoseConeSaver
Looking for info.openrocket.core.file.openrocket.savers.BodyTubeSaver
Looking for info.openrocket.core.file.openrocket.savers.TrapezoidFinSetSaver
Looking for info.openrocket.core.file.openrocket.savers.ParachuteSaver
	warning:  two final data points at time=5.8; one is 0
	warning:  two final data points at time=5.23; one is 0
[JAVA] Calling Simulator
[JAVA] Simulator Init
[JAVA] Confirmed start of simulation.
[JAVA] Ended Simulation.                           
Simulation: returning from simulator, simulation took 0s
B05-slender-bevel-I500T-14A-dt005 altitude=2252.5874413077627 velocity=369.6221083541292 mach=1.0887624355415473 apogee=18.37250000000019 warnings=Messages[]
[JAVA] Calling Simulator
[JAVA] Simulator Init
[JAVA] Confirmed start of simulation.
[JAVA] Ended Simulation.                           
Simulation: returning from simulator, simulation took 0s
B05-slender-bevel-J570W-dt005 altitude=3076.1594381844016 velocity=486.1457075122372 mach=1.4362229407121299 apogee=20.317500000001196 warnings=Messages[Body calculations may not be entirely accurate at supersonic speeds.]
