[JAVA] Calling Simulator
[JAVA] Simulator Init
[JAVA] Confirmed start of simulation.
[JAVA] Ended Simulation.                           
Simulation: returning from simulator, simulation took 0s
B01-smooth-square-I500T-14A altitude=376.20211858842765 velocity=82.44381557146912 mach=0.24236784089834604 apogee=9.19500000000033 warnings=Messages[]
[JAVA] Calling Simulator
[JAVA] Simulator Init
[JAVA] Confirmed start of simulation.
[JAVA] Ended Simulation.                           
Simulation: returning from simulator, simulation took 0s
B01-smooth-square-J570W altitude=889.6405485789156 velocity=131.73262059123 mach=0.38772934877829196 apogee=13.612499999999462 warnings=Messages[]
Looking for info.openrocket.core.file.openrocket.savers.RocketSaver
Looking for info.openrocket.core.file.openrocket.savers.AxialStageSaver
Looking for info.openrocket.core.file.openrocket.savers.NoseConeSaver
Looking for info.openrocket.core.file.openrocket.savers.BodyTubeSaver
Looking for info.openrocket.core.file.openrocket.savers.TrapezoidFinSetSaver
Looking for info.openrocket.core.file.openrocket.savers.ParachuteSaver
	warning:  two final data points at time=5.8; one is 0
	warning:  two final data points at time=5.23; one is 0
[JAVA] Calling Simulator
[JAVA] Simulator Init
[JAVA] Confirmed start of simulation.
[JAVA] Ended Simulation.                           
Simulation: returning from simulator, simulation took 0s
B01-smooth-square-I500T-14A-dt005 altitude=376.20211858842765 velocity=82.44381557146912 mach=0.24236784089834604 apogee=9.19500000000033 warnings=Messages[]
[JAVA] Calling Simulator
[JAVA] Simulator Init
[JAVA] Confirmed start of simulation.
[JAVA] Ended Simulation.                           
Simulation: returning from simulator, simulation took 0s
B01-smooth-square-J570W-dt005 altitude=889.6405485789156 velocity=131.73262059123 mach=0.38772934877829196 apogee=13.612499999999462 warnings=Messages[]
[JAVA] Calling Simulator
[JAVA] Simulator Init
[JAVA] Confirmed start of simulation.
[JAVA] Ended Simulation.                           
Simulation: returning from simulator, simulation took 0s
B02-rough-square-I500T-14A altitude=369.69058574692366 velocity=82.24804232777038 mach=0.24179146235506865 apogee=9.09750000000035 warnings=Messages[]
[JAVA] Calling Simulator
[JAVA] Simulator Init
[JAVA] Confirmed start of simulation.
[JAVA] Ended Simulation.                           
Simulation: returning from simulator, simulation took 0s
B02-rough-square-J570W altitude=851.7569804683718 velocity=130.639247711788 mach=0.38450079175204066 apogee=13.254999999999534 warnings=Messages[]
Looking for info.openrocket.core.file.openrocket.savers.RocketSaver
Looking for info.openrocket.core.file.openrocket.savers.AxialStageSaver
Looking for info.openrocket.core.file.openrocket.savers.NoseConeSaver
Looking for info.openrocket.core.file.openrocket.savers.BodyTubeSaver
Looking for info.openrocket.core.file.openrocket.savers.TrapezoidFinSetSaver
Looking for info.openrocket.core.file.openrocket.savers.ParachuteSaver
	warning:  two final data points at time=5.8; one is 0
	warning:  two final data points at time=5.23; one is 0
[JAVA] Calling Simulator
[JAVA] Simulator Init
[JAVA] Confirmed start of simulation.
[JAVA] Ended Simulation.                           
Simulation: returning from simulator, simulation took 0s
B02-rough-square-I500T-14A-dt005 altitude=369.69058574692366 velocity=82.24804232777038 mach=0.24179146235506865 apogee=9.09750000000035 warnings=Messages[]
[JAVA] Calling Simulator
[JAVA] Simulator Init
[JAVA] Confirmed start of simulation.
[JAVA] Ended Simulation.                           
Simulation: returning from simulator, simulation took 0s
B02-rough-square-J570W-dt005 altitude=851.7569804683718 velocity=130.639247711788 mach=0.38450079175204066 apogee=13.254999999999534 warnings=Messages[]
[JAVA] Calling Simulator
[JAVA] Simulator Init
[JAVA] Confirmed start of simulation.
[JAVA] Ended Simulation.                           
Simulation: returning from simulator, simulation took 0s
B03-smooth-bevel-I500T-14A altitude=380.3523938868802 velocity=82.56301925786333 mach=0.24271885313025662 apogee=9.257500000000318 warnings=Messages[]
[JAVA] Calling Simulator
[JAVA] Simulator Init
[JAVA] Confirmed start of simulation.
[JAVA] Ended Simulation.                           
Simulation: returning from simulator, simulation took 0s
B03-smooth-bevel-J570W altitude=910.9412531555644 velocity=132.2868919679881 mach=0.3893660713666443 apogee=13.817499999999422 warnings=Messages[]
Looking for info.openrocket.core.file.openrocket.savers.RocketSaver
Looking for info.openrocket.core.file.openrocket.savers.AxialStageSaver
Looking for info.openrocket.core.file.openrocket.savers.NoseConeSaver
Looking for info.openrocket.core.file.openrocket.savers.BodyTubeSaver
Looking for info.openrocket.core.file.openrocket.savers.TrapezoidFinSetSaver
Looking for info.openrocket.core.file.openrocket.savers.ParachuteSaver
	warning:  two final data points at time=5.8; one is 0
	warning:  two final data points at time=5.23; one is 0
[JAVA] Calling Simulator
[JAVA] Simulator Init
[JAVA] Confirmed start of simulation.
[JAVA] Ended Simulation.                           
Simulation: returning from simulator, simulation took 0s
B03-smooth-bevel-I500T-14A-dt005 altitude=380.3523938868802 velocity=82.56301925786333 mach=0.24271885313025662 apogee=9.257500000000318 warnings=Messages[]
[JAVA] Calling Simulator
[JAVA] Simulator Init
[JAVA] Confirmed start of simulation.
[JAVA] Ended Simulation.                           
Simulation: returning from simulator, simulation took 0s
B03-smooth-bevel-J570W-dt005 altitude=910.9412531555644 velocity=132.2868919679881 mach=0.3893660713666443 apogee=13.817499999999422 warnings=Messages[]
[JAVA] Calling Simulator
[JAVA] Simulator Init
[JAVA] Confirmed start of simulation.
[JAVA] Ended Simulation.                           
Simulation: returning from simulator, simulation took 0s
B04-slender-square-I500T-14A altitude=2027.397678429147 velocity=364.46516508425054 mach=1.0735399424962053 apogee=17.15999999999957 warnings=Messages[]
[JAVA] Calling Simulator
[JAVA] Simulator Init
[JAVA] Confirmed start of simulation.
[JAVA] Ended Simulation.                           
Simulation: returning from simulator, simulation took 0s
B04-slender-square-J570W altitude=2811.8102722731583 velocity=479.5932211152919 mach=1.416778891988896 apogee=19.027500000000536 warnings=Messages[Body calculations may not be entirely accurate at supersonic speeds.]
Looking for info.openrocket.core.file.openrocket.savers.RocketSaver
Looking for info.openrocket.core.file.openrocket.savers.AxialStageSaver
Looking for info.openrocket.core.file.openrocket.savers.NoseConeSaver
Looking for info.openrocket.core.file.openrocket.savers.BodyTubeSaver
Looking for info.openrocket.core.file.openrocket.savers.TrapezoidFinSetSaver
Looking for info.openrocket.core.file.openrocket.savers.ParachuteSaver
	warning:  two final data points at time=5.8; one is 0
	warning:  two final data points at time=5.23; one is 0
[JAVA] Calling Simulator
[JAVA] Simulator Init
[JAVA] Confirmed start of simulation.
[JAVA] Ended Simulation.                           
Simulation: returning from simulator, simulation took 0s
B04-slender-square-I500T-14A-dt005 altitude=2027.397678429147 velocity=364.46516508425054 mach=1.0735399424962053 apogee=17.15999999999957 warnings=Messages[]
[JAVA] Calling Simulator
[JAVA] Simulator Init
[JAVA] Confirmed start of simulation.
[JAVA] Ended Simulation.                           
Simulation: returning from simulator, simulation took 0s
B04-slender-square-J570W-dt005 altitude=2811.8102722731583 velocity=479.5932211152919 mach=1.416778891988896 apogee=19.027500000000536 warnings=Messages[Body calculations may not be entirely accurate at supersonic speeds.]
