[JAVA] Calling Simulator
[JAVA] Simulator Init
[JAVA] Confirmed start of simulation.
[JAVA] Ended Simulation.                           
Simulation: returning from simulator, simulation took 1s
B01-smooth-square-I500T-14A-actual-h00125 altitude=376.2626467357624 velocity=82.45063625471406 mach=0.24238817597592746 apogee=9.193750000000113 warnings=Messages[]
[JAVA] Calling Simulator
[JAVA] Simulator Init
[JAVA] Confirmed start of simulation.
[JAVA] Ended Simulation.                           
Simulation: returning from simulator, simulation took 0s
B01-smooth-square-J570W-actual-h00125 altitude=889.6371781954673 velocity=131.73105594789172 mach=0.38772498422836943 apogee=13.611250000002384 warnings=Messages[]
[JAVA] Calling Simulator
[JAVA] Simulator Init
[JAVA] Confirmed start of simulation.
[JAVA] Ended Simulation.                           
Simulation: returning from simulator, simulation took 0s
B02-rough-square-I500T-14A-actual-h00125 altitude=369.74872569730036 velocity=82.25467000435384 mach=0.2418110505188578 apogee=9.097500000000064 warnings=Messages[]
[JAVA] Calling Simulator
[JAVA] Simulator Init
[JAVA] Confirmed start of simulation.
[JAVA] Ended Simulation.                           
Simulation: returning from simulator, simulation took 0s
B02-rough-square-J570W-actual-h00125 altitude=851.7539463938683 velocity=130.63732051163763 mach=0.38449531118567076 apogee=13.253750000002201 warnings=Messages[]
[JAVA] Calling Simulator
[JAVA] Simulator Init
[JAVA] Confirmed start of simulation.
[JAVA] Ended Simulation.                           
Simulation: returning from simulator, simulation took 0s
B03-smooth-bevel-I500T-14A-actual-h00125 altitude=380.4143476491758 velocity=82.56993477981561 mach=0.24273941639103863 apogee=9.257500000000146 warnings=Messages[]
[JAVA] Calling Simulator
[JAVA] Simulator Init
[JAVA] Confirmed start of simulation.
[JAVA] Ended Simulation.                           
Simulation: returning from simulator, simulation took 0s
B03-smooth-bevel-J570W-actual-h00125 altitude=910.9378782662646 velocity=132.2854404501989 mach=0.38936199695162993 apogee=13.816250000002489 warnings=Messages[]
[JAVA] Calling Simulator
[JAVA] Simulator Init
[JAVA] Confirmed start of simulation.
[JAVA] Ended Simulation.                           
Simulation: returning from simulator, simulation took 0s
B04-slender-square-I500T-14A-actual-h00125 altitude=2027.7225241326705 velocity=364.48612085672784 mach=1.0736039868111042 apogee=17.16000000000254 warnings=Messages[]
[JAVA] Calling Simulator
[JAVA] Simulator Init
[JAVA] Confirmed start of simulation.
[JAVA] Ended Simulation.                           
Simulation: returning from simulator, simulation took 0s
B04-slender-square-J570W-actual-h00125 altitude=2812.0134058435838 velocity=479.5789771249304 mach=1.4167396608329 apogee=19.026250000000854 warnings=Messages[Body calculations may not be entirely accurate at supersonic speeds.]
