
 Ansys Mechanical Enterprise Academic Research     


 *------------------------------------------------------------------*
 |                                                                  |
 |   W E L C O M E   T O   T H E   A N S Y S (R)  P R O G R A M     |
 |                                                                  |
 *------------------------------------------------------------------*




 ***************************************************************
 *         ANSYS MAPDL 2026 R1.02       LEGAL NOTICES          *
 ***************************************************************
 *                                                             *
 * Copyright (c) 2026 Synopsys, Inc. and ANSYS, Inc.           *
 * All rights reserved.                                        *
 * Unauthorized use, distribution or duplication is            *
 * prohibited.                                                 *
 *                                                             *
 * Ansys is a registered trademark of Ansys, Inc. or its       *
 * subsidiaries in the United States or other countries.       *
 * See the Ansys, Inc. online documentation or the Ansys, Inc. *
 * documentation CD or online help for the complete Legal      *
 * Notice.                                                     *
 *                                                             *
 ***************************************************************
 *                                                             *
 * THIS ANSYS SOFTWARE PRODUCT AND PROGRAM DOCUMENTATION       *
 * INCLUDE TRADE SECRETS AND CONFIDENTIAL AND PROPRIETARY      *
 * PRODUCTS OF ANSYS, INC., ITS SUBSIDIARIES, OR LICENSORS.    *
 * The software products and documentation are furnished by    *
 * Ansys, Inc. or its subsidiaries under a software license    *
 * agreement that contains provisions concerning               *
 * non-disclosure, copying, length and nature of use,          *
 * compliance with exporting laws, warranties, disclaimers,    *
 * limitations of liability, and remedies, and other           *
 * provisions.  The software products and documentation may be *
 * used, disclosed, transferred, or copied only in accordance  *
 * with the terms and conditions of that software license      *
 * agreement.                                                  *
 *                                                             *
 * Ansys, Inc. is a UL registered                              *
 * ISO 9001:2015 company.                                      *
 *                                                             *
 ***************************************************************
 *                                                             *
 * This product is subject to U.S. laws governing export and   *
 * re-export.                                                  *
 *                                                             *
 * For U.S. Government users, except as specifically granted   *
 * by the Ansys, Inc. software license agreement, the use,     *
 * duplication, or disclosure by the United States Government  *
 * is subject to restrictions stated in the Ansys, Inc.        *
 * software license agreement and FAR 12.212 (for non-DOD      *
 * licenses).                                                  *
 *                                                             *
 ***************************************************************

 2026 R1.02  
     
 Point Releases and Patches installed:   
     
 Ansys Service Pack 2026 R1.01   
 Ansys Service Pack 2026 R1.02   
 Ansys, Inc. License Manager 2026 R1 
 Ansys, Inc. License Manager 2026 R1.01  
 Ansys, Inc. License Manager 2026 R1.02  
 Discovery (reduced install) 2026 R1 
 Discovery (reduced install) 2026 R1.01  
 Discovery (reduced install) 2026 R1.02  
 Core WB Files 2026 R1   
 Core WB Files 2026 R1.01
 Core WB Files 2026 R1.02
 BladeModeler 2026 R1
 BladeModeler 2026 R1.01 
 BladeModeler 2026 R1.02 
 CFX (includes CFD-Post) 2026 R1 
 CFX (includes CFD-Post) 2026 R1.01  
 CFX (includes CFD-Post) 2026 R1.02  
 CFD-Post only 2026 R1   
 CFD-Post only 2026 R1.01
 CFD-Post only 2026 R1.02
 Chemkin 2026 R1 
 Chemkin 2026 R1.01  
 Chemkin 2026 R1.02  
 EnSight 2026 R1 
 EnSight 2026 R1.01  
 EnSight 2026 R1.02  
 FENSAP-ICE 2026 R1  
 FENSAP-ICE 2026 R1.01   
 FENSAP-ICE 2026 R1.02   
 Fluent (includes CFD-Post) 2026 R1  
 Fluent (includes CFD-Post) 2026 R1.01   
 Fluent (includes CFD-Post) 2026 R1.02   
 Polyflow (includes CFD-Post) 2026 R1
 Polyflow (includes CFD-Post) 2026 R1.01 
 Polyflow (includes CFD-Post) 2026 R1.02 
 Forte (includes EnSight) 2026 R1
 Forte (includes EnSight) 2026 R1.01 
 Forte (includes EnSight) 2026 R1.02 
 ICEM CFD 2026 R1
 ICEM CFD 2026 R1.01 
 ICEM CFD 2026 R1.02 
 RBF Morph Fluids UDF 2026 R1
 RBF Morph Fluids UDF 2026 R1.01 
 RBF Morph Fluids UDF 2026 R1.02 
 RBF Morph Libraries 2026 R1 
 RBF Morph Libraries 2026 R1.01  
 RBF Morph Libraries 2026 R1.02  
 Rocky 2026 R1   
 Rocky 2026 R1.01
 Rocky 2026 R1.02
 Thermal Desktop: AutoCAD 2026 R1
 Thermal Desktop: AutoCAD 2026 R1.01 
 Thermal Desktop: AutoCAD 2026 R1.02 
 Thermal Desktop: Thermal Desktop and TD Designer  2026 R1   
 Thermal Desktop: Thermal Desktop and TD Designer  2026 R1.01
 Thermal Desktop: Thermal Desktop and TD Designer  2026 R1.02
 Thermal Desktop: Sinda Solver 2026 R1   
 Thermal Desktop: Sinda Solver 2026 R1.01
 Thermal Desktop: Sinda Solver 2026 R1.02
 TurboGrid 2026 R1   
 TurboGrid 2026 R1.01
 TurboGrid 2026 R1.02
 Granta EduPack 2026 R1  
 Granta EduPack 2026 R1.01   
 Granta EduPack 2026 R1.02   
 Granta Selector 2026 R1 
 Granta Selector 2026 R1.01  
 Granta Selector 2026 R1.02  
 Dynamic Reporting 2026 R1   
 Dynamic Reporting 2026 R1.01
 Dynamic Reporting 2026 R1.02
 Remote Solve Manager Standalone Services 2026 R1
 Remote Solve Manager Standalone Services 2026 R1.01 
 Remote Solve Manager Standalone Services 2026 R1.02 
 Aqwa 2026 R1
 Aqwa 2026 R1.01 
 Aqwa 2026 R1.02 
 Autodyn 2026 R1 
 Autodyn 2026 R1.01  
 Autodyn 2026 R1.02  
 Customization Files for User Programmable Features 2026 R1  
 Customization Files for User Programmable Features 2026 R1.01   
 Customization Files for User Programmable Features 2026 R1.02   
 LS-DYNA 2026 R1 
 LS-DYNA 2026 R1.01  
 LS-DYNA 2026 R1.02  
 Material Calibration App 2026 R1
 Material Calibration App 2026 R1.01 
 Material Calibration App 2026 R1.02 
 Material Designer 2026 R1   
 Material Designer 2026 R1.01
 Material Designer 2026 R1.02
 Mechanical Products 2026 R1 
 Mechanical Products 2026 R1.01  
 Mechanical Products 2026 R1.02  
 Motion 2026 R1  
 Motion 2026 R1.01   
 Motion 2026 R1.02   
 RBF Morph 2026 R1   
 RBF Morph 2026 R1.01
 RBF Morph 2026 R1.02
 Sherlock 2026 R1
 Sherlock 2026 R1.01 
 Sherlock 2026 R1.02 
 Sound - SAS 2026 R1 
 Sound - SAS 2026 R1.01  
 Sound - SAS 2026 R1.02  
 ACIS Geometry Interface 2026 R1 
 ACIS Geometry Interface 2026 R1.01  
 ACIS Geometry Interface 2026 R1.02  
 AutoCAD Geometry Interface 2026 R1  
 AutoCAD Geometry Interface 2026 R1.01   
 AutoCAD Geometry Interface 2026 R1.02   
 Catia, Version 4 Geometry Interface 2026 R1 
 Catia, Version 4 Geometry Interface 2026 R1.01  
 Catia, Version 4 Geometry Interface 2026 R1.02  
 Catia, Version 5 Geometry Interface 2026 R1 
 Catia, Version 5 Geometry Interface 2026 R1.01  
 Catia, Version 5 Geometry Interface 2026 R1.02  
 Catia, Version 6 Geometry Interface 2026 R1 
 Catia, Version 6 Geometry Interface 2026 R1.01  
 Catia, Version 6 Geometry Interface 2026 R1.02  
 Creo Elements/Direct Modeling Geometry Interface 2026 R1
 Creo Elements/Direct Modeling Geometry Interface 2026 R1.01 
 Creo Elements/Direct Modeling Geometry Interface 2026 R1.02 
 Creo Parametric Geometry Interface 2026 R1  
 Creo Parametric Geometry Interface 2026 R1.01   
 Creo Parametric Geometry Interface 2026 R1.02   
 Inventor Geometry Interface 2026 R1 
 Inventor Geometry Interface 2026 R1.01  
 Inventor Geometry Interface 2026 R1.02  
 JTOpen Geometry Interface 2026 R1   
 JTOpen Geometry Interface 2026 R1.01
 JTOpen Geometry Interface 2026 R1.02
 NX Geometry Interface 2026 R1   
 NX Geometry Interface 2026 R1.01
 NX Geometry Interface 2026 R1.02
 Parasolid Geometry Interface  2026 R1   
 Parasolid Geometry Interface  2026 R1.01
 Parasolid Geometry Interface  2026 R1.02
 Solid Edge Geometry Interface 2026 R1   
 Solid Edge Geometry Interface 2026 R1.01
 Solid Edge Geometry Interface 2026 R1.02
 SOLIDWORKS Geometry Interface 2026 R1   
 SOLIDWORKS Geometry Interface 2026 R1.01
 SOLIDWORKS Geometry Interface 2026 R1.02


          *****  MAPDL COMMAND LINE ARGUMENTS  *****
  INITIAL JOBNAME              = diag                                                                                                                                                                                                                                                    
  BATCH MODE REQUESTED (-b)    = NOLIST
  INPUT FILE COPY MODE (-c)    = COPY
  SHARED MEMORY PARALLEL REQUESTED
    SINGLE PROCESS WITH SINGLE THREAD REQUESTED
    TOTAL OF     1 CORES REQUESTED
  INPUT FILE NAME              = C:\Temp\PBTear26_coupon_nominal_v4\diagnostic.dat
  OUTPUT FILE NAME             = C:\Temp\PBTear26_coupon_nominal_v4\diagnostic.out
  START-UP FILE MODE           = NOREAD
  STOP FILE MODE               = NOREAD

 RELEASE= 2026 R1.02           BUILD= 26.1      UP20260202   VERSION=WINDOWS x64 
 CURRENT JOBNAME=diag  17:45:11  OCT 05, 2026  Elapsed Time=       0.078


 RESUME ANSYS DATA FROM FILE NAME=model.db                                                                                                                                                                                                                                                            

 *** MAPDL GLOBAL STATUS *** 

 TITLE =                                                                       
         1 ELEM TYPES DEFINED    MAX ELEM TYPE NUMBER =             1
         1 ELEMENTS DEFINED      MAX ELEMENT NUMBER =               1
         4 NODES DEFINED         MAX NODE NUMBER =                  4
         1 MATERIALS DEFINED     MAX MATERIAL NUMBER =              1
         0 REAL CONSTS DEFINED   MAX REAL CONST NUMBER =            0
         1 SECTIONS DEFINED      MAX SECTION NUMBER =               1
         0 COORD SYS DEFINED     MAX COORD SYS NUMBER =             0
 
 ACTIVE COORDINATE SYSTEM             =          0  (CARTESIAN)
 NUMBER OF DEFINED NODAL CONSTRAINTS  =         20
 NUMBER OF DEFINED NODAL LOADS        =          0
 NUMBER OF DEFINED ELEM SURFACE LOADS =          0
 NUMBER OF DEFINED ELEM BODY LOADS    =          0
 NUMBER OF DEFINED NODE BODY FORCES   =          0

 INITIAL JOBNAME = diag
 CURRENT JOBNAME = diag

 *** MAPDL - ENGINEERING ANALYSIS SYSTEM  RELEASE 2026 R1.02       26.1     ***
 Ansys Mechanical Enterprise Academic Research     
 01196637  VERSION=WINDOWS x64   17:45:12  OCT 05, 2026 Elapsed Time=      5.760

                                                                               



          ***** MAPDL RESULTS INTERPRETATION (POST1) *****

 *** NOTE ***                            ELAPSED TIME =       5.760   TIME= 17:45:12
 Reading results into the database (SET command) will update the current 
 displacement and force boundary conditions in the database with the     
 values from the results file for that load set.  Note that any          
 subsequent solutions will use these values unless action is taken to    
 either SAVE the current values or not overwrite them (/EXIT,NOSAVE).    

 DATA FILE CHANGED TO FILE= tear.rst


  *****  INDEX OF DATA SETS ON RESULTS FILE  *****

     SET   TIME/FREQ    LOAD STEP   SUBSTEP  CUMULATIVE
       1 0.50000000E-02         1         1         3                  
       2 0.10000000E-01         1         2         4                  
       3 0.17500000E-01         1         3         6                  
       4 0.27500000E-01         1         4         8                  
       5 0.37500000E-01         1         5        10                  
       6 0.47500000E-01         1         6        12                  
       7 0.57500000E-01         1         7        14                  
       8 0.67500000E-01         1         8        16                  
       9 0.77500000E-01         1         9        18                  
      10 0.87500000E-01         1        10        20                  
      11 0.97500000E-01         1        11        22                  
      12 0.10750000             1        12        24                  
      13 0.11750000             1        13        26                  
      14 0.12750000             1        14        28                  
      15 0.13750000             1        15        30                  
      16 0.14750000             1        16        32                  
      17 0.15750000             1        17        34                  
      18 0.16750000             1        18        36                  
      19 0.17750000             1        19        38                  
      20 0.18750000             1        20        40                  
      21 0.19750000             1        21        42                  
      22 0.20750000             1        22        44                  
      23 0.21750000             1        23        46                  
      24 0.22750000             1        24        48                  
      25 0.23750000             1        25        50                  
      26 0.24750000             1        26        52                  
      27 0.25750000             1        27        54                  
      28 0.26750000             1        28        56                  
      29 0.27750000             1        29        58                  
      30 0.28750000             1        30        60                  
      31 0.29750000             1        31        62                  
      32 0.30750000             1        32        64                  
      33 0.31750000             1        33        66                  
      34 0.32750000             1        34        68                  
      35 0.33750000             1        35        70                  
      36 0.34750000             1        36        72                  
      37 0.35750000             1        37        74                  
      38 0.36750000             1        38        76                  
      39 0.37100000             1        39        78                  
      40 0.37450000             1        40        80                  
      41 0.37975000             1        41        82                  
      42 0.38250625             1        42        84                  
      43 0.38526250             1        43        86                  
      44 0.38939688             1        44        88                  
      45 0.39559844             1        45        90                  
      46 0.39885426             1        46        92                  
      47 0.40211008             1        47        94                  
      48 0.40699381             1        48        96                  
      49 0.40955777             1        49        98                  
      50 0.41212173             1        50       100                  
      51 0.41596766             1        51       102                  
      52 0.42173657             1        52       104                  
      53 0.42476525             1        53       106                  
      54 0.42779392             1        54       108                  
      55 0.43233694             1        55       110                  
      56 0.43472202             1        56       112                  
      57 0.43710710             1        57       114                  
      58 0.44068472             1        58       116                  
      59 0.44256298             1        59       118                  
      60 0.44444123             1        60       120                  
      61 0.44725861             1        61       122                  
      62 0.45148467             1        62       124                  
      63 0.45370336             1        63       126                  
      64 0.45592205             1        64       128                  
      65 0.45925007             1        65       130                  
      66 0.46099729             1        66       132                  
      67 0.46274450             1        67       134                  
      68 0.46536533             1        68       136                  
      69 0.46929656             1        69       138                  
      70 0.47136046             1        70       140                  
      71 0.47342436             1        71       142                  
      72 0.47652020             1        72       144                  
      73 0.47814552             1        73       146                  
      74 0.47977084             1        74       148                  
      75 0.48220882             1        75       150                  
      76 0.48586579             1        76       152                  
      77 0.48778570             1        77       154                  
      78 0.48970560             1        78       156                  
      79 0.49258547             1        79       158                  
      80 0.49409740             1        80       160                  
      81 0.49560932             1        81       162                  
      82 0.49787722             1        82       164                  
      83 0.50127905             1        83       166                  
      84 0.50306502             1        84       168                  
      85 0.50485098             1        85       170                  
      86 0.50752993             1        86       172                  
      87 0.50893638             1        87       174                  
      88 0.51034282             1        88       176                  
      89 0.51245250             1        89       178                  
      90 0.51561700             1        90       180                  
      91 0.51727837             1        91       182                  
      92 0.51893973             1        92       184                  
      93 0.52143178             1        93       186                  
      94 0.52274011             1        94       188                  
      95 0.52404843             1        95       190                  
      96 0.52601092             1        96       192                  
      97 0.52895466             1        97       194                  
      98 0.53050012             1        98       196                  
      99 0.53204557             1        99       198                  
     100 0.53436376             1       100       200                  
     101 0.53558081             1       101       202                  
     102 0.53679786             1       102       204                  
     103 0.53862344             1       103       206                  
     104 0.54136180             1       104       208                  
     105 0.54279944             1       105       210                  
     106 0.54423708             1       106       212                  
     107 0.54639354             1       107       214                  
     108 0.54752568             1       108       216                  
     109 0.54865782             1       109       218                  
     110 0.55035603             1       110       220                  
     111 0.55290335             1       111       222                  
     112 0.55424069             1       112       224                  
     113 0.55557803             1       113       226                  
     114 0.55758405             1       114       228                  
     115 0.55863720             1       115       230                  
     116 0.55969036             1       116       232                  
     117 0.56127010             1       117       234                  
     118 0.56363970             1       118       236                  
     119 0.56488374             1       119       238                  
     120 0.56612778             1       120       240                  
     121 0.56799384             1       121       242                  
     122 0.56897353             1       122       244                  
     123 0.56995321             1       123       246                  
     124 0.57142273             1       124       248                  
     125 0.57362702             1       125       250                  
     126 0.57478427             1       126       252                  
     127 0.57594152             1       127       254                  
     128 0.57767739             1       128       256                  
     129 0.57858873             1       129       258                  
     130 0.57950006             1       130       260                  
     131 0.58086706             1       131       262                  
     132 0.58136706             1       132       264                  
     133 0.58186706             1       133       266                  
     134 0.58261706             1       134       268                  
     135 0.58374206             1       135       270                  
     136 0.58542956             1       136       272                  
     137 0.58631550             1       137       274                  
     138 0.58720144             1       138       276                  
     139 0.58853034             1       139       278                  
     140 0.58903034             1       140       280                  
     141 0.58953034             1       141       282                  
     142 0.59028034             1       142       284                  
     143 0.59140534             1       143       286                  
     144 0.59309284             1       144       288                  
     145 0.59397878             1       145       290                  
     146 0.59486472             1       146       292                  
     147 0.59619363             1       147       294                  
     148 0.59669363             1       148       296                  
     149 0.59719363             1       149       298                  
     150 0.59794363             1       150       300                  
     151 0.59906863             1       151       302                  
     152 0.59956863             1       152       304                  
     153 0.60006863             1       153       306                  
     154 0.60081863             1       154       308                  
     155 0.60194363             1       155       310                  
     156 0.60244363             1       156       312                  
     157 0.60294363             1       157       314                  
     158 0.60369363             1       158       316                  
     159 0.60481863             1       159       318                  
     160 0.60531863             1       160       320                  
     161 0.60581863             1       161       322                  
     162 0.60656863             1       162       324                  
     163 0.60769363             1       163       326                  
     164 0.60819363             1       164       328                  
     165 0.60869363             1       165       330                  
     166 0.60944363             1       166       332                  
     167 0.61056863             1       167       334                  
     168 0.61106863             1       168       336                  
     169 0.61156863             1       169       338                  
     170 0.61231863             1       170       340                  
     171 0.61344363             1       171       342                  
     172 0.61394363             1       172       344                  
     173 0.61444363             1       173       346                  
     174 0.61519363             1       174       348                  
     175 0.61631863             1       175       349                  
     176 0.61681863             1       176       351                  
     177 0.61731863             1       177       353                  
     178 0.61806863             1       178       355                  
     179 0.61919363             1       179       356                  
     180 0.61969363             1       180       358                  
     181 0.62019363             1       181       360                  
     182 0.62094363             1       182       361                  
     183 0.62206863             1       183       362                  
     184 0.62256863             1       184       364                  
     185 0.62306863             1       185       365                  
     186 0.62381863             1       186       366                  
     187 0.62431863             1       187       368                  
     188 0.62481863             1       188       369                  
     189 0.62556863             1       189       370                  
     190 0.62606863             1       190       372                  
     191 0.62656863             1       191       373                  
     192 0.62731863             1       192       374                  
     193 0.62781863             1       193       375                  
     194 0.62831863             1       194       376                  
     195 0.62906863             1       195       377                  
     196 0.62956863             1       196       378                  
     197 0.63006863             1       197       379                  
     198 0.63081863             1       198       380                  
     199 0.63131863             1       199       381                  
     200 0.63181863             1       200       382                  
     201 0.63256863             1       201       383                  
     202 0.63306863             1       202       384                  
     203 0.63356863             1       203       385                  
     204 0.63431863             1       204       386                  
     205 0.63481863             1       205       387                  
     206 0.63531863             1       206       388                  
     207 0.63606863             1       207       389                  
     208 0.63656863             1       208       390                  
     209 0.63706863             1       209       391                  
     210 0.63781863             1       210       392                  
     211 0.63831863             1       211       393                  
     212 0.63881863             1       212       394                  
     213 0.63931863             1       213       395                  
     214 0.63981863             1       214       396                  
     215 0.64031863             1       215       397                  
     216 0.64081863             1       216       398                  
     217 0.64131863             1       217       399                  
     218 0.64181863             1       218       400                  
     219 0.64231863             1       219       401                  
     220 0.64281863             1       220       402                  
     221 0.64331863             1       221       403                  
     222 0.64381863             1       222       404                  
     223 0.64431863             1       223       405                  
     224 0.64481863             1       224       406                  
     225 0.64531863             1       225       407                  
     226 0.64581863             1       226       408                  
     227 0.64631863             1       227       409                  
     228 0.64681863             1       228       410                  
     229 0.64731863             1       229       411                  
     230 0.64781863             1       230       412                  
     231 0.64831863             1       231       413                  
     232 0.64881863             1       232       414                  
     233 0.64931863             1       233       415                  
     234 0.64981863             1       234       416                  
     235  1.0000000             1    999999       417                  


 USE LAST SUBSTEP ON RESULT FILE  FOR LOAD CASE 0 

 SET COMMAND GOT LOAD STEP=     1  SUBSTEP=999999  CUMULATIVE ITERATION=   417
   TIME/FREQUENCY=  1.0000    
 TITLE=                                                                         

 *GET  NSET      FROM  ACTI  ITEM=SET  NSET  VALUE=  235.000000    

 EXIT THE MAPDL POST1 DATABASE PROCESSOR


 ***** ROUTINE COMPLETED *****  ELAPSED TIME =         5.941



 EXIT MAPDL WITHOUT SAVING DATABASE


 NUMBER OF WARNING MESSAGES ENCOUNTERED=          0
 NUMBER OF ERROR   MESSAGES ENCOUNTERED=          0
