/COM,ANSYS RELEASE 2026 R1.02        BUILD 26.1      UP20260202       17:43:22

 *** WARNING ***                         ELAPSED TIME =       6.124   TIME= 17:43:24
 A reference moment value times the tolerance is used by the             
 Newton-Raphson method for checking convergence.  The calculated         
 reference MOMENT CONVERGENCE VALUE = 2.827640979E-16 is less than a     
 threshold.  This threshold is internally calculated.  You can           
 overwrite it by specifying MINREF on the CNVTOL command.  Check         
 results carefully.                                                      

 *** ERROR ***                           ELAPSED TIME =       6.549   TIME= 17:43:25
 Element 1 has excessive thickness change.                               

 *** ERROR ***                           ELAPSED TIME =       6.583   TIME= 17:43:25
 Element 1 has excessive thickness change.                               

 *** ERROR ***                           ELAPSED TIME =       6.630   TIME= 17:43:25
 Element 1 has excessive thickness change.                               

 *** ERROR ***                           ELAPSED TIME =       6.660   TIME= 17:43:25
 Element 1 has excessive thickness change.                               

 *** ERROR ***                           ELAPSED TIME =       6.702   TIME= 17:43:25
 Element 1 has excessive thickness change.                               

 *** ERROR ***                           ELAPSED TIME =       6.734   TIME= 17:43:25
 Element 1 has excessive thickness change.                               

 *** ERROR ***                           ELAPSED TIME =       6.766   TIME= 17:43:25
 Element 1 has excessive thickness change.                               

 *** ERROR ***                           ELAPSED TIME =       6.806   TIME= 17:43:25
 Element 1 has excessive thickness change.                               

 *** ERROR ***                           ELAPSED TIME =       6.836   TIME= 17:43:25
 Element 1 has excessive thickness change.                               

 *** ERROR ***                           ELAPSED TIME =       6.876   TIME= 17:43:25
 Element 1 has excessive thickness change.                               

 *** ERROR ***                           ELAPSED TIME =       6.906   TIME= 17:43:25
 Element 1 has excessive thickness change.                               

 *** ERROR ***                           ELAPSED TIME =       6.946   TIME= 17:43:25
 Element 1 has excessive thickness change.                               

 *** ERROR ***                           ELAPSED TIME =       6.976   TIME= 17:43:25
 Element 1 has excessive thickness change.                               

 *** ERROR ***                           ELAPSED TIME =       7.014   TIME= 17:43:25
 Element 1 has excessive thickness change.                               

 *** ERROR ***                           ELAPSED TIME =       7.046   TIME= 17:43:25
 Element 1 has excessive thickness change.                               

 *** ERROR ***                           ELAPSED TIME =       7.086   TIME= 17:43:25
 Element 1 has excessive thickness change.                               

 *** ERROR ***                           ELAPSED TIME =       7.116   TIME= 17:43:25
 Element 1 has excessive thickness change.                               

 *** ERROR ***                           ELAPSED TIME =       7.159   TIME= 17:43:25
 Element 1 has excessive thickness change.                               

 *** ERROR ***                           ELAPSED TIME =       7.190   TIME= 17:43:25
 Element 1 has excessive thickness change.                               

 *** ERROR ***                           ELAPSED TIME =       7.234   TIME= 17:43:25
 Element 1 has excessive thickness change.                               

 *** ERROR ***                           ELAPSED TIME =       7.264   TIME= 17:43:25
 Element 1 has excessive thickness change.                               

 *** ERROR ***                           ELAPSED TIME =       7.308   TIME= 17:43:25
 Element 1 has excessive thickness change.                               

 *** ERROR ***                           ELAPSED TIME =       7.336   TIME= 17:43:25
 Element 1 has excessive thickness change.                               

 *** ERROR ***                           ELAPSED TIME =       7.374   TIME= 17:43:25
 Element 1 has excessive thickness change.                               

 *** ERROR ***                           ELAPSED TIME =       7.406   TIME= 17:43:25
 Element 1 has excessive thickness change.                               

 *** ERROR ***                           ELAPSED TIME =       7.442   TIME= 17:43:26
 Element 1 has excessive thickness change.                               

 *** ERROR ***                           ELAPSED TIME =       7.472   TIME= 17:43:26
 Element 1 has excessive thickness change.                               

 *** ERROR ***                           ELAPSED TIME =       7.503   TIME= 17:43:26
 Element 1 has excessive thickness change.                               

 *** ERROR ***                           ELAPSED TIME =       7.554   TIME= 17:43:26
 Element 1 has excessive thickness change.                               

 *** ERROR ***                           ELAPSED TIME =       7.585   TIME= 17:43:26
 Element 1 has excessive thickness change.                               

 *** ERROR ***                           ELAPSED TIME =       7.641   TIME= 17:43:26
 Element 1 has excessive thickness change.                               

 *** ERROR ***                           ELAPSED TIME =       7.672   TIME= 17:43:26
 Element 1 has excessive thickness change.                               

 *** ERROR ***                           ELAPSED TIME =       7.711   TIME= 17:43:26
 Element 1 has excessive thickness change.                               

 *** ERROR ***                           ELAPSED TIME =       7.756   TIME= 17:43:26
 Element 1 has excessive thickness change.                               

 *** ERROR ***                           ELAPSED TIME =       7.795   TIME= 17:43:26
 Element 1 has excessive thickness change.                               

 *** ERROR ***                           ELAPSED TIME =       7.835   TIME= 17:43:26
 Element 1 has excessive thickness change.                               

 *** ERROR ***                           ELAPSED TIME =       7.875   TIME= 17:43:26
 Element 1 has excessive thickness change.                               

 *** ERROR ***                           ELAPSED TIME =       7.915   TIME= 17:43:26
 Element 1 has excessive thickness change.                               

 *** ERROR ***                           ELAPSED TIME =       7.949   TIME= 17:43:26
 Element 1 has excessive thickness change.                               

 *** ERROR ***                           ELAPSED TIME =       7.983   TIME= 17:43:26
 Element 1 has excessive thickness change.                               

 *** ERROR ***                           ELAPSED TIME =       8.013   TIME= 17:43:26
 Element 1 has excessive thickness change.                               

 *** ERROR ***                           ELAPSED TIME =       8.034   TIME= 17:43:26
 Element 1 has excessive thickness change.                               

 *** ERROR ***                           ELAPSED TIME =       8.061   TIME= 17:43:26
 Element 1 has excessive thickness change.                               

 *** ERROR ***                           ELAPSED TIME =       8.081   TIME= 17:43:26
 Element 1 has excessive thickness change.                               

 *** ERROR ***                           ELAPSED TIME =       8.096   TIME= 17:43:26
 Element 1 has excessive thickness change.                               

 *** ERROR ***                           ELAPSED TIME =       8.115   TIME= 17:43:26
 Element 1 has excessive thickness change.                               

 *** ERROR ***                           ELAPSED TIME =       8.130   TIME= 17:43:26
 Element 1 has excessive thickness change.                               

 *** ERROR ***                           ELAPSED TIME =       8.144   TIME= 17:43:26
 Element 1 has excessive thickness change.                               

 *** ERROR ***                           ELAPSED TIME =       8.159   TIME= 17:43:26
 Element 1 has excessive thickness change.                               

 *** ERROR ***                           ELAPSED TIME =       8.174   TIME= 17:43:26
 Element 1 has excessive thickness change.                               

 *** ERROR ***                           ELAPSED TIME =       8.183   TIME= 17:43:26
 Element 1 has excessive thickness change.                               

 *** ERROR ***                           ELAPSED TIME =       8.193   TIME= 17:43:26
 Element 1 has excessive thickness change.                               

 *** ERROR ***                           ELAPSED TIME =       8.201   TIME= 17:43:26
 Element 1 has excessive thickness change.                               

 *** ERROR ***                           ELAPSED TIME =       8.210   TIME= 17:43:26
 Element 1 has excessive thickness change.                               

 *** ERROR ***                           ELAPSED TIME =       8.219   TIME= 17:43:26
 Element 1 has excessive thickness change.                               

 *** ERROR ***                           ELAPSED TIME =       8.228   TIME= 17:43:26
 Element 1 has excessive thickness change.                               

 *** ERROR ***                           ELAPSED TIME =       8.237   TIME= 17:43:26
 Element 1 has excessive thickness change.                               

 *** ERROR ***                           ELAPSED TIME =       8.246   TIME= 17:43:26
 Element 1 has excessive thickness change.                               

 *** ERROR ***                           ELAPSED TIME =       8.255   TIME= 17:43:26
 Element 1 has excessive thickness change.                               

 *** ERROR ***                           ELAPSED TIME =       8.264   TIME= 17:43:26
 Element 1 has excessive thickness change.                               

 *** ERROR ***                           ELAPSED TIME =       8.272   TIME= 17:43:26
 Element 1 has excessive thickness change.                               

 *** ERROR ***                           ELAPSED TIME =       8.280   TIME= 17:43:26
 Element 1 has excessive thickness change.                               

 *** ERROR ***                           ELAPSED TIME =       8.280   TIME= 17:43:26
 Element 1 has excessive thickness change.                               

 *** WARNING ***                         ELAPSED TIME =       8.280   TIME= 17:43:26
 The unconverged solution (identified as time 1 substep 999999) is       
 output for analysis debug purposes.  Results should not be used for     
 any other purpose.                                                      
