STRESS 20 34.3763885498
STRESS 40 62.2789154053
STRESS 60 90.6160507202
STRESS 80 116.904594421
STRESS 100 143.234100342
STRESS 120 168.202880859
STRESS 140 195.891662598
STRESS 160 222.456695557
STRESS 180 250.734054565
STRESS 200 278.275703430
ERROR LICENSING MESSAGE occured of type "ANSYS LICENSE MANAGER ERROR" with message "Licensed number of users already reached.
Feature:       preppost
License path:  1055@MARCDNICHITBF25;
FlexNet Licensing error:-4,132
"
STRESS 220 306.855003357
ERROR LICENSING MESSAGE occured of type "ANSYS LICENSE MANAGER ERROR" with message "Licensed number of users already reached.
Feature:       preppost
License path:  1055@MARCDNICHITBF25;
FlexNet Licensing error:-4,132
"
ERROR LICENSING MESSAGE occured of type "ANSYS LICENSE MANAGER ERROR" with message "Licensed number of users already reached.
Feature:       preppost
License path:  1055@MARCDNICHITBF25;
FlexNet Licensing error:-4,132
"
ERROR LICENSING MESSAGE occured of type "ANSYS LICENSE MANAGER ERROR" with message "Licensed number of users already reached.
Feature:       preppost
License path:  1055@MARCDNICHITBF25;
FlexNet Licensing error:-4,132
"
ERROR LICENSING MESSAGE occured of type "ANSYS LICENSE MANAGER ERROR" with message "Licensed number of users already reached.
Feature:       preppost
License path:  1055@MARCDNICHITBF25;
FlexNet Licensing error:-4,132
"
ERROR LICENSING MESSAGE occured of type "ANSYS LICENSE MANAGER ERROR" with message "Licensed number of users already reached.
Feature:       preppost
License path:  1055@MARCDNICHITBF25;
FlexNet Licensing error:-4,132
"
ERROR LICENSING MESSAGE occured of type "ANSYS LICENSE MANAGER ERROR" with message "Licensed number of users already reached.
Feature:       preppost
License path:  1055@MARCDNICHITBF25;
FlexNet Licensing error:-4,132
"
ERROR LICENSING MESSAGE occured of type "ANSYS LICENSE MANAGER ERROR" with message "Licensed number of users already reached.
Feature:       preppost
License path:  1055@MARCDNICHITBF25;
FlexNet Licensing error:-4,132
"
ERROR LICENSING MESSAGE occured of type "ANSYS LICENSE MANAGER ERROR" with message "Licensed number of users already reached.
Feature:       preppost
License path:  1055@MARCDNICHITBF25;
FlexNet Licensing error:-4,132
"
ERROR LICENSING MESSAGE occured of type "ANSYS LICENSE MANAGER ERROR" with message "Licensed number of users already reached.
Feature:       preppost
License path:  1055@MARCDNICHITBF25;
FlexNet Licensing error:-4,132
"
ERROR LICENSING MESSAGE occured of type "ANSYS LICENSE MANAGER ERROR" with message "Licensed number of users already reached.
Feature:       preppost
License path:  1055@MARCDNICHITBF25;
FlexNet Licensing error:-4,132
"
ERROR LICENSING MESSAGE occured of type "ANSYS LICENSE MANAGER ERROR" with message "Licensed number of users already reached.
Feature:       preppost
License path:  1055@MARCDNICHITBF25;
FlexNet Licensing error:-4,132
"
ERROR LICENSING MESSAGE occured of type "ANSYS LICENSE MANAGER ERROR" with message "Licensed number of users already reached.
Feature:       preppost
License path:  1055@MARCDNICHITBF25;
FlexNet Licensing error:-4,132
"
ERROR LICENSING MESSAGE occured of type "ANSYS LICENSE MANAGER ERROR" with message "Licensed number of users already reached.
Feature:       preppost
License path:  1055@MARCDNICHITBF25;
FlexNet Licensing error:-4,132
"
ERROR LICENSING MESSAGE occured of type "ANSYS LICENSE MANAGER ERROR" with message "Licensed number of users already reached.
Feature:       preppost
License path:  1055@MARCDNICHITBF25;
FlexNet Licensing error:-4,132
"
ERROR LICENSING MESSAGE occured of type "ANSYS LICENSE MANAGER ERROR" with message "Licensed number of users already reached.
Feature:       preppost
License path:  1055@MARCDNICHITBF25;
FlexNet Licensing error:-4,132
"
ERROR LICENSING MESSAGE occured of type "ANSYS LICENSE MANAGER ERROR" with message "Licensed number of users already reached.
Feature:       preppost
License path:  1055@MARCDNICHITBF25;
FlexNet Licensing error:-4,132
"
ERROR LICENSING MESSAGE occured of type "ANSYS LICENSE MANAGER ERROR" with message "Licensed number of users already reached.
Feature:       preppost
License path:  1055@MARCDNICHITBF25;
FlexNet Licensing error:-4,132
"
ERROR LICENSING MESSAGE occured of type "ANSYS LICENSE MANAGER ERROR" with message "Licensed number of users already reached.
Feature:       preppost
License path:  1055@MARCDNICHITBF25;
FlexNet Licensing error:-4,132
"
ERROR LICENSING MESSAGE occured of type "ANSYS LICENSE MANAGER ERROR" with message "Licensed number of users already reached.
Feature:       preppost
License path:  1055@MARCDNICHITBF25;
FlexNet Licensing error:-4,132
"
ERROR LICENSING MESSAGE occured of type "ANSYS LICENSE MANAGER ERROR" with message "Licensed number of users already reached.
Feature:       preppost
License path:  1055@MARCDNICHITBF25;
FlexNet Licensing error:-4,132
"
STRESS 240 346.792541504
ERROR LICENSING MESSAGE occured of type "ANSYS LICENSE MANAGER ERROR" with message "Licensed number of users already reached.
Feature:       preppost
License path:  1055@MARCDNICHITBF25;
FlexNet Licensing error:-4,132
"
ERROR LICENSING MESSAGE occured of type "ANSYS LICENSE MANAGER ERROR" with message "Licensed number of users already reached.
Feature:       preppost
License path:  1055@MARCDNICHITBF25;
FlexNet Licensing error:-4,132
"
ERROR LICENSING MESSAGE occured of type "ANSYS LICENSE MANAGER ERROR" with message "Licensed number of users already reached.
Feature:       preppost
License path:  1055@MARCDNICHITBF25;
FlexNet Licensing error:-4,132
"
ERROR LICENSING MESSAGE occured of type "ANSYS LICENSE MANAGER ERROR" with message "Licensed number of users already reached.
Feature:       preppost
License path:  1055@MARCDNICHITBF25;
FlexNet Licensing error:-4,132
"
ERROR LICENSING MESSAGE occured of type "ANSYS LICENSE MANAGER ERROR" with message "Licensed number of users already reached.
Feature:       preppost
License path:  1055@MARCDNICHITBF25;
FlexNet Licensing error:-4,132
"
ERROR LICENSING MESSAGE occured of type "ANSYS LICENSE MANAGER ERROR" with message "Licensed number of users already reached.
Feature:       preppost
License path:  1055@MARCDNICHITBF25;
FlexNet Licensing error:-4,132
"
ERROR LICENSING MESSAGE occured of type "ANSYS LICENSE MANAGER ERROR" with message "Licensed number of users already reached.
Feature:       preppost
License path:  1055@MARCDNICHITBF25;
FlexNet Licensing error:-4,132
"
ERROR LICENSING MESSAGE occured of type "ANSYS LICENSE MANAGER ERROR" with message "Licensed number of users already reached.
Feature:       preppost
License path:  1055@MARCDNICHITBF25;
FlexNet Licensing error:-4,132
"
ERROR LICENSING MESSAGE occured of type "ANSYS LICENSE MANAGER ERROR" with message "Licensed number of users already reached.
Feature:       preppost
License path:  1055@MARCDNICHITBF25;
FlexNet Licensing error:-4,132
"
ERROR LICENSING MESSAGE occured of type "ANSYS LICENSE MANAGER ERROR" with message "Licensed number of users already reached.
Feature:       preppost
License path:  1055@MARCDNICHITBF25;
FlexNet Licensing error:-4,132
"
ERROR LICENSING MESSAGE occured of type "ANSYS LICENSE MANAGER ERROR" with message "Licensed number of users already reached.
Feature:       preppost
License path:  1055@MARCDNICHITBF25;
FlexNet Licensing error:-4,132
"
ERROR LICENSING MESSAGE occured of type "ANSYS LICENSE MANAGER ERROR" with message "Licensed number of users already reached.
Feature:       preppost
License path:  1055@MARCDNICHITBF25;
FlexNet Licensing error:-4,132
"
ERROR LICENSING MESSAGE occured of type "ANSYS LICENSE MANAGER ERROR" with message "Licensed number of users already reached.
Feature:       preppost
License path:  1055@MARCDNICHITBF25;
FlexNet Licensing error:-4,132
"
ERROR LICENSING MESSAGE occured of type "ANSYS LICENSE MANAGER ERROR" with message "Licensed number of users already reached.
Feature:       preppost
License path:  1055@MARCDNICHITBF25;
FlexNet Licensing error:-4,132
"
ERROR LICENSING MESSAGE occured of type "ANSYS LICENSE MANAGER ERROR" with message "Licensed number of users already reached.
Feature:       preppost
License path:  1055@MARCDNICHITBF25;
FlexNet Licensing error:-4,132
"
ERROR LICENSING MESSAGE occured of type "ANSYS LICENSE MANAGER ERROR" with message "Licensed number of users already reached.
Feature:       preppost
License path:  1055@MARCDNICHITBF25;
FlexNet Licensing error:-4,132
"
ERROR LICENSING MESSAGE occured of type "ANSYS LICENSE MANAGER ERROR" with message "Licensed number of users already reached.
Feature:       preppost
License path:  1055@MARCDNICHITBF25;
FlexNet Licensing error:-4,132
"
ERROR LICENSING MESSAGE occured of type "ANSYS LICENSE MANAGER ERROR" with message "Licensed number of users already reached.
Feature:       preppost
License path:  1055@MARCDNICHITBF25;
FlexNet Licensing error:-4,132
"
ERROR LICENSING MESSAGE occured of type "ANSYS LICENSE MANAGER ERROR" with message "Licensed number of users already reached.
Feature:       preppost
License path:  1055@MARCDNICHITBF25;
FlexNet Licensing error:-4,132
"
ERROR LICENSING MESSAGE occured of type "ANSYS LICENSE MANAGER ERROR" with message "Licensed number of users already reached.
Feature:       preppost
License path:  1055@MARCDNICHITBF25;
FlexNet Licensing error:-4,132
"
STRESS 260 387.525657654
ERROR LICENSING MESSAGE occured of type "ANSYS LICENSE MANAGER ERROR" with message "Licensed number of users already reached.
Feature:       preppost
License path:  1055@MARCDNICHITBF25;
FlexNet Licensing error:-4,132
"
ERROR LICENSING MESSAGE occured of type "ANSYS LICENSE MANAGER ERROR" with message "Licensed number of users already reached.
Feature:       preppost
License path:  1055@MARCDNICHITBF25;
FlexNet Licensing error:-4,132
"
ERROR LICENSING MESSAGE occured of type "ANSYS LICENSE MANAGER ERROR" with message "Licensed number of users already reached.
Feature:       preppost
License path:  1055@MARCDNICHITBF25;
FlexNet Licensing error:-4,132
"
ERROR LICENSING MESSAGE occured of type "ANSYS LICENSE MANAGER ERROR" with message "Licensed number of users already reached.
Feature:       preppost
License path:  1055@MARCDNICHITBF25;
FlexNet Licensing error:-4,132
"
ERROR LICENSING MESSAGE occured of type "ANSYS LICENSE MANAGER ERROR" with message "Licensed number of users already reached.
Feature:       preppost
License path:  1055@MARCDNICHITBF25;
FlexNet Licensing error:-4,132
"
ERROR LICENSING MESSAGE occured of type "ANSYS LICENSE MANAGER ERROR" with message "Licensed number of users already reached.
Feature:       preppost
License path:  1055@MARCDNICHITBF25;
FlexNet Licensing error:-4,132
"
ERROR LICENSING MESSAGE occured of type "ANSYS LICENSE MANAGER ERROR" with message "Licensed number of users already reached.
Feature:       preppost
License path:  1055@MARCDNICHITBF25;
FlexNet Licensing error:-4,132
"
ERROR LICENSING MESSAGE occured of type "ANSYS LICENSE MANAGER ERROR" with message "Licensed number of users already reached.
Feature:       preppost
License path:  1055@MARCDNICHITBF25;
FlexNet Licensing error:-4,132
"
ERROR LICENSING MESSAGE occured of type "ANSYS LICENSE MANAGER ERROR" with message "Licensed number of users already reached.
Feature:       preppost
License path:  1055@MARCDNICHITBF25;
FlexNet Licensing error:-4,132
"
ERROR LICENSING MESSAGE occured of type "ANSYS LICENSE MANAGER ERROR" with message "Licensed number of users already reached.
Feature:       preppost
License path:  1055@MARCDNICHITBF25;
FlexNet Licensing error:-4,132
"
ERROR LICENSING MESSAGE occured of type "ANSYS LICENSE MANAGER ERROR" with message "Licensed number of users already reached.
Feature:       preppost
License path:  1055@MARCDNICHITBF25;
FlexNet Licensing error:-4,132
"
ERROR LICENSING MESSAGE occured of type "ANSYS LICENSE MANAGER ERROR" with message "Licensed number of users already reached.
Feature:       preppost
License path:  1055@MARCDNICHITBF25;
FlexNet Licensing error:-4,132
"
ERROR LICENSING MESSAGE occured of type "ANSYS LICENSE MANAGER ERROR" with message "Licensed number of users already reached.
Feature:       preppost
License path:  1055@MARCDNICHITBF25;
FlexNet Licensing error:-4,132
"
ERROR LICENSING MESSAGE occured of type "ANSYS LICENSE MANAGER ERROR" with message "Licensed number of users already reached.
Feature:       preppost
License path:  1055@MARCDNICHITBF25;
FlexNet Licensing error:-4,132
"
ERROR LICENSING MESSAGE occured of type "ANSYS LICENSE MANAGER ERROR" with message "Licensed number of users already reached.
Feature:       preppost
License path:  1055@MARCDNICHITBF25;
FlexNet Licensing error:-4,132
"
ERROR LICENSING MESSAGE occured of type "ANSYS LICENSE MANAGER ERROR" with message "Licensed number of users already reached.
Feature:       preppost
License path:  1055@MARCDNICHITBF25;
FlexNet Licensing error:-4,132
"
ERROR LICENSING MESSAGE occured of type "ANSYS LICENSE MANAGER ERROR" with message "Licensed number of users already reached.
Feature:       preppost
License path:  1055@MARCDNICHITBF25;
FlexNet Licensing error:-4,132
"
ERROR LICENSING MESSAGE occured of type "ANSYS LICENSE MANAGER ERROR" with message "Licensed number of users already reached.
Feature:       preppost
License path:  1055@MARCDNICHITBF25;
FlexNet Licensing error:-4,132
"
ERROR LICENSING MESSAGE occured of type "ANSYS LICENSE MANAGER ERROR" with message "Licensed number of users already reached.
Feature:       preppost
License path:  1055@MARCDNICHITBF25;
FlexNet Licensing error:-4,132
"
ERROR LICENSING MESSAGE occured of type "ANSYS LICENSE MANAGER ERROR" with message "Licensed number of users already reached.
Feature:       preppost
License path:  1055@MARCDNICHITBF25;
FlexNet Licensing error:-4,132
"
STRESS 280 428.323753357
ERROR LICENSING MESSAGE occured of type "ANSYS LICENSE MANAGER ERROR" with message "Licensed number of users already reached.
Feature:       preppost
License path:  1055@MARCDNICHITBF25;
FlexNet Licensing error:-4,132
"
ERROR LICENSING MESSAGE occured of type "ANSYS LICENSE MANAGER ERROR" with message "Licensed number of users already reached.
Feature:       preppost
License path:  1055@MARCDNICHITBF25;
FlexNet Licensing error:-4,132
"
ERROR LICENSING MESSAGE occured of type "ANSYS LICENSE MANAGER ERROR" with message "Licensed number of users already reached.
Feature:       preppost
License path:  1055@MARCDNICHITBF25;
FlexNet Licensing error:-4,132
"
ERROR LICENSING MESSAGE occured of type "ANSYS LICENSE MANAGER ERROR" with message "Licensed number of users already reached.
Feature:       preppost
License path:  1055@MARCDNICHITBF25;
FlexNet Licensing error:-4,132
"
ERROR LICENSING MESSAGE occured of type "ANSYS LICENSE MANAGER ERROR" with message "Licensed number of users already reached.
Feature:       preppost
License path:  1055@MARCDNICHITBF25;
FlexNet Licensing error:-4,132
"
ERROR LICENSING MESSAGE occured of type "ANSYS LICENSE MANAGER ERROR" with message "Licensed number of users already reached.
Feature:       preppost
License path:  1055@MARCDNICHITBF25;
FlexNet Licensing error:-4,132
"
ERROR LICENSING MESSAGE occured of type "ANSYS LICENSE MANAGER ERROR" with message "Licensed number of users already reached.
Feature:       preppost
License path:  1055@MARCDNICHITBF25;
FlexNet Licensing error:-4,132
"
ERROR LICENSING MESSAGE occured of type "ANSYS LICENSE MANAGER ERROR" with message "Licensed number of users already reached.
Feature:       preppost
License path:  1055@MARCDNICHITBF25;
FlexNet Licensing error:-4,132
"
ERROR LICENSING MESSAGE occured of type "ANSYS LICENSE MANAGER ERROR" with message "Licensed number of users already reached.
Feature:       preppost
License path:  1055@MARCDNICHITBF25;
FlexNet Licensing error:-4,132
"
ERROR LICENSING MESSAGE occured of type "ANSYS LICENSE MANAGER ERROR" with message "Licensed number of users already reached.
Feature:       preppost
License path:  1055@MARCDNICHITBF25;
FlexNet Licensing error:-4,132
"
ERROR LICENSING MESSAGE occured of type "ANSYS LICENSE MANAGER ERROR" with message "Licensed number of users already reached.
Feature:       preppost
License path:  1055@MARCDNICHITBF25;
FlexNet Licensing error:-4,132
"
ERROR LICENSING MESSAGE occured of type "ANSYS LICENSE MANAGER ERROR" with message "Licensed number of users already reached.
Feature:       preppost
License path:  1055@MARCDNICHITBF25;
FlexNet Licensing error:-4,132
"
ERROR LICENSING MESSAGE occured of type "ANSYS LICENSE MANAGER ERROR" with message "Licensed number of users already reached.
Feature:       preppost
License path:  1055@MARCDNICHITBF25;
FlexNet Licensing error:-4,132
"
ERROR LICENSING MESSAGE occured of type "ANSYS LICENSE MANAGER ERROR" with message "Licensed number of users already reached.
Feature:       preppost
License path:  1055@MARCDNICHITBF25;
FlexNet Licensing error:-4,132
"
ERROR LICENSING MESSAGE occured of type "ANSYS LICENSE MANAGER ERROR" with message "Licensed number of users already reached.
Feature:       preppost
License path:  1055@MARCDNICHITBF25;
FlexNet Licensing error:-4,132
"
ERROR LICENSING MESSAGE occured of type "ANSYS LICENSE MANAGER ERROR" with message "Licensed number of users already reached.
Feature:       preppost
License path:  1055@MARCDNICHITBF25;
FlexNet Licensing error:-4,132
"
ERROR LICENSING MESSAGE occured of type "ANSYS LICENSE MANAGER ERROR" with message "Licensed number of users already reached.
Feature:       preppost
License path:  1055@MARCDNICHITBF25;
FlexNet Licensing error:-4,132
"
ERROR LICENSING MESSAGE occured of type "ANSYS LICENSE MANAGER ERROR" with message "Licensed number of users already reached.
Feature:       preppost
License path:  1055@MARCDNICHITBF25;
FlexNet Licensing error:-4,132
"
ERROR LICENSING MESSAGE occured of type "ANSYS LICENSE MANAGER ERROR" with message "Licensed number of users already reached.
Feature:       preppost
License path:  1055@MARCDNICHITBF25;
FlexNet Licensing error:-4,132
"
ERROR LICENSING MESSAGE occured of type "ANSYS LICENSE MANAGER ERROR" with message "Licensed number of users already reached.
Feature:       preppost
License path:  1055@MARCDNICHITBF25;
FlexNet Licensing error:-4,132
"
STRESS 300 469.201118469
ERROR LICENSING MESSAGE occured of type "ANSYS LICENSE MANAGER ERROR" with message "Licensed number of users already reached.
Feature:       preppost
License path:  1055@MARCDNICHITBF25;
FlexNet Licensing error:-4,132
"
ERROR LICENSING MESSAGE occured of type "ANSYS LICENSE MANAGER ERROR" with message "Licensed number of users already reached.
Feature:       preppost
License path:  1055@MARCDNICHITBF25;
FlexNet Licensing error:-4,132
"
ERROR LICENSING MESSAGE occured of type "ANSYS LICENSE MANAGER ERROR" with message "Licensed number of users already reached.
Feature:       preppost
License path:  1055@MARCDNICHITBF25;
FlexNet Licensing error:-4,132
"
ERROR LICENSING MESSAGE occured of type "ANSYS LICENSE MANAGER ERROR" with message "Licensed number of users already reached.
Feature:       preppost
License path:  1055@MARCDNICHITBF25;
FlexNet Licensing error:-4,132
"
ERROR LICENSING MESSAGE occured of type "ANSYS LICENSE MANAGER ERROR" with message "Licensed number of users already reached.
Feature:       preppost
License path:  1055@MARCDNICHITBF25;
FlexNet Licensing error:-4,132
"
ERROR LICENSING MESSAGE occured of type "ANSYS LICENSE MANAGER ERROR" with message "Licensed number of users already reached.
Feature:       preppost
License path:  1055@MARCDNICHITBF25;
FlexNet Licensing error:-4,132
"
ERROR LICENSING MESSAGE occured of type "ANSYS LICENSE MANAGER ERROR" with message "Licensed number of users already reached.
Feature:       preppost
License path:  1055@MARCDNICHITBF25;
FlexNet Licensing error:-4,132
"
ERROR LICENSING MESSAGE occured of type "ANSYS LICENSE MANAGER ERROR" with message "Licensed number of users already reached.
Feature:       preppost
License path:  1055@MARCDNICHITBF25;
FlexNet Licensing error:-4,132
"
ERROR LICENSING MESSAGE occured of type "ANSYS LICENSE MANAGER ERROR" with message "Licensed number of users already reached.
Feature:       preppost
License path:  1055@MARCDNICHITBF25;
FlexNet Licensing error:-4,132
"
ERROR LICENSING MESSAGE occured of type "ANSYS LICENSE MANAGER ERROR" with message "Licensed number of users already reached.
Feature:       preppost
License path:  1055@MARCDNICHITBF25;
FlexNet Licensing error:-4,132
"
ERROR LICENSING MESSAGE occured of type "ANSYS LICENSE MANAGER ERROR" with message "Licensed number of users already reached.
Feature:       preppost
License path:  1055@MARCDNICHITBF25;
FlexNet Licensing error:-4,132
"
ERROR LICENSING MESSAGE occured of type "ANSYS LICENSE MANAGER ERROR" with message "Licensed number of users already reached.
Feature:       preppost
License path:  1055@MARCDNICHITBF25;
FlexNet Licensing error:-4,132
"
ERROR LICENSING MESSAGE occured of type "ANSYS LICENSE MANAGER ERROR" with message "Licensed number of users already reached.
Feature:       preppost
License path:  1055@MARCDNICHITBF25;
FlexNet Licensing error:-4,132
"
ERROR LICENSING MESSAGE occured of type "ANSYS LICENSE MANAGER ERROR" with message "Licensed number of users already reached.
Feature:       preppost
License path:  1055@MARCDNICHITBF25;
FlexNet Licensing error:-4,132
"
STRESS 320 505.548217773
STRESS 340 534.249076843
STRESS 360 561.738975525
STRESS 380 588.251647949
STRESS 400 615.003547668
STRESS 420 642.571472168
STRESS 440 669.214790344
STRESS 460 695.884063721
STRESS 480 723.455581665
COMPLETE
