STRESS 20 32.6599655151
STRESS 40 52.5535888672
STRESS 60 72.7993621826
STRESS 80 93.0231399536
STRESS 100 118.685379028
STRESS 120 139.667289734
STRESS 140 160.057167053
STRESS 160 181.920997620
STRESS 180 202.240539551
STRESS 200 222.402969360
STRESS 220 242.788429260
STRESS 240 263.186248779
STRESS 260 283.730239868
STRESS 280 303.852157593
STRESS 300 324.177330017
STRESS 320 344.453681946
STRESS 340 364.555557251
STRESS 360 384.892105103
STRESS 380 405.110527039
STRESS 400 425.243598938
STRESS 420 445.522560120
STRESS 440 465.769012451
STRESS 460 485.979545593
STRESS 480 506.173362732
COMPLETE
