/COM,ANSYS RELEASE 2026 R1.02        BUILD 26.1      UP20260202       20:55:26

 *** WARNING ***                         ELAPSED TIME =      10.367   TIME= 20:55:32
 Element shape checking is currently inactive.  Issue SHPP,ON or         
 SHPP,WARN to reactivate, if desired.                                    

 *** WARNING ***                         ELAPSED TIME =      13.231   TIME= 20:55:34
 Overconstraint may occur for Lagrange multiplier or MPC based contact   
 algorithm.                                                              

 *** WARNING ***                         ELAPSED TIME =      13.231   TIME= 20:55:34
 Certain contact elements (for example 71600 & 62685) overlap with       
 other.                                                                  

 *** WARNING ***                         ELAPSED TIME =      13.231   TIME= 20:55:34
 Certain contact pairs (for example 482 & 340) overlap with other.       

 *** WARNING ***                         ELAPSED TIME =      20.108   TIME= 20:55:41
 Multiple constraints have been applied on degree of freedom 1 of        
 contact node 3923 (may be more nodes).  The program will remove         
 certain internal MPCs.  Please check the model carefully.               

 *** WARNING ***                         ELAPSED TIME =      68.481   TIME= 20:56:30
 Fewer modes than the requested number of modes ( 20 ) were computed.    
 The range specified (FREQB= 1, FREQE= 100000000) contains only 1        
 modes.                                                                  
