Input #0, image2, from '/Users/mdn/Developer/MIT_Rkt_Team/2026-7/MIT-RT-26_27-Work/simulation_work/avionics/powerboardsim/1/outputs/random_motion_20261005_2143/videos/random_fig14_baseZ_responseZ/frames/AnimationFrame%06d.png':
  Duration: 00:00:08.00, start: 0.000000, bitrate: N/A
  Stream #0:0: Video: png, rgb24(pc, gbr/unknown/unknown), 3840x2160, 60 fps, 60 tbr, 60 tbn
Input #1, png_pipe, from '/Users/mdn/Developer/MIT_Rkt_Team/2026-7/MIT-RT-26_27-Work/simulation_work/avionics/powerboardsim/1/outputs/random_motion_20261005_2143/videos/random_fig14_baseZ_responseZ/legend_relabeled.png':
  Duration: N/A, bitrate: N/A
  Stream #1:0: Video: png, rgb24(pc, gbr/unknown/unknown), 3840x2160, 25 fps, 25 tbr, 25 tbn
Stream mapping:
  Stream #0:0 (png) -> overlay
  Stream #1:0 (png) -> crop:default
  drawtext:default -> Stream #0:0 (h264_videotoolbox)
Press [q] to stop, [?] for help
Output #0, mp4, to '/Users/mdn/Developer/MIT_Rkt_Team/2026-7/MIT-RT-26_27-Work/simulation_work/avionics/powerboardsim/1/output/videos/power_board_random_motion_4k60/random_fig14_baseZ_responseZ.encoding.mp4':
  Metadata:
    title           : Base Z | Instantaneous Z displacement | Full assembly - battery view | Signed displacement [m]
    comment         : Native Mechanical 2026R1 animation of 480 actual MAPDL transient result sets. Fixed camera. Seeded PSD realization, relative displacement, 750 N/bolt, 2% damping, 50x motion, 273.07x slower. Contours are instantaneous signed displacement, not RMS.
    encoder         : Lavf61.7.100
  Stream #0:0: Video: h264 (avc1 / 0x31637661), yuv420p(bt709/unknown/unknown, progressive), 3840x2160, q=2-31, 80000 kb/s, 60 fps, 15360 tbn
      Metadata:
        encoder         : Lavc61.19.101 h264_videotoolbox
[h264_videotoolbox @ 0x79105d180] Color range not set for yuv420p. Using MPEG range.
frame=   11 fps=0.0 q=-0.0 size=     512KiB time=00:00:00.16 bitrate=25168.1kbits/s speed=0.33x    frame=   48 fps= 48 q=-0.0 size=    2048KiB time=00:00:00.78 bitrate=21418.2kbits/s speed=0.776x    frame=   85 fps= 56 q=-0.0 size=    3584KiB time=00:00:01.40 bitrate=20971.8kbits/s speed=0.924x    frame=  121 fps= 60 q=-0.0 size=    5376KiB time=00:00:02.00 bitrate=22020.3kbits/s speed=0.99x    frame=  158 fps= 63 q=-0.0 size=    7168KiB time=00:00:02.61 bitrate=22441.0kbits/s speed=1.04x    frame=  195 fps= 64 q=-0.0 size=    8960KiB time=00:00:03.23 bitrate=22701.3kbits/s speed=1.07x    frame=  232 fps= 66 q=-0.0 size=   10496KiB time=00:00:03.85 bitrate=22333.4kbits/s speed=1.09x    frame=  269 fps= 67 q=-0.0 size=   12288KiB time=00:00:04.46 bitrate=22536.6kbits/s speed=1.11x    frame=  306 fps= 67 q=-0.0 size=   13824KiB time=00:00:05.08 bitrate=22278.0kbits/s speed=1.12x    frame=  343 fps= 68 q=-0.0 size=   15360KiB time=00:00:05.70 bitrate=22075.4kbits/s speed=1.13x    frame=  379 fps= 68 q=-0.0 size=   17408KiB time=00:00:06.30 bitrate=22636.0kbits/s speed=1.13x    frame=  416 fps= 69 q=-0.0 size=   19200KiB time=00:00:06.91 bitrate=22740.3kbits/s speed=1.14x    frame=  453 fps= 69 q=-0.0 size=   20736KiB time=00:00:07.53 bitrate=22549.1kbits/s speed=1.15x    [mp4 @ 0x790c40500] Starting second pass: moving the moov atom to the beginning of the file
[out#0/mp4 @ 0x790c443c0] video:22348KiB audio:0KiB subtitle:0KiB other streams:0KiB global headers:0KiB muxing overhead: 0.015154%
frame=  480 fps= 69 q=-0.0 Lsize=   22352KiB time=00:00:07.98 bitrate=22936.0kbits/s speed=1.15x    
