/COM,ANSYS RELEASE 2026 R1.02        BUILD 26.1      UP20260202       22:50:29

 *** WARNING ***                         ELAPSED TIME =     174.723   TIME= 22:53:19
 Tetrahedron element 9796 has an aspect ratio of 20.87, which exceeds    
 the warning limit of 20.                                                

 *** WARNING ***                         ELAPSED TIME =     174.723   TIME= 22:53:19
 Tetrahedron element 9797 has an aspect ratio of 23.03, which exceeds    
 the warning limit of 20.                                                

 *** WARNING ***                         ELAPSED TIME =     174.723   TIME= 22:53:19
 Tetrahedron element 9798 has an aspect ratio of 27.97, which exceeds    
 the warning limit of 20.                                                

 *** WARNING ***                         ELAPSED TIME =     174.725   TIME= 22:53:19
 Tetrahedron element 9811 has an aspect ratio of 21.31, which exceeds    
 the warning limit of 20.                                                

 *** WARNING ***                         ELAPSED TIME =     174.725   TIME= 22:53:19
 Tetrahedron element 9820 has an aspect ratio of 29.1, which exceeds     
 the warning limit of 20.                                                

 *** WARNING ***                         ELAPSED TIME =     174.727   TIME= 22:53:19
 Tetrahedron element 9821 has an aspect ratio of 24.98, which exceeds    
 the warning limit of 20.                                                

 *** WARNING ***                         ELAPSED TIME =     174.727   TIME= 22:53:19
 Tetrahedron element 9821 has an angle between adjacent edges of 166     
 degrees, which exceeds the warning limit of 165 degrees.                

 *** WARNING ***                         ELAPSED TIME =     174.727   TIME= 22:53:19
 Tetrahedron element 9822 has an aspect ratio of 21.36, which exceeds    
 the warning limit of 20.                                                

 *** WARNING ***                         ELAPSED TIME =     174.727   TIME= 22:53:19
 Tetrahedron element 9824 has an aspect ratio of 27.97, which exceeds    
 the warning limit of 20.                                                

 *** WARNING ***                         ELAPSED TIME =     174.727   TIME= 22:53:19
 Tetrahedron element 9862 has an aspect ratio of 21.29, which exceeds    
 the warning limit of 20.                                                

 *** WARNING ***                         ELAPSED TIME =     174.728   TIME= 22:53:19
 Tetrahedron element 9865 has an aspect ratio of 21.67, which exceeds    
 the warning limit of 20.                                                

 *** WARNING ***                         ELAPSED TIME =     174.728   TIME= 22:53:19
 Tetrahedron element 10079 has an aspect ratio of 28.63, which exceeds   
 the warning limit of 20.                                                

 *** WARNING ***                         ELAPSED TIME =     174.728   TIME= 22:53:19
 Tetrahedron element 10079 has an angle between adjacent edges of 171.5  
 degrees, which exceeds the warning limit of 165 degrees.                

 *** WARNING ***                         ELAPSED TIME =     174.729   TIME= 22:53:19
 Tetrahedron element 10080 has an aspect ratio of 45.77, which exceeds   
 the warning limit of 20.                                                

 *** WARNING ***                         ELAPSED TIME =     174.729   TIME= 22:53:19
 Tetrahedron element 10080 has an angle between adjacent edges of 172.4  
 degrees, which exceeds the warning limit of 165 degrees.                

 *** WARNING ***                         ELAPSED TIME =     174.729   TIME= 22:53:19
 Tetrahedron element 10081 has an aspect ratio of 32.58, which exceeds   
 the warning limit of 20.                                                

 *** WARNING ***                         ELAPSED TIME =     174.729   TIME= 22:53:19
 Tetrahedron element 10081 has an angle between adjacent edges of 171.8  
 degrees, which exceeds the warning limit of 165 degrees.                

 *** WARNING ***                         ELAPSED TIME =     174.729   TIME= 22:53:19
 Tetrahedron element 10101 has an aspect ratio of 28.9, which exceeds    
 the warning limit of 20.                                                

 *** WARNING ***                         ELAPSED TIME =     174.729   TIME= 22:53:19
 Tetrahedron element 10101 has an angle between adjacent edges of 171.6  
 degrees, which exceeds the warning limit of 165 degrees.                

 *** WARNING ***                         ELAPSED TIME =     174.729   TIME= 22:53:19
 Tetrahedron element 10132 has an aspect ratio of 23.39, which exceeds   
 the warning limit of 20.                                                

 *** WARNING ***                         ELAPSED TIME =     174.730   TIME= 22:53:19
 Tetrahedron element 10133 has an aspect ratio of 38.12, which exceeds   
 the warning limit of 20.                                                

 *** WARNING ***                         ELAPSED TIME =     174.730   TIME= 22:53:19
 Tetrahedron element 10133 has an angle between adjacent edges of 173.9  
 degrees, which exceeds the warning limit of 165 degrees.                

 *** WARNING ***                         ELAPSED TIME =     174.922   TIME= 22:53:19
 Tetrahedron element 68344 has an aspect ratio of 20.74, which exceeds   
 the warning limit of 20.                                                

 *** WARNING ***                         ELAPSED TIME =     174.922   TIME= 22:53:19
 Tetrahedron element 68345 has an aspect ratio of 20.39, which exceeds   
 the warning limit of 20.                                                

 *** WARNING ***                         ELAPSED TIME =     174.923   TIME= 22:53:19
 Tetrahedron element 68462 has an aspect ratio of 20.47, which exceeds   
 the warning limit of 20.                                                

 *** WARNING ***                         ELAPSED TIME =     174.923   TIME= 22:53:19
 Tetrahedron element 68506 has a ratio of the determinants of the        
 Jacobian matrices of 36.75, which exceeds the warning limit of 30.      
 Midside nodes, if any, may be poorly positioned.                        

 *** WARNING ***                         ELAPSED TIME =     174.925   TIME= 22:53:19
 Tetrahedron element 69064 has an angle between adjacent edges of 165.6  
 degrees, which exceeds the warning limit of 165 degrees.                

 *** WARNING ***                         ELAPSED TIME =     174.925   TIME= 22:53:19
 Tetrahedron element 69065 has an angle between adjacent edges of 167.9  
 degrees, which exceeds the warning limit of 165 degrees.                

 *** WARNING ***                         ELAPSED TIME =     174.925   TIME= 22:53:19
 Tetrahedron element 69066 has an aspect ratio of 22.17, which exceeds   
 the warning limit of 20.                                                

 *** WARNING ***                         ELAPSED TIME =     174.925   TIME= 22:53:19
 Tetrahedron element 69066 has an angle between adjacent edges of 170.1  
 degrees, which exceeds the warning limit of 165 degrees.                

 *** WARNING ***                         ELAPSED TIME =     174.926   TIME= 22:53:19
 Tetrahedron element 69068 has an angle between adjacent edges of 167.4  
 degrees, which exceeds the warning limit of 165 degrees.                

 *** WARNING ***                         ELAPSED TIME =     174.927   TIME= 22:53:19
 Tetrahedron element 69283 has an aspect ratio of 20.15, which exceeds   
 the warning limit of 20.                                                

 *** WARNING ***                         ELAPSED TIME =     174.929   TIME= 22:53:19
 Tetrahedron element 69336 has an aspect ratio of 30.95, which exceeds   
 the warning limit of 20.                                                

 *** WARNING ***                         ELAPSED TIME =     174.931   TIME= 22:53:19
 Tetrahedron element 69336 has an angle between adjacent edges of 170.3  
 degrees, which exceeds the warning limit of 165 degrees.                
