Input #0, image2, from '/Users/mdn/Developer/MIT_Rkt_Team/2026-7/MIT-RT-26_27-Work/simulation_work/avionics/powerboardsim/1/outputs/random_motion_20261005_2143/videos/random_fig06_baseX_responseX/frames/AnimationFrame%06d.png':
  Duration: 00:00:08.00, start: 0.000000, bitrate: N/A
  Stream #0:0: Video: png, rgb24(pc, gbr/unknown/unknown), 3840x2160, 60 fps, 60 tbr, 60 tbn
Input #1, png_pipe, from '/Users/mdn/Developer/MIT_Rkt_Team/2026-7/MIT-RT-26_27-Work/simulation_work/avionics/powerboardsim/1/outputs/random_motion_20261005_2143/videos/random_fig06_baseX_responseX/legend_relabeled.png':
  Duration: N/A, bitrate: N/A
  Stream #1:0: Video: png, rgb24(pc, gbr/unknown/unknown), 3840x2160, 25 fps, 25 tbr, 25 tbn
Stream mapping:
  Stream #0:0 (png) -> overlay
  Stream #1:0 (png) -> crop:default
  drawtext:default -> Stream #0:0 (h264_videotoolbox)
Press [q] to stop, [?] for help
Output #0, mp4, to '/Users/mdn/Developer/MIT_Rkt_Team/2026-7/MIT-RT-26_27-Work/simulation_work/avionics/powerboardsim/1/output/videos/power_board_random_motion_4k60/random_fig06_baseX_responseX.encoding.mp4':
  Metadata:
    title           : Base X | Instantaneous X displacement | Full assembly - battery view | Signed displacement [m]
    comment         : Native Mechanical 2026R1 animation of 480 actual MAPDL transient result sets. Fixed camera. Seeded PSD realization, relative displacement, 750 N/bolt, 2% damping, 50x motion, 273.07x slower. Contours are instantaneous signed displacement, not RMS.
    encoder         : Lavf61.7.100
  Stream #0:0: Video: h264 (avc1 / 0x31637661), yuv420p(bt709/unknown/unknown, progressive), 3840x2160, q=2-31, 80000 kb/s, 60 fps, 15360 tbn
      Metadata:
        encoder         : Lavc61.19.101 h264_videotoolbox
[h264_videotoolbox @ 0x7e5049180] Color range not set for yuv420p. Using MPEG range.
frame=   28 fps= 28 q=-0.0 size=    1280KiB time=00:00:00.45 bitrate=23302.5kbits/s speed=0.448x    frame=   65 fps= 43 q=-0.0 size=    3072KiB time=00:00:01.06 bitrate=23593.3kbits/s speed=0.709x    frame=  101 fps= 50 q=-0.0 size=    4864KiB time=00:00:01.66 bitrate=23907.8kbits/s speed=0.83x    frame=  137 fps= 55 q=-0.0 size=    6912KiB time=00:00:02.26 bitrate=24980.9kbits/s speed=0.902x    frame=  173 fps= 57 q=-0.0 size=    8960KiB time=00:00:02.86 bitrate=25604.9kbits/s speed=0.951x    frame=  210 fps= 60 q=-0.0 size=   10752KiB time=00:00:03.48 bitrate=25286.3kbits/s speed=0.989x    frame=  247 fps= 61 q=-0.0 size=   12800KiB time=00:00:04.10 bitrate=25575.1kbits/s speed=1.02x    frame=  282 fps= 62 q=-0.0 size=   15104KiB time=00:00:04.68 bitrate=26419.7kbits/s speed=1.03x    frame=  318 fps= 63 q=-0.0 size=   17152KiB time=00:00:05.28 bitrate=26594.9kbits/s speed=1.05x    frame=  354 fps= 64 q=-0.0 size=   19200KiB time=00:00:05.88 bitrate=26734.3kbits/s speed=1.06x    frame=  390 fps= 65 q=-0.0 size=   21504KiB time=00:00:06.48 bitrate=27171.4kbits/s speed=1.07x    frame=  427 fps= 65 q=-0.0 size=   23296KiB time=00:00:07.10 bitrate=26879.0kbits/s speed=1.09x    frame=  463 fps= 66 q=-0.0 size=   25088KiB time=N/A bitrate=N/A speed=N/A    [mp4 @ 0x7e4c48500] Starting second pass: moving the moov atom to the beginning of the file
[out#0/mp4 @ 0x7e50089c0] video:26387KiB audio:0KiB subtitle:0KiB other streams:0KiB global headers:0KiB muxing overhead: 0.012938%
frame=  480 fps= 66 q=-0.0 Lsize=   26391KiB time=00:00:07.98 bitrate=27080.4kbits/s speed= 1.1x    
