/COM,ANSYS RELEASE 2026 R1.02        BUILD 26.1      UP20260202       17:58:17

 *** WARNING ***                         ELAPSED TIME =       6.041   TIME= 17:58:19
 One or more single layer Shell elements (such as element 3089)          
 reference section 1, which defines a different material (1) than the    
 attribute of the element (2).                                           

 *** WARNING ***                         ELAPSED TIME =       7.319   TIME= 17:58:20
 A boundary condition has been applied on 6 degrees of freedom of the    
 nodes belonging to the constraint element(MPC184) 2680.  It is likely   
 that the system may encounter solver difficulties due to                
 overconstraining.                                                       

 *** WARNING ***                         ELAPSED TIME =       7.322   TIME= 17:58:20
 A boundary condition has been applied on 6 degrees of freedom of the    
 nodes belonging to the constraint element(MPC184) 3072.  It is likely   
 that the system may encounter solver difficulties due to                
 overconstraining.                                                       

 *** WARNING ***                         ELAPSED TIME =       7.322   TIME= 17:58:20
 A boundary condition has been applied on 6 degrees of freedom of the    
 nodes belonging to the constraint element(MPC184) 2681.  It is likely   
 that the system may encounter solver difficulties due to                
 overconstraining.                                                       

 *** WARNING ***                         ELAPSED TIME =       7.322   TIME= 17:58:20
 A boundary condition has been applied on 6 degrees of freedom of the    
 nodes belonging to the constraint element(MPC184) 3073.  It is likely   
 that the system may encounter solver difficulties due to                
 overconstraining.                                                       

 *** WARNING ***                         ELAPSED TIME =       7.322   TIME= 17:58:20
 A boundary condition has been applied on 6 degrees of freedom of the    
 nodes belonging to the constraint element(MPC184) 2682.  It is likely   
 that the system may encounter solver difficulties due to                
 overconstraining.                                                       

 *** WARNING ***                         ELAPSED TIME =       7.322   TIME= 17:58:20
 A boundary condition has been applied on 6 degrees of freedom of the    
 nodes belonging to the constraint element(MPC184) 3074.  It is likely   
 that the system may encounter solver difficulties due to                
 overconstraining.                                                       

 *** WARNING ***                         ELAPSED TIME =       7.322   TIME= 17:58:20
 A boundary condition has been applied on 6 degrees of freedom of the    
 nodes belonging to the constraint element(MPC184) 2683.  It is likely   
 that the system may encounter solver difficulties due to                
 overconstraining.                                                       

 *** WARNING ***                         ELAPSED TIME =       7.323   TIME= 17:58:20
 A boundary condition has been applied on 6 degrees of freedom of the    
 nodes belonging to the constraint element(MPC184) 3075.  It is likely   
 that the system may encounter solver difficulties due to                
 overconstraining.                                                       

 *** WARNING ***                         ELAPSED TIME =       7.323   TIME= 17:58:20
 A boundary condition has been applied on 6 degrees of freedom of the    
 nodes belonging to the constraint element(MPC184) 2684.  It is likely   
 that the system may encounter solver difficulties due to                
 overconstraining.                                                       

 *** WARNING ***                         ELAPSED TIME =       7.323   TIME= 17:58:20
 A boundary condition has been applied on 6 degrees of freedom of the    
 nodes belonging to the constraint element(MPC184) 3076.  It is likely   
 that the system may encounter solver difficulties due to                
 overconstraining.                                                       

 *** WARNING ***                         ELAPSED TIME =       8.820   TIME= 17:58:22
 Pivoting has been activated for the Sparse Matrix Solver.  The memory   
 required may greatly exceed the predicted amount.  In that event, use   
 the DSPOPTION command to change the memory mode and/or memory size      
 used by the Sparse Matrix Solver.                                       
