\BOOKMARK [1][-]{toc1.1}{\376\377\000I\000n\000h\000a\000l\000t\000s\000v\000e\000r\000z\000e\000i\000c\000h\000n\000i\000s}{}% 1
\BOOKMARK [1][-]{section.0.1}{\376\377\0001\000\040\000K\000o\000n\000t\000e\000x\000t\000:\000\040\000F\000e\000s\000t\000s\000t\000o\000f\000f\000r\000a\000k\000e\000t\000e\000n\000m\000o\000t\000o\000r\000\040\000u\000n\000d\000\040\000G\000e\000h\000\344\000u\000s\000e\000a\000u\000f\000b\000a\000u}{}% 2
\BOOKMARK [2][-]{subsection.0.1.1}{\376\377\0001\000.\0001\000\040\000P\000h\000y\000s\000i\000k\000a\000l\000i\000s\000c\000h\000e\000r\000\040\000U\000m\000f\000a\000n\000g}{section.0.1}% 3
\BOOKMARK [2][-]{subsection.0.1.2}{\376\377\0001\000.\0002\000\040\000D\000i\000m\000e\000n\000s\000i\000o\000n\000e\000n\000\040\000u\000n\000d\000\040\000M\000a\000s\000c\000h\000e\000n\000m\000e\000r\000k\000m\000a\000l\000e}{section.0.1}% 4
\BOOKMARK [2][-]{subsection.0.1.3}{\376\377\0001\000.\0003\000\040\000M\000a\000t\000e\000r\000i\000a\000l\000i\000e\000n\000\040\000u\000n\000d\000\040\000G\000r\000e\000n\000z\000f\000l\000\344\000c\000h\000e\000n}{section.0.1}% 5
\BOOKMARK [1][-]{section.0.2}{\376\377\0002\000\040\000S\000i\000m\000u\000l\000a\000t\000i\000o\000n\000\040\0001\000:\000\040\000V\000o\000l\000u\000m\000e\000t\000r\000i\000s\000c\000h\000e\000\040\000P\000y\000r\000o\000l\000y\000s\000e\000\040\000d\000e\000r\000\040\000e\000r\000s\000t\000e\000n\000\040\000P\000h\000e\000n\000o\000l\000s\000c\000h\000i\000c\000h\000t}{}% 6
\BOOKMARK [2][-]{subsection.0.2.1}{\376\377\0002\000.\0001\000\040\000T\000h\000e\000o\000r\000i\000e\000\040\000u\000n\000d\000\040\000A\000b\000l\000e\000i\000t\000u\000n\000g}{section.0.2}% 7
\BOOKMARK [2][-]{subsection.0.2.2}{\376\377\0002\000.\0002\000\040\000A\000k\000t\000u\000e\000l\000l\000e\000\040\000m\000e\000c\000h\000a\000n\000i\000s\000c\000h\000e\000\040\000K\000o\000n\000f\000i\000g\000u\000r\000a\000t\000i\000o\000n\000\040\000v\000o\000n\000\040\000A\000N\000S\000Y\000S}{section.0.2}% 8
\BOOKMARK [2][-]{subsection.0.2.3}{\376\377\0002\000.\0003\000\040\000S\000i\000m\000u\000l\000a\000t\000i\000o\000n\000\040\0001\000\040\000E\000r\000g\000e\000b\000n\000i\000s\000s\000e}{section.0.2}% 9
\BOOKMARK [1][-]{section.0.3}{\376\377\0003\000\040\000S\000i\000m\000u\000l\000a\000t\000i\000o\000n\000\040\0002\000:\000\040\000A\000u\000s\000g\000a\000s\000u\000n\000g\000\040\000u\000n\000d\000\040\000E\000l\000e\000m\000e\000n\000t\000\040\000D\000e\000a\000k\000t\000i\000v\000i\000e\000r\000u\000n\000g\000\040\000i\000n\000\040\000M\000e\000c\000h\000a\000n\000i\000c\000a\000l}{}% 10
\BOOKMARK [2][-]{subsection.0.3.1}{\376\377\0003\000.\0001\000\040\000V\000o\000r\000g\000e\000s\000c\000h\000l\000a\000g\000e\000n\000e\000\040\000T\000h\000e\000o\000r\000i\000e\000\040\000u\000n\000d\000\040\000A\000b\000l\000e\000i\000t\000u\000n\000g}{section.0.3}% 11
\BOOKMARK [2][-]{subsection.0.3.2}{\376\377\0003\000.\0002\000\040\000I\000m\000p\000l\000e\000m\000e\000n\000t\000i\000e\000r\000u\000n\000g\000\040\000i\000n\000\040\000M\000e\000c\000h\000a\000n\000i\000c\000a\000l}{section.0.3}% 12
\BOOKMARK [2][-]{subsection.0.3.3}{\376\377\0003\000.\0003\000\040\000E\000r\000g\000e\000b\000n\000i\000s\000s\000e\000\040\000u\000n\000d\000\040\000L\000e\000i\000s\000t\000u\000n\000g\000\040\000v\000o\000n\000\040\000S\000i\000m\000u\000l\000a\000t\000i\000o\000n\000\040\0002}{section.0.3}% 13
\BOOKMARK [1][-]{section.0.4}{\376\377\0004\000\040\000S\000i\000m\000u\000l\000a\000t\000i\000o\000n\000\040\0003\000:\000\040\000K\000o\000r\000r\000i\000g\000i\000e\000r\000t\000e\000r\000\040\000D\000\374\000n\000n\000s\000e\000k\000t\000o\000r\000\040\000m\000i\000t\000\040\000v\000e\000r\000f\000e\000i\000n\000e\000r\000t\000e\000m\000\040\000R\000a\000d\000i\000a\000l\000n\000e\000t\000z}{}% 14
\BOOKMARK [2][-]{subsection.0.4.1}{\376\377\0004\000.\0001\000\040\000Z\000i\000e\000l\000\040\000u\000n\000d\000\040\000a\000u\000s\000g\000e\000f\000\374\000h\000r\000t\000e\000\040\000K\000o\000n\000f\000i\000g\000u\000r\000a\000t\000i\000o\000n}{section.0.4}% 15
\BOOKMARK [2][-]{subsection.0.4.2}{\376\377\0004\000.\0002\000\040\000E\000n\000d\000s\000t\000a\000t\000u\000s\000\040\000u\000n\000d\000\040\000R\000e\000c\000h\000e\000n\000l\000e\000i\000s\000t\000u\000n\000g}{section.0.4}% 16
\BOOKMARK [2][-]{subsection.0.4.3}{\376\377\0004\000.\0003\000\040\000E\000n\000d\000g\000\374\000l\000t\000i\000g\000e\000\040\000t\000h\000e\000r\000m\000o\000c\000h\000e\000m\000i\000s\000c\000h\000e\000\040\000E\000r\000g\000e\000b\000n\000i\000s\000s\000e}{section.0.4}% 17
\BOOKMARK [2][-]{subsection.0.4.4}{\376\377\0004\000.\0004\000\040\000V\000i\000r\000t\000u\000e\000l\000l\000e\000\040\000R\000e\000z\000e\000s\000s\000i\000o\000n\000\040\000u\000n\000d\000\040\000E\000l\000e\000m\000e\000n\000t\000d\000e\000a\000k\000t\000i\000v\000i\000e\000r\000u\000n\000g}{section.0.4}% 18
\BOOKMARK [2][-]{subsection.0.4.5}{\376\377\0004\000.\0005\000\040\000E\000n\000d\000g\000\374\000l\000t\000i\000g\000e\000\040\000r\000\344\000u\000m\000l\000i\000c\000h\000e\000\040\000A\000n\000a\000l\000y\000s\000e\000\040\000v\000o\000n\000\040\000Z\000u\000s\000t\000a\000n\000d\000s\000v\000a\000r\000i\000a\000b\000l\000e\000n}{section.0.4}% 19
\BOOKMARK [2][-]{subsection.0.4.6}{\376\377\0004\000.\0006\000\040\000A\000n\000w\000e\000n\000d\000u\000n\000g\000s\000b\000e\000r\000e\000i\000c\000h\000\040\000u\000n\000d\000\040\000R\000e\000p\000r\000o\000d\000u\000z\000i\000e\000r\000b\000a\000r\000k\000e\000i\000t}{section.0.4}% 20
\BOOKMARK [0][-]{bib2.0}{\376\377\000L\000i\000t\000e\000r\000a\000t\000u\000r}{}% 21
\BOOKMARK [1][-]{toc3.1}{\376\377\000A\000b\000b\000i\000l\000d\000u\000n\000g\000s\000v\000e\000r\000z\000e\000i\000c\000h\000n\000i\000s}{bib2.0}% 22
\BOOKMARK [1][-]{toc4.1}{\376\377\000T\000a\000b\000e\000l\000l\000e\000n\000v\000e\000r\000z\000e\000i\000c\000h\000n\000i\000s}{bib2.0}% 23
