C:\Users\Public\Documents\CodexRASAeroStudy\extended\Hbev-b0.0625.csv
C:\Users\Public\Documents\CodexRASAeroStudy\extended\Hbev-b0.125.csv
C:\Users\Public\Documents\CodexRASAeroStudy\extended\Hbev-b1.csv
C:\Users\Public\Documents\CodexRASAeroStudy\extended\Hbev-galv.csv
C:\Users\Public\Documents\CodexRASAeroStudy\extended\Hbev-paint.csv
C:\Users\Public\Documents\CodexRASAeroStudy\extended\Hbev-polished.csv
C:\Users\Public\Documents\CodexRASAeroStudy\extended\Hbev-rough.csv
C:\Users\Public\Documents\CodexRASAeroStudy\extended\Hbev-span1.625.csv
C:\Users\Public\Documents\CodexRASAeroStudy\extended\Hbev-span4.875.csv
C:\Users\Public\Documents\CodexRASAeroStudy\extended\Hbev-sweep2.csv
C:\Users\Public\Documents\CodexRASAeroStudy\extended\Hbev-sweep3.csv
C:\Users\Public\Documents\CodexRASAeroStudy\extended\Hbev-t0.03125.csv
C:\Users\Public\Documents\CodexRASAeroStudy\extended\Hbev-t0.0625.csv
C:\Users\Public\Documents\CodexRASAeroStudy\extended\Hbev-t0.375.csv
C:\Users\Public\Documents\CodexRASAeroStudy\extended\Hbev-tip1.csv
C:\Users\Public\Documents\CodexRASAeroStudy\extended\Hbev-tip3.csv
C:\Users\Public\Documents\CodexRASAeroStudy\extended\Hbev-transition.csv
C:\Users\Public\Documents\CodexRASAeroStudy\extended\Hbody-cone12.csv
C:\Users\Public\Documents\CodexRASAeroStudy\extended\Hbody-cone18.csv
C:\Users\Public\Documents\CodexRASAeroStudy\extended\Hbody-cone6.csv
C:\Users\Public\Documents\CodexRASAeroStudy\extended\Hbody-ellipsoid12.csv
C:\Users\Public\Documents\CodexRASAeroStudy\extended\Hbody-ellipsoid18.csv
C:\Users\Public\Documents\CodexRASAeroStudy\extended\Hbody-ellipsoid6.csv
C:\Users\Public\Documents\CodexRASAeroStudy\extended\Hbody-galv.csv
C:\Users\Public\Documents\CodexRASAeroStudy\extended\Hbody-nozzle1.csv
C:\Users\Public\Documents\CodexRASAeroStudy\extended\Hbody-nozzle2.csv
C:\Users\Public\Documents\CodexRASAeroStudy\extended\Hbody-nozzle3.csv
C:\Users\Public\Documents\CodexRASAeroStudy\extended\Hbody-ogive24.csv
C:\Users\Public\Documents\CodexRASAeroStudy\extended\Hbody-ogive8.csv
C:\Users\Public\Documents\CodexRASAeroStudy\extended\Hbody-paint.csv
C:\Users\Public\Documents\CodexRASAeroStudy\extended\Hbody-polished.csv
C:\Users\Public\Documents\CodexRASAeroStudy\extended\Hbody-rough.csv
C:\Users\Public\Documents\CodexRASAeroStudy\extended\Hbody-transition.csv
C:\Users\Public\Documents\CodexRASAeroStudy\extended\Hbody-vk12.csv
C:\Users\Public\Documents\CodexRASAeroStudy\extended\Hbody-vk18.csv
C:\Users\Public\Documents\CodexRASAeroStudy\extended\Hbody-vk6.csv
C:\Users\Public\Documents\CodexRASAeroStudy\extended\Hrounded.csv
C:\Users\Public\Documents\CodexRASAeroStudy\extended\Hsq-galv.csv
C:\Users\Public\Documents\CodexRASAeroStudy\extended\Hsq-nozzle1.csv
C:\Users\Public\Documents\CodexRASAeroStudy\extended\Hsq-nozzle2.csv
C:\Users\Public\Documents\CodexRASAeroStudy\extended\Hsq-nozzle3.csv
C:\Users\Public\Documents\CodexRASAeroStudy\extended\Hsq-nozzle4.csv
C:\Users\Public\Documents\CodexRASAeroStudy\extended\Hsq-paint.csv
C:\Users\Public\Documents\CodexRASAeroStudy\extended\Hsq-polished.csv
C:\Users\Public\Documents\CodexRASAeroStudy\extended\Hsq-rough.csv
C:\Users\Public\Documents\CodexRASAeroStudy\extended\Hsq-span1.625.csv
C:\Users\Public\Documents\CodexRASAeroStudy\extended\Hsq-span4.875.csv
C:\Users\Public\Documents\CodexRASAeroStudy\extended\Hsq-sweep2.csv
C:\Users\Public\Documents\CodexRASAeroStudy\extended\Hsq-sweep3.csv
C:\Users\Public\Documents\CodexRASAeroStudy\extended\Hsq-t0.03125.csv
C:\Users\Public\Documents\CodexRASAeroStudy\extended\Hsq-t0.375.csv
C:\Users\Public\Documents\CodexRASAeroStudy\extended\Hsq-tip1.csv
C:\Users\Public\Documents\CodexRASAeroStudy\extended\Hsq-tip3.csv
C:\Users\Public\Documents\CodexRASAeroStudy\extended\Hsq-transition.csv
C:\Users\Public\Documents\CodexRASAeroStudy\extended\Sbody-transition.csv
       55 archivo(s) copiado(s).
