\\Mac\Home\Developer\MIT_Rkt_Team\2026-7\MIT-RT-26_27-Work\simulation_work\generic\openrocket\ras_aero_controlled_study_2026-09-27\aerodynamic-investigation\extended\models\Hbev-nearzero.CDX1
\\Mac\Home\Developer\MIT_Rkt_Team\2026-7\MIT-RT-26_27-Work\simulation_work\generic\openrocket\ras_aero_controlled_study_2026-09-27\aerodynamic-investigation\extended\models\Hbody-polished.CDX1
\\Mac\Home\Developer\MIT_Rkt_Team\2026-7\MIT-RT-26_27-Work\simulation_work\generic\openrocket\ras_aero_controlled_study_2026-09-27\aerodynamic-investigation\extended\models\Hbody-ogive24.CDX1
\\Mac\Home\Developer\MIT_Rkt_Team\2026-7\MIT-RT-26_27-Work\simulation_work\generic\openrocket\ras_aero_controlled_study_2026-09-27\aerodynamic-investigation\extended\models\Hbev-sweep2.CDX1
\\Mac\Home\Developer\MIT_Rkt_Team\2026-7\MIT-RT-26_27-Work\simulation_work\generic\openrocket\ras_aero_controlled_study_2026-09-27\aerodynamic-investigation\extended\models\Hsq-nozzle4.CDX1
\\Mac\Home\Developer\MIT_Rkt_Team\2026-7\MIT-RT-26_27-Work\simulation_work\generic\openrocket\ras_aero_controlled_study_2026-09-27\aerodynamic-investigation\extended\models\Hrounded.CDX1
\\Mac\Home\Developer\MIT_Rkt_Team\2026-7\MIT-RT-26_27-Work\simulation_work\generic\openrocket\ras_aero_controlled_study_2026-09-27\aerodynamic-investigation\extended\models\Hbody-ellipsoid18.CDX1
\\Mac\Home\Developer\MIT_Rkt_Team\2026-7\MIT-RT-26_27-Work\simulation_work\generic\openrocket\ras_aero_controlled_study_2026-09-27\aerodynamic-investigation\extended\models\Hbev-span1.625.CDX1
\\Mac\Home\Developer\MIT_Rkt_Team\2026-7\MIT-RT-26_27-Work\simulation_work\generic\openrocket\ras_aero_controlled_study_2026-09-27\aerodynamic-investigation\extended\models\Hbev-transition.CDX1
\\Mac\Home\Developer\MIT_Rkt_Team\2026-7\MIT-RT-26_27-Work\simulation_work\generic\openrocket\ras_aero_controlled_study_2026-09-27\aerodynamic-investigation\extended\models\Sbody-nozzle.CDX1
\\Mac\Home\Developer\MIT_Rkt_Team\2026-7\MIT-RT-26_27-Work\simulation_work\generic\openrocket\ras_aero_controlled_study_2026-09-27\aerodynamic-investigation\extended\models\Hbev-polished.CDX1
\\Mac\Home\Developer\MIT_Rkt_Team\2026-7\MIT-RT-26_27-Work\simulation_work\generic\openrocket\ras_aero_controlled_study_2026-09-27\aerodynamic-investigation\extended\models\Hsq-tip3.CDX1
\\Mac\Home\Developer\MIT_Rkt_Team\2026-7\MIT-RT-26_27-Work\simulation_work\generic\openrocket\ras_aero_controlled_study_2026-09-27\aerodynamic-investigation\extended\models\Hbody-rough.CDX1
\\Mac\Home\Developer\MIT_Rkt_Team\2026-7\MIT-RT-26_27-Work\simulation_work\generic\openrocket\ras_aero_controlled_study_2026-09-27\aerodynamic-investigation\extended\models\Hbev-sweep3.CDX1
\\Mac\Home\Developer\MIT_Rkt_Team\2026-7\MIT-RT-26_27-Work\simulation_work\generic\openrocket\ras_aero_controlled_study_2026-09-27\aerodynamic-investigation\extended\models\Hbev.CDX1
\\Mac\Home\Developer\MIT_Rkt_Team\2026-7\MIT-RT-26_27-Work\simulation_work\generic\openrocket\ras_aero_controlled_study_2026-09-27\aerodynamic-investigation\extended\models\Ssq-thick.CDX1
\\Mac\Home\Developer\MIT_Rkt_Team\2026-7\MIT-RT-26_27-Work\simulation_work\generic\openrocket\ras_aero_controlled_study_2026-09-27\aerodynamic-investigation\extended\models\Hsq-long.CDX1
\\Mac\Home\Developer\MIT_Rkt_Team\2026-7\MIT-RT-26_27-Work\simulation_work\generic\openrocket\ras_aero_controlled_study_2026-09-27\aerodynamic-investigation\extended\models\Ssq-unswept.CDX1
\\Mac\Home\Developer\MIT_Rkt_Team\2026-7\MIT-RT-26_27-Work\simulation_work\generic\openrocket\ras_aero_controlled_study_2026-09-27\aerodynamic-investigation\extended\models\Hbody-vk6.CDX1
\\Mac\Home\Developer\MIT_Rkt_Team\2026-7\MIT-RT-26_27-Work\simulation_work\generic\openrocket\ras_aero_controlled_study_2026-09-27\aerodynamic-investigation\extended\models\Hsq.CDX1
\\Mac\Home\Developer\MIT_Rkt_Team\2026-7\MIT-RT-26_27-Work\simulation_work\generic\openrocket\ras_aero_controlled_study_2026-09-27\aerodynamic-investigation\extended\models\Hbev-tip3.CDX1
\\Mac\Home\Developer\MIT_Rkt_Team\2026-7\MIT-RT-26_27-Work\simulation_work\generic\openrocket\ras_aero_controlled_study_2026-09-27\aerodynamic-investigation\extended\models\Hsq-nozzle2.CDX1
\\Mac\Home\Developer\MIT_Rkt_Team\2026-7\MIT-RT-26_27-Work\simulation_work\generic\openrocket\ras_aero_controlled_study_2026-09-27\aerodynamic-investigation\extended\models\Hbody-nose6.CDX1
\\Mac\Home\Developer\MIT_Rkt_Team\2026-7\MIT-RT-26_27-Work\simulation_work\generic\openrocket\ras_aero_controlled_study_2026-09-27\aerodynamic-investigation\extended\models\Hbev-b0.0625.CDX1
\\Mac\Home\Developer\MIT_Rkt_Team\2026-7\MIT-RT-26_27-Work\simulation_work\generic\openrocket\ras_aero_controlled_study_2026-09-27\aerodynamic-investigation\extended\models\Hbody-nozzle.CDX1
\\Mac\Home\Developer\MIT_Rkt_Team\2026-7\MIT-RT-26_27-Work\simulation_work\generic\openrocket\ras_aero_controlled_study_2026-09-27\aerodynamic-investigation\extended\models\Hbody-paint.CDX1
\\Mac\Home\Developer\MIT_Rkt_Team\2026-7\MIT-RT-26_27-Work\simulation_work\generic\openrocket\ras_aero_controlled_study_2026-09-27\aerodynamic-investigation\extended\models\Hsq-sweep3.CDX1
\\Mac\Home\Developer\MIT_Rkt_Team\2026-7\MIT-RT-26_27-Work\simulation_work\generic\openrocket\ras_aero_controlled_study_2026-09-27\aerodynamic-investigation\extended\models\Hbody-ellipsoid12.CDX1
\\Mac\Home\Developer\MIT_Rkt_Team\2026-7\MIT-RT-26_27-Work\simulation_work\generic\openrocket\ras_aero_controlled_study_2026-09-27\aerodynamic-investigation\extended\models\Hsq-polished.CDX1
\\Mac\Home\Developer\MIT_Rkt_Team\2026-7\MIT-RT-26_27-Work\simulation_work\generic\openrocket\ras_aero_controlled_study_2026-09-27\aerodynamic-investigation\extended\models\Hbev-t0.0625.CDX1
\\Mac\Home\Developer\MIT_Rkt_Team\2026-7\MIT-RT-26_27-Work\simulation_work\generic\openrocket\ras_aero_controlled_study_2026-09-27\aerodynamic-investigation\extended\models\Hsq-span4.875.CDX1
\\Mac\Home\Developer\MIT_Rkt_Team\2026-7\MIT-RT-26_27-Work\simulation_work\generic\openrocket\ras_aero_controlled_study_2026-09-27\aerodynamic-investigation\extended\models\Hsq-sweep2.CDX1
\\Mac\Home\Developer\MIT_Rkt_Team\2026-7\MIT-RT-26_27-Work\simulation_work\generic\openrocket\ras_aero_controlled_study_2026-09-27\aerodynamic-investigation\extended\models\Hbody.CDX1
\\Mac\Home\Developer\MIT_Rkt_Team\2026-7\MIT-RT-26_27-Work\simulation_work\generic\openrocket\ras_aero_controlled_study_2026-09-27\aerodynamic-investigation\extended\models\Ssq-thin.CDX1
\\Mac\Home\Developer\MIT_Rkt_Team\2026-7\MIT-RT-26_27-Work\simulation_work\generic\openrocket\ras_aero_controlled_study_2026-09-27\aerodynamic-investigation\extended\models\Hbody-nozzle1.CDX1
\\Mac\Home\Developer\MIT_Rkt_Team\2026-7\MIT-RT-26_27-Work\simulation_work\generic\openrocket\ras_aero_controlled_study_2026-09-27\aerodynamic-investigation\extended\models\Hbody-galv.CDX1
\\Mac\Home\Developer\MIT_Rkt_Team\2026-7\MIT-RT-26_27-Work\simulation_work\generic\openrocket\ras_aero_controlled_study_2026-09-27\aerodynamic-investigation\extended\models\Sbev-rogers.CDX1
\\Mac\Home\Developer\MIT_Rkt_Team\2026-7\MIT-RT-26_27-Work\simulation_work\generic\openrocket\ras_aero_controlled_study_2026-09-27\aerodynamic-investigation\extended\models\Hsq-nearzero.CDX1
\\Mac\Home\Developer\MIT_Rkt_Team\2026-7\MIT-RT-26_27-Work\simulation_work\generic\openrocket\ras_aero_controlled_study_2026-09-27\aerodynamic-investigation\extended\models\Hsq-nozzle3.CDX1
\\Mac\Home\Developer\MIT_Rkt_Team\2026-7\MIT-RT-26_27-Work\simulation_work\generic\openrocket\ras_aero_controlled_study_2026-09-27\aerodynamic-investigation\extended\models\Hbev-b0.125.CDX1
\\Mac\Home\Developer\MIT_Rkt_Team\2026-7\MIT-RT-26_27-Work\simulation_work\generic\openrocket\ras_aero_controlled_study_2026-09-27\aerodynamic-investigation\extended\models\Hbody-nozzle2.CDX1
\\Mac\Home\Developer\MIT_Rkt_Team\2026-7\MIT-RT-26_27-Work\simulation_work\generic\openrocket\ras_aero_controlled_study_2026-09-27\aerodynamic-investigation\extended\models\Sbody.CDX1
\\Mac\Home\Developer\MIT_Rkt_Team\2026-7\MIT-RT-26_27-Work\simulation_work\generic\openrocket\ras_aero_controlled_study_2026-09-27\aerodynamic-investigation\extended\models\Hbev-galv.CDX1
\\Mac\Home\Developer\MIT_Rkt_Team\2026-7\MIT-RT-26_27-Work\simulation_work\generic\openrocket\ras_aero_controlled_study_2026-09-27\aerodynamic-investigation\extended\models\Hbev-tip1.CDX1
\\Mac\Home\Developer\MIT_Rkt_Team\2026-7\MIT-RT-26_27-Work\simulation_work\generic\openrocket\ras_aero_controlled_study_2026-09-27\aerodynamic-investigation\extended\models\Ssq-rogers.CDX1
\\Mac\Home\Developer\MIT_Rkt_Team\2026-7\MIT-RT-26_27-Work\simulation_work\generic\openrocket\ras_aero_controlled_study_2026-09-27\aerodynamic-investigation\extended\models\Hbody-transition.CDX1
\\Mac\Home\Developer\MIT_Rkt_Team\2026-7\MIT-RT-26_27-Work\simulation_work\generic\openrocket\ras_aero_controlled_study_2026-09-27\aerodynamic-investigation\extended\models\Hbev-span4.875.CDX1
\\Mac\Home\Developer\MIT_Rkt_Team\2026-7\MIT-RT-26_27-Work\simulation_work\generic\openrocket\ras_aero_controlled_study_2026-09-27\aerodynamic-investigation\extended\models\Hbody-ellipsoid6.CDX1
\\Mac\Home\Developer\MIT_Rkt_Team\2026-7\MIT-RT-26_27-Work\simulation_work\generic\openrocket\ras_aero_controlled_study_2026-09-27\aerodynamic-investigation\extended\models\Hbev-rough.CDX1
\\Mac\Home\Developer\MIT_Rkt_Team\2026-7\MIT-RT-26_27-Work\simulation_work\generic\openrocket\ras_aero_controlled_study_2026-09-27\aerodynamic-investigation\extended\models\Hsq-t0.375.CDX1
\\Mac\Home\Developer\MIT_Rkt_Team\2026-7\MIT-RT-26_27-Work\simulation_work\generic\openrocket\ras_aero_controlled_study_2026-09-27\aerodynamic-investigation\extended\models\Hsq-scale2.CDX1
\\Mac\Home\Developer\MIT_Rkt_Team\2026-7\MIT-RT-26_27-Work\simulation_work\generic\openrocket\ras_aero_controlled_study_2026-09-27\aerodynamic-investigation\extended\models\Hbev-rogers.CDX1
\\Mac\Home\Developer\MIT_Rkt_Team\2026-7\MIT-RT-26_27-Work\simulation_work\generic\openrocket\ras_aero_controlled_study_2026-09-27\aerodynamic-investigation\extended\models\Hsq-t0.03125.CDX1
\\Mac\Home\Developer\MIT_Rkt_Team\2026-7\MIT-RT-26_27-Work\simulation_work\generic\openrocket\ras_aero_controlled_study_2026-09-27\aerodynamic-investigation\extended\models\Hsq-rough.CDX1
\\Mac\Home\Developer\MIT_Rkt_Team\2026-7\MIT-RT-26_27-Work\simulation_work\generic\openrocket\ras_aero_controlled_study_2026-09-27\aerodynamic-investigation\extended\models\Sbev.CDX1
\\Mac\Home\Developer\MIT_Rkt_Team\2026-7\MIT-RT-26_27-Work\simulation_work\generic\openrocket\ras_aero_controlled_study_2026-09-27\aerodynamic-investigation\extended\models\Hbody-cone12.CDX1
\\Mac\Home\Developer\MIT_Rkt_Team\2026-7\MIT-RT-26_27-Work\simulation_work\generic\openrocket\ras_aero_controlled_study_2026-09-27\aerodynamic-investigation\extended\models\Hsq-scale0.5.CDX1
\\Mac\Home\Developer\MIT_Rkt_Team\2026-7\MIT-RT-26_27-Work\simulation_work\generic\openrocket\ras_aero_controlled_study_2026-09-27\aerodynamic-investigation\extended\models\Hbody-vk12.CDX1
\\Mac\Home\Developer\MIT_Rkt_Team\2026-7\MIT-RT-26_27-Work\simulation_work\generic\openrocket\ras_aero_controlled_study_2026-09-27\aerodynamic-investigation\extended\models\Hsq-nozzle1.CDX1
\\Mac\Home\Developer\MIT_Rkt_Team\2026-7\MIT-RT-26_27-Work\simulation_work\generic\openrocket\ras_aero_controlled_study_2026-09-27\aerodynamic-investigation\extended\models\Hbody-long.CDX1
\\Mac\Home\Developer\MIT_Rkt_Team\2026-7\MIT-RT-26_27-Work\simulation_work\generic\openrocket\ras_aero_controlled_study_2026-09-27\aerodynamic-investigation\extended\models\Hbody-nozzle3.CDX1
\\Mac\Home\Developer\MIT_Rkt_Team\2026-7\MIT-RT-26_27-Work\simulation_work\generic\openrocket\ras_aero_controlled_study_2026-09-27\aerodynamic-investigation\extended\models\Hbev-thick.CDX1
\\Mac\Home\Developer\MIT_Rkt_Team\2026-7\MIT-RT-26_27-Work\simulation_work\generic\openrocket\ras_aero_controlled_study_2026-09-27\aerodynamic-investigation\extended\models\Hbody-nose18.CDX1
\\Mac\Home\Developer\MIT_Rkt_Team\2026-7\MIT-RT-26_27-Work\simulation_work\generic\openrocket\ras_aero_controlled_study_2026-09-27\aerodynamic-investigation\extended\models\Ssq-transition.CDX1
\\Mac\Home\Developer\MIT_Rkt_Team\2026-7\MIT-RT-26_27-Work\simulation_work\generic\openrocket\ras_aero_controlled_study_2026-09-27\aerodynamic-investigation\extended\models\Hbody-cone6.CDX1
\\Mac\Home\Developer\MIT_Rkt_Team\2026-7\MIT-RT-26_27-Work\simulation_work\generic\openrocket\ras_aero_controlled_study_2026-09-27\aerodynamic-investigation\extended\models\Hbev-scale0.5.CDX1
\\Mac\Home\Developer\MIT_Rkt_Team\2026-7\MIT-RT-26_27-Work\simulation_work\generic\openrocket\ras_aero_controlled_study_2026-09-27\aerodynamic-investigation\extended\models\Sbev-transition.CDX1
\\Mac\Home\Developer\MIT_Rkt_Team\2026-7\MIT-RT-26_27-Work\simulation_work\generic\openrocket\ras_aero_controlled_study_2026-09-27\aerodynamic-investigation\extended\models\Sbody-transition.CDX1
\\Mac\Home\Developer\MIT_Rkt_Team\2026-7\MIT-RT-26_27-Work\simulation_work\generic\openrocket\ras_aero_controlled_study_2026-09-27\aerodynamic-investigation\extended\models\Hbev-unswept.CDX1
\\Mac\Home\Developer\MIT_Rkt_Team\2026-7\MIT-RT-26_27-Work\simulation_work\generic\openrocket\ras_aero_controlled_study_2026-09-27\aerodynamic-investigation\extended\models\Hsq-paint.CDX1
\\Mac\Home\Developer\MIT_Rkt_Team\2026-7\MIT-RT-26_27-Work\simulation_work\generic\openrocket\ras_aero_controlled_study_2026-09-27\aerodynamic-investigation\extended\models\Hsq-transition.CDX1
\\Mac\Home\Developer\MIT_Rkt_Team\2026-7\MIT-RT-26_27-Work\simulation_work\generic\openrocket\ras_aero_controlled_study_2026-09-27\aerodynamic-investigation\extended\models\Hsq-unswept.CDX1
\\Mac\Home\Developer\MIT_Rkt_Team\2026-7\MIT-RT-26_27-Work\simulation_work\generic\openrocket\ras_aero_controlled_study_2026-09-27\aerodynamic-investigation\extended\models\Hbody-short.CDX1
\\Mac\Home\Developer\MIT_Rkt_Team\2026-7\MIT-RT-26_27-Work\simulation_work\generic\openrocket\ras_aero_controlled_study_2026-09-27\aerodynamic-investigation\extended\models\Hbody-ogive8.CDX1
\\Mac\Home\Developer\MIT_Rkt_Team\2026-7\MIT-RT-26_27-Work\simulation_work\generic\openrocket\ras_aero_controlled_study_2026-09-27\aerodynamic-investigation\extended\models\Ssq.CDX1
\\Mac\Home\Developer\MIT_Rkt_Team\2026-7\MIT-RT-26_27-Work\simulation_work\generic\openrocket\ras_aero_controlled_study_2026-09-27\aerodynamic-investigation\extended\models\Hsq-count3.CDX1
\\Mac\Home\Developer\MIT_Rkt_Team\2026-7\MIT-RT-26_27-Work\simulation_work\generic\openrocket\ras_aero_controlled_study_2026-09-27\aerodynamic-investigation\extended\models\Hbev-t0.03125.CDX1
\\Mac\Home\Developer\MIT_Rkt_Team\2026-7\MIT-RT-26_27-Work\simulation_work\generic\openrocket\ras_aero_controlled_study_2026-09-27\aerodynamic-investigation\extended\models\Hsq-rogers.CDX1
\\Mac\Home\Developer\MIT_Rkt_Team\2026-7\MIT-RT-26_27-Work\simulation_work\generic\openrocket\ras_aero_controlled_study_2026-09-27\aerodynamic-investigation\extended\models\Hbev-scale2.CDX1
\\Mac\Home\Developer\MIT_Rkt_Team\2026-7\MIT-RT-26_27-Work\simulation_work\generic\openrocket\ras_aero_controlled_study_2026-09-27\aerodynamic-investigation\extended\models\Hbev-paint.CDX1
\\Mac\Home\Developer\MIT_Rkt_Team\2026-7\MIT-RT-26_27-Work\simulation_work\generic\openrocket\ras_aero_controlled_study_2026-09-27\aerodynamic-investigation\extended\models\Hsq-galv.CDX1
\\Mac\Home\Developer\MIT_Rkt_Team\2026-7\MIT-RT-26_27-Work\simulation_work\generic\openrocket\ras_aero_controlled_study_2026-09-27\aerodynamic-investigation\extended\models\Hbody-scale2.CDX1
\\Mac\Home\Developer\MIT_Rkt_Team\2026-7\MIT-RT-26_27-Work\simulation_work\generic\openrocket\ras_aero_controlled_study_2026-09-27\aerodynamic-investigation\extended\models\Hsq-span1.625.CDX1
\\Mac\Home\Developer\MIT_Rkt_Team\2026-7\MIT-RT-26_27-Work\simulation_work\generic\openrocket\ras_aero_controlled_study_2026-09-27\aerodynamic-investigation\extended\models\Hbev-t0.375.CDX1
\\Mac\Home\Developer\MIT_Rkt_Team\2026-7\MIT-RT-26_27-Work\simulation_work\generic\openrocket\ras_aero_controlled_study_2026-09-27\aerodynamic-investigation\extended\models\Hsq-tip1.CDX1
\\Mac\Home\Developer\MIT_Rkt_Team\2026-7\MIT-RT-26_27-Work\simulation_work\generic\openrocket\ras_aero_controlled_study_2026-09-27\aerodynamic-investigation\extended\models\Hbody-cone18.CDX1
\\Mac\Home\Developer\MIT_Rkt_Team\2026-7\MIT-RT-26_27-Work\simulation_work\generic\openrocket\ras_aero_controlled_study_2026-09-27\aerodynamic-investigation\extended\models\Hsq-thick.CDX1
\\Mac\Home\Developer\MIT_Rkt_Team\2026-7\MIT-RT-26_27-Work\simulation_work\generic\openrocket\ras_aero_controlled_study_2026-09-27\aerodynamic-investigation\extended\models\Hbev-b1.CDX1
\\Mac\Home\Developer\MIT_Rkt_Team\2026-7\MIT-RT-26_27-Work\simulation_work\generic\openrocket\ras_aero_controlled_study_2026-09-27\aerodynamic-investigation\extended\models\Hbody-vk18.CDX1
\\Mac\Home\Developer\MIT_Rkt_Team\2026-7\MIT-RT-26_27-Work\simulation_work\generic\openrocket\ras_aero_controlled_study_2026-09-27\aerodynamic-investigation\extended\models\Hsq-thin.CDX1
\\Mac\Home\Developer\MIT_Rkt_Team\2026-7\MIT-RT-26_27-Work\simulation_work\generic\openrocket\ras_aero_controlled_study_2026-09-27\aerodynamic-investigation\extended\models\Hbev-gentle.CDX1
\\Mac\Home\Developer\MIT_Rkt_Team\2026-7\MIT-RT-26_27-Work\simulation_work\generic\openrocket\ras_aero_controlled_study_2026-09-27\aerodynamic-investigation\extended\models\Hbody-scale0.5.CDX1
       92 archivo(s) copiado(s).
