SWEPT Hbev-b0.0625; alpha 0/2/4; component sums checked
SWEPT Hbev-b0.125; alpha 0/2/4; component sums checked
SWEPT Hbev-b1; alpha 0/2/4; component sums checked
SWEPT Hbev-galv; alpha 0/2/4; component sums checked
SWEPT Hbev-gentle; alpha 0/2/4; component sums checked
SWEPT Hbev-nearzero; alpha 0/2/4; component sums checked
SWEPT Hbev-paint; alpha 0/2/4; component sums checked
SWEPT Hbev-polished; alpha 0/2/4; component sums checked
SWEPT Hbev-rogers; alpha 0/2/4; component sums checked
SWEPT Hbev-rough; alpha 0/2/4; component sums checked
SWEPT Hbev-scale0.5; alpha 0/2/4; component sums checked
SWEPT Hbev-scale2; alpha 0/2/4; component sums checked
SWEPT Hbev-span1.625; alpha 0/2/4; component sums checked
SWEPT Hbev-span4.875; alpha 0/2/4; component sums checked
SWEPT Hbev-sweep2; alpha 0/2/4; component sums checked
SWEPT Hbev-sweep3; alpha 0/2/4; component sums checked
SWEPT Hbev-t0.03125; alpha 0/2/4; component sums checked
SWEPT Hbev-t0.0625; alpha 0/2/4; component sums checked
SWEPT Hbev-t0.375; alpha 0/2/4; component sums checked
SWEPT Hbev-thick; alpha 0/2/4; component sums checked
SWEPT Hbev-tip1; alpha 0/2/4; component sums checked
SWEPT Hbev-tip3; alpha 0/2/4; component sums checked
SWEPT Hbev-transition; alpha 0/2/4; component sums checked
SWEPT Hbev-unswept; alpha 0/2/4; component sums checked
SWEPT Hbev; alpha 0/2/4; component sums checked
SWEPT Hbody-cone12; alpha 0/2/4; component sums checked
SWEPT Hbody-cone18; alpha 0/2/4; component sums checked
SWEPT Hbody-cone6; alpha 0/2/4; component sums checked
SWEPT Hbody-ellipsoid12; alpha 0/2/4; component sums checked
SWEPT Hbody-ellipsoid18; alpha 0/2/4; component sums checked
SWEPT Hbody-ellipsoid6; alpha 0/2/4; component sums checked
SWEPT Hbody-galv; alpha 0/2/4; component sums checked
SWEPT Hbody-long; alpha 0/2/4; component sums checked
SWEPT Hbody-nose18; alpha 0/2/4; component sums checked
SWEPT Hbody-nose6; alpha 0/2/4; component sums checked
SWEPT Hbody-nozzle; alpha 0/2/4; component sums checked
SWEPT Hbody-nozzle1; alpha 0/2/4; component sums checked
SWEPT Hbody-nozzle2; alpha 0/2/4; component sums checked
SWEPT Hbody-nozzle3; alpha 0/2/4; component sums checked
SWEPT Hbody-ogive24; alpha 0/2/4; component sums checked
SWEPT Hbody-ogive8; alpha 0/2/4; component sums checked
SWEPT Hbody-paint; alpha 0/2/4; component sums checked
SWEPT Hbody-polished; alpha 0/2/4; component sums checked
SWEPT Hbody-rough; alpha 0/2/4; component sums checked
SWEPT Hbody-scale0.5; alpha 0/2/4; component sums checked
SWEPT Hbody-scale2; alpha 0/2/4; component sums checked
SWEPT Hbody-short; alpha 0/2/4; component sums checked
SWEPT Hbody-transition; alpha 0/2/4; component sums checked
SWEPT Hbody-vk12; alpha 0/2/4; component sums checked
SWEPT Hbody-vk18; alpha 0/2/4; component sums checked
SWEPT Hbody-vk6; alpha 0/2/4; component sums checked
SWEPT Hbody; alpha 0/2/4; component sums checked
SWEPT Hrounded; alpha 0/2/4; component sums checked
SWEPT Hsq-count3; alpha 0/2/4; component sums checked
SWEPT Hsq-galv; alpha 0/2/4; component sums checked
SWEPT Hsq-long; alpha 0/2/4; component sums checked
SWEPT Hsq-nearzero; alpha 0/2/4; component sums checked
SWEPT Hsq-nozzle1; alpha 0/2/4; component sums checked
SWEPT Hsq-nozzle2; alpha 0/2/4; component sums checked
SWEPT Hsq-nozzle3; alpha 0/2/4; component sums checked
SWEPT Hsq-nozzle4; alpha 0/2/4; component sums checked
SWEPT Hsq-paint; alpha 0/2/4; component sums checked
SWEPT Hsq-polished; alpha 0/2/4; component sums checked
SWEPT Hsq-rogers; alpha 0/2/4; component sums checked
SWEPT Hsq-rough; alpha 0/2/4; component sums checked
SWEPT Hsq-scale0.5; alpha 0/2/4; component sums checked
SWEPT Hsq-scale2; alpha 0/2/4; component sums checked
SWEPT Hsq-span1.625; alpha 0/2/4; component sums checked
SWEPT Hsq-span4.875; alpha 0/2/4; component sums checked
SWEPT Hsq-sweep2; alpha 0/2/4; component sums checked
SWEPT Hsq-sweep3; alpha 0/2/4; component sums checked
SWEPT Hsq-t0.03125; alpha 0/2/4; component sums checked
SWEPT Hsq-t0.375; alpha 0/2/4; component sums checked
SWEPT Hsq-thick; alpha 0/2/4; component sums checked
SWEPT Hsq-thin; alpha 0/2/4; component sums checked
SWEPT Hsq-tip1; alpha 0/2/4; component sums checked
SWEPT Hsq-tip3; alpha 0/2/4; component sums checked
SWEPT Hsq-transition; alpha 0/2/4; component sums checked
SWEPT Hsq-unswept; alpha 0/2/4; component sums checked
SWEPT Hsq; alpha 0/2/4; component sums checked
SWEPT Sbev-rogers; alpha 0/2/4; component sums checked
SWEPT Sbev-transition; alpha 0/2/4; component sums checked
SWEPT Sbev; alpha 0/2/4; component sums checked
SWEPT Sbody-nozzle; alpha 0/2/4; component sums checked
SWEPT Sbody-transition; alpha 0/2/4; component sums checked
SWEPT Sbody; alpha 0/2/4; component sums checked
SWEPT Ssq-rogers; alpha 0/2/4; component sums checked
SWEPT Ssq-thick; alpha 0/2/4; component sums checked
SWEPT Ssq-thin; alpha 0/2/4; component sums checked
SWEPT Ssq-transition; alpha 0/2/4; component sums checked
SWEPT Ssq-unswept; alpha 0/2/4; component sums checked
SWEPT Ssq; alpha 0/2/4; component sums checked
