22545578|WindowsForms10.Window.8.app.0.34f5582_r7_ad1|-16,-16,3616,1992|RASAero II 
12846068|WindowsForms10.Window.8.app.0.34f5582_r7_ad1|0,168,3600,1978|
15270590|WindowsForms10.Window.8.app.0.34f5582_r7_ad1|0,168,3600,438|
13042148|WindowsForms10.EDIT.app.0.34f5582_r7_ad1|340,188,1282,270|Hbev-scale2
10420252|WindowsForms10.EDIT.app.0.34f5582_r7_ad1|418,294,1162,376|Motor: I500T-14A  (AT)  Loaded Wt. (lb) 14.5064
1376846|WindowsForms10.LISTBOX.app.0.34f5582_r7_ad1|18,188,316,378|
197594|WindowsForms10.Window.8.app.0.34f5582_r7_ad1|0,446,3600,1978|
1967486|WindowsForms10.Window.8.app.0.34f5582_r7_ad1|1780,1902,1906,1942|
5834114|WindowsForms10.EDIT.app.0.34f5582_r7_ad1|1784,1906,1902,1938|0.00
197590|WindowsForms10.STATIC.app.0.34f5582_r7_ad1|642,1906,2794,1934|Mach
17563706|WindowsForms10.Window.8.app.0.34f5582_r7_ad1|18,454,3592,1834|
17367892|WindowsForms10.Window.8.app.0.34f5582_r7_ad1|4,1846,3600,1932|
17694808|WindowsForms10.Window.8.app.0.34f5582_r7_ad1|0,94,3600,162|ToolStrip1
14024914|WindowsForms10.Window.8.app.0.34f5582_r7_ad1|0,46,3600,94|MenuStrip1
22545578|WindowsForms10.Window.8.app.0.34f5582_r7_ad1|-16,-16,3616,1992|RASAero II 
12846068|WindowsForms10.Window.8.app.0.34f5582_r7_ad1|0,168,3600,1978|
15270590|WindowsForms10.Window.8.app.0.34f5582_r7_ad1|0,168,3600,438|
13042148|WindowsForms10.EDIT.app.0.34f5582_r7_ad1|340,188,1282,270|Hsq-restart-check
10420252|WindowsForms10.EDIT.app.0.34f5582_r7_ad1|418,294,1162,376|Motor: I500T-14A  (AT)  Loaded Wt. (lb) 14.5064
1376846|WindowsForms10.LISTBOX.app.0.34f5582_r7_ad1|18,188,316,378|
197594|WindowsForms10.Window.8.app.0.34f5582_r7_ad1|0,446,3600,1978|
1967486|WindowsForms10.Window.8.app.0.34f5582_r7_ad1|1780,1902,1906,1942|
5834114|WindowsForms10.EDIT.app.0.34f5582_r7_ad1|1784,1906,1902,1938|0.00
197590|WindowsForms10.STATIC.app.0.34f5582_r7_ad1|642,1906,2794,1934|Mach
17563706|WindowsForms10.Window.8.app.0.34f5582_r7_ad1|18,454,3592,1834|
17367892|WindowsForms10.Window.8.app.0.34f5582_r7_ad1|4,1846,3600,1932|
17694808|WindowsForms10.Window.8.app.0.34f5582_r7_ad1|0,94,3600,162|ToolStrip1
14024914|WindowsForms10.Window.8.app.0.34f5582_r7_ad1|0,46,3600,94|MenuStrip1
22545578|WindowsForms10.Window.8.app.0.34f5582_r7_ad1|-16,-16,3616,1992|RASAero II 
12846068|WindowsForms10.Window.8.app.0.34f5582_r7_ad1|0,168,3600,1978|
15270590|WindowsForms10.Window.8.app.0.34f5582_r7_ad1|0,168,3600,438|
13042148|WindowsForms10.EDIT.app.0.34f5582_r7_ad1|340,188,1282,270|Hsq-restart-check
10420252|WindowsForms10.EDIT.app.0.34f5582_r7_ad1|418,294,1162,376|Motor: I500T-14A  (AT)  Loaded Wt. (lb) 14.5064
1376846|WindowsForms10.LISTBOX.app.0.34f5582_r7_ad1|18,188,316,378|
197594|WindowsForms10.Window.8.app.0.34f5582_r7_ad1|0,446,3600,1978|
1967486|WindowsForms10.Window.8.app.0.34f5582_r7_ad1|1780,1902,1906,1942|
5834114|WindowsForms10.EDIT.app.0.34f5582_r7_ad1|1784,1906,1902,1938|0.00
197590|WindowsForms10.STATIC.app.0.34f5582_r7_ad1|642,1906,2794,1934|Mach
17563706|WindowsForms10.Window.8.app.0.34f5582_r7_ad1|18,454,3592,1834|
17367892|WindowsForms10.Window.8.app.0.34f5582_r7_ad1|4,1846,3600,1932|
17694808|WindowsForms10.Window.8.app.0.34f5582_r7_ad1|0,94,3600,162|ToolStrip1
14024914|WindowsForms10.Window.8.app.0.34f5582_r7_ad1|0,46,3600,94|MenuStrip1
5243834|WindowsForms10.Window.8.app.0.34f5582_r7_ad1|312,312,1886,1466|Aero Plots
25428854|WindowsForms10.STATIC.app.0.34f5582_r7_ad1|878,432,1050,466|Plot Data to:
22610818|WindowsForms10.COMBOBOX.app.0.34f5582_r7_ad1|1060,428,1232,470|Mach 25
22085722|WindowsForms10.Window.8.app.0.34f5582_r7_ad1|352,494,1902,1440|
16187570|WindowsForms10.Window.8.app.0.34f5582_r7_ad1|352,494,1902,1238|
5965244|WindowsForms10.Window.8.app.0.34f5582_r7_ad1|360,524,1870,1230|
23462106|WindowsForms10.Window.8.app.0.34f5582_r7_ad1|352,1246,1902,1440|
23920776|WindowsForms10.Window.8.app.0.34f5582_r7_ad1|364,1250,1848,1428|
21823968|WindowsForms10.SCROLLBAR.app.0.34f5582_r7_ad1|366,1392,1812,1426|
17104974|WindowsForms10.SCROLLBAR.app.0.34f5582_r7_ad1|1812,1252,1846,1392|
20578536|WindowsForms10.COMBOBOX.app.0.34f5582_r7_ad1|598,424,850,466|Mach Number
22348484|WindowsForms10.COMBOBOX.app.0.34f5582_r7_ad1|360,426,586,468|CD
22609954|WindowsForms10.Window.8.app.0.34f5582_r7_ad1|328,374,1870,422|MenuStrip1
22545578|WindowsForms10.Window.8.app.0.34f5582_r7_ad1|-16,-16,3616,1992|RASAero II 
12846068|WindowsForms10.Window.8.app.0.34f5582_r7_ad1|0,168,3600,1978|
15270590|WindowsForms10.Window.8.app.0.34f5582_r7_ad1|0,168,3600,438|
13042148|WindowsForms10.EDIT.app.0.34f5582_r7_ad1|340,188,1282,270|Hsq-restart-check
10420252|WindowsForms10.EDIT.app.0.34f5582_r7_ad1|418,294,1162,376|Motor: I500T-14A  (AT)  Loaded Wt. (lb) 14.5064
1376846|WindowsForms10.LISTBOX.app.0.34f5582_r7_ad1|18,188,316,378|
197594|WindowsForms10.Window.8.app.0.34f5582_r7_ad1|0,446,3600,1978|
1967486|WindowsForms10.Window.8.app.0.34f5582_r7_ad1|1780,1902,1906,1942|
5834114|WindowsForms10.EDIT.app.0.34f5582_r7_ad1|1784,1906,1902,1938|0.00
197590|WindowsForms10.STATIC.app.0.34f5582_r7_ad1|642,1906,2794,1934|Mach
17563706|WindowsForms10.Window.8.app.0.34f5582_r7_ad1|18,454,3592,1834|
17367892|WindowsForms10.Window.8.app.0.34f5582_r7_ad1|4,1846,3600,1932|
17694808|WindowsForms10.Window.8.app.0.34f5582_r7_ad1|0,94,3600,162|ToolStrip1
14024914|WindowsForms10.Window.8.app.0.34f5582_r7_ad1|0,46,3600,94|MenuStrip1
5243834|WindowsForms10.Window.8.app.0.34f5582_r7_ad1|312,312,1886,1466|Aero Plots
25428854|WindowsForms10.STATIC.app.0.34f5582_r7_ad1|878,432,1050,466|Plot Data to:
22610818|WindowsForms10.COMBOBOX.app.0.34f5582_r7_ad1|1060,428,1232,470|Mach 25
22085722|WindowsForms10.Window.8.app.0.34f5582_r7_ad1|352,494,1902,1440|
16187570|WindowsForms10.Window.8.app.0.34f5582_r7_ad1|352,494,1902,1238|
5965244|WindowsForms10.Window.8.app.0.34f5582_r7_ad1|360,524,1870,1230|
23462106|WindowsForms10.Window.8.app.0.34f5582_r7_ad1|352,1246,1902,1440|
23920776|WindowsForms10.Window.8.app.0.34f5582_r7_ad1|364,1250,1848,1428|
21823968|WindowsForms10.SCROLLBAR.app.0.34f5582_r7_ad1|366,1392,1812,1426|
17104974|WindowsForms10.SCROLLBAR.app.0.34f5582_r7_ad1|1812,1252,1846,1392|
20578536|WindowsForms10.COMBOBOX.app.0.34f5582_r7_ad1|598,424,850,466|Mach Number
22348484|WindowsForms10.COMBOBOX.app.0.34f5582_r7_ad1|360,426,586,468|CD
22609954|WindowsForms10.Window.8.app.0.34f5582_r7_ad1|328,374,1870,422|MenuStrip1
22545578|WindowsForms10.Window.8.app.0.34f5582_r7_ad1|-16,-16,3616,1992|RASAero II 
12846068|WindowsForms10.Window.8.app.0.34f5582_r7_ad1|0,168,3600,1978|
15270590|WindowsForms10.Window.8.app.0.34f5582_r7_ad1|0,168,3600,438|
13042148|WindowsForms10.EDIT.app.0.34f5582_r7_ad1|340,188,1282,270|Hsq-restart-check
10420252|WindowsForms10.EDIT.app.0.34f5582_r7_ad1|418,294,1162,376|Motor: I500T-14A  (AT)  Loaded Wt. (lb) 14.5064
1376846|WindowsForms10.LISTBOX.app.0.34f5582_r7_ad1|18,188,316,378|
197594|WindowsForms10.Window.8.app.0.34f5582_r7_ad1|0,446,3600,1978|
1967486|WindowsForms10.Window.8.app.0.34f5582_r7_ad1|1780,1902,1906,1942|
5834114|WindowsForms10.EDIT.app.0.34f5582_r7_ad1|1784,1906,1902,1938|0.00
197590|WindowsForms10.STATIC.app.0.34f5582_r7_ad1|642,1906,2794,1934|Mach
17563706|WindowsForms10.Window.8.app.0.34f5582_r7_ad1|18,454,3592,1834|
17367892|WindowsForms10.Window.8.app.0.34f5582_r7_ad1|4,1846,3600,1932|
17694808|WindowsForms10.Window.8.app.0.34f5582_r7_ad1|0,94,3600,162|ToolStrip1
14024914|WindowsForms10.Window.8.app.0.34f5582_r7_ad1|0,46,3600,94|MenuStrip1
5243834|WindowsForms10.Window.8.app.0.34f5582_r7_ad1|312,312,1886,1466|Aero Plots
25428854|WindowsForms10.STATIC.app.0.34f5582_r7_ad1|878,432,1050,466|Plot Data to:
22610818|WindowsForms10.COMBOBOX.app.0.34f5582_r7_ad1|1060,428,1232,470|Mach 25
22085722|WindowsForms10.Window.8.app.0.34f5582_r7_ad1|352,494,1902,1440|
16187570|WindowsForms10.Window.8.app.0.34f5582_r7_ad1|352,494,1902,1238|
5965244|WindowsForms10.Window.8.app.0.34f5582_r7_ad1|360,524,1870,1230|
23462106|WindowsForms10.Window.8.app.0.34f5582_r7_ad1|352,1246,1902,1440|
23920776|WindowsForms10.Window.8.app.0.34f5582_r7_ad1|364,1250,1848,1428|
21823968|WindowsForms10.SCROLLBAR.app.0.34f5582_r7_ad1|366,1392,1812,1426|
17104974|WindowsForms10.SCROLLBAR.app.0.34f5582_r7_ad1|1812,1252,1846,1392|
20578536|WindowsForms10.COMBOBOX.app.0.34f5582_r7_ad1|598,424,850,466|Mach Number
22348484|WindowsForms10.COMBOBOX.app.0.34f5582_r7_ad1|360,426,586,468|CD
22609954|WindowsForms10.Window.8.app.0.34f5582_r7_ad1|328,374,1870,422|MenuStrip1
22545578|WindowsForms10.Window.8.app.0.34f5582_r7_ad1|-16,-16,3616,1992|RASAero II 
12846068|WindowsForms10.Window.8.app.0.34f5582_r7_ad1|0,168,3600,1978|
15270590|WindowsForms10.Window.8.app.0.34f5582_r7_ad1|0,168,3600,438|
13042148|WindowsForms10.EDIT.app.0.34f5582_r7_ad1|340,188,1282,270|Hsq-restart-check
10420252|WindowsForms10.EDIT.app.0.34f5582_r7_ad1|418,294,1162,376|Motor: I500T-14A  (AT)  Loaded Wt. (lb) 14.5064
1376846|WindowsForms10.LISTBOX.app.0.34f5582_r7_ad1|18,188,316,378|
197594|WindowsForms10.Window.8.app.0.34f5582_r7_ad1|0,446,3600,1978|
1967486|WindowsForms10.Window.8.app.0.34f5582_r7_ad1|1780,1902,1906,1942|
5834114|WindowsForms10.EDIT.app.0.34f5582_r7_ad1|1784,1906,1902,1938|0.00
197590|WindowsForms10.STATIC.app.0.34f5582_r7_ad1|642,1906,2794,1934|Mach
17563706|WindowsForms10.Window.8.app.0.34f5582_r7_ad1|18,454,3592,1834|
17367892|WindowsForms10.Window.8.app.0.34f5582_r7_ad1|4,1846,3600,1932|
17694808|WindowsForms10.Window.8.app.0.34f5582_r7_ad1|0,94,3600,162|ToolStrip1
14024914|WindowsForms10.Window.8.app.0.34f5582_r7_ad1|0,46,3600,94|MenuStrip1
EXPORTED Hsq-restart-check
