/COM,ANSYS RELEASE 2026 R1.02        BUILD 26.1      UP20260202       14:37:04

 *** WARNING ***                         ELAPSED TIME =       6.108   TIME= 14:37:06
 A boundary condition has been applied on 1 degrees of freedom of the    
 nodes belonging to the constraint element(MPC184) 3072.  It is likely   
 that the system may encounter solver difficulties due to                
 overconstraining.                                                       

 *** WARNING ***                         ELAPSED TIME =       6.108   TIME= 14:37:06
 A boundary condition has been applied on 1 degrees of freedom of the    
 nodes belonging to the constraint element(MPC184) 3073.  It is likely   
 that the system may encounter solver difficulties due to                
 overconstraining.                                                       

 *** WARNING ***                         ELAPSED TIME =       6.109   TIME= 14:37:06
 A boundary condition has been applied on 1 degrees of freedom of the    
 nodes belonging to the constraint element(MPC184) 2681.  It is likely   
 that the system may encounter solver difficulties due to                
 overconstraining.                                                       

 *** WARNING ***                         ELAPSED TIME =       6.109   TIME= 14:37:06
 A boundary condition has been applied on 1 degrees of freedom of the    
 nodes belonging to the constraint element(MPC184) 2680.  It is likely   
 that the system may encounter solver difficulties due to                
 overconstraining.                                                       

 *** WARNING ***                         ELAPSED TIME =       6.111   TIME= 14:37:06
 A boundary condition has been applied on 1 degrees of freedom of the    
 nodes belonging to the constraint element(MPC184) 3074.  It is likely   
 that the system may encounter solver difficulties due to                
 overconstraining.                                                       

 *** WARNING ***                         ELAPSED TIME =       6.111   TIME= 14:37:06
 A boundary condition has been applied on 1 degrees of freedom of the    
 nodes belonging to the constraint element(MPC184) 2682.  It is likely   
 that the system may encounter solver difficulties due to                
 overconstraining.                                                       

 *** WARNING ***                         ELAPSED TIME =       6.111   TIME= 14:37:06
 A boundary condition has been applied on 1 degrees of freedom of the    
 nodes belonging to the constraint element(MPC184) 2683.  It is likely   
 that the system may encounter solver difficulties due to                
 overconstraining.                                                       

 *** WARNING ***                         ELAPSED TIME =       6.111   TIME= 14:37:06
 A boundary condition has been applied on 1 degrees of freedom of the    
 nodes belonging to the constraint element(MPC184) 3075.  It is likely   
 that the system may encounter solver difficulties due to                
 overconstraining.                                                       

 *** WARNING ***                         ELAPSED TIME =       6.111   TIME= 14:37:06
 A boundary condition has been applied on 1 degrees of freedom of the    
 nodes belonging to the constraint element(MPC184) 2684.  It is likely   
 that the system may encounter solver difficulties due to                
 overconstraining.                                                       

 *** WARNING ***                         ELAPSED TIME =       6.111   TIME= 14:37:06
 A boundary condition has been applied on 1 degrees of freedom of the    
 nodes belonging to the constraint element(MPC184) 3076.  It is likely   
 that the system may encounter solver difficulties due to                
 overconstraining.                                                       

 *** WARNING ***                         ELAPSED TIME =       6.111   TIME= 14:37:06
 A boundary condition has been applied on 1 degrees of freedom of the    
 nodes belonging to the constraint element(MPC184) 2685.  It is likely   
 that the system may encounter solver difficulties due to                
 overconstraining.                                                       

 *** WARNING ***                         ELAPSED TIME =       6.111   TIME= 14:37:06
 A boundary condition has been applied on 1 degrees of freedom of the    
 nodes belonging to the constraint element(MPC184) 3077.  It is likely   
 that the system may encounter solver difficulties due to                
 overconstraining.                                                       

 *** WARNING ***                         ELAPSED TIME =       6.111   TIME= 14:37:06
 A boundary condition has been applied on 1 degrees of freedom of the    
 nodes belonging to the constraint element(MPC184) 2686.  It is likely   
 that the system may encounter solver difficulties due to                
 overconstraining.                                                       

 *** WARNING ***                         ELAPSED TIME =       6.350   TIME= 14:37:06
 Pivoting has been activated for the Sparse Matrix Solver.  The memory   
 required may greatly exceed the predicted amount.  In that event, use   
 the DSPOPTION command to change the memory mode and/or memory size      
 used by the Sparse Matrix Solver.                                       
