/COM,ANSYS RELEASE 2026 R1.02        BUILD 26.1      UP20260202       21:24:50

 *** WARNING ***                         ELAPSED TIME =      16.767   TIME= 21:25:01
 Parameter _APDLBOLTCSIDS already exists.  It is deleted and redefined   
 by the *DIM command.                                                    

 *** WARNING ***                         ELAPSED TIME =      17.612   TIME= 21:25:02
 Parameter _APDLBOLTCSIDS already exists.  It is deleted and redefined   
 by the *DIM command.                                                    

 *** WARNING ***                         ELAPSED TIME =      18.455   TIME= 21:25:03
 Parameter _APDLBOLTCSIDS already exists.  It is deleted and redefined   
 by the *DIM command.                                                    

 *** WARNING ***                         ELAPSED TIME =      19.057   TIME= 21:25:03
 Parameter _APDLBOLTCSIDS already exists.  It is deleted and redefined   
 by the *DIM command.                                                    

 *** WARNING ***                         ELAPSED TIME =      20.128   TIME= 21:25:04
 Parameter _APDLBOLTCSIDS already exists.  It is deleted and redefined   
 by the *DIM command.                                                    

 *** WARNING ***                         ELAPSED TIME =      21.535   TIME= 21:25:06
 Parameter _APDLBOLTCSIDS already exists.  It is deleted and redefined   
 by the *DIM command.                                                    

 *** WARNING ***                         ELAPSED TIME =      21.541   TIME= 21:25:06
 Parameter _APDLBOLTCSIDS already exists.  It is deleted and redefined   
 by the *DIM command.                                                    

 *** WARNING ***                         ELAPSED TIME =      21.547   TIME= 21:25:06
 Parameter _APDLBOLTCSIDS already exists.  It is deleted and redefined   
 by the *DIM command.                                                    

 *** WARNING ***                         ELAPSED TIME =      21.551   TIME= 21:25:06
 Parameter _APDLBOLTCSIDS already exists.  It is deleted and redefined   
 by the *DIM command.                                                    

 *** WARNING ***                         ELAPSED TIME =      21.555   TIME= 21:25:06
 Parameter _APDLBOLTCSIDS already exists.  It is deleted and redefined   
 by the *DIM command.                                                    

 *** WARNING ***                         ELAPSED TIME =      21.634   TIME= 21:25:06
 Parameter _APDLBOLTCSIDS already exists.  It is deleted and redefined   
 by the *DIM command.                                                    

 *** WARNING ***                         ELAPSED TIME =      22.338   TIME= 21:25:07
 Element shape errors, if any, are currently shown as warnings only.     
 Issue SHPP,ON to restore shape error traps, if desired.                 

 *** WARNING ***                         ELAPSED TIME =      22.595   TIME= 21:25:07
 No shape testing has been performed on 33389 of the 51207 selected      
 elements.  To perform shape testing on these elements and see any       
 warning messages about the others, please issue the CHECK command.      

 *** WARNING ***                         ELAPSED TIME =      22.888   TIME= 21:25:07
 Material number 624 (used by element 72426) should normally have at     
 least one MP or one TB type command associated with it.  Output of      
 energy by material may not be available.                                

 *** WARNING ***                         ELAPSED TIME =      26.876   TIME= 21:25:11
 Overconstraint may occur for Lagrange multiplier or MPC based contact   
 algorithm.                                                              

 *** WARNING ***                         ELAPSED TIME =      26.877   TIME= 21:25:11
 Certain contact elements (for example 71600 & 62685) overlap with       
 other.                                                                  

 *** WARNING ***                         ELAPSED TIME =      26.878   TIME= 21:25:11
 Certain contact pairs (for example 482 & 340) overlap with other.       

 *** WARNING ***                         ELAPSED TIME =      28.321   TIME= 21:25:13
 Overconstraint may occur for Lagrange multiplier or MPC based contact   
 algorithm.                                                              

 *** WARNING ***                         ELAPSED TIME =      28.321   TIME= 21:25:13
 Certain contact elements (for example 80520 & 68246) overlap with       
 other.                                                                  

 *** WARNING ***                         ELAPSED TIME =      30.926   TIME= 21:25:15
 Overconstraint may occur for Lagrange multiplier or MPC based contact   
 algorithm.                                                              

 *** WARNING ***                         ELAPSED TIME =      30.926   TIME= 21:25:15
 Certain contact elements (for example 80520 & 68246) overlap with       
 other.                                                                  

 *** WARNING ***                         ELAPSED TIME =      43.185   TIME= 21:25:27
 Multiple constraints have been applied on degree of freedom 1 of        
 contact node 3923 (may be more nodes).  The program will remove         
 certain internal MPCs.  Please check the model carefully.               

 *** ERROR ***                           ELAPSED TIME =      71.383   TIME= 21:25:56
 The solver has detected at least one small pivot term in the equation   
 system (for example, at the UZ degree of freedom of node 1391).  This   
 may indicate that the model is insufficiently constrained.  Review the  
 model setup to ensure proper constraints.  The list of small equation   
 solver pivot values and their corresponding nodes and degrees of        
 freedom is provided below.                                              

 *** WARNING ***                         ELAPSED TIME =      71.594   TIME= 21:25:56
 An extremely large pivot ratio has been detected by the sparse solver.  
 This usually indicates a very ill-conditioned matrix or possibly        
 rigid-body motion.  The solution may be inaccurate or even erroneous.   
 Please check your results carefully.                                    
