
 Check complete.


 *------------------------------------------------------------------*
 |                                                                  |
 |   W E L C O M E   T O   T H E   A N S Y S (R)  P R O G R A M     |
 |                                                                  |
 *------------------------------------------------------------------*




 ***************************************************************
 *         ANSYS MAPDL 2026 R1.02       LEGAL NOTICES          *
 ***************************************************************
 *                                                             *
 * Copyright (c) 2026 Synopsys, Inc. and ANSYS, Inc.           *
 * All rights reserved.                                        *
 * Unauthorized use, distribution or duplication is            *
 * prohibited.                                                 *
 *                                                             *
 * Ansys is a registered trademark of Ansys, Inc. or its       *
 * subsidiaries in the United States or other countries.       *
 * See the Ansys, Inc. online documentation or the Ansys, Inc. *
 * documentation CD or online help for the complete Legal      *
 * Notice.                                                     *
 *                                                             *
 ***************************************************************
 *                                                             *
 * THIS ANSYS SOFTWARE PRODUCT AND PROGRAM DOCUMENTATION       *
 * INCLUDE TRADE SECRETS AND CONFIDENTIAL AND PROPRIETARY      *
 * PRODUCTS OF ANSYS, INC., ITS SUBSIDIARIES, OR LICENSORS.    *
 * The software products and documentation are furnished by    *
 * Ansys, Inc. or its subsidiaries under a software license    *
 * agreement that contains provisions concerning               *
 * non-disclosure, copying, length and nature of use,          *
 * compliance with exporting laws, warranties, disclaimers,    *
 * limitations of liability, and remedies, and other           *
 * provisions.  The software products and documentation may be *
 * used, disclosed, transferred, or copied only in accordance  *
 * with the terms and conditions of that software license      *
 * agreement.                                                  *
 *                                                             *
 * Ansys, Inc. is a UL registered                              *
 * ISO 9001:2015 company.                                      *
 *                                                             *
 ***************************************************************
 *                                                             *
 * This product is subject to U.S. laws governing export and   *
 * re-export.                                                  *
 *                                                             *
 * For U.S. Government users, except as specifically granted   *
 * by the Ansys, Inc. software license agreement, the use,     *
 * duplication, or disclosure by the United States Government  *
 * is subject to restrictions stated in the Ansys, Inc.        *
 * software license agreement and FAR 12.212 (for non-DOD      *
 * licenses).                                                  *
 *                                                             *
 ***************************************************************

 2026 R1.02  
     
 Point Releases and Patches installed:   
     
 Ansys Service Pack 2026 R1.01   
 Ansys Service Pack 2026 R1.02   
 Ansys, Inc. License Manager 2026 R1 
 Ansys, Inc. License Manager 2026 R1.01  
 Ansys, Inc. License Manager 2026 R1.02  
 Discovery (reduced install) 2026 R1 
 Discovery (reduced install) 2026 R1.01  
 Discovery (reduced install) 2026 R1.02  
 Core WB Files 2026 R1   
 Core WB Files 2026 R1.01
 Core WB Files 2026 R1.02
 BladeModeler 2026 R1
 BladeModeler 2026 R1.01 
 BladeModeler 2026 R1.02 
 CFX (includes CFD-Post) 2026 R1 
 CFX (includes CFD-Post) 2026 R1.01  
 CFX (includes CFD-Post) 2026 R1.02  
 CFD-Post only 2026 R1   
 CFD-Post only 2026 R1.01
 CFD-Post only 2026 R1.02
 Chemkin 2026 R1 
 Chemkin 2026 R1.01  
 Chemkin 2026 R1.02  
 EnSight 2026 R1 
 EnSight 2026 R1.01  
 EnSight 2026 R1.02  
 FENSAP-ICE 2026 R1  
 FENSAP-ICE 2026 R1.01   
 FENSAP-ICE 2026 R1.02   
 Fluent (includes CFD-Post) 2026 R1  
 Fluent (includes CFD-Post) 2026 R1.01   
 Fluent (includes CFD-Post) 2026 R1.02   
 Polyflow (includes CFD-Post) 2026 R1
 Polyflow (includes CFD-Post) 2026 R1.01 
 Polyflow (includes CFD-Post) 2026 R1.02 
 Forte (includes EnSight) 2026 R1
 Forte (includes EnSight) 2026 R1.01 
 Forte (includes EnSight) 2026 R1.02 
 ICEM CFD 2026 R1
 ICEM CFD 2026 R1.01 
 ICEM CFD 2026 R1.02 
 RBF Morph Fluids UDF 2026 R1
 RBF Morph Fluids UDF 2026 R1.01 
 RBF Morph Fluids UDF 2026 R1.02 
 RBF Morph Libraries 2026 R1 
 RBF Morph Libraries 2026 R1.01  
 RBF Morph Libraries 2026 R1.02  
 Rocky 2026 R1   
 Rocky 2026 R1.01
 Rocky 2026 R1.02
 Thermal Desktop: AutoCAD 2026 R1
 Thermal Desktop: AutoCAD 2026 R1.01 
 Thermal Desktop: AutoCAD 2026 R1.02 
 Thermal Desktop: Thermal Desktop and TD Designer  2026 R1   
 Thermal Desktop: Thermal Desktop and TD Designer  2026 R1.01
 Thermal Desktop: Thermal Desktop and TD Designer  2026 R1.02
 Thermal Desktop: Sinda Solver 2026 R1   
 Thermal Desktop: Sinda Solver 2026 R1.01
 Thermal Desktop: Sinda Solver 2026 R1.02
 TurboGrid 2026 R1   
 TurboGrid 2026 R1.01
 TurboGrid 2026 R1.02
 Granta EduPack 2026 R1  
 Granta EduPack 2026 R1.01   
 Granta EduPack 2026 R1.02   
 Granta Selector 2026 R1 
 Granta Selector 2026 R1.01  
 Granta Selector 2026 R1.02  
 Dynamic Reporting 2026 R1   
 Dynamic Reporting 2026 R1.01
 Dynamic Reporting 2026 R1.02
 Remote Solve Manager Standalone Services 2026 R1
 Remote Solve Manager Standalone Services 2026 R1.01 
 Remote Solve Manager Standalone Services 2026 R1.02 
 Aqwa 2026 R1
 Aqwa 2026 R1.01 
 Aqwa 2026 R1.02 
 Autodyn 2026 R1 
 Autodyn 2026 R1.01  
 Autodyn 2026 R1.02  
 Customization Files for User Programmable Features 2026 R1  
 Customization Files for User Programmable Features 2026 R1.01   
 Customization Files for User Programmable Features 2026 R1.02   
 LS-DYNA 2026 R1 
 LS-DYNA 2026 R1.01  
 LS-DYNA 2026 R1.02  
 Material Calibration App 2026 R1
 Material Calibration App 2026 R1.01 
 Material Calibration App 2026 R1.02 
 Material Designer 2026 R1   
 Material Designer 2026 R1.01
 Material Designer 2026 R1.02
 Mechanical Products 2026 R1 
 Mechanical Products 2026 R1.01  
 Mechanical Products 2026 R1.02  
 Motion 2026 R1  
 Motion 2026 R1.01   
 Motion 2026 R1.02   
 RBF Morph 2026 R1   
 RBF Morph 2026 R1.01
 RBF Morph 2026 R1.02
 Sherlock 2026 R1
 Sherlock 2026 R1.01 
 Sherlock 2026 R1.02 
 Sound - SAS 2026 R1 
 Sound - SAS 2026 R1.01  
 Sound - SAS 2026 R1.02  
 ACIS Geometry Interface 2026 R1 
 ACIS Geometry Interface 2026 R1.01  
 ACIS Geometry Interface 2026 R1.02  
 AutoCAD Geometry Interface 2026 R1  
 AutoCAD Geometry Interface 2026 R1.01   
 AutoCAD Geometry Interface 2026 R1.02   
 Catia, Version 4 Geometry Interface 2026 R1 
 Catia, Version 4 Geometry Interface 2026 R1.01  
 Catia, Version 4 Geometry Interface 2026 R1.02  
 Catia, Version 5 Geometry Interface 2026 R1 
 Catia, Version 5 Geometry Interface 2026 R1.01  
 Catia, Version 5 Geometry Interface 2026 R1.02  
 Catia, Version 6 Geometry Interface 2026 R1 
 Catia, Version 6 Geometry Interface 2026 R1.01  
 Catia, Version 6 Geometry Interface 2026 R1.02  
 Creo Elements/Direct Modeling Geometry Interface 2026 R1
 Creo Elements/Direct Modeling Geometry Interface 2026 R1.01 
 Creo Elements/Direct Modeling Geometry Interface 2026 R1.02 
 Creo Parametric Geometry Interface 2026 R1  
 Creo Parametric Geometry Interface 2026 R1.01   
 Creo Parametric Geometry Interface 2026 R1.02   
 Inventor Geometry Interface 2026 R1 
 Inventor Geometry Interface 2026 R1.01  
 Inventor Geometry Interface 2026 R1.02  
 JTOpen Geometry Interface 2026 R1   
 JTOpen Geometry Interface 2026 R1.01
 JTOpen Geometry Interface 2026 R1.02
 NX Geometry Interface 2026 R1   
 NX Geometry Interface 2026 R1.01
 NX Geometry Interface 2026 R1.02
 Parasolid Geometry Interface  2026 R1   
 Parasolid Geometry Interface  2026 R1.01
 Parasolid Geometry Interface  2026 R1.02
 Solid Edge Geometry Interface 2026 R1   
 Solid Edge Geometry Interface 2026 R1.01
 Solid Edge Geometry Interface 2026 R1.02
 SOLIDWORKS Geometry Interface 2026 R1   
 SOLIDWORKS Geometry Interface 2026 R1.01
 SOLIDWORKS Geometry Interface 2026 R1.02


          *****  MAPDL COMMAND LINE ARGUMENTS  *****
  INITIAL JOBNAME              = ansys-NF                                                                                                                                                                                                                                                
  BATCH MODE REQUESTED (-b)    = NOLIST
  INPUT FILE COPY MODE (-c)    = COPY
  SHARED MEMORY PARALLEL REQUESTED
    SINGLE PROCESS WITH SINGLE THREAD REQUESTED
    TOTAL OF     1 CORES REQUESTED
  INPUT FILE NAME              = Z:\Developer\MIT_Rkt_Team\2026-7\MIT-RT-26_27-Work\simulation_work\avionics\powerboardsim\1\powerboardsim_v1_files\dp0\global\SHER\SHER\PCB_sim_1\PCB1\modules\NaturalFreq\ansys-NF.apdl
  OUTPUT FILE NAME             = Z:\Developer\MIT_Rkt_Team\2026-7\MIT-RT-26_27-Work\simulation_work\avionics\powerboardsim\1\powerboardsim_v1_files\dp0\global\SHER\SHER\PCB_sim_1\PCB1\modules\NaturalFreq\ansys-NF.out

 RELEASE= 2026 R1.02           BUILD= 26.1      UP20260202   VERSION=WINDOWS x64 
 CURRENT JOBNAME=ansys-NF  13:13:01  OCT 04, 2026  Elapsed Time=       0.078


 RUN SETUP PROCEDURE FROM FILE= C:\Program Files\ANSYS Inc\v261\Ansys\apdl\start.ans

 /INPUT FILE= C:\Program Files\ANSYS Inc\v261\Ansys\apdl\start.ans  LINE=       0

 /INPUT FILE= ansys-FEAModel.apdl  LINE=       0

 MESSAGE POPUP LEVEL =    3

 AUTO REPLOT KEY =    0

 CLEAR DATABASE AND RERUN START.ANS

 RUN SETUP PROCEDURE FROM FILE= C:\Program Files\ANSYS Inc\v261\Ansys\apdl\start.ans

 /INPUT FILE= C:\Program Files\ANSYS Inc\v261\Ansys\apdl\start.ans  LINE=       0

 TITLE= 
 PCB1                                                                          


 *** MAPDL - ENGINEERING ANALYSIS SYSTEM  RELEASE 2026 R1.02       26.1     ***
 Ansys Mechanical Enterprise                       
 00000000  VERSION=WINDOWS x64   13:13:02  OCT 04, 2026 Elapsed Time=      4.681

 PCB1                                                                          



          ***** MAPDL ANALYSIS DEFINITION (PREP7) *****
 --------------------------------------------------
 Sherlock Mesh Model
 --------------------------------------------------
 +++ Node Definitions
 +++ Solid PCB_MESH_PCB (type=PCB, material=PCB)
 +++ Constraint MP_001_TOP_1 (Mount Hole MP2)
 +++ Constraint MP_001_BOTTOM_1 (Mount Hole MP2)
 +++ Constraint MP_002_TOP_1 (Mount Hole MP4)
 +++ Constraint MP_002_BOTTOM_1 (Mount Hole MP4)
 +++ Constraint MP_003_TOP_1 (Mount Hole MP6)
 +++ Constraint MP_003_BOTTOM_1 (Mount Hole MP6)
 +++ Constraint MP_004_TOP_1 (Mount Hole MP7)
 +++ Constraint MP_004_BOTTOM_1 (Mount Hole MP7)
 +++ Constraint MP_005_TOP_1 (Mount Hole MP16)
 +++ Constraint MP_005_BOTTOM_1 (Mount Hole MP16)
 +++ Constraint MP_006_TOP_1 (Mount Hole MP17)
 +++ Constraint MP_006_BOTTOM_1 (Mount Hole MP17)
 +++ Solid COMP_C1 (type=Component, material=ALUMINA)
 +++ Solid COMP_C10 (type=Component, material=ALUMINA)
 +++ Solid COMP_C11 (type=Component, material=ALUMINA)
 +++ Solid COMP_C12 (type=Component, material=ALUMINA)
 +++ Solid COMP_C13 (type=Component, material=ALUMINA)
 +++ Solid COMP_C14 (type=Component, material=ALUMINA)
 +++ Solid COMP_C15 (type=Component, material=ALUMINA)
 +++ Solid COMP_C16 (type=Component, material=ALUMINA)
 +++ Solid COMP_C17 (type=Component, material=ALUMINA)
 +++ Solid COMP_C18 (type=Component, material=ALUMINA)
 +++ Solid COMP_C19 (type=Component, material=ALUMINA)
 +++ Solid COMP_C2 (type=Component, material=ALUMINA)
 +++ Solid COMP_C20 (type=Component, material=ALUMINA)
 +++ Solid COMP_C21 (type=Component, material=EPOXYENCAPSULANT)
 +++ Solid COMP_C22 (type=Component, material=ALUMINA)
 +++ Solid COMP_C23 (type=Component, material=ALUMINA)
 +++ Solid COMP_C24 (type=Component, material=ALUMINA)
 +++ Solid COMP_C25 (type=Component, material=ALUMINA)
 +++ Solid COMP_C26 (type=Component, material=ALUMINA)
 +++ Solid COMP_C27 (type=Component, material=ALUMINA)
 +++ Solid COMP_C28 (type=Component, material=ALUMINA)
 +++ Solid COMP_C29 (type=Component, material=ALUMINA)
 +++ Solid COMP_C3 (type=Component, material=EPOXYENCAPSULANT)
 +++ Solid COMP_C30 (type=Component, material=ALUMINA)
 +++ Solid COMP_C31 (type=Component, material=ALUMINA)
 +++ Solid COMP_C32 (type=Component, material=EPOXYENCAPSULANT)
 +++ Solid COMP_C33 (type=Component, material=ALUMINA)
 +++ Solid COMP_C34 (type=Component, material=ALUMINA)
 +++ Solid COMP_C35 (type=Component, material=ALUMINA)
 +++ Solid COMP_C36 (type=Component, material=ALUMINA)
 +++ Solid COMP_C37 (type=Component, material=ALUMINA)
 +++ Solid COMP_C38 (type=Component, material=EPOXYENCAPSULANT)
 +++ Solid COMP_C39 (type=Component, material=ALUMINA)
 +++ Solid COMP_C4 (type=Component, material=ALUMINA)
 +++ Solid COMP_C40 (type=Component, material=ALUMINA)
 +++ Solid COMP_C41 (type=Component, material=ALUMINA)
 +++ Solid COMP_C42 (type=Component, material=ALUMINA)
 +++ Solid COMP_C43 (type=Component, material=ALUMINA)
 +++ Solid COMP_C44 (type=Component, material=ALUMINA)
 +++ Solid COMP_C45 (type=Component, material=ALUMINA)
 +++ Solid COMP_C46 (type=Component, material=ALUMINA)
 +++ Solid COMP_C47 (type=Component, material=ALUMINA)
 +++ Solid COMP_C48 (type=Component, material=ALUMINA)
 +++ Solid COMP_C49 (type=Component, material=ALUMINA)
 +++ Solid COMP_C5 (type=Component, material=ALUMINA)
 +++ Solid COMP_C50 (type=Component, material=ALUMINA)
 +++ Solid COMP_C51 (type=Component, material=ALUMINA)
 +++ Solid COMP_C52 (type=Component, material=ALUMINA)
 +++ Solid COMP_C53 (type=Component, material=ALUMINA)
 +++ Solid COMP_C54 (type=Component, material=ALUMINA)
 +++ Solid COMP_C55 (type=Component, material=ALUMINA)
 +++ Solid COMP_C56 (type=Component, material=EPOXYENCAPSULANT)
 +++ Solid COMP_C57 (type=Component, material=ALUMINA)
 +++ Solid COMP_C58 (type=Component, material=ALUMINA)
 +++ Solid COMP_C59 (type=Component, material=ALUMINA)
 +++ Solid COMP_C6 (type=Component, material=ALUMINA)
 +++ Solid COMP_C60 (type=Component, material=ALUMINA)
 +++ Solid COMP_C61 (type=Component, material=ALUMINA)
 +++ Solid COMP_C62 (type=Component, material=ALUMINA)
 +++ Solid COMP_C63 (type=Component, material=ALUMINA)
 +++ Solid COMP_C64 (type=Component, material=ALUMINA)
 +++ Solid COMP_C65 (type=Component, material=ALUMINA)
 +++ Solid COMP_C66 (type=Component, material=ALUMINA)
 +++ Solid COMP_C67 (type=Component, material=ALUMINA)
 +++ Solid COMP_C68 (type=Component, material=ALUMINA)
 +++ Solid COMP_C69 (type=Component, material=ALUMINA)
 +++ Solid COMP_C7 (type=Component, material=ALUMINA)
 +++ Solid COMP_C70 (type=Component, material=ALUMINA)
 +++ Solid COMP_C71 (type=Component, material=ALUMINA)
 +++ Solid COMP_C72 (type=Component, material=EPOXYENCAPSULANT)
 +++ Solid COMP_C73 (type=Component, material=ALUMINA)
 +++ Solid COMP_C74 (type=Component, material=ALUMINA)
 +++ Solid COMP_C8 (type=Component, material=ALUMINA)
 +++ Solid COMP_C9 (type=Component, material=ALUMINA)
 +++ Solid COMP_D1 (type=Component, material=ALUMINA)
 +++ Solid COMP_D10 (type=Component, material=ALUMINA)
 +++ Solid COMP_D2 (type=Component, material=EPOXYENCAPSULANT)
 +++ Solid COMP_D3 (type=Component, material=ALUMINA)
 +++ Solid COMP_D4 (type=Component, material=ALUMINA)
 +++ Solid COMP_D5 (type=Component, material=ALUMINA)
 +++ Solid COMP_D6 (type=Component, material=EPOXYENCAPSULANT)
 +++ Solid COMP_D7 (type=Component, material=EPOXYENCAPSULANT)
 +++ Solid COMP_D8 (type=Component, material=EPOXYENCAPSULANT)
 +++ Solid COMP_D9 (type=Component, material=ALUMINA)
 +++ Solid COMP_IC1 (type=Component, material=PM0002)
 +++ Solid COMP_IC10 (type=Component, material=EPOXYENCAPSULANT)
 +++ Solid COMP_IC11 (type=Component, material=PM0002)
 +++ Solid COMP_IC12 (type=Component, material=EPOXYENCAPSULANT)
 +++ Solid COMP_IC13 (type=Component, material=EPOXYENCAPSULANT)
 +++ Solid COMP_IC14 (type=Component, material=PM0002)
 +++ Solid COMP_IC15 (type=Component, material=EPOXYENCAPSULANT)
 +++ Solid COMP_IC2 (type=Component, material=EPOXYENCAPSULANT)
 +++ Solid COMP_IC3 (type=Component, material=PM0002)
 +++ Solid COMP_IC4 (type=Component, material=EPOXYENCAPSULANT)
 +++ Solid COMP_IC5 (type=Component, material=PM0002)
 +++ Solid COMP_IC6 (type=Component, material=EPOXYENCAPSULANT)
 +++ Solid COMP_IC7 (type=Component, material=PM0002)
 +++ Solid COMP_IC8 (type=Component, material=EPOXYENCAPSULANT)
 +++ Solid COMP_IC9 (type=Component, material=EPOXYENCAPSULANT)
 +++ Solid COMP_J1 (type=Component, material=COPPER)
 +++ Solid COMP_J2 (type=Component, material=COPPER)
 +++ Solid COMP_J3 (type=Component, material=EPOXYENCAPSULANT)
 +++ Solid COMP_J4 (type=Component, material=COPPER)
 +++ Solid COMP_J5 (type=Component, material=COPPER)
 +++ Solid COMP_J6 (type=Component, material=COPPER)
 +++ Solid COMP_L1 (type=Component, material=FERRITE)
 +++ Solid COMP_L2 (type=Component, material=FERRITE)
 +++ Solid COMP_L3 (type=Component, material=EPOXYENCAPSULANT)
 +++ Solid COMP_L4 (type=Component, material=FERRITE)
 +++ Solid COMP_L5 (type=Component, material=FERRITE)
 +++ Solid COMP_L6 (type=Component, material=FERRITE)
 +++ Solid COMP_Q1 (type=Component, material=EPOXYENCAPSULANT)
 +++ Solid COMP_Q2 (type=Component, material=PM0001)
 +++ Solid COMP_Q3 (type=Component, material=EPOXYENCAPSULANT)
 +++ Solid COMP_Q4 (type=Component, material=EPOXYENCAPSULANT)
 +++ Solid COMP_R1 (type=Component, material=ALUMINA)
 +++ Solid COMP_R10 (type=Component, material=ALUMINA)
 +++ Solid COMP_R11 (type=Component, material=ALUMINA)
 +++ Solid COMP_R12 (type=Component, material=ALUMINA)
 +++ Solid COMP_R13 (type=Component, material=ALUMINA)
 +++ Solid COMP_R14 (type=Component, material=ALUMINA)
 +++ Solid COMP_R15 (type=Component, material=ALUMINA)
 +++ Solid COMP_R16 (type=Component, material=ALUMINA)
 +++ Solid COMP_R17 (type=Component, material=ALUMINA)
 +++ Solid COMP_R18 (type=Component, material=ALUMINA)
 +++ Solid COMP_R19 (type=Component, material=ALUMINA)
 +++ Solid COMP_R2 (type=Component, material=ALUMINA)
 +++ Solid COMP_R20 (type=Component, material=ALUMINA)
 +++ Solid COMP_R21 (type=Component, material=ALUMINA)
 +++ Solid COMP_R22 (type=Component, material=ALUMINA)
 +++ Solid COMP_R23 (type=Component, material=ALUMINA)
 +++ Solid COMP_R24 (type=Component, material=ALUMINA)
 +++ Solid COMP_R25 (type=Component, material=ALUMINA)
 +++ Solid COMP_R26 (type=Component, material=ALUMINA)
 +++ Solid COMP_R27 (type=Component, material=ALUMINA)
 +++ Solid COMP_R28 (type=Component, material=ALUMINA)
 +++ Solid COMP_R29 (type=Component, material=ALUMINA)
 +++ Solid COMP_R3 (type=Component, material=ALUMINA)
 +++ Solid COMP_R30 (type=Component, material=ALUMINA)
 +++ Solid COMP_R31 (type=Component, material=ALUMINA)
 +++ Solid COMP_R32 (type=Component, material=ALUMINA)
 +++ Solid COMP_R33 (type=Component, material=ALUMINA)
 +++ Solid COMP_R34 (type=Component, material=ALUMINA)
 +++ Solid COMP_R35 (type=Component, material=ALUMINA)
 +++ Solid COMP_R36 (type=Component, material=ALUMINA)
 +++ Solid COMP_R37 (type=Component, material=ALUMINA)
 +++ Solid COMP_R38 (type=Component, material=ALUMINA)
 +++ Solid COMP_R39 (type=Component, material=ALUMINA)
 +++ Solid COMP_R4 (type=Component, material=ALUMINA)
 +++ Solid COMP_R40 (type=Component, material=ALUMINA)
 +++ Solid COMP_R41 (type=Component, material=ALUMINA)
 +++ Solid COMP_R42 (type=Component, material=ALUMINA)
 +++ Solid COMP_R43 (type=Component, material=ALUMINA)
 +++ Solid COMP_R44 (type=Component, material=ALUMINA)
 +++ Solid COMP_R45 (type=Component, material=ALUMINA)
 +++ Solid COMP_R46 (type=Component, material=ALUMINA)
 +++ Solid COMP_R47 (type=Component, material=ALUMINA)
 +++ Solid COMP_R48 (type=Component, material=ALUMINA)
 +++ Solid COMP_R49 (type=Component, material=ALUMINA)
 +++ Solid COMP_R5 (type=Component, material=ALUMINA)
 +++ Solid COMP_R50 (type=Component, material=ALUMINA)
 +++ Solid COMP_R51 (type=Component, material=ALUMINA)
 +++ Solid COMP_R52 (type=Component, material=ALUMINA)
 +++ Solid COMP_R53 (type=Component, material=ALUMINA)
 +++ Solid COMP_R54 (type=Component, material=ALUMINA)
 +++ Solid COMP_R55 (type=Component, material=ALUMINA)
 +++ Solid COMP_R56 (type=Component, material=ALUMINA)
 +++ Solid COMP_R6 (type=Component, material=ALUMINA)
 +++ Solid COMP_R7 (type=Component, material=ALUMINA)
 +++ Solid COMP_R8 (type=Component, material=ALUMINA)
 +++ Solid COMP_R9 (type=Component, material=ALUMINA)
 +++ Solid COMP_U1 (type=Component, material=EPOXYENCAPSULANT)
 --------------------------------------------------
 Sherlock Bonds
 --------------------------------------------------
 +++ Bond COMP_Q1
 +++ Bond COMP_C42
 +++ Bond COMP_Q2
 +++ Bond COMP_C41
 +++ Bond COMP_Q3
 +++ Bond COMP_C44
 +++ Bond COMP_Q4
 +++ Bond COMP_C43
 +++ Bond COMP_C46
 +++ Bond COMP_C45
 +++ Bond COMP_C48
 +++ Bond COMP_C47
 +++ Bond COMP_C49
 +++ Bond COMP_R21
 +++ Bond COMP_R20
 +++ Bond COMP_R23
 +++ Bond COMP_R22
 +++ Bond COMP_R25
 +++ Bond COMP_R24
 +++ Bond COMP_R27
 +++ Bond COMP_R26
 +++ Bond COMP_R29
 +++ Bond COMP_R28
 +++ Bond COMP_C51
 +++ Bond COMP_R1
 +++ Bond COMP_C50
 +++ Bond COMP_R2
 +++ Bond COMP_C53
 +++ Bond COMP_R3
 +++ Bond COMP_C52
 +++ Bond COMP_R4
 +++ Bond COMP_C55
 +++ Bond COMP_R5
 +++ Bond COMP_C54
 +++ Bond COMP_R6
 +++ Bond COMP_C57
 +++ Bond COMP_R7
 +++ Bond COMP_C56
 +++ Bond COMP_R8
 +++ Bond COMP_C59
 +++ Bond COMP_R9
 +++ Bond COMP_J1
 +++ Bond COMP_C58
 +++ Bond COMP_J2
 +++ Bond COMP_J3
 +++ Bond COMP_J4
 +++ Bond COMP_J5
 +++ Bond COMP_J6
 +++ Bond COMP_R30
 +++ Bond COMP_R32
 +++ Bond COMP_R31
 +++ Bond COMP_R34
 +++ Bond COMP_R33
 +++ Bond COMP_R36
 +++ Bond COMP_R35
 +++ Bond COMP_R38
 +++ Bond COMP_R37
 +++ Bond COMP_R39
 +++ Bond COMP_C60
 +++ Bond COMP_C62
 +++ Bond COMP_C61
 +++ Bond COMP_C64
 +++ Bond COMP_C63
 +++ Bond COMP_C66
 +++ Bond COMP_C65
 +++ Bond COMP_C68
 +++ Bond COMP_C67
 +++ Bond COMP_C69
 +++ Bond COMP_R41
 +++ Bond COMP_C1
 +++ Bond COMP_R40
 +++ Bond COMP_C2
 +++ Bond COMP_R43
 +++ Bond COMP_C3
 +++ Bond COMP_R42
 +++ Bond COMP_C4
 +++ Bond COMP_R45
 +++ Bond COMP_C5
 +++ Bond COMP_R44
 +++ Bond COMP_C6
 +++ Bond COMP_R47
 +++ Bond COMP_C7
 +++ Bond COMP_R46
 +++ Bond COMP_C8
 +++ Bond COMP_R49
 +++ Bond COMP_IC1
 +++ Bond COMP_C9
 +++ Bond COMP_R48
 +++ Bond COMP_IC3
 +++ Bond COMP_IC2
 +++ Bond COMP_IC5
 +++ Bond COMP_IC4
 +++ Bond COMP_IC7
 +++ Bond COMP_C71
 +++ Bond COMP_IC6
 +++ Bond COMP_C70
 +++ Bond COMP_IC9
 +++ Bond COMP_C73
 +++ Bond COMP_IC8
 +++ Bond COMP_C72
 +++ Bond COMP_C74
 +++ Bond COMP_D10
 +++ Bond COMP_L1
 +++ Bond COMP_L2
 +++ Bond COMP_L3
 +++ Bond COMP_L4
 +++ Bond COMP_L5
 +++ Bond COMP_L6
 +++ Bond COMP_R50
 +++ Bond COMP_D1
 +++ Bond COMP_R52
 +++ Bond COMP_D2
 +++ Bond COMP_R51
 +++ Bond COMP_D3
 +++ Bond COMP_R54
 +++ Bond COMP_D4
 +++ Bond COMP_R53
 +++ Bond COMP_D5
 +++ Bond COMP_R56
 +++ Bond COMP_D6
 +++ Bond COMP_R55
 +++ Bond COMP_D7
 +++ Bond COMP_D8
 +++ Bond COMP_D9
 +++ Bond COMP_U1
 +++ Bond COMP_IC11
 +++ Bond COMP_IC12
 +++ Bond COMP_IC10
 +++ Bond COMP_IC15
 +++ Bond COMP_IC13
 +++ Bond COMP_IC14
 +++ Bond COMP_C11
 +++ Bond COMP_C10
 +++ Bond COMP_C13
 +++ Bond COMP_C12
 +++ Bond COMP_C15
 +++ Bond COMP_C14
 +++ Bond COMP_C17
 +++ Bond COMP_C16
 +++ Bond COMP_C19
 +++ Bond COMP_C18
 +++ Bond COMP_C20
 +++ Bond COMP_C22
 +++ Bond COMP_C21
 +++ Bond COMP_C24
 +++ Bond COMP_C23
 +++ Bond COMP_C26
 +++ Bond COMP_C25
 +++ Bond COMP_C28
 +++ Bond COMP_C27
 +++ Bond COMP_C29
 +++ Bond COMP_C31
 +++ Bond COMP_C30
 +++ Bond COMP_C33
 +++ Bond COMP_C32
 +++ Bond COMP_C35
 +++ Bond COMP_C34
 +++ Bond COMP_C37
 +++ Bond COMP_C36
 +++ Bond COMP_C39
 +++ Bond COMP_C38
 +++ Bond COMP_R10
 +++ Bond COMP_R12
 +++ Bond COMP_R11
 +++ Bond COMP_R14
 +++ Bond COMP_R13
 +++ Bond COMP_R16
 +++ Bond COMP_R15
 +++ Bond COMP_R18
 +++ Bond COMP_R17
 +++ Bond COMP_R19
 +++ Bond COMP_C40
 --------------------------------------------------
 Sherlock Constraints
 --------------------------------------------------


 ***** ROUTINE COMPLETED *****  ELAPSED TIME =         5.608


 --------------------------------------------------
 End of Sherlock Mesh Model
 --------------------------------------------------

 *** MAPDL - ENGINEERING ANALYSIS SYSTEM  RELEASE 2026 R1.02       26.1     ***
 Ansys Mechanical Enterprise                       
 00000000  VERSION=WINDOWS x64   13:13:03  OCT 04, 2026 Elapsed Time=      5.609

 PCB1                                                                          



          ***** MAPDL ANALYSIS DEFINITION (PREP7) *****
 --------------------------------------------------
 Sherlock Geometry Model
 --------------------------------------------------
 --------------------------------------------------
 End of Sherlock Geometry Model
 --------------------------------------------------


 ***** ROUTINE COMPLETED *****  ELAPSED TIME =         5.612



 *****  MAPDL SOLUTION ROUTINE  *****


 PERFORM A MODAL ANALYSIS
  THIS WILL BE A NEW ANALYSIS


 USE SYM. BLOCK LANCZOS MODE EXTRACTION METHOD
  EXTRACT    50 MODES
  EXTRACT FREQUENCIES IN THE RANGE   20.000     TO   2000.0    
  NORMALIZE THE MODE SHAPES TO THE MASS MATRIX

 SELECT ALL ENTITIES OF TYPE= ALL  AND BELOW

 *****  MAPDL SOLVE    COMMAND  *****

 *** NOTE ***                            ELAPSED TIME =       5.703   TIME= 13:13:03
 No modes are being expanded (MXPAND command) and therefore the element  
 results will not be written to the mode file.  If you do not intend to  
 use mode selection and for more efficient calculation of element        
 results in the expansion pass of any downstream mode superposition      
 analyses, expand all modes during the modal analysis.                   

 *** WARNING ***                         ELAPSED TIME =       5.705   TIME= 13:13:03
 SOLID185 wedges are recommended only in regions of relatively low       
 stress gradients.                                                       

 *** NOTE ***                            ELAPSED TIME =       5.709   TIME= 13:13:03
 Not all element shape tests are currently ON.  To see which tests are   
 OFF, issue SHPP,STAT.                                                   

 *** NOTE ***                            ELAPSED TIME =       5.710   TIME= 13:13:03
 The model data was checked and warning messages were found.             
  Please review output or errors file (                                  
 Z:\Developer\MIT_Rkt_Team\2026-7\MIT-RT-26_27-Work\simulation_work\avio 
 nics\powerboardsim\1\powerboardsim_v1_files\dp0\global\SHER\SHER\PCB_si 
 m_1\PCB1\modules\NaturalFreq\ansys-NF.err ) for these warning           
 messages.                                                               

 *** SELECTION OF ELEMENT TECHNOLOGIES FOR APPLICABLE ELEMENTS ***
                ---GIVE SUGGESTIONS ONLY---

 ELEMENT TYPE         5 IS SOLID185. KEYOPT(2) IS ALREADY SET AS SUGGESTED.

 ELEMENT TYPE         9 IS SOLID185. KEYOPT(2) IS ALREADY SET AS SUGGESTED.



 *** MAPDL - ENGINEERING ANALYSIS SYSTEM  RELEASE 2026 R1.02       26.1     ***
 Ansys Mechanical Enterprise                       
 00000000  VERSION=WINDOWS x64   13:13:03  OCT 04, 2026 Elapsed Time=      5.719

 PCB1                                                                          



                       S O L U T I O N   O P T I O N S

   PROBLEM DIMENSIONALITY. . . . . . . . . . . . .3-D                  
   DEGREES OF FREEDOM. . . . . . UX   UY   UZ   ROTX ROTY ROTZ HDSP
   ANALYSIS TYPE . . . . . . . . . . . . . . . . .MODAL                
      EXTRACTION METHOD. . . . . . . . . . . . . .BLOCK LANCZOS
   NUMBER OF MODES TO EXTRACT. . . . . . . . . . .    50
   MODAL EXTRACTION RANGE. . . . . . . . . . . . .  20.000     TO   2000.0    
   GLOBALLY ASSEMBLED MATRIX . . . . . . . . . . .SYMMETRIC  

 *** NOTE ***                            ELAPSED TIME =       5.726   TIME= 13:13:03
 The conditions for direct assembly have been met.  No .emat or .erot    
 files will be produced.                                                 

                      L O A D   S T E P   O P T I O N S

   LOAD STEP NUMBER. . . . . . . . . . . . . . . .     1
   THERMAL STRAINS INCLUDED IN THE LOAD VECTOR . .   YES



                         ***********  PRECISE MASS SUMMARY  ***********

   TOTAL RIGID BODY MASS MATRIX ABOUT ORIGIN
               Translational mass               |   Coupled translational/rotational mass
        0.62577E-04    0.0000        0.0000     |     0.0000       0.15152E-03  -0.34548E-02
         0.0000       0.62577E-04    0.0000     |   -0.15152E-03    0.0000       0.23810E-02
         0.0000        0.0000       0.62577E-04 |    0.34548E-02  -0.23810E-02    0.0000    
     ------------------------------------------ | ------------------------------------------
                                                |         Rotational mass (inertia)
                                                |    0.28624      -0.13682      -0.61679E-02
                                                |   -0.13682       0.10944      -0.75348E-02
                                                |   -0.61679E-02  -0.75348E-02   0.39430    

   TOTAL MASS = 0.62577E-04
     The mass principal axes coincide with the global Cartesian axes

   CENTER OF MASS (X,Y,Z)=    38.049        55.209        2.4214    

   TOTAL INERTIA ABOUT CENTER OF MASS
        0.95133E-01  -0.53657E-02  -0.40268E-03
       -0.53657E-02   0.18483E-01   0.83058E-03
       -0.40268E-03   0.83058E-03   0.11297    

   PRINCIPAL INERTIAS =   0.95495E-01   0.18102E-01   0.11299    
   ORIENTATION VECTORS OF THE INERTIA PRINCIPAL AXES IN GLOBAL CARTESIAN
     ( 0.997,-0.069, 0.026) ( 0.069, 0.998,-0.008) (-0.026, 0.010, 1.000) 


  *** MASS SUMMARY BY ELEMENT TYPE ***

  TYPE      MASS
     5  0.220181E-06
     9  0.623568E-04

 Range of element maximum matrix coefficients in global coordinates
 Maximum = 145257.711 at element 3737.                                   
 Minimum = 2061.87598 at element 2452.                                   

   *** ELEMENT MATRIX FORMULATION TIMES
     TYPE    NUMBER     ENAME   TOTAL ELAPSED   AVG ELAPSED

        5       106  SOLID185          0.0095   0.000090005
        9      5379  SOLID185          0.5808   0.000107977
 Elapsed Time at end of element matrix formulation = 6.44320629.         

  BLOCK LANCZOS CALCULATION OF UP TO    50 EIGENVECTORS.
  NUMBER OF EQUATIONS              =        29142
  MAXIMUM WAVEFRONT                =          162
  MAXIMUM MODES STORED             =           50
  MINIMUM EIGENVALUE               =  0.20000E+02
  MAXIMUM EIGENVALUE               =  0.20000E+04



  Memory allocated on this process
  -------------------------------------------------------------------
  Equation solver memory allocated                     =    98.148 MB
  Equation solver memory required for in-core mode     =    65.134 MB
  Equation solver memory required for out-of-core mode =    25.615 MB
  Total (solver and non-solver) memory allocated       =   712.183 MB

 *** NOTE ***                            ELAPSED TIME =       6.890   TIME= 13:13:04
 The Sparse Matrix Solver used by the Block Lanczos eigensolver is       
 currently running in the in-core memory mode.  This memory mode uses    
 the most amount of memory in order to avoid using the hard drive as     
 much as possible, which most often results in the fastest solution      
 time.  This mode is recommended if enough physical memory is present    
 to accommodate all of the solver data.                                  

  Process memory required for in-core LANCZOS Workspace             =     112.539932 MB
  Process memory required for out-of-core LANCZOS Workspace         =     3.150711 MB
  Lanczos Memory Mode : INCORE


  >> Shift # 1 :  | |                                : 9 Eigenvalues Converged


 *** WARNING ***                         ELAPSED TIME =       7.291   TIME= 13:13:04
 Fewer modes than the requested number of modes ( 50 ) were computed.    
 The range specified (FREQB= 20, FREQE= 2000) contains only 9 modes.     

 *** MAPDL - ENGINEERING ANALYSIS SYSTEM  RELEASE 2026 R1.02       26.1     ***
 Ansys Mechanical Enterprise                       
 00000000  VERSION=WINDOWS x64   13:13:04  OCT 04, 2026 Elapsed Time=      7.292

 PCB1                                                                          



 *** FREQUENCIES FROM BLOCK LANCZOS ITERATION ***

  MODE    FREQUENCY (HERTZ)      



   FREQUENCY RANGE REQUESTED=   20.0000       2000.00    
    1     382.0034165761    
    2     475.4553813986    
    3     609.7643922235    
    4     620.4456584668    
    5     1164.537505904    
    6     1282.283874054    
    7     1366.251023535    
    8     1522.890579163    
    9     1686.783568429    

 *** MAPDL - ENGINEERING ANALYSIS SYSTEM  RELEASE 2026 R1.02       26.1     ***
 Ansys Mechanical Enterprise                       
 00000000  VERSION=WINDOWS x64   13:13:05  OCT 04, 2026 Elapsed Time=      7.709

 PCB1                                                                          





          ***** PARTICIPATION FACTOR CALCULATION *****  X  DIRECTION
                                                                                  CUMULATIVE     RATIO EFF.MASS
  MODE   FREQUENCY       PERIOD      PARTIC.FACTOR     RATIO    EFFECTIVE MASS   MASS FRACTION   TO TOTAL MASS
     1     382.003       0.26178E-02  -0.34234E-04    0.042216    0.117196E-08    0.881593E-03    0.187283E-04
     2     475.455       0.21032E-02  -0.20666E-04    0.025485    0.427086E-09    0.120286E-02    0.682497E-05
     3     609.764       0.16400E-02   0.45402E-03    0.559891    0.206138E-06    0.156267        0.329415E-02
     4     620.446       0.16117E-02  -0.43360E-03    0.534699    0.188005E-06    0.297692        0.300438E-02
     5     1164.54       0.85871E-03  -0.23209E-03    0.286204    0.538643E-07    0.338211        0.860770E-03
     6     1282.28       0.77986E-03  -0.81092E-03    1.000000    0.657584E-06    0.832870        0.105084E-01
     7     1366.25       0.73193E-03  -0.11561E-03    0.142569    0.133660E-07    0.842924        0.213593E-03
     8     1522.89       0.65665E-03   0.35753E-03    0.440895    0.127826E-06    0.939080        0.204271E-02
     9     1686.78       0.59284E-03   0.28458E-03    0.350935    0.809852E-07     1.00000        0.129417E-02
 -----------------------------------------------------------------------------------------------------------------
   sum                                                            0.132937E-05                    0.212437E-01
 -----------------------------------------------------------------------------------------------------------------



          ***** PARTICIPATION FACTOR CALCULATION *****  Y  DIRECTION
                                                                                  CUMULATIVE     RATIO EFF.MASS
  MODE   FREQUENCY       PERIOD      PARTIC.FACTOR     RATIO    EFFECTIVE MASS   MASS FRACTION   TO TOTAL MASS
     1     382.003       0.26178E-02  -0.57494E-04    0.053860    0.330553E-08    0.163549E-02    0.528234E-04
     2     475.455       0.21032E-02   0.10675E-02    1.000000    0.113949E-05    0.565428        0.182094E-01
     3     609.764       0.16400E-02  -0.56405E-03    0.528399    0.318153E-06    0.722842        0.508418E-02
     4     620.446       0.16117E-02  -0.45669E-03    0.427826    0.208567E-06    0.826036        0.333297E-02
     5     1164.54       0.85871E-03   0.34429E-03    0.322526    0.118534E-06    0.884684        0.189421E-02
     6     1282.28       0.77986E-03   0.61275E-04    0.057402    0.375467E-08    0.886542        0.600009E-04
     7     1366.25       0.73193E-03  -0.38451E-03    0.360204    0.147846E-06    0.959692        0.236262E-02
     8     1522.89       0.65665E-03   0.14964E-03    0.140178    0.223907E-07    0.970771        0.357811E-03
     9     1686.78       0.59284E-03  -0.24306E-03    0.227693    0.590760E-07     1.00000        0.944053E-03
 -----------------------------------------------------------------------------------------------------------------
   sum                                                            0.202112E-05                    0.322981E-01
 -----------------------------------------------------------------------------------------------------------------



          ***** PARTICIPATION FACTOR CALCULATION *****  Z  DIRECTION
                                                                                  CUMULATIVE     RATIO EFF.MASS
  MODE   FREQUENCY       PERIOD      PARTIC.FACTOR     RATIO    EFFECTIVE MASS   MASS FRACTION   TO TOTAL MASS
     1     382.003       0.26178E-02   0.49798E-02    1.000000    0.247981E-04    0.502862        0.396282    
     2     475.455       0.21032E-02   0.38503E-02    0.773196    0.148251E-04    0.803489        0.236910    
     3     609.764       0.16400E-02   0.21752E-02    0.436807    0.473148E-05    0.899435        0.756106E-01
     4     620.446       0.16117E-02   0.19698E-02    0.395552    0.387995E-05    0.978113        0.620029E-01
     5     1164.54       0.85871E-03   0.41004E-03    0.082340    0.168129E-06    0.981523        0.268676E-02
     6     1282.28       0.77986E-03  -0.54797E-03    0.110039    0.300271E-06    0.987612        0.479843E-02
     7     1366.25       0.73193E-03  -0.10198E-03    0.020478    0.103990E-07    0.987823        0.166179E-03
     8     1522.89       0.65665E-03   0.77408E-03    0.155446    0.599207E-06    0.999973        0.957552E-02
     9     1686.78       0.59284E-03  -0.36171E-04    0.007264    0.130836E-08     1.00000        0.209080E-04
 -----------------------------------------------------------------------------------------------------------------
   sum                                                            0.493139E-04                    0.788052    
 -----------------------------------------------------------------------------------------------------------------



          ***** PARTICIPATION FACTOR CALCULATION *****ROTX DIRECTION
                                                                                  CUMULATIVE     RATIO EFF.MASS
  MODE   FREQUENCY       PERIOD      PARTIC.FACTOR     RATIO    EFFECTIVE MASS   MASS FRACTION   TO TOTAL MASS
     1     382.003       0.26178E-02   0.32332        1.000000    0.104534        0.458585        0.365199    
     2     475.455       0.21032E-02   0.34037E-01    0.105274    0.115851E-02    0.463668        0.404736E-02
     3     609.764       0.16400E-02   0.21869        0.676387    0.478243E-01    0.673470        0.167078    
     4     620.446       0.16117E-02   0.24647        0.762327    0.607491E-01    0.939973        0.212232    
     5     1164.54       0.85871E-03  -0.56395E-01    0.174427    0.318042E-02    0.953926        0.111111E-01
     6     1282.28       0.77986E-03  -0.76880E-02    0.023779    0.591060E-04    0.954185        0.206492E-03
     7     1366.25       0.73193E-03   0.40258E-01    0.124516    0.162073E-02    0.961295        0.566215E-02
     8     1522.89       0.65665E-03   0.88500E-01    0.273724    0.783221E-02    0.995654        0.273625E-01
     9     1686.78       0.59284E-03   0.31473E-01    0.097345    0.990568E-03     1.00000        0.346063E-02
 -----------------------------------------------------------------------------------------------------------------
   sum                                                            0.227949                        0.796359    
 -----------------------------------------------------------------------------------------------------------------



          ***** PARTICIPATION FACTOR CALCULATION *****ROTY DIRECTION
                                                                                  CUMULATIVE     RATIO EFF.MASS
  MODE   FREQUENCY       PERIOD      PARTIC.FACTOR     RATIO    EFFECTIVE MASS   MASS FRACTION   TO TOTAL MASS
     1     382.003       0.26178E-02  -0.18001        1.000000    0.324043E-01    0.375749        0.296085    
     2     475.455       0.21032E-02  -0.15575        0.865219    0.242580E-01    0.657036        0.221651    
     3     609.764       0.16400E-02  -0.32148E-01    0.178589    0.103350E-02    0.669020        0.944333E-02
     4     620.446       0.16117E-02  -0.16596        0.921918    0.275415E-01    0.988381        0.251653    
     5     1164.54       0.85871E-03  -0.17240E-01    0.095774    0.297234E-03    0.991828        0.271589E-02
     6     1282.28       0.77986E-03  -0.20831E-01    0.115722    0.433947E-03    0.996860        0.396506E-02
     7     1366.25       0.73193E-03   0.11835E-01    0.065745    0.140064E-03    0.998484        0.127979E-02
     8     1522.89       0.65665E-03   0.10521E-01    0.058444    0.110684E-03    0.999767        0.101134E-02
     9     1686.78       0.59284E-03  -0.44798E-02    0.024886    0.200682E-04     1.00000        0.183367E-03
 -----------------------------------------------------------------------------------------------------------------
   sum                                                            0.862394E-01                    0.787987    
 -----------------------------------------------------------------------------------------------------------------



          ***** PARTICIPATION FACTOR CALCULATION *****ROTZ DIRECTION
                                                                                  CUMULATIVE     RATIO EFF.MASS
  MODE   FREQUENCY       PERIOD      PARTIC.FACTOR     RATIO    EFFECTIVE MASS   MASS FRACTION   TO TOTAL MASS
     1     382.003       0.26178E-02   0.21684E-02    0.037558    0.470209E-05    0.555777E-03    0.119251E-04
     2     475.455       0.21032E-02   0.45304E-01    0.784687    0.205247E-02    0.243153        0.520532E-02
     3     609.764       0.16400E-02  -0.57735E-01    1.000000    0.333337E-02    0.637151        0.845383E-02
     4     620.446       0.16117E-02   0.48436E-03    0.008389    0.234606E-06    0.637179        0.594990E-06
     5     1164.54       0.85871E-03   0.28916E-01    0.500833    0.836122E-03    0.736006        0.212051E-02
     6     1282.28       0.77986E-03   0.14627E-01    0.253343    0.213944E-03    0.761294        0.542589E-03
     7     1366.25       0.73193E-03  -0.29209E-03    0.005059    0.853137E-07    0.761304        0.216366E-06
     8     1522.89       0.65665E-03  -0.31272E-01    0.541640    0.977924E-03    0.876893        0.248013E-02
     9     1686.78       0.59284E-03  -0.32273E-01    0.558978    0.104153E-02     1.00000        0.264146E-02
 -----------------------------------------------------------------------------------------------------------------
   sum                                                            0.846039E-02                    0.214566E-01
 -----------------------------------------------------------------------------------------------------------------


 *** MAPDL BINARY FILE STATISTICS
  BUFFER SIZE USED= 16384
       19.438 MB WRITTEN ON ASSEMBLED MATRIX FILE: ansys-NF.full
        2.875 MB WRITTEN ON MODAL MATRIX FILE: ansys-NF.mode

 FINISH SOLUTION PROCESSING


 ***** ROUTINE COMPLETED *****  ELAPSED TIME =         7.856



 ***** END OF INPUT ENCOUNTERED *****

 PURGE ALL SOLUTION AND POST DATA
 SAVE ALL MODEL DATA

 ALL CURRENT MAPDL DATA WRITTEN TO FILE NAME= ansys-NF.db
  FOR POSSIBLE RESUME FROM THIS POINT


 NUMBER OF WARNING MESSAGES ENCOUNTERED=         17
 NUMBER OF ERROR   MESSAGES ENCOUNTERED=          0

+--------------------- M A P D L   S T A T I S T I C S ------------------------+

Release: 2026 R1.02         Build: 26.1       Update: UP20260202   Platform: WINDOWS x64 
Date Run: 10/04/2026   Time: 13:13     Process ID: 11844
Operating System: Windows 11  (Build: 26200)

Processor Model:                           Virtual CPU @ 3.20GHz

Compiler: Intel(R) Fortran Compiler Classic Version 2021.9  (Build: 20230302)
          Intel(R) C/C++ Compiler Classic Version 2021.9  (Build: 20230302)
          AOCL-BLAS 5.1.1 Build 20251008
          Intel(R) oneAPI Math Kernel Library Version 2024.2.3-Product Build 20250403

Number of machines requested            :    1
Total number of cores available         :   14
Number of physical cores available      :   14
Number of processes requested           :    1
Number of threads per process requested :    1
Total number of cores requested         :    1 (Shared Memory Parallel)                    

GPU Acceleration: Not Requested

Job Name: ansys-NF
Input File: ansys-NF.apdl
Working Directory: Z:\Developer\MIT_Rkt_Team\2026-7\MIT-RT-26_27-Work\simulation_work\avionics\powerboardsim\1\powerboardsim_v1_files\dp0\global\SHER\SHER\PCB_sim_1\PCB1\modules\NaturalFreq

Total CPU time for main thread                    :        3.5 seconds
Total CPU time summed for all threads             :        3.3 seconds

Elapsed time spent obtaining a license            :        0.0 seconds
Elapsed time spent pre-processing model (/PREP7)  :        0.9 seconds
Elapsed time spent solution - preprocessing       :        0.0 seconds
Elapsed time spent computing solution             :        1.9 seconds
   Elapsed time in element formation & assembly   :        0.6 seconds
   Elapsed time in equation solver                :        1.0 seconds
   Elapsed time in element result calculations    :        0.2 seconds
Elapsed time spent solution - postprocessing      :        0.0 seconds
Elapsed time spent post-processing model (/POST1) :        0.0 seconds
 
Eigensolver used                                  :            Block Lanczos
Sparse direct equation solver computational rate  :        8.0 Gflops

Sum of disk space used on all processes           :       40.9 MB

Sum of memory used on all processes               :      199.0 MB
Sum of memory allocated on all processes          :     2304.0 MB
Physical memory available                         :        112 GB
Total amount of I/O written to disk               :        0.0 GB
Total amount of I/O read from disk                :        0.0 GB

+------------------ E N D   M A P D L   S T A T I S T I C S -------------------+


 *-----------------------------------------------------------------------------*
 |                                                                             |
 |                               RUN COMPLETED                                 |
 |                                                                             |
 |-----------------------------------------------------------------------------|
 |                                                                             |
 |  Ansys MAPDL 2026 R1.02      Build 26.1         UP20260202    WINDOWS x64   |
 |                                                                             |
 |-----------------------------------------------------------------------------|
 |                                                                             |
 |  Database Requested(-db)  1024 MB     Scratch Memory Requested      1024 MB |
 |  Maximum Database Used      11 MB     Maximum Scratch Memory Used    188 MB |
 |                                                                             |
 |-----------------------------------------------------------------------------|
 |                                                                             |
 |        CP Time      (sec) =          3.328       Time  =  13:13:15          |
 |        Elapsed Time (sec) =         18.182       Date  =  10/04/2026        |
 |                                                                             |
 *-----------------------------------------------------------------------------*
