
 Ansys Mechanical Enterprise Academic Research     


 *------------------------------------------------------------------*
 |                                                                  |
 |   W E L C O M E   T O   T H E   A N S Y S (R)  P R O G R A M     |
 |                                                                  |
 *------------------------------------------------------------------*




 ***************************************************************
 *         ANSYS MAPDL 2026 R1.02       LEGAL NOTICES          *
 ***************************************************************
 *                                                             *
 * Copyright (c) 2026 Synopsys, Inc. and ANSYS, Inc.           *
 * All rights reserved.                                        *
 * Unauthorized use, distribution or duplication is            *
 * prohibited.                                                 *
 *                                                             *
 * Ansys is a registered trademark of Ansys, Inc. or its       *
 * subsidiaries in the United States or other countries.       *
 * See the Ansys, Inc. online documentation or the Ansys, Inc. *
 * documentation CD or online help for the complete Legal      *
 * Notice.                                                     *
 *                                                             *
 ***************************************************************
 *                                                             *
 * THIS ANSYS SOFTWARE PRODUCT AND PROGRAM DOCUMENTATION       *
 * INCLUDE TRADE SECRETS AND CONFIDENTIAL AND PROPRIETARY      *
 * PRODUCTS OF ANSYS, INC., ITS SUBSIDIARIES, OR LICENSORS.    *
 * The software products and documentation are furnished by    *
 * Ansys, Inc. or its subsidiaries under a software license    *
 * agreement that contains provisions concerning               *
 * non-disclosure, copying, length and nature of use,          *
 * compliance with exporting laws, warranties, disclaimers,    *
 * limitations of liability, and remedies, and other           *
 * provisions.  The software products and documentation may be *
 * used, disclosed, transferred, or copied only in accordance  *
 * with the terms and conditions of that software license      *
 * agreement.                                                  *
 *                                                             *
 * Ansys, Inc. is a UL registered                              *
 * ISO 9001:2015 company.                                      *
 *                                                             *
 ***************************************************************
 *                                                             *
 * This product is subject to U.S. laws governing export and   *
 * re-export.                                                  *
 *                                                             *
 * For U.S. Government users, except as specifically granted   *
 * by the Ansys, Inc. software license agreement, the use,     *
 * duplication, or disclosure by the United States Government  *
 * is subject to restrictions stated in the Ansys, Inc.        *
 * software license agreement and FAR 12.212 (for non-DOD      *
 * licenses).                                                  *
 *                                                             *
 ***************************************************************

 2026 R1.02  
     
 Point Releases and Patches installed:   
     
 Ansys Service Pack 2026 R1.01   
 Ansys Service Pack 2026 R1.02   
 Ansys, Inc. License Manager 2026 R1 
 Ansys, Inc. License Manager 2026 R1.01  
 Ansys, Inc. License Manager 2026 R1.02  
 Discovery (reduced install) 2026 R1 
 Discovery (reduced install) 2026 R1.01  
 Discovery (reduced install) 2026 R1.02  
 Core WB Files 2026 R1   
 Core WB Files 2026 R1.01
 Core WB Files 2026 R1.02
 BladeModeler 2026 R1
 BladeModeler 2026 R1.01 
 BladeModeler 2026 R1.02 
 CFX (includes CFD-Post) 2026 R1 
 CFX (includes CFD-Post) 2026 R1.01  
 CFX (includes CFD-Post) 2026 R1.02  
 CFD-Post only 2026 R1   
 CFD-Post only 2026 R1.01
 CFD-Post only 2026 R1.02
 Chemkin 2026 R1 
 Chemkin 2026 R1.01  
 Chemkin 2026 R1.02  
 EnSight 2026 R1 
 EnSight 2026 R1.01  
 EnSight 2026 R1.02  
 FENSAP-ICE 2026 R1  
 FENSAP-ICE 2026 R1.01   
 FENSAP-ICE 2026 R1.02   
 Fluent (includes CFD-Post) 2026 R1  
 Fluent (includes CFD-Post) 2026 R1.01   
 Fluent (includes CFD-Post) 2026 R1.02   
 Polyflow (includes CFD-Post) 2026 R1
 Polyflow (includes CFD-Post) 2026 R1.01 
 Polyflow (includes CFD-Post) 2026 R1.02 
 Forte (includes EnSight) 2026 R1
 Forte (includes EnSight) 2026 R1.01 
 Forte (includes EnSight) 2026 R1.02 
 ICEM CFD 2026 R1
 ICEM CFD 2026 R1.01 
 ICEM CFD 2026 R1.02 
 RBF Morph Fluids UDF 2026 R1
 RBF Morph Fluids UDF 2026 R1.01 
 RBF Morph Fluids UDF 2026 R1.02 
 RBF Morph Libraries 2026 R1 
 RBF Morph Libraries 2026 R1.01  
 RBF Morph Libraries 2026 R1.02  
 Rocky 2026 R1   
 Rocky 2026 R1.01
 Rocky 2026 R1.02
 Thermal Desktop: AutoCAD 2026 R1
 Thermal Desktop: AutoCAD 2026 R1.01 
 Thermal Desktop: AutoCAD 2026 R1.02 
 Thermal Desktop: Thermal Desktop and TD Designer  2026 R1   
 Thermal Desktop: Thermal Desktop and TD Designer  2026 R1.01
 Thermal Desktop: Thermal Desktop and TD Designer  2026 R1.02
 Thermal Desktop: Sinda Solver 2026 R1   
 Thermal Desktop: Sinda Solver 2026 R1.01
 Thermal Desktop: Sinda Solver 2026 R1.02
 TurboGrid 2026 R1   
 TurboGrid 2026 R1.01
 TurboGrid 2026 R1.02
 Granta EduPack 2026 R1  
 Granta EduPack 2026 R1.01   
 Granta EduPack 2026 R1.02   
 Granta Selector 2026 R1 
 Granta Selector 2026 R1.01  
 Granta Selector 2026 R1.02  
 Dynamic Reporting 2026 R1   
 Dynamic Reporting 2026 R1.01
 Dynamic Reporting 2026 R1.02
 Remote Solve Manager Standalone Services 2026 R1
 Remote Solve Manager Standalone Services 2026 R1.01 
 Remote Solve Manager Standalone Services 2026 R1.02 
 Aqwa 2026 R1
 Aqwa 2026 R1.01 
 Aqwa 2026 R1.02 
 Autodyn 2026 R1 
 Autodyn 2026 R1.01  
 Autodyn 2026 R1.02  
 Customization Files for User Programmable Features 2026 R1  
 Customization Files for User Programmable Features 2026 R1.01   
 Customization Files for User Programmable Features 2026 R1.02   
 LS-DYNA 2026 R1 
 LS-DYNA 2026 R1.01  
 LS-DYNA 2026 R1.02  
 Material Calibration App 2026 R1
 Material Calibration App 2026 R1.01 
 Material Calibration App 2026 R1.02 
 Material Designer 2026 R1   
 Material Designer 2026 R1.01
 Material Designer 2026 R1.02
 Mechanical Products 2026 R1 
 Mechanical Products 2026 R1.01  
 Mechanical Products 2026 R1.02  
 Motion 2026 R1  
 Motion 2026 R1.01   
 Motion 2026 R1.02   
 RBF Morph 2026 R1   
 RBF Morph 2026 R1.01
 RBF Morph 2026 R1.02
 Sherlock 2026 R1
 Sherlock 2026 R1.01 
 Sherlock 2026 R1.02 
 Sound - SAS 2026 R1 
 Sound - SAS 2026 R1.01  
 Sound - SAS 2026 R1.02  
 ACIS Geometry Interface 2026 R1 
 ACIS Geometry Interface 2026 R1.01  
 ACIS Geometry Interface 2026 R1.02  
 AutoCAD Geometry Interface 2026 R1  
 AutoCAD Geometry Interface 2026 R1.01   
 AutoCAD Geometry Interface 2026 R1.02   
 Catia, Version 4 Geometry Interface 2026 R1 
 Catia, Version 4 Geometry Interface 2026 R1.01  
 Catia, Version 4 Geometry Interface 2026 R1.02  
 Catia, Version 5 Geometry Interface 2026 R1 
 Catia, Version 5 Geometry Interface 2026 R1.01  
 Catia, Version 5 Geometry Interface 2026 R1.02  
 Catia, Version 6 Geometry Interface 2026 R1 
 Catia, Version 6 Geometry Interface 2026 R1.01  
 Catia, Version 6 Geometry Interface 2026 R1.02  
 Creo Elements/Direct Modeling Geometry Interface 2026 R1
 Creo Elements/Direct Modeling Geometry Interface 2026 R1.01 
 Creo Elements/Direct Modeling Geometry Interface 2026 R1.02 
 Creo Parametric Geometry Interface 2026 R1  
 Creo Parametric Geometry Interface 2026 R1.01   
 Creo Parametric Geometry Interface 2026 R1.02   
 Inventor Geometry Interface 2026 R1 
 Inventor Geometry Interface 2026 R1.01  
 Inventor Geometry Interface 2026 R1.02  
 JTOpen Geometry Interface 2026 R1   
 JTOpen Geometry Interface 2026 R1.01
 JTOpen Geometry Interface 2026 R1.02
 NX Geometry Interface 2026 R1   
 NX Geometry Interface 2026 R1.01
 NX Geometry Interface 2026 R1.02
 Parasolid Geometry Interface  2026 R1   
 Parasolid Geometry Interface  2026 R1.01
 Parasolid Geometry Interface  2026 R1.02
 Solid Edge Geometry Interface 2026 R1   
 Solid Edge Geometry Interface 2026 R1.01
 Solid Edge Geometry Interface 2026 R1.02
 SOLIDWORKS Geometry Interface 2026 R1   
 SOLIDWORKS Geometry Interface 2026 R1.01
 SOLIDWORKS Geometry Interface 2026 R1.02


          *****  MAPDL COMMAND LINE ARGUMENTS  *****
  INITIAL JOBNAME              = file                                                                                                                                                                                                                                                    
  BATCH MODE REQUESTED (-b)    = NOLIST
  INPUT FILE COPY MODE (-c)    = COPY
  DISTRIBUTED MEMORY PARALLEL REQUESTED
      12 PARALLEL PROCESSES REQUESTED WITH SINGLE THREAD PER PROCESS
    TOTAL OF    12 CORES REQUESTED
  INPUT FILE NAME              = C:\Temp\PBMotion_20261005_basis_saved\run.dat
  OUTPUT FILE NAME             = C:\Temp\PBMotion_20261005_basis_saved\solve.out
  START-UP FILE MODE           = NOREAD
  STOP FILE MODE               = NOREAD

 RELEASE= 2026 R1.02           BUILD= 26.1      UP20260202   VERSION=WINDOWS x64 
 CURRENT JOBNAME=file0  09:42:56  OCT 06, 2026  Elapsed Time=       0.219


 RESUME ANSYS DATA FROM FILE NAME=file.db                                                                                                                                                                                                                                                             

 *** MAPDL GLOBAL STATUS *** 

 TITLE = powerboardsim_v1--RANDOM VIBE - expanded prestressed modal basis (C5) 
 ANALYSIS TYPE =  MODAL                
       646 ELEM TYPES DEFINED    MAX ELEM TYPE NUMBER =           651
    248516 ELEMENTS DEFINED      MAX ELEMENT NUMBER =          341323
    369590 NODES DEFINED         MAX NODE NUMBER =             379902
       208 MATERIALS DEFINED     MAX MATERIAL NUMBER =            208
       426 REAL CONSTS DEFINED   MAX REAL CONST NUMBER =          651
         6 SECTIONS DEFINED      MAX SECTION NUMBER =             649
         6 COORD SYS DEFINED     MAX COORD SYS NUMBER =            17
 
 ACTIVE COORDINATE SYSTEM             =          0  (CARTESIAN)
 NUMBER OF DEFINED NODAL CONSTRAINTS  =       2349
 NUMBER OF DEFINED NODAL LOADS        =          0
 NUMBER OF DEFINED COMPONENTS         =         20
 NUMBER OF DEFINED ELEM SURFACE LOADS =          0
 NUMBER OF DEFINED ELEM BODY LOADS    =          0
 NUMBER OF DEFINED NODE BODY FORCES   =          0
 CURRENT LOAD CASE =      0 OF      0
 LOAD SET   =       1
 SUBSTEP    =      38
 TIME/FREQ  =    2.0000    

 INITIAL JOBNAME = file
 CURRENT JOBNAME = file

 SELECT ALL ENTITIES OF TYPE= ALL  AND BELOW
 CMBLOCK read of NODE component USERSELFSU                                                                                                                                                                                                                                                        completed

 *****  MAPDL SOLUTION ROUTINE  *****


 PERFORM A MODAL ANALYSIS
  THIS WILL BE A MODE REUSE FOR MODAL ANALYSIS

 DELETE ALL SPECIFIED NODAL LOADS FROM NODE         1 TO    379902 BY       1

 NUMBER OF NODAL LOADS DELETED=       0

 ACEL=    0.0000      0.0000      0.0000    


 MODE ANALYSIS MULTIPLE LOAD STEP IS OFF
   THE CONSTRAINED MODES WILL BE CALCULATED


 NUMBER OF MODES TO EXPAND=    38
  CALCULATE ELEMENT RESULTS AND NODAL DOF SOLUTION
  USE SUPERPOSITION OF THE MODES IN ANY DOWNSTREAM MODE SUPERPOSITION EXPANSION PASS

 SELECT      COMPONENT USERSELFSU                                                                                                                                                                                                                                                      

 *GET  PBNC      FROM  NODE  ITEM=COUN       VALUE=  781.000000     

 *IF  PBNC  ( =   781.000     )  NE  
      781  ( =   781.000     )  THEN    

 *ENDIF

 SELECT      COMPONENT USERSELFSU                                                                                                                                                                                                                                                      

 RESELECT     FOR ITEM=D    COMPONENT=UX    BETWEEN  0.0000     AND   0.0000    
   KABS=  0.  TOLERANCE= 0.100000E-05

        781  NODES (OF     369590  DEFINED) SELECTED BY  NSEL  COMMAND.

 *GET  PBNF      FROM  NODE  ITEM=COUN       VALUE=  781.000000     

 *IF  PBNF  ( =   781.000     )  NE  
      781  ( =   781.000     )  THEN    

 *ENDIF

 SELECT      COMPONENT USERSELFSU                                                                                                                                                                                                                                                      

 RESELECT     FOR ITEM=D    COMPONENT=UY    BETWEEN  0.0000     AND   0.0000    
   KABS=  0.  TOLERANCE= 0.100000E-05

        781  NODES (OF     369590  DEFINED) SELECTED BY  NSEL  COMMAND.

 *GET  PBNF      FROM  NODE  ITEM=COUN       VALUE=  781.000000     

 *IF  PBNF  ( =   781.000     )  NE  
      781  ( =   781.000     )  THEN    

 *ENDIF

 SELECT      COMPONENT USERSELFSU                                                                                                                                                                                                                                                      

 RESELECT     FOR ITEM=D    COMPONENT=UZ    BETWEEN  0.0000     AND   0.0000    
   KABS=  0.  TOLERANCE= 0.100000E-05

        781  NODES (OF     369590  DEFINED) SELECTED BY  NSEL  COMMAND.

 *GET  PBNF      FROM  NODE  ITEM=COUN       VALUE=  781.000000     

 *IF  PBNF  ( =   781.000     )  NE  
      781  ( =   781.000     )  THEN    

 *ENDIF

 SELECT      COMPONENT USERSELFSU                                                                                                                                                                                                                                                      

 SPECIFIED CONSTRAINT UX   FOR SELECTED NODES            1 TO      379902 BY           1
 REAL=  1.00000000       IMAG=  0.00000000    

 SPECIFIED CONSTRAINT UY   FOR SELECTED NODES            1 TO      379902 BY           1
 REAL=  2.00000000       IMAG=  0.00000000    

 SPECIFIED CONSTRAINT UZ   FOR SELECTED NODES            1 TO      379902 BY           1
 REAL=  3.00000000       IMAG=  0.00000000    

 SELECT ALL ENTITIES OF TYPE= ALL  AND BELOW

 PRINT ALL  ITEMS WITH A FREQUENCY OF NONE
   FOR ALL APPLICABLE ENTITIES

 *****  MAPDL SOLVE    COMMAND  *****

 *** WARNING ***                         ELAPSED TIME =       8.803   TIME= 09:42:59
 Element shape errors, if any, are currently shown as warnings only.     
 Issue SHPP,ON to restore shape error traps, if desired.                 

 *** WARNING ***                         ELAPSED TIME =       9.175   TIME= 09:43:00
 No shape testing has been performed on 115061 of the 248516 selected    
 elements.  To perform shape testing on these elements and see any       
 warning messages about the others, please issue the CHECK command.      

 *** NOTE ***                            ELAPSED TIME =       9.176   TIME= 09:43:00
 The model data was checked and warning messages were found.             
  Please review output or errors file (                                  
 C:\Temp\PBMotion_20261005_basis_saved\file0.err ) for these warning     
 messages.                                                               

 *** MAPDL - ENGINEERING ANALYSIS SYSTEM  RELEASE 2026 R1.02       26.1     ***
 Ansys Mechanical Enterprise Academic Research     
 01196637  VERSION=WINDOWS x64   09:43:00  OCT 06, 2026 Elapsed Time=      9.387

 powerboardsim_v1--RANDOM VIBE - expanded prestressed modal basis (C5)         



                       S O L U T I O N   O P T I O N S

   PROBLEM DIMENSIONALITY. . . . . . . . . . . . .3-D                  
   DEGREES OF FREEDOM. . . . . . UX   UY   UZ  
   ANALYSIS TYPE . . . . . . . . . . . . . . . . .MODAL                
      RESTART. . . . . . . . . . . . . . . . . . .YES

 *** WARNING ***                         ELAPSED TIME =       9.584   TIME= 09:43:00
 Material number 628 (used by element 330976) should normally have at    
 least one MP or one TB type command associated with it.  Output of      
 energy by material may not be available.                                

 *** NOTE ***                            ELAPSED TIME =       9.591   TIME= 09:43:00
 The step data was checked and warning messages were found.              
  Please review output or errors file (                                  
 C:\Temp\PBMotion_20261005_basis_saved\file0.err ) for these warning     
 messages.                                                               

                      L O A D   S T E P   O P T I O N S

   LOAD STEP NUMBER. . . . . . . . . . . . . . . .     1
   THERMAL STRAINS INCLUDED IN THE LOAD VECTOR . .   YES
   PRINT OUTPUT CONTROLS
      ITEM     FREQUENCY   COMPONENT
      ALL        NONE               
   DATABASE OUTPUT CONTROLS
      ITEM     FREQUENCY   COMPONENT
       ALL       NONE               
      NSOL        ALL               
      STRS        ALL               
      EPEL        ALL               
      EPPL        ALL               
      RSOL        ALL               
      NLOA        ALL               


 >>>> PRETENSION ELEMENT STATUS <<<<
 SECTION NAME     PT.NODE  --------STATUS--------------------  ----LOAD SOURCE----
   629             369771  FIXED RELATIVE MOTION=  0.0000
   637             373773  FIXED RELATIVE MOTION=  0.0000
   633             371772  FIXED RELATIVE MOTION=  0.0000
   645             377775  FIXED RELATIVE MOTION=  0.0000
   641             375774  FIXED RELATIVE MOTION=  0.0000
   649             379776  FIXED RELATIVE MOTION=  0.0000

 *** NOTE ***                            ELAPSED TIME =      88.472   TIME= 09:44:19
 The initial memory allocation (-m) has been exceeded.                   
  Supplemental memory allocations are being used.                        


  ENFORCED MOTION STATIC SHAPES CALCULATION


    NUMBER OF STATIC SHAPES =      3

 DISTRIBUTED SPARSE MATRIX DIRECT SOLVER.
  Number of equations =     1071405,    Maximum wavefront =   2109


  Memory allocated on only this MPI rank (rank     0)
  -------------------------------------------------------------------
  Equation solver memory allocated                     =     0.957 GB
  Equation solver memory required for in-core mode     =     0.922 GB
  Equation solver memory required for out-of-core mode =     0.512 GB
  Total (solver and non-solver) memory allocated       =     3.867 GB


  Total memory summed across all MPI ranks on this machines
  -------------------------------------------------------------------
  Equation solver memory allocated                     =    10.363 GB
  Equation solver memory required for in-core mode     =     9.943 GB
  Equation solver memory required for out-of-core mode =     4.230 GB
  Total (solver and non-solver) memory allocated       =    23.667 GB

 *** NOTE ***                            ELAPSED TIME =     168.790   TIME= 09:45:39
 The Distributed Sparse Matrix Solver is currently running in the        
 in-core memory mode.  This memory mode uses the most amount of memory   
 in order to avoid using the hard drive as much as possible, which most  
 often results in the fastest solution time.  This mode is recommended   
 if enough physical memory is present to accommodate all of the solver   
 data.                                                                   
 Distributed sparse solver maximum pivot= 1.282768465E+11 at node 41820  
 UY.                                                                     
 Distributed sparse solver minimum pivot= 93020.4795 at node 271403 UZ.  
 Distributed sparse solver minimum pivot in absolute value= 93020.4795   
 at node 271403 UZ.                                                      

 DISTRIBUTED SPARSE MATRIX DIRECT SOLVER.
  Number of equations =     1071405,    Maximum wavefront =   2109


  Memory allocated on only this MPI rank (rank     0)
  -------------------------------------------------------------------
  Equation solver memory allocated                     =     0.957 GB
  Equation solver memory required for in-core mode     =     0.922 GB
  Equation solver memory required for out-of-core mode =     0.512 GB
  Total (solver and non-solver) memory allocated       =     4.365 GB


  Total memory summed across all MPI ranks on this machines
  -------------------------------------------------------------------
  Equation solver memory allocated                     =    10.363 GB
  Equation solver memory required for in-core mode     =     9.943 GB
  Equation solver memory required for out-of-core mode =     4.556 GB
  Total (solver and non-solver) memory allocated       =    24.690 GB

 *** NOTE ***                            ELAPSED TIME =     281.384   TIME= 09:47:32
 The Distributed Sparse Matrix Solver is currently running in the        
 in-core memory mode.  This memory mode uses the most amount of memory   
 in order to avoid using the hard drive as much as possible, which most  
 often results in the fastest solution time.  This mode is recommended   
 if enough physical memory is present to accommodate all of the solver   
 data.                                                                   
 Distributed sparse solver maximum pivot= 1.282768465E+11 at node 41820  
 UY.                                                                     
 Distributed sparse solver minimum pivot= 93020.4795 at node 271403 UZ.  
 Distributed sparse solver minimum pivot in absolute value= 93020.4795   
 at node 271403 UZ.                                                      

 DISTRIBUTED SPARSE MATRIX DIRECT SOLVER.
  Number of equations =     1071405,    Maximum wavefront =   2109


  Memory allocated on only this MPI rank (rank     0)
  -------------------------------------------------------------------
  Equation solver memory allocated                     =     0.957 GB
  Equation solver memory required for in-core mode     =     0.922 GB
  Equation solver memory required for out-of-core mode =     0.512 GB
  Total (solver and non-solver) memory allocated       =     4.371 GB


  Total memory summed across all MPI ranks on this machines
  -------------------------------------------------------------------
  Equation solver memory allocated                     =    10.363 GB
  Equation solver memory required for in-core mode     =     9.943 GB
  Equation solver memory required for out-of-core mode =     4.556 GB
  Total (solver and non-solver) memory allocated       =    24.897 GB

 *** NOTE ***                            ELAPSED TIME =     467.802   TIME= 09:50:38
 The Distributed Sparse Matrix Solver is currently running in the        
 in-core memory mode.  This memory mode uses the most amount of memory   
 in order to avoid using the hard drive as much as possible, which most  
 often results in the fastest solution time.  This mode is recommended   
 if enough physical memory is present to accommodate all of the solver   
 data.                                                                   
 Distributed sparse solver maximum pivot= 1.282768465E+11 at node 41820  
 UY.                                                                     
 Distributed sparse solver minimum pivot= 93020.4795 at node 271403 UZ.  
 Distributed sparse solver minimum pivot in absolute value= 93020.4795   
 at node 271403 UZ.                                                      


 *** MAPDL BINARY FILE STATISTICS
  BUFFER SIZE USED= 16384
      390.375 MB WRITTEN ON ELEMENT MATRIX FILE: file0.emat
      114.000 MB WRITTEN ON ELEMENT SAVED DATA FILE: file0.esav
      275.188 MB WRITTEN ON ASSEMBLED MATRIX FILE: file0.full
        4.188 MB WRITTEN ON MODAL MATRIX FILE: file0.mode
       10.000 MB WRITTEN ON RESULTS FILE: file0.rstp

 *****  MAPDL FINISH   COMMAND  *****

 *** WARNING ***                         ELAPSED TIME =     626.561   TIME= 09:53:17
 Material number 628 (used by element 330976) should normally have at    
 least one MP or one TB type command associated with it.  Output of      
 energy by material may not be available.                                

 *** NOTE ***                            ELAPSED TIME =     626.569   TIME= 09:53:17
 The step data was checked and warning messages were found.              
  Please review output or errors file (                                  
 C:\Temp\PBMotion_20261005_basis_saved\file0.err ) for these warning     
 messages.                                                               

 *** MAPDL - ENGINEERING ANALYSIS SYSTEM  RELEASE 2026 R1.02       26.1     ***
 Ansys Mechanical Enterprise Academic Research     
 01196637  VERSION=WINDOWS x64   09:53:17  OCT 06, 2026 Elapsed Time=    626.802

 powerboardsim_v1--RANDOM VIBE - expanded prestressed modal basis (C5)         




   *** ELEMENT RESULT CALCULATION TIMES
     TYPE    NUMBER     ENAME   TOTAL ELAPSED   AVG ELAPSED

        1         1  SOLID186          0.0004   0.000377208
        2         1  SOLID186          0.0002   0.000231375
        3         1  SOLID186          0.0004   0.000428417
        4         1  SOLID186          0.0006   0.000594042
        5         1  SOLID186          0.0010   0.000981625
        6         1  SOLID186          0.0004   0.000395875
        7         1  SOLID186          0.0177   0.017660917
        8         1  SOLID186          0.0012   0.001164625
        9         1  SOLID186          0.0004   0.000416125
       10         1  SOLID186          0.0146   0.014617542
       11         1  SOLID186          0.0002   0.000219042
       12         1  SOLID186          0.0006   0.000637042
       13         1  SOLID186          0.0002   0.000236333
       14         1  SOLID186          0.0002   0.000224417
       15         1  SOLID186          0.0006   0.000572167
       16         1  SOLID186          0.0004   0.000444167
       17         1  SOLID186          0.0002   0.000242792
       18         1  SOLID186          0.0003   0.000330000
       19         1  SOLID186          0.0006   0.000593958
       20         1  SOLID186          0.0005   0.000492167
       21         1  SOLID186          0.0116   0.011596125
       22         1  SOLID186          0.0002   0.000216625
       23         1  SOLID186          0.0003   0.000276000
       24         1  SOLID186          0.0006   0.000596875
       25         1  SOLID186          0.0008   0.000829250
       26         1  SOLID186          0.0012   0.001168542
       27         1  SOLID186          0.0009   0.000905042
       28         1  SOLID186          0.0005   0.000459000
       29         1  SOLID186          0.0009   0.000905458
       30         1  SOLID186          0.0003   0.000341458
       31         1  SOLID186          0.0008   0.000750042
       32         1  SOLID186          0.0005   0.000518167
       33         1  SOLID186          0.0002   0.000242833
       34         1  SOLID186          0.0002   0.000212542
       35         1  SOLID186          0.0003   0.000348333
       36         1  SOLID186          0.0005   0.000483792
       37         1  SOLID186          0.0516   0.051631708
       38         1  SOLID186          0.0010   0.000955667
       39         1  SOLID186          0.0007   0.000660292
       40         1  SOLID186          0.0003   0.000253042
       41         1  SOLID186          0.0002   0.000237208
       42         1  SOLID186          0.0006   0.000648750
       43         1  SOLID186          0.0003   0.000324125
       44         1  SOLID186          0.0002   0.000248667
       45         1  SOLID186          0.0007   0.000720750
       46         1  SOLID186          0.0002   0.000210583
       47         1  SOLID186          0.0003   0.000268292
       48         1  SOLID186          0.0002   0.000227667
       49         1  SOLID186          0.0012   0.001242667
       50         1  SOLID186          0.0003   0.000324458
       51         1  SOLID186          0.0009   0.000911292
       52         1  SOLID186          0.0167   0.016709667
       53         1  SOLID186          0.0035   0.003518333
       54         1  SOLID186          0.0005   0.000545042
       55         1  SOLID186          0.0008   0.000837292
       56         1  SOLID186          0.0005   0.000508083
       57         1  SOLID186          0.0004   0.000383250
       58         1  SOLID186          0.0003   0.000290708
       59         1  SOLID186          0.0006   0.000637125
       60         1  SOLID186          0.0006   0.000602625
       61         1  SOLID186          0.0009   0.000913292
       62         1  SOLID186          0.0003   0.000299500
       63         1  SOLID186          0.0005   0.000548875
       64         1  SOLID186          0.0008   0.000825625
       65         1  SOLID186          0.0024   0.002399833
       66         1  SOLID186          0.0014   0.001412333
       67         1  SOLID186          0.0003   0.000284458
       68         1  SOLID186          0.0004   0.000434458
       69         1  SOLID186          0.0005   0.000540250
       70         1  SOLID186          0.0005   0.000542500
       71         1  SOLID186          0.0003   0.000314583
       72         1  SOLID186          0.0005   0.000503458
       73         1  SOLID186          0.0005   0.000524708
       74         1  SOLID186          0.0004   0.000408208
       75         1  SOLID186          0.0104   0.010439750
       76         1  SOLID186          0.0006   0.000599833
       77         1  SOLID186          0.0108   0.010771833
       78         1  SOLID186          0.0006   0.000632667
       79         1  SOLID186          0.0003   0.000298958
       80         1  SOLID186          0.0005   0.000546667
       81         1  SOLID186          0.0004   0.000352458
       82         1  SOLID186          0.0003   0.000281583
       83         1  SOLID186          0.0003   0.000322208
       84         1  SOLID186          0.0018   0.001804708
       85         1  SOLID186          0.0003   0.000255625
       86         1  SOLID186          0.0005   0.000463250
       87         1  SOLID186          0.0002   0.000225042
       88         1  SOLID186          0.0002   0.000202458
       89         1  SOLID186          0.0007   0.000662500
       90         1  SOLID186          0.0133   0.013253375
       91         1  SOLID186          0.0008   0.000784667
       92         1  SOLID186          0.0022   0.002182583
       93         1  SOLID186          0.0017   0.001668708
       94         1  SOLID186          0.0010   0.000990917
       95         1  SOLID186          0.0003   0.000329583
       96         1  SOLID186          0.0119   0.011947792
       97         1  SOLID186          0.0009   0.000882375
       98         1  SOLID186          0.0091   0.009084167
       99         5  SOLID186          0.0277   0.005530950
      100         2  SOLID186          0.0375   0.018736646
      101         4  SOLID186          0.0319   0.007981656
      102         2  SOLID186          0.0008   0.000414479
      103         1  SOLID186          0.0007   0.000684917
      104         1  SOLID186          0.0003   0.000256667
      105         1  SOLID186          0.0005   0.000467000
      106         1  SOLID186          0.0006   0.000613667
      107         1  SOLID186          0.0004   0.000368167
      108         1  SOLID186          0.0004   0.000400083
      109         1  SOLID186          0.0003   0.000260250
      110         1  SOLID186          0.0006   0.000587375
      111         1  SOLID186          0.0005   0.000492417
      112         1  SOLID186          0.0002   0.000237500
      113         1  SOLID186          0.0003   0.000306500
      114         1  SOLID186          0.0004   0.000382042
      115         1  SOLID186          0.0005   0.000529167
      116         1  SOLID186          0.0615   0.061548458
      117         1  SOLID186          0.0005   0.000503542
      118         1  SOLID186          0.0006   0.000569625
      119         1  SOLID186          0.0010   0.001000917
      120         1  SOLID186          0.0006   0.000593542
      121         1  SOLID186          0.0002   0.000221417
      122         1  SOLID186          0.0599   0.059882375
      123         1  SOLID186          0.0008   0.000845208
      124         1  SOLID186          0.0002   0.000229125
      125         1  SOLID186          0.0002   0.000236042
      126         1  SOLID186          0.0008   0.000775125
      127         1  SOLID186          0.0003   0.000255292
      128         1  SOLID186          0.0010   0.000957375
      129         1  SOLID186          0.0007   0.000683958
      130         1  SOLID186          0.0002   0.000248792
      131         1  SOLID186          0.0182   0.018183875
      132         1  SOLID186          0.0002   0.000244083
      133         1  SOLID186          0.0003   0.000295667
      134         1  SOLID186          0.0715   0.071460500
      135         1  SOLID186          0.0004   0.000364958
      136         1  SOLID186          0.0013   0.001306625
      137         1  SOLID186          0.0592   0.059165500
      138         1  SOLID186          0.0010   0.000977958
      139         1  SOLID186          0.0005   0.000490042
      140         1  SOLID186          0.0006   0.000554625
      141         1  SOLID186          0.0117   0.011694833
      142         1  SOLID186          0.0121   0.012100292
      143         1  SOLID186          0.0003   0.000317375
      144         1  SOLID186          0.0002   0.000208500
      145         1  SOLID186          0.0169   0.016878917
      146         1  SOLID186          0.0007   0.000719917
      147         1  SOLID186          0.0002   0.000241792
      148         1  SOLID186          0.0178   0.017818542
      149         1  SOLID186          0.0002   0.000204250
      150         1  SOLID186          0.0004   0.000376458
      151         1  SOLID186          0.0007   0.000740208
      152         1  SOLID186          0.0005   0.000460542
      153         1  SOLID186          0.0005   0.000542292
      154         1  SOLID186          0.0002   0.000215667
      155         1  SOLID186          0.0005   0.000461250
      156         1  SOLID186          0.0002   0.000246875
      157         1  SOLID186          0.0005   0.000520458
      158         1  SOLID186          0.0008   0.000772042
      159         1  SOLID186          0.0021   0.002069333
      160         1  SOLID186          0.0009   0.000864458
      161         1  SOLID186          0.0649   0.064862083
      162         1  SOLID186          0.0088   0.008750250
      163         1  SOLID186          0.0002   0.000218500
      164         1  SOLID186          0.0003   0.000284792
      165         1  SOLID186          0.0159   0.015865083
      166         1  SOLID186          0.0009   0.000910875
      167         1  SOLID186          0.0010   0.000972750
      168         1  SOLID186          0.0005   0.000544583
      169         1  SOLID186          0.0003   0.000282250
      170         1  SOLID186          0.0003   0.000252500
      171         1  SOLID186          0.0003   0.000310500
      172         1  SOLID186          0.0003   0.000330250
      173      1372  SOLID186          1.4955   0.001090046
      174       372  SOLID187          0.0789   0.000212040
      175        60  SOLID187          0.0155   0.000258634
      176       744  SOLID187          0.4336   0.000582764
      177        60  SOLID187          0.0525   0.000874599
      178      1180  SOLID186          1.2555   0.001063967
      179       945  SOLID187          0.4078   0.000431550
      180       381  SOLID187          0.0990   0.000259769
      181      1264  SOLID186          1.3079   0.001034716
      182      1364  SOLID186          1.6231   0.001189988
      183      1124  SOLID186          1.1216   0.000997900
      184        60  SOLID187          0.0522   0.000870313
      185        60  SOLID187          0.0332   0.000553660
      186       370  SOLID187          0.1413   0.000381865
      187       711  SOLID187          0.2892   0.000406717
      188        63  SOLID187          0.0068   0.000108354
      189       386  SOLID187          0.1199   0.000310591
      190        60  SOLID187          0.0333   0.000554946
      191       732  SOLID187          0.2309   0.000315476
      192      1224  SOLID186          1.3693   0.001118671
      193       383  SOLID187          0.1078   0.000281515
      194      9124  SOLID187          3.4702   0.000380338
      195      9158  SOLID187          3.5839   0.000391340
      196      9214  SOLID187          3.3650   0.000365210
      197      8841  SOLID187          3.1109   0.000351873
      198      8984  SOLID187          3.6962   0.000411423
      199      9247  SOLID187          3.3673   0.000364146
      200       737  SOLID187          0.3789   0.000514160
      201       816  SOLID187          0.2979   0.000365133
      202       724  SOLID187          0.2713   0.000374677
      203       795  SOLID187          0.2849   0.000358407
      204       783  SOLID187          0.3935   0.000502545
      205       820  SOLID187          0.3295   0.000401783
      206       714  SOLID187          0.2294   0.000321285
      207       835  SOLID187          0.2402   0.000287716
      208     39014  SOLID186         41.3634   0.001060220
      209        20  CONTA174          0.0017   0.000085675
      211       399  CONTA174          0.0703   0.000176284
      213        47  CONTA174          0.0008   0.000016517
      215       351  CONTA174          0.0634   0.000180542
      217        20  CONTA174          0.0009   0.000045740
      219       339  CONTA174          0.0714   0.000210689
      221        49  CONTA174          0.0028   0.000057543
      223        19  CONTA174          0.0011   0.000057610
      225       365  CONTA174          0.0679   0.000185991
      227        20  CONTA174          0.0013   0.000062552
      229       370  CONTA174          0.0593   0.000160286
      231       100  CONTA174          0.0021   0.000020622
      233       399  CONTA174          0.1177   0.000294868
      235        20  CONTA174          0.0009   0.000046404
      237       337  CONTA174          0.0177   0.000052493
      239        20  CONTA174          0.0019   0.000095160
      241       352  CONTA174          0.0393   0.000111518
      243       349  CONTA174          0.0261   0.000074652
      245        44  CONTA174          0.0008   0.000017588
      247       314  CONTA174          0.0327   0.000104257
      249        48  CONTA174          0.0234   0.000487587
      251       364  CONTA174          0.0317   0.000086965
      253       357  CONTA174          0.0416   0.000116525
      255        47  CONTA174          0.0009   0.000018624
      257         1  CONTA174          0.0001   0.000057833
      259         1  CONTA174          0.0000   0.000021708
      261         1  CONTA174          0.0002   0.000166500
      263         1  CONTA174          0.0001   0.000135417
      265         1  CONTA174          0.0001   0.000056750
      267         1  CONTA174          0.0000   0.000048625
      269         1  CONTA174          0.0001   0.000075667
      271         1  CONTA174          0.0002   0.000156875
      273         1  CONTA174          0.0000   0.000034583
      275         1  CONTA174          0.0002   0.000193250
      277         1  CONTA174          0.0000   0.000014625
      279         1  CONTA174          0.0000   0.000031750
      281         1  CONTA174          0.0000   0.000015500
      283         1  CONTA174          0.0000   0.000014875
      285         1  CONTA174          0.0000   0.000045042
      287         1  CONTA174          0.0001   0.000054708
      289         1  CONTA174          0.0000   0.000019292
      291         1  CONTA174          0.0001   0.000065292
      293         1  CONTA174          0.0000   0.000046000
      295         1  CONTA174          0.0001   0.000078708
      297         1  CONTA174          0.0026   0.002602125
      299         1  CONTA174          0.0000   0.000019333
      301         1  CONTA174          0.0001   0.000068292
      303         1  CONTA174          0.0001   0.000053792
      305         1  CONTA174          0.0000   0.000048667
      307         1  CONTA174          0.0000   0.000035208
      309         1  CONTA174          0.0001   0.000058250
      311         1  CONTA174          0.0001   0.000105000
      313         1  CONTA174          0.0000   0.000047000
      315         1  CONTA174          0.0001   0.000072333
      317         1  CONTA174          0.0001   0.000113167
      319         1  CONTA174          0.0000   0.000024333
      321         1  CONTA174          0.0000   0.000024583
      323         1  CONTA174          0.0000   0.000020833
      325         1  CONTA174          0.0001   0.000055042
      327         1  CONTA174          0.0001   0.000100750
      329         1  CONTA174          0.0001   0.000106167
      331         1  CONTA174          0.0003   0.000348417
      333         1  CONTA174          0.0001   0.000054958
      335         1  CONTA174          0.0002   0.000211292
      337         1  CONTA174          0.0001   0.000072917
      339         1  CONTA174          0.0000   0.000047417
      341         1  CONTA174          0.0000   0.000020542
      343         1  CONTA174          0.0000   0.000036875
      345         1  CONTA174          0.0001   0.000069583
      347         1  CONTA174          0.0000   0.000015667
      349         1  CONTA174          0.0000   0.000018500
      351         1  CONTA174          0.0000   0.000016083
      353         1  CONTA174          0.0001   0.000057833
      355         1  CONTA174          0.0000   0.000011208
      357         1  CONTA174          0.0003   0.000258417
      359         1  CONTA174          0.0001   0.000083542
      361         1  CONTA174          0.0001   0.000052667
      363         1  CONTA174          0.0000   0.000025833
      365         1  CONTA174          0.0001   0.000063250
      367         1  CONTA174          0.0000   0.000027833
      369         1  CONTA174          0.0001   0.000061458
      371         1  CONTA174          0.0000   0.000033167
      373         1  CONTA174          0.0000   0.000037250
      375         1  CONTA174          0.0001   0.000055250
      377         1  CONTA174          0.0001   0.000061250
      379         1  CONTA174          0.0001   0.000079625
      381         1  CONTA174          0.0003   0.000312875
      383         1  CONTA174          0.0001   0.000057125
      385         1  CONTA174          0.0001   0.000065208
      387         1  CONTA174          0.0001   0.000095917
      389         1  CONTA174          0.0000   0.000028375
      391         1  CONTA174          0.0001   0.000077542
      393         1  CONTA174          0.0002   0.000155500
      395         1  CONTA174          0.0001   0.000053333
      397         1  CONTA174          0.0000   0.000038750
      399         1  CONTA174          0.0000   0.000024917
      401         1  CONTA174          0.0001   0.000080583
      403         1  CONTA174          0.0000   0.000035458
      405         1  CONTA174          0.0144   0.014416667
      407         1  CONTA174          0.0001   0.000149208
      409         1  CONTA174          0.0001   0.000105250
      411         1  CONTA174          0.0001   0.000144625
      413         1  CONTA174          0.0001   0.000073167
      415         1  CONTA174          0.0001   0.000082542
      417         1  CONTA174          0.0001   0.000057000
      419         1  CONTA174          0.0000   0.000037500
      421         1  CONTA174          0.0007   0.000660542
      423         1  CONTA174          0.0000   0.000031958
      425         1  CONTA174          0.0000   0.000041917
      427         1  CONTA174          0.0000   0.000022583
      429         1  CONTA174          0.0000   0.000031792
      431         1  CONTA174          0.0000   0.000038958
      433         1  CONTA174          0.0000   0.000039583
      435         1  CONTA174          0.0001   0.000106542
      437         1  CONTA174          0.0001   0.000065000
      439         1  CONTA174          0.0001   0.000068750
      441         1  CONTA174          0.0001   0.000066375
      443         1  CONTA174          0.0001   0.000061208
      445         1  CONTA174          0.0000   0.000018458
      447         1  CONTA174          0.0000   0.000024167
      449         1  CONTA174          0.0001   0.000066875
      451         1  CONTA174          0.0001   0.000103250
      453         5  CONTA174          0.0006   0.000120100
      455         2  CONTA174          0.0016   0.000782292
      457         4  CONTA174          0.0018   0.000438719
      459         2  CONTA174          0.0002   0.000087625
      461         1  CONTA174          0.0001   0.000060583
      463         1  CONTA174          0.0002   0.000172917
      465         1  CONTA174          0.0001   0.000057708
      467         1  CONTA174          0.0020   0.001978500
      469         1  CONTA174          0.0001   0.000052125
      471         1  CONTA174          0.0000   0.000013583
      473         1  CONTA174          0.0000   0.000038000
      475         1  CONTA174          0.0001   0.000058583
      477         1  CONTA174          0.0001   0.000054958
      479         1  CONTA174          0.0000   0.000024250
      481         1  CONTA174          0.0000   0.000023375
      483         1  CONTA174          0.0000   0.000049792
      485         1  CONTA174          0.0001   0.000089958
      487         1  CONTA174          0.0040   0.003956167
      489         1  CONTA174          0.0001   0.000064875
      491         1  CONTA174          0.0000   0.000032167
      493         1  CONTA174          0.0002   0.000179125
      495         1  CONTA174          0.0000   0.000046375
      497         1  CONTA174          0.0000   0.000040042
      499         1  CONTA174          0.0026   0.002638125
      501         1  CONTA174          0.0001   0.000067042
      503         1  CONTA174          0.0000   0.000019000
      505         1  CONTA174          0.0000   0.000019917
      507         1  CONTA174          0.0001   0.000069042
      509         1  CONTA174          0.0000   0.000012375
      511         1  CONTA174          0.0160   0.015979125
      513         1  CONTA174          0.0000   0.000028875
      515         1  CONTA174          0.0001   0.000087750
      517         1  CONTA174          0.0025   0.002492667
      519         1  CONTA174          0.0000   0.000012417
      521         1  CONTA174          0.0000   0.000014333
      523         1  CONTA174          0.0011   0.001109167
      525         1  CONTA174          0.0000   0.000045333
      527         1  CONTA174          0.0000   0.000033833
      529         1  CONTA174          0.0178   0.017752000
      531         1  CONTA174          0.0001   0.000100125
      533         1  CONTA174          0.0000   0.000043250
      535         1  CONTA174          0.0000   0.000036583
      537         1  CONTA174          0.0001   0.000100167
      539         1  CONTA174          0.0008   0.000819875
      541         1  CONTA174          0.0000   0.000037375
      543         1  CONTA174          0.0000   0.000013833
      545         1  CONTA174          0.0003   0.000339167
      547         1  CONTA174          0.0074   0.007351500
      549         1  CONTA174          0.0000   0.000039417
      551         1  CONTA174          0.0001   0.000084792
      553         1  CONTA174          0.0001   0.000061125
      555         1  CONTA174          0.0001   0.000118542
      557         1  CONTA174          0.0001   0.000126792
      559         1  CONTA174          0.0000   0.000037375
      561         1  CONTA174          0.0001   0.000055458
      563         1  CONTA174          0.0000   0.000038333
      565         1  CONTA174          0.0000   0.000031583
      567         1  CONTA174          0.0000   0.000030167
      569         1  CONTA174          0.0001   0.000061500
      571         1  CONTA174          0.0001   0.000050625
      573         1  CONTA174          0.0002   0.000189292
      575         1  CONTA174          0.0001   0.000108792
      577         1  CONTA174          0.0186   0.018572917
      579         1  CONTA174          0.0001   0.000086708
      581         1  CONTA174          0.0000   0.000034625
      583         1  CONTA174          0.0000   0.000018208
      585         1  CONTA174          0.0001   0.000129625
      587         1  CONTA174          0.0001   0.000145542
      589         1  CONTA174          0.0001   0.000083208
      591         1  CONTA174          0.0003   0.000263625
      593         1  CONTA174          0.0001   0.000052500
      595         1  CONTA174          0.0000   0.000038500
      597         1  CONTA174          0.0000   0.000020417
      599         1  CONTA174          0.0001   0.000080042
      601        48  CONTA174          0.0145   0.000302283
      603        40  CONTA174          0.0021   0.000053436
      605        48  CONTA174          0.0063   0.000132278
      607        48  CONTA174          0.0018   0.000037644
      609        40  CONTA174          0.0022   0.000056234
      611        48  CONTA174          0.0258   0.000536901
      613        48  CONTA174          0.0030   0.000062970
      615        48  CONTA174          0.0026   0.000054685
      617       295  CONTA174          0.3355   0.001137419
      619       343  CONTA174          0.3735   0.001088912
      621       281  CONTA174          0.2333   0.000830187
      623       341  CONTA174          0.4352   0.001276145
      625       306  CONTA174          0.3153   0.001030269
      627       316  CONTA174          0.3099   0.000980741
      631        32  CONTA174          0.0013   0.000041770
      635        32  CONTA174          0.0011   0.000035212
      639        32  CONTA174          0.0019   0.000060285
      643        32  CONTA174          0.0009   0.000027888
      647        32  CONTA174          0.0018   0.000055523
      651        32  CONTA174          0.0012   0.000036366

   *** NODAL LOAD CALCULATION TIMES
     TYPE    NUMBER     ENAME   TOTAL ELAPSED   AVG ELAPSED

        1         1  SOLID186          0.0000   0.000014708
        2         1  SOLID186          0.0000   0.000004083
        3         1  SOLID186          0.0370   0.036973167
        4         1  SOLID186          0.0000   0.000015292
        5         1  SOLID186          0.0001   0.000064333
        6         1  SOLID186          0.0000   0.000013708
        7         1  SOLID186          0.0001   0.000079375
        8         1  SOLID186          0.0000   0.000028708
        9         1  SOLID186          0.0000   0.000014000
       10         1  SOLID186          0.0000   0.000041042
       11         1  SOLID186          0.0000   0.000003250
       12         1  SOLID186          0.0000   0.000049042
       13         1  SOLID186          0.0000   0.000003667
       14         1  SOLID186          0.0000   0.000003375
       15         1  SOLID186          0.0000   0.000008917
       16         1  SOLID186          0.0000   0.000015958
       17         1  SOLID186          0.0000   0.000004375
       18         1  SOLID186          0.0000   0.000004833
       19         1  SOLID186          0.0000   0.000010458
       20         1  SOLID186          0.0000   0.000010042
       21         1  SOLID186          0.0212   0.021171792
       22         1  SOLID186          0.0000   0.000003583
       23         1  SOLID186          0.0000   0.000004333
       24         1  SOLID186          0.0000   0.000015458
       25         1  SOLID186          0.0000   0.000016792
       26         1  SOLID186          0.0002   0.000165000
       27         1  SOLID186          0.0000   0.000032792
       28         1  SOLID186          0.0000   0.000015875
       29         1  SOLID186          0.0000   0.000017750
       30         1  SOLID186          0.0000   0.000008250
       31         1  SOLID186          0.0000   0.000020792
       32         1  SOLID186          0.0000   0.000011625
       33         1  SOLID186          0.0000   0.000004708
       34         1  SOLID186          0.0000   0.000003750
       35         1  SOLID186          0.0000   0.000012667
       36         1  SOLID186          0.0000   0.000016208
       37         1  SOLID186          0.0003   0.000284750
       38         1  SOLID186          0.0001   0.000081000
       39         1  SOLID186          0.0000   0.000015958
       40         1  SOLID186          0.0000   0.000003833
       41         1  SOLID186          0.0000   0.000003625
       42         1  SOLID186          0.0000   0.000022625
       43         1  SOLID186          0.0000   0.000003667
       44         1  SOLID186          0.0000   0.000004208
       45         1  SOLID186          0.0000   0.000023708
       46         1  SOLID186          0.0000   0.000003333
       47         1  SOLID186          0.0000   0.000003708
       48         1  SOLID186          0.0000   0.000003375
       49         1  SOLID186          0.0000   0.000021208
       50         1  SOLID186          0.0000   0.000004083
       51         1  SOLID186          0.0000   0.000020167
       52         1  SOLID186          0.0000   0.000034833
       53         1  SOLID186          0.0001   0.000055583
       54         1  SOLID186          0.0000   0.000009417
       55         1  SOLID186          0.0000   0.000018542
       56         1  SOLID186          0.0000   0.000018542
       57         1  SOLID186          0.0000   0.000007208
       58         1  SOLID186          0.0000   0.000005708
       59         1  SOLID186          0.0000   0.000011333
       60         1  SOLID186          0.0000   0.000020542
       61         1  SOLID186          0.0000   0.000023083
       62         1  SOLID186          0.0000   0.000005958
       63         1  SOLID186          0.0000   0.000014875
       64         1  SOLID186          0.0000   0.000020125
       65         1  SOLID186          0.0000   0.000027583
       66         1  SOLID186          0.0000   0.000025833
       67         1  SOLID186          0.0000   0.000005542
       68         1  SOLID186          0.0000   0.000044583
       69         1  SOLID186          0.0000   0.000020292
       70         1  SOLID186          0.0000   0.000018167
       71         1  SOLID186          0.0000   0.000005875
       72         1  SOLID186          0.0000   0.000008000
       73         1  SOLID186          0.0000   0.000013458
       74         1  SOLID186          0.0000   0.000013500
       75         1  SOLID186          0.0013   0.001323250
       76         1  SOLID186          0.0000   0.000024292
       77         1  SOLID186          0.0000   0.000034625
       78         1  SOLID186          0.0000   0.000013375
       79         1  SOLID186          0.0000   0.000004042
       80         1  SOLID186          0.0000   0.000021250
       81         1  SOLID186          0.0000   0.000013333
       82         1  SOLID186          0.0000   0.000004958
       83         1  SOLID186          0.0000   0.000005208
       84         1  SOLID186          0.0000   0.000029583
       85         1  SOLID186          0.0000   0.000003875
       86         1  SOLID186          0.0000   0.000007625
       87         1  SOLID186          0.0000   0.000003292
       88         1  SOLID186          0.0000   0.000003250
       89         1  SOLID186          0.0000   0.000021375
       90         1  SOLID186          0.0000   0.000031083
       91         1  SOLID186          0.0001   0.000085125
       92         1  SOLID186          0.0000   0.000023708
       93         1  SOLID186          0.0000   0.000030958
       94         1  SOLID186          0.0000   0.000021000
       95         1  SOLID186          0.0000   0.000006292
       96         1  SOLID186          0.0000   0.000042958
       97         1  SOLID186          0.0000   0.000021625
       98         1  SOLID186          0.0000   0.000032625
       99         5  SOLID186          0.0004   0.000088500
      100         2  SOLID186          0.0129   0.006433708
      101         4  SOLID186          0.0017   0.000413406
      102         2  SOLID186          0.0000   0.000007625
      103         1  SOLID186          0.0000   0.000018083
      104         1  SOLID186          0.0000   0.000003708
      105         1  SOLID186          0.0000   0.000013542
      106         1  SOLID186          0.0000   0.000041208
      107         1  SOLID186          0.0000   0.000004417
      108         1  SOLID186          0.0000   0.000005625
      109         1  SOLID186          0.0000   0.000003708
      110         1  SOLID186          0.0000   0.000017333
      111         1  SOLID186          0.0000   0.000008333
      112         1  SOLID186          0.0000   0.000004250
      113         1  SOLID186          0.0000   0.000004125
      114         1  SOLID186          0.0000   0.000015542
      115         1  SOLID186          0.0000   0.000016125
      116         1  SOLID186          0.0007   0.000725583
      117         1  SOLID186          0.0000   0.000008833
      118         1  SOLID186          0.0000   0.000009750
      119         1  SOLID186          0.0000   0.000014458
      120         1  SOLID186          0.0001   0.000059542
      121         1  SOLID186          0.0000   0.000004250
      122         1  SOLID186          0.0025   0.002455458
      123         1  SOLID186          0.0000   0.000026042
      124         1  SOLID186          0.0000   0.000003333
      125         1  SOLID186          0.0000   0.000003583
      126         1  SOLID186          0.0000   0.000023667
      127         1  SOLID186          0.0000   0.000003917
      128         1  SOLID186          0.0000   0.000031417
      129         1  SOLID186          0.0000   0.000011875
      130         1  SOLID186          0.0000   0.000004125
      131         1  SOLID186          0.0015   0.001462458
      132         1  SOLID186          0.0000   0.000004000
      133         1  SOLID186          0.0000   0.000004458
      134         1  SOLID186          0.0025   0.002542542
      135         1  SOLID186          0.0000   0.000005000
      136         1  SOLID186          0.0000   0.000036000
      137         1  SOLID186          0.0008   0.000828250
      138         1  SOLID186          0.0000   0.000042417
      139         1  SOLID186          0.0000   0.000015000
      140         1  SOLID186          0.0000   0.000025125
      141         1  SOLID186          0.0000   0.000039833
      142         1  SOLID186          0.0006   0.000645667
      143         1  SOLID186          0.0000   0.000005542
      144         1  SOLID186          0.0000   0.000003417
      145         1  SOLID186          0.0000   0.000037417
      146         1  SOLID186          0.0000   0.000025333
      147         1  SOLID186          0.0000   0.000003542
      148         1  SOLID186          0.0000   0.000035500
      149         1  SOLID186          0.0000   0.000003333
      150         1  SOLID186          0.0000   0.000011167
      151         1  SOLID186          0.0000   0.000022750
      152         1  SOLID186          0.0000   0.000014542
      153         1  SOLID186          0.0000   0.000018292
      154         1  SOLID186          0.0000   0.000003833
      155         1  SOLID186          0.0000   0.000016458
      156         1  SOLID186          0.0000   0.000004625
      157         1  SOLID186          0.0000   0.000019208
      158         1  SOLID186          0.0000   0.000025042
      159         1  SOLID186          0.0000   0.000025125
      160         1  SOLID186          0.0001   0.000069333
      161         1  SOLID186          0.0011   0.001137542
      162         1  SOLID186          0.0001   0.000067792
      163         1  SOLID186          0.0000   0.000003500
      164         1  SOLID186          0.0000   0.000004167
      165         1  SOLID186          0.0000   0.000032250
      166         1  SOLID186          0.0001   0.000122083
      167         1  SOLID186          0.0000   0.000042208
      168         1  SOLID186          0.0001   0.000051917
      169         1  SOLID186          0.0000   0.000003708
      170         1  SOLID186          0.0001   0.000058792
      171         1  SOLID186          0.0000   0.000004208
      172         1  SOLID186          0.0000   0.000006333
      173      1372  SOLID186          0.0635   0.000046282
      174       372  SOLID187          0.0037   0.000009948
      175        60  SOLID187          0.0005   0.000008468
      176       744  SOLID187          0.0041   0.000005445
      177        60  SOLID187          0.0139   0.000231922
      178      1180  SOLID186          0.0287   0.000024295
      179       945  SOLID187          0.0176   0.000018652
      180       381  SOLID187          0.0015   0.000003807
      181      1264  SOLID186          0.0400   0.000031617
      182      1364  SOLID186          0.0453   0.000033217
      183      1124  SOLID186          0.0417   0.000037103
      184        60  SOLID187          0.0004   0.000007361
      185        60  SOLID187          0.0004   0.000006693
      186       370  SOLID187          0.0020   0.000005448
      187       711  SOLID187          0.0436   0.000061365
      188        63  SOLID187          0.0002   0.000003913
      189       386  SOLID187          0.0023   0.000005872
      190        60  SOLID187          0.0100   0.000167324
      191       732  SOLID187          0.0028   0.000003853
      192      1224  SOLID186          0.0264   0.000021542
      193       383  SOLID187          0.0028   0.000007253
      194      9124  SOLID187          0.0953   0.000010443
      195      9158  SOLID187          0.1487   0.000016232
      196      9214  SOLID187          0.1096   0.000011892
      197      8841  SOLID187          0.1444   0.000016336
      198      8984  SOLID187          0.2008   0.000022348
      199      9247  SOLID187          0.1073   0.000011608
      200       737  SOLID187          0.0056   0.000007532
      201       816  SOLID187          0.0361   0.000044247
      202       724  SOLID187          0.0157   0.000021674
      203       795  SOLID187          0.0401   0.000050460
      204       783  SOLID187          0.0256   0.000032755
      205       820  SOLID187          0.0088   0.000010681
      206       714  SOLID187          0.0055   0.000007692
      207       835  SOLID187          0.0284   0.000034011
      208     39014  SOLID186          1.3276   0.000034029
      209        20  CONTA174          0.0001   0.000005431
      211       399  CONTA174          0.0013   0.000003231
      213        47  CONTA174          0.0000   0.000000776
      215       351  CONTA174          0.0010   0.000002988
      217        20  CONTA174          0.0000   0.000002460
      219       339  CONTA174          0.0017   0.000005141
      221        49  CONTA174          0.0001   0.000002921
      223        19  CONTA174          0.0000   0.000002406
      225       365  CONTA174          0.0016   0.000004315
      227        20  CONTA174          0.0001   0.000002640
      229       370  CONTA174          0.0012   0.000003229
      231       100  CONTA174          0.0002   0.000001621
      233       399  CONTA174          0.0181   0.000045309
      235        20  CONTA174          0.0000   0.000002490
      237       337  CONTA174          0.0008   0.000002479
      239        20  CONTA174          0.0001   0.000002588
      241       352  CONTA174          0.0010   0.000002941
      243       349  CONTA174          0.0009   0.000002668
      245        44  CONTA174          0.0000   0.000000736
      247       314  CONTA174          0.0009   0.000002826
      249        48  CONTA174          0.0002   0.000003148
      251       364  CONTA174          0.0010   0.000002617
      253       357  CONTA174          0.0010   0.000002917
      255        47  CONTA174          0.0000   0.000000782
      257         1  CONTA174          0.0000   0.000003583
      259         1  CONTA174          0.0000   0.000001333
      261         1  CONTA174          0.0000   0.000010083
      263         1  CONTA174          0.0000   0.000004083
      265         1  CONTA174          0.0000   0.000003083
      267         1  CONTA174          0.0000   0.000003542
      269         1  CONTA174          0.0000   0.000003667
      271         1  CONTA174          0.0000   0.000010917
      273         1  CONTA174          0.0000   0.000003583
      275         1  CONTA174          0.0000   0.000006583
      277         1  CONTA174          0.0000   0.000000833
      279         1  CONTA174          0.0000   0.000003208
      281         1  CONTA174          0.0000   0.000000875
      283         1  CONTA174          0.0000   0.000001000
      285         1  CONTA174          0.0000   0.000003167
      287         1  CONTA174          0.0000   0.000002917
      289         1  CONTA174          0.0000   0.000001292
      291         1  CONTA174          0.0000   0.000001708
      293         1  CONTA174          0.0000   0.000003083
      295         1  CONTA174          0.0000   0.000003583
      297         1  CONTA174          0.0011   0.001062417
      299         1  CONTA174          0.0000   0.000001208
      301         1  CONTA174          0.0000   0.000002292
      303         1  CONTA174          0.0000   0.000003958
      305         1  CONTA174          0.0000   0.000004000
      307         1  CONTA174          0.0000   0.000003542
      309         1  CONTA174          0.0000   0.000005750
      311         1  CONTA174          0.0000   0.000003042
      313         1  CONTA174          0.0000   0.000003292
      315         1  CONTA174          0.0000   0.000002083
      317         1  CONTA174          0.0000   0.000007417
      319         1  CONTA174          0.0000   0.000001917
      321         1  CONTA174          0.0000   0.000001583
      323         1  CONTA174          0.0000   0.000001042
      325         1  CONTA174          0.0000   0.000002625
      327         1  CONTA174          0.0000   0.000004917
      329         1  CONTA174          0.0000   0.000004792
      331         1  CONTA174          0.0000   0.000017792
      333         1  CONTA174          0.0000   0.000004167
      335         1  CONTA174          0.0000   0.000012917
      337         1  CONTA174          0.0000   0.000002417
      339         1  CONTA174          0.0000   0.000004750
      341         1  CONTA174          0.0000   0.000001125
      343         1  CONTA174          0.0000   0.000001417
      345         1  CONTA174          0.0000   0.000007000
      347         1  CONTA174          0.0000   0.000000958
      349         1  CONTA174          0.0000   0.000001208
      351         1  CONTA174          0.0000   0.000001000
      353         1  CONTA174          0.0000   0.000002333
      355         1  CONTA174          0.0000   0.000000917
      357         1  CONTA174          0.0000   0.000006375
      359         1  CONTA174          0.0000   0.000007083
      361         1  CONTA174          0.0000   0.000003875
      363         1  CONTA174          0.0000   0.000002125
      365         1  CONTA174          0.0000   0.000007042
      367         1  CONTA174          0.0000   0.000002333
      369         1  CONTA174          0.0000   0.000001917
      371         1  CONTA174          0.0000   0.000002042
      373         1  CONTA174          0.0000   0.000002458
      375         1  CONTA174          0.0000   0.000004375
      377         1  CONTA174          0.0000   0.000004500
      379         1  CONTA174          0.0000   0.000002958
      381         1  CONTA174          0.0000   0.000009958
      383         1  CONTA174          0.0000   0.000005042
      385         1  CONTA174          0.0000   0.000004250
      387         1  CONTA174          0.0000   0.000032458
      389         1  CONTA174          0.0000   0.000001750
      391         1  CONTA174          0.0000   0.000008583
      393         1  CONTA174          0.0000   0.000007542
      395         1  CONTA174          0.0000   0.000002542
      397         1  CONTA174          0.0000   0.000001583
      399         1  CONTA174          0.0000   0.000001792
      401         1  CONTA174          0.0000   0.000002625
      403         1  CONTA174          0.0000   0.000003083
      405         1  CONTA174          0.0213   0.021331667
      407         1  CONTA174          0.0000   0.000004792
      409         1  CONTA174          0.0000   0.000004708
      411         1  CONTA174          0.0000   0.000023750
      413         1  CONTA174          0.0000   0.000002667
      415         1  CONTA174          0.0000   0.000004250
      417         1  CONTA174          0.0000   0.000002792
      419         1  CONTA174          0.0000   0.000001792
      421         1  CONTA174          0.0001   0.000083083
      423         1  CONTA174          0.0000   0.000003125
      425         1  CONTA174          0.0000   0.000000958
      427         1  CONTA174          0.0000   0.000001792
      429         1  CONTA174          0.0000   0.000000917
      431         1  CONTA174          0.0000   0.000002042
      433         1  CONTA174          0.0000   0.000004458
      435         1  CONTA174          0.0000   0.000004042
      437         1  CONTA174          0.0000   0.000006000
      439         1  CONTA174          0.0000   0.000038958
      441         1  CONTA174          0.0000   0.000005833
      443         1  CONTA174          0.0000   0.000004833
      445         1  CONTA174          0.0000   0.000001125
      447         1  CONTA174          0.0000   0.000001667
      449         1  CONTA174          0.0000   0.000004750
      451         1  CONTA174          0.0000   0.000004042
      453         5  CONTA174          0.0000   0.000003842
      455         2  CONTA174          0.0003   0.000138250
      457         4  CONTA174          0.0010   0.000255490
      459         2  CONTA174          0.0000   0.000002375
      461         1  CONTA174          0.0000   0.000005250
      463         1  CONTA174          0.0000   0.000033333
      465         1  CONTA174          0.0000   0.000003375
      467         1  CONTA174          0.0000   0.000017833
      469         1  CONTA174          0.0000   0.000002792
      471         1  CONTA174          0.0000   0.000001208
      473         1  CONTA174          0.0000   0.000001042
      475         1  CONTA174          0.0000   0.000004958
      477         1  CONTA174          0.0000   0.000002250
      479         1  CONTA174          0.0000   0.000001333
      481         1  CONTA174          0.0000   0.000001000
      483         1  CONTA174          0.0000   0.000004208
      485         1  CONTA174          0.0000   0.000003792
      487         1  CONTA174          0.0169   0.016928750
      489         1  CONTA174          0.0000   0.000002667
      491         1  CONTA174          0.0000   0.000002000
      493         1  CONTA174          0.0000   0.000012417
      495         1  CONTA174          0.0000   0.000003208
      497         1  CONTA174          0.0000   0.000001750
      499         1  CONTA174          0.0016   0.001609917
      501         1  CONTA174          0.0000   0.000006250
      503         1  CONTA174          0.0000   0.000000917
      505         1  CONTA174          0.0000   0.000001208
      507         1  CONTA174          0.0000   0.000004375
      509         1  CONTA174          0.0000   0.000000833
      511         1  CONTA174          0.0000   0.000023917
      513         1  CONTA174          0.0000   0.000002417
      515         1  CONTA174          0.0000   0.000002417
      517         1  CONTA174          0.0015   0.001532750
      519         1  CONTA174          0.0000   0.000001042
      521         1  CONTA174          0.0000   0.000000875
      523         1  CONTA174          0.0001   0.000147833
      525         1  CONTA174          0.0000   0.000001875
      527         1  CONTA174          0.0000   0.000003458
      529         1  CONTA174          0.0164   0.016401292
      531         1  CONTA174          0.0000   0.000003250
      533         1  CONTA174          0.0000   0.000003875
      535         1  CONTA174          0.0000   0.000002000
      537         1  CONTA174          0.0000   0.000007167
      539         1  CONTA174          0.0001   0.000062792
      541         1  CONTA174          0.0000   0.000001792
      543         1  CONTA174          0.0000   0.000000917
      545         1  CONTA174          0.0001   0.000112167
      547         1  CONTA174          0.0001   0.000127792
      549         1  CONTA174          0.0000   0.000001208
      551         1  CONTA174          0.0000   0.000005792
      553         1  CONTA174          0.0000   0.000001750
      555         1  CONTA174          0.0000   0.000003000
      557         1  CONTA174          0.0000   0.000009125
      559         1  CONTA174          0.0000   0.000002917
      561         1  CONTA174          0.0000   0.000002583
      563         1  CONTA174          0.0000   0.000001667
      565         1  CONTA174          0.0000   0.000003375
      567         1  CONTA174          0.0000   0.000001708
      569         1  CONTA174          0.0000   0.000006625
      571         1  CONTA174          0.0000   0.000020750
      573         1  CONTA174          0.0000   0.000004167
      575         1  CONTA174          0.0000   0.000006583
      577         1  CONTA174          0.0169   0.016886958
      579         1  CONTA174          0.0000   0.000007000
      581         1  CONTA174          0.0000   0.000000958
      583         1  CONTA174          0.0000   0.000001292
      585         1  CONTA174          0.0000   0.000011875
      587         1  CONTA174          0.0000   0.000004958
      589         1  CONTA174          0.0000   0.000004292
      591         1  CONTA174          0.0000   0.000008167
      593         1  CONTA174          0.0000   0.000002500
      595         1  CONTA174          0.0000   0.000002000
      597         1  CONTA174          0.0000   0.000001167
      599         1  CONTA174          0.0000   0.000002708
      601        48  CONTA174          0.0001   0.000002514
      603        40  CONTA174          0.0001   0.000001948
      605        48  CONTA174          0.0002   0.000003967
      607        48  CONTA174          0.0001   0.000001846
      609        40  CONTA174          0.0002   0.000004508
      611        48  CONTA174          0.0001   0.000003104
      613        48  CONTA174          0.0002   0.000004229
      615        48  CONTA174          0.0002   0.000004942
      617       295  CONTA174          0.0072   0.000024572
      619       343  CONTA174          0.0249   0.000072647
      621       281  CONTA174          0.0050   0.000017748
      623       341  CONTA174          0.0089   0.000026128
      625       306  CONTA174          0.0176   0.000057443
      627       316  CONTA174          0.0064   0.000020102
      631        32  CONTA174          0.0001   0.000002168
      635        32  CONTA174          0.0001   0.000002004
      639        32  CONTA174          0.0001   0.000002117
      643        32  CONTA174          0.0000   0.000001505
      647        32  CONTA174          0.0001   0.000002600
      651        32  CONTA174          0.0001   0.000001693

 FINISH SOLUTION PROCESSING

 RESULTS WRITTEN TO FILE: file.mode
    TOTAL SIZE =     2797.750 MB

 RESULTS WRITTEN TO FILE: file0.mode
    TOTAL SIZE =      398.125 MB


 ***** ROUTINE COMPLETED *****  ELAPSED TIME =      1351.602



 ALL CURRENT MAPDL DATA WRITTEN TO FILE NAME= file.db
  FOR POSSIBLE RESUME FROM THIS POINT

 EXIT MAPDL WITHOUT SAVING DATABASE


 NUMBER OF WARNING MESSAGES ENCOUNTERED=          7
 NUMBER OF ERROR   MESSAGES ENCOUNTERED=          0

 *** NOTE ***                            ELAPSED TIME =    1368.255   TIME= 10:06:49
 The solution for the current simulation was performed using 12 cores.   
 The parallel performance of this simulation on this hardware indicates  
 that this simulation would benefit from using additional CPU cores.     
 Consider using more CPU cores, which may require additional HPC         
 licenses, when running this simulation again on the same hardware.      

+--------------------- M A P D L   S T A T I S T I C S ------------------------+

Release: 2026 R1.02         Build: 26.1       Update: UP20260202   Platform: WINDOWS x64 
Date Run: 10/06/2026   Time: 10:06     Process ID: 2776
Operating System: Windows 11  (Build: 26200)

Processor Model:                           Virtual CPU @ 3.20GHz

Compiler: Intel(R) Fortran Compiler Classic Version 2021.9  (Build: 20230302)
          Intel(R) C/C++ Compiler Classic Version 2021.9  (Build: 20230302)
          AOCL-BLAS 5.1.1 Build 20251008
          Intel(R) oneAPI Math Kernel Library Version 2024.2.3-Product Build 20250403

Number of machines requested            :    1
Total number of cores available         :   14
Number of physical cores available      :   14
Number of processes requested           :   12
Number of threads per process requested :    1
Total number of cores requested         :   12 (Distributed Memory Parallel)               
MPI Type: INTELMPI
MPI Version: Intel(R) MPI Library 2021.16 for Windows* OS


GPU Acceleration: Not Requested

Job Name: file0
Input File: run.dat

  Core                Machine Name   Working Directory
 -----------------------------------------------------
     0             MARCDNICHITBF25   C:\Temp\PBMotion_20261005_basis_saved
     1             MARCDNICHITBF25   C:\Temp\PBMotion_20261005_basis_saved
     2             MARCDNICHITBF25   C:\Temp\PBMotion_20261005_basis_saved
     3             MARCDNICHITBF25   C:\Temp\PBMotion_20261005_basis_saved
     4             MARCDNICHITBF25   C:\Temp\PBMotion_20261005_basis_saved
     5             MARCDNICHITBF25   C:\Temp\PBMotion_20261005_basis_saved
     6             MARCDNICHITBF25   C:\Temp\PBMotion_20261005_basis_saved
     7             MARCDNICHITBF25   C:\Temp\PBMotion_20261005_basis_saved
     8             MARCDNICHITBF25   C:\Temp\PBMotion_20261005_basis_saved
     9             MARCDNICHITBF25   C:\Temp\PBMotion_20261005_basis_saved
    10             MARCDNICHITBF25   C:\Temp\PBMotion_20261005_basis_saved
    11             MARCDNICHITBF25   C:\Temp\PBMotion_20261005_basis_saved
 
Latency time from master to core     1 =   36.511 microseconds
Latency time from master to core     2 =   39.991 microseconds
Latency time from master to core     3 =   44.764 microseconds
Latency time from master to core     4 =   39.243 microseconds
Latency time from master to core     5 =   43.378 microseconds
Latency time from master to core     6 =   46.767 microseconds
Latency time from master to core     7 =   35.945 microseconds
Latency time from master to core     8 =   36.588 microseconds
Latency time from master to core     9 =   42.849 microseconds
Latency time from master to core    10 =   38.859 microseconds
Latency time from master to core    11 =   43.454 microseconds
 
Communication speed from master to core     1 =  1857.18 MB/sec
Communication speed from master to core     2 =  2064.48 MB/sec
Communication speed from master to core     3 =  2327.56 MB/sec
Communication speed from master to core     4 =  2097.50 MB/sec
Communication speed from master to core     5 =  2080.50 MB/sec
Communication speed from master to core     6 =  1865.30 MB/sec
Communication speed from master to core     7 =  1308.66 MB/sec
Communication speed from master to core     8 =  1332.60 MB/sec
Communication speed from master to core     9 =  1399.26 MB/sec
Communication speed from master to core    10 =  1906.87 MB/sec
Communication speed from master to core    11 =  1878.11 MB/sec

Total CPU time for main thread                    :     1190.2 seconds
Total CPU time summed for all threads             :     1235.4 seconds

Elapsed time spent obtaining a license            :        1.3 seconds
Elapsed time spent pre-processing model (/PREP7)  :        0.0 seconds
Elapsed time spent solution - preprocessing       :       20.1 seconds
Elapsed time spent computing solution             :     1235.3 seconds
   Elapsed time in element formation & assembly   :       49.5 seconds
   Elapsed time in equation solver                :      542.7 seconds
   Elapsed time in element result calculations    :      577.9 seconds
Elapsed time spent solution - postprocessing      :       62.0 seconds
Elapsed time spent post-processing model (/POST1) :        0.0 seconds
 
Eigensolver used                                  :            Block Lanczos
Sparse direct equation solver computational rate  :       22.2 Gflops
Sparse direct equation solver effective I/O rate  :        8.2 GB/sec

Sum of disk space used on all processes           :    19759.0 MB

Sum of memory used on all processes               :    15792.0 MB
Sum of memory allocated on all processes          :    21747.0 MB
Physical memory available                         :        112 GB
Total amount of I/O written to disk               :       17.9 GB
Total amount of I/O read from disk                :      188.8 GB

+------------------ E N D   M A P D L   S T A T I S T I C S -------------------+


 *-----------------------------------------------------------------------------*
 |                                                                             |
 |                               RUN COMPLETED                                 |
 |                                                                             |
 |-----------------------------------------------------------------------------|
 |                                                                             |
 |  Ansys MAPDL 2026 R1.02      Build 26.1         UP20260202    WINDOWS x64   |
 |                                                                             |
 |-----------------------------------------------------------------------------|
 |                                                                             |
 |  Database Requested(-db)     1024 MB     Scratch Memory Requested   1024 MB |
 |  Max Database Used(Master)    414 MB     Max Scratch Used(Master)   1654 MB |
 |  Max Database Used(Workers)     1 MB     Max Scratch Used(Workers)  2138 MB |
 |  Sum Database Used(All)       425 MB     Sum Scratch Used(All)     15367 MB |
 |                                                                             |
 |-----------------------------------------------------------------------------|
 |                                                                             |
 |        CP Time      (sec) =       1235.422       Time  =  10:06:49          |
 |        Elapsed Time (sec) =       1368.254       Date  =  10/06/2026        |
 |                                                                             |
 *-----------------------------------------------------------------------------*
