/COM,ANSYS RELEASE 2026 R1.02        BUILD 26.1      UP20260202       02:17:19

 *** WARNING ***                         ELAPSED TIME =       6.933   TIME= 02:17:21
 One or more single layer Shell elements (such as element 12241)         
 reference section 1, which defines a different material (1) than the    
 attribute of the element (2).                                           

 *** WARNING ***                         ELAPSED TIME =      10.373   TIME= 02:17:25
 A boundary condition has been applied on 6 degrees of freedom of the    
 nodes belonging to the constraint element(MPC184) 10696.  It is likely  
 that the system may encounter solver difficulties due to                
 overconstraining.                                                       

 *** WARNING ***                         ELAPSED TIME =      10.374   TIME= 02:17:25
 A boundary condition has been applied on 6 degrees of freedom of the    
 nodes belonging to the constraint element(MPC184) 12208.  It is likely  
 that the system may encounter solver difficulties due to                
 overconstraining.                                                       

 *** WARNING ***                         ELAPSED TIME =      10.374   TIME= 02:17:25
 A boundary condition has been applied on 6 degrees of freedom of the    
 nodes belonging to the constraint element(MPC184) 10697.  It is likely  
 that the system may encounter solver difficulties due to                
 overconstraining.                                                       

 *** WARNING ***                         ELAPSED TIME =      10.374   TIME= 02:17:25
 A boundary condition has been applied on 6 degrees of freedom of the    
 nodes belonging to the constraint element(MPC184) 12209.  It is likely  
 that the system may encounter solver difficulties due to                
 overconstraining.                                                       

 *** WARNING ***                         ELAPSED TIME =      10.374   TIME= 02:17:25
 A boundary condition has been applied on 6 degrees of freedom of the    
 nodes belonging to the constraint element(MPC184) 10698.  It is likely  
 that the system may encounter solver difficulties due to                
 overconstraining.                                                       

 *** WARNING ***                         ELAPSED TIME =      10.374   TIME= 02:17:25
 A boundary condition has been applied on 6 degrees of freedom of the    
 nodes belonging to the constraint element(MPC184) 12210.  It is likely  
 that the system may encounter solver difficulties due to                
 overconstraining.                                                       

 *** WARNING ***                         ELAPSED TIME =      10.374   TIME= 02:17:25
 A boundary condition has been applied on 6 degrees of freedom of the    
 nodes belonging to the constraint element(MPC184) 10699.  It is likely  
 that the system may encounter solver difficulties due to                
 overconstraining.                                                       

 *** WARNING ***                         ELAPSED TIME =      10.374   TIME= 02:17:25
 A boundary condition has been applied on 6 degrees of freedom of the    
 nodes belonging to the constraint element(MPC184) 12211.  It is likely  
 that the system may encounter solver difficulties due to                
 overconstraining.                                                       

 *** WARNING ***                         ELAPSED TIME =      10.374   TIME= 02:17:25
 A boundary condition has been applied on 6 degrees of freedom of the    
 nodes belonging to the constraint element(MPC184) 10700.  It is likely  
 that the system may encounter solver difficulties due to                
 overconstraining.                                                       

 *** WARNING ***                         ELAPSED TIME =      10.374   TIME= 02:17:25
 A boundary condition has been applied on 6 degrees of freedom of the    
 nodes belonging to the constraint element(MPC184) 12212.  It is likely  
 that the system may encounter solver difficulties due to                
 overconstraining.                                                       

 *** WARNING ***                         ELAPSED TIME =      10.374   TIME= 02:17:25
 A boundary condition has been applied on 6 degrees of freedom of the    
 nodes belonging to the constraint element(MPC184) 10701.  It is likely  
 that the system may encounter solver difficulties due to                
 overconstraining.                                                       

 *** WARNING ***                         ELAPSED TIME =      10.374   TIME= 02:17:25
 A boundary condition has been applied on 6 degrees of freedom of the    
 nodes belonging to the constraint element(MPC184) 12213.  It is likely  
 that the system may encounter solver difficulties due to                
 overconstraining.                                                       

 *** WARNING ***                         ELAPSED TIME =      10.374   TIME= 02:17:25
 A boundary condition has been applied on 6 degrees of freedom of the    
 nodes belonging to the constraint element(MPC184) 10702.  It is likely  
 that the system may encounter solver difficulties due to                
 overconstraining.                                                       

 *** WARNING ***                         ELAPSED TIME =      12.419   TIME= 02:17:27
 Pivoting has been activated for the Sparse Matrix Solver.  The memory   
 required may greatly exceed the predicted amount.  In that event, use   
 the DSPOPTION command to change the memory mode and/or memory size      
 used by the Sparse Matrix Solver.                                       
