Input #0, image2, from '/Users/mdn/Developer/MIT_Rkt_Team/2026-7/MIT-RT-26_27-Work/simulation_work/avionics/powerboardsim/1/outputs/video_4k60_20261005_1928/modal_fig02_default_mode20/sequence/%04d.png':
  Duration: 00:00:09.00, start: 0.000000, bitrate: N/A
  Stream #0:0: Video: png, rgb24(pc, gbr/unknown/unknown), 3840x2160, 60 fps, 60 tbr, 60 tbn
Input #1, png_pipe, from '/Users/mdn/Developer/MIT_Rkt_Team/2026-7/MIT-RT-26_27-Work/simulation_work/avionics/powerboardsim/1/outputs/video_4k60_20261005_1928/modal_fig02_default_mode20/legend_source.png':
  Duration: N/A, bitrate: N/A
  Stream #1:0: Video: png, rgb24(pc, gbr/unknown/unknown), 3840x2160, 25 fps, 25 tbr, 25 tbn
Stream mapping:
  Stream #0:0 (png) -> overlay
  Stream #1:0 (png) -> crop:default
  drawtext:default -> Stream #0:0 (h264_videotoolbox)
Press [q] to stop, [?] for help
Output #0, mp4, to '/Users/mdn/Developer/MIT_Rkt_Team/2026-7/MIT-RT-26_27-Work/simulation_work/avionics/powerboardsim/1/output/videos/power_board_4k60/modal_fig02_default_mode20.encoding.mp4':
  Metadata:
    title           : Default contacts | Mode 20 | 2247.5946 Hz
    comment         : Mechanical 2026 R1 native 4K frames; 60 fps. Normalized mode animation, not physical amplitude/time.
    encoder         : Lavf61.7.100
  Stream #0:0: Video: h264 (avc1 / 0x31637661), yuv420p(bt709/unknown/unknown, progressive), 3840x2160, q=2-31, 80000 kb/s, 60 fps, 15360 tbn
      Metadata:
        encoder         : Lavc61.19.101 h264_videotoolbox
[h264_videotoolbox @ 0xacd44d180] Color range not set for yuv420p. Using MPEG range.
frame=    0 fps=0.0 q=0.0 size=       0KiB time=N/A bitrate=N/A speed=N/A    frame=   35 fps= 35 q=-0.0 size=     768KiB time=00:00:00.56 bitrate=11103.2kbits/s speed=0.563x    frame=   74 fps= 49 q=-0.0 size=    1536KiB time=00:00:01.21 bitrate=10342.4kbits/s speed=0.805x    frame=  112 fps= 56 q=-0.0 size=    2560KiB time=00:00:01.85 bitrate=11336.2kbits/s speed=0.919x    frame=  151 fps= 60 q=-0.0 size=    3328KiB time=00:00:02.50 bitrate=10905.3kbits/s speed=0.993x    frame=  188 fps= 62 q=-0.0 size=    4096KiB time=00:00:03.11 bitrate=10766.2kbits/s speed=1.03x    frame=  229 fps= 65 q=-0.0 size=    4864KiB time=00:00:03.80 bitrate=10485.9kbits/s speed=1.08x    frame=  267 fps= 66 q=-0.0 size=    5888KiB time=00:00:04.43 bitrate=10880.0kbits/s speed= 1.1x    frame=  306 fps= 67 q=-0.0 size=    6912KiB time=00:00:05.08 bitrate=11139.0kbits/s speed=1.12x    frame=  345 fps= 68 q=-0.0 size=    7424KiB time=00:00:05.73 bitrate=10607.8kbits/s speed=1.14x    frame=  384 fps= 69 q=-0.0 size=    8448KiB time=00:00:06.38 bitrate=10841.7kbits/s speed=1.15x    frame=  423 fps= 70 q=-0.0 size=    9216KiB time=00:00:07.03 bitrate=10734.3kbits/s speed=1.16x    frame=  462 fps= 70 q=-0.0 size=   10240KiB time=00:00:07.68 bitrate=10918.0kbits/s speed=1.17x    frame=  501 fps= 71 q=-0.0 size=   11008KiB time=00:00:08.33 bitrate=10821.4kbits/s speed=1.18x    frame=  528 fps= 70 q=-0.0 size=   11520KiB time=N/A bitrate=N/A speed=N/A    [mp4 @ 0xacc82c500] Starting second pass: moving the moov atom to the beginning of the file
[out#0/mp4 @ 0xaccc1c3c0] video:11996KiB audio:0KiB subtitle:0KiB other streams:0KiB global headers:0KiB muxing overhead: 0.027352%
frame=  540 fps= 71 q=-0.0 Lsize=   11999KiB time=00:00:08.98 bitrate=10942.5kbits/s speed=1.19x    
