
 ANSYS LICENSE MANAGER ERROR:
 Licensed number of users already reached.
 Feature:       ansys
 License path:  1055@MARCDNICHITBF25;
 FlexNet Licensing error:-4,132

 *** ERROR - ANSYS license not available.

+--------------------- M A P D L   S T A T I S T I C S ------------------------+

Release: 2026 R1.02         Build: 26.1       Update: UP20260202   Platform: WINDOWS x64 
Date Run: 10/06/2026   Time: 10:14     Process ID: 16944
Operating System: Windows 11  (Build: 26200)

Processor Model:                           Virtual CPU @ 3.20GHz

Compiler: Intel(R) Fortran Compiler Classic Version 2021.9  (Build: 20230302)
          Intel(R) C/C++ Compiler Classic Version 2021.9  (Build: 20230302)
          AOCL-BLAS 5.1.1 Build 20251008
          Intel(R) oneAPI Math Kernel Library Version 2024.2.3-Product Build 20250403

Number of machines requested            :    1
Total number of cores available         :   14
Number of physical cores available      :   14
Number of processes requested           :   12
Number of threads per process requested :    1
Total number of cores requested         :   12 (Distributed Memory Parallel)               
MPI Type: INTELMPI
MPI Version: Intel(R) MPI Library 2021.16 for Windows* OS


GPU Acceleration: Not Requested

Job Name: file0

  Core                Machine Name   Working Directory
 -----------------------------------------------------
     0             MARCDNICHITBF25   C:\Temp\PBMotion_20261005_stress_X_saved
     1             MARCDNICHITBF25   C:\Temp\PBMotion_20261005_stress_X_saved
     2             MARCDNICHITBF25   C:\Temp\PBMotion_20261005_stress_X_saved
     3             MARCDNICHITBF25   C:\Temp\PBMotion_20261005_stress_X_saved
     4             MARCDNICHITBF25   C:\Temp\PBMotion_20261005_stress_X_saved
     5             MARCDNICHITBF25   C:\Temp\PBMotion_20261005_stress_X_saved
     6             MARCDNICHITBF25   C:\Temp\PBMotion_20261005_stress_X_saved
     7             MARCDNICHITBF25   C:\Temp\PBMotion_20261005_stress_X_saved
     8             MARCDNICHITBF25   C:\Temp\PBMotion_20261005_stress_X_saved
     9             MARCDNICHITBF25   C:\Temp\PBMotion_20261005_stress_X_saved
    10             MARCDNICHITBF25   C:\Temp\PBMotion_20261005_stress_X_saved
    11             MARCDNICHITBF25   C:\Temp\PBMotion_20261005_stress_X_saved
 
 

Total CPU time for main thread                    :        0.7 seconds
Total CPU time summed for all threads             :        0.3 seconds

Elapsed time spent obtaining a license            :        0.0 seconds
Elapsed time spent pre-processing model (/PREP7)  :        0.0 seconds
Elapsed time spent solution - preprocessing       :        0.0 seconds
Elapsed time spent computing solution             :        0.0 seconds
   Elapsed time in element formation & assembly   :        0.0 seconds
   Elapsed time in equation solver                :        0.0 seconds
   Elapsed time in element result calculations    :        0.0 seconds
Elapsed time spent solution - postprocessing      :        0.0 seconds
Elapsed time spent post-processing model (/POST1) :        0.0 seconds
 

Sum of disk space used on all processes           :        0.0 MB

Sum of memory used on all processes               :       24.0 MB
Sum of memory allocated on all processes          :        0.0 MB
Physical memory available                         :        112 GB
Total amount of I/O written to disk               :        0.0 GB
Total amount of I/O read from disk                :        0.0 GB

+------------------ E N D   M A P D L   S T A T I S T I C S -------------------+


 *-----------------------------------------------------------------------------*
 |                                                                             |
 |                               RUN COMPLETED                                 |
 |                                                                             |
 |-----------------------------------------------------------------------------|
 |                                                                             |
 |  Ansys MAPDL 2026 R1.02      Build 26.1         UP20260202    WINDOWS x64   |
 |                                                                             |
 |-----------------------------------------------------------------------------|
 |                                                                             |
 |  Database Requested(-db)     1024 MB     Scratch Memory Requested      0 MB |
 |  Max Database Used(Master)      1 MB     Max Scratch Used(Master)      1 MB |
 |  Max Database Used(Workers)     1 MB     Max Scratch Used(Workers)     1 MB |
 |  Sum Database Used(All)        12 MB     Sum Scratch Used(All)        12 MB |
 |                                                                             |
 |-----------------------------------------------------------------------------|
 |                                                                             |
 |        CP Time      (sec) =          0.344       Time  =  10:14:42          |
 |        Elapsed Time (sec) =         16.201       Date  =  10/06/2026        |
 |                                                                             |
 *-----------------------------------------------------------------------------*
