/COM,ANSYS RELEASE 2026 R1.02        BUILD 26.1      UP20260202       17:49:27

 *** WARNING ***                         ELAPSED TIME =       8.323   TIME= 17:49:31
 Element shape errors, if any, are currently shown as warnings only.     
 Issue SHPP,ON to restore shape error traps, if desired.                 

 *** WARNING ***                         ELAPSED TIME =       8.582   TIME= 17:49:32
 No shape testing has been performed on 115061 of the 248516 selected    
 elements.  To perform shape testing on these elements and see any       
 warning messages about the others, please issue the CHECK command.      

 *** WARNING ***                         ELAPSED TIME =       8.892   TIME= 17:49:32
 Material number 628 (used by element 330976) should normally have at    
 least one MP or one TB type command associated with it.  Output of      
 energy by material may not be available.                                

 *** WARNING ***                         ELAPSED TIME =      14.116   TIME= 17:49:37
 Overconstraint may occur for Lagrange multiplier or MPC based contact   
 algorithm.                                                              

 *** WARNING ***                         ELAPSED TIME =      14.116   TIME= 17:49:37
 Certain contact elements (for example 341323 & 210384) overlap with     
 other.                                                                  

 *** WARNING ***                         ELAPSED TIME =      14.116   TIME= 17:49:37
 Certain contact pairs (for example 647 & 608) overlap with other.       

 *** WARNING ***                         ELAPSED TIME =     480.380   TIME= 17:57:23
 Material number 628 (used by element 330976) should normally have at    
 least one MP or one TB type command associated with it.  Output of      
 energy by material may not be available.                                
