
 Ansys Mechanical Enterprise Academic Research     


 *------------------------------------------------------------------*
 |                                                                  |
 |   W E L C O M E   T O   T H E   A N S Y S (R)  P R O G R A M     |
 |                                                                  |
 *------------------------------------------------------------------*




 ***************************************************************
 *         ANSYS MAPDL 2026 R1.02       LEGAL NOTICES          *
 ***************************************************************
 *                                                             *
 * Copyright (c) 2026 Synopsys, Inc. and ANSYS, Inc.           *
 * All rights reserved.                                        *
 * Unauthorized use, distribution or duplication is            *
 * prohibited.                                                 *
 *                                                             *
 * Ansys is a registered trademark of Ansys, Inc. or its       *
 * subsidiaries in the United States or other countries.       *
 * See the Ansys, Inc. online documentation or the Ansys, Inc. *
 * documentation CD or online help for the complete Legal      *
 * Notice.                                                     *
 *                                                             *
 ***************************************************************
 *                                                             *
 * THIS ANSYS SOFTWARE PRODUCT AND PROGRAM DOCUMENTATION       *
 * INCLUDE TRADE SECRETS AND CONFIDENTIAL AND PROPRIETARY      *
 * PRODUCTS OF ANSYS, INC., ITS SUBSIDIARIES, OR LICENSORS.    *
 * The software products and documentation are furnished by    *
 * Ansys, Inc. or its subsidiaries under a software license    *
 * agreement that contains provisions concerning               *
 * non-disclosure, copying, length and nature of use,          *
 * compliance with exporting laws, warranties, disclaimers,    *
 * limitations of liability, and remedies, and other           *
 * provisions.  The software products and documentation may be *
 * used, disclosed, transferred, or copied only in accordance  *
 * with the terms and conditions of that software license      *
 * agreement.                                                  *
 *                                                             *
 * Ansys, Inc. is a UL registered                              *
 * ISO 9001:2015 company.                                      *
 *                                                             *
 ***************************************************************
 *                                                             *
 * This product is subject to U.S. laws governing export and   *
 * re-export.                                                  *
 *                                                             *
 * For U.S. Government users, except as specifically granted   *
 * by the Ansys, Inc. software license agreement, the use,     *
 * duplication, or disclosure by the United States Government  *
 * is subject to restrictions stated in the Ansys, Inc.        *
 * software license agreement and FAR 12.212 (for non-DOD      *
 * licenses).                                                  *
 *                                                             *
 ***************************************************************

 2026 R1.02  
     
 Point Releases and Patches installed:   
     
 Ansys Service Pack 2026 R1.01   
 Ansys Service Pack 2026 R1.02   
 Ansys, Inc. License Manager 2026 R1 
 Ansys, Inc. License Manager 2026 R1.01  
 Ansys, Inc. License Manager 2026 R1.02  
 Discovery (reduced install) 2026 R1 
 Discovery (reduced install) 2026 R1.01  
 Discovery (reduced install) 2026 R1.02  
 Core WB Files 2026 R1   
 Core WB Files 2026 R1.01
 Core WB Files 2026 R1.02
 BladeModeler 2026 R1
 BladeModeler 2026 R1.01 
 BladeModeler 2026 R1.02 
 CFX (includes CFD-Post) 2026 R1 
 CFX (includes CFD-Post) 2026 R1.01  
 CFX (includes CFD-Post) 2026 R1.02  
 CFD-Post only 2026 R1   
 CFD-Post only 2026 R1.01
 CFD-Post only 2026 R1.02
 Chemkin 2026 R1 
 Chemkin 2026 R1.01  
 Chemkin 2026 R1.02  
 EnSight 2026 R1 
 EnSight 2026 R1.01  
 EnSight 2026 R1.02  
 FENSAP-ICE 2026 R1  
 FENSAP-ICE 2026 R1.01   
 FENSAP-ICE 2026 R1.02   
 Fluent (includes CFD-Post) 2026 R1  
 Fluent (includes CFD-Post) 2026 R1.01   
 Fluent (includes CFD-Post) 2026 R1.02   
 Polyflow (includes CFD-Post) 2026 R1
 Polyflow (includes CFD-Post) 2026 R1.01 
 Polyflow (includes CFD-Post) 2026 R1.02 
 Forte (includes EnSight) 2026 R1
 Forte (includes EnSight) 2026 R1.01 
 Forte (includes EnSight) 2026 R1.02 
 ICEM CFD 2026 R1
 ICEM CFD 2026 R1.01 
 ICEM CFD 2026 R1.02 
 RBF Morph Fluids UDF 2026 R1
 RBF Morph Fluids UDF 2026 R1.01 
 RBF Morph Fluids UDF 2026 R1.02 
 RBF Morph Libraries 2026 R1 
 RBF Morph Libraries 2026 R1.01  
 RBF Morph Libraries 2026 R1.02  
 Rocky 2026 R1   
 Rocky 2026 R1.01
 Rocky 2026 R1.02
 Thermal Desktop: AutoCAD 2026 R1
 Thermal Desktop: AutoCAD 2026 R1.01 
 Thermal Desktop: AutoCAD 2026 R1.02 
 Thermal Desktop: Thermal Desktop and TD Designer  2026 R1   
 Thermal Desktop: Thermal Desktop and TD Designer  2026 R1.01
 Thermal Desktop: Thermal Desktop and TD Designer  2026 R1.02
 Thermal Desktop: Sinda Solver 2026 R1   
 Thermal Desktop: Sinda Solver 2026 R1.01
 Thermal Desktop: Sinda Solver 2026 R1.02
 TurboGrid 2026 R1   
 TurboGrid 2026 R1.01
 TurboGrid 2026 R1.02
 Granta EduPack 2026 R1  
 Granta EduPack 2026 R1.01   
 Granta EduPack 2026 R1.02   
 Granta Selector 2026 R1 
 Granta Selector 2026 R1.01  
 Granta Selector 2026 R1.02  
 Dynamic Reporting 2026 R1   
 Dynamic Reporting 2026 R1.01
 Dynamic Reporting 2026 R1.02
 Remote Solve Manager Standalone Services 2026 R1
 Remote Solve Manager Standalone Services 2026 R1.01 
 Remote Solve Manager Standalone Services 2026 R1.02 
 Aqwa 2026 R1
 Aqwa 2026 R1.01 
 Aqwa 2026 R1.02 
 Autodyn 2026 R1 
 Autodyn 2026 R1.01  
 Autodyn 2026 R1.02  
 Customization Files for User Programmable Features 2026 R1  
 Customization Files for User Programmable Features 2026 R1.01   
 Customization Files for User Programmable Features 2026 R1.02   
 LS-DYNA 2026 R1 
 LS-DYNA 2026 R1.01  
 LS-DYNA 2026 R1.02  
 Material Calibration App 2026 R1
 Material Calibration App 2026 R1.01 
 Material Calibration App 2026 R1.02 
 Material Designer 2026 R1   
 Material Designer 2026 R1.01
 Material Designer 2026 R1.02
 Mechanical Products 2026 R1 
 Mechanical Products 2026 R1.01  
 Mechanical Products 2026 R1.02  
 Motion 2026 R1  
 Motion 2026 R1.01   
 Motion 2026 R1.02   
 RBF Morph 2026 R1   
 RBF Morph 2026 R1.01
 RBF Morph 2026 R1.02
 Sherlock 2026 R1
 Sherlock 2026 R1.01 
 Sherlock 2026 R1.02 
 Sound - SAS 2026 R1 
 Sound - SAS 2026 R1.01  
 Sound - SAS 2026 R1.02  
 ACIS Geometry Interface 2026 R1 
 ACIS Geometry Interface 2026 R1.01  
 ACIS Geometry Interface 2026 R1.02  
 AutoCAD Geometry Interface 2026 R1  
 AutoCAD Geometry Interface 2026 R1.01   
 AutoCAD Geometry Interface 2026 R1.02   
 Catia, Version 4 Geometry Interface 2026 R1 
 Catia, Version 4 Geometry Interface 2026 R1.01  
 Catia, Version 4 Geometry Interface 2026 R1.02  
 Catia, Version 5 Geometry Interface 2026 R1 
 Catia, Version 5 Geometry Interface 2026 R1.01  
 Catia, Version 5 Geometry Interface 2026 R1.02  
 Catia, Version 6 Geometry Interface 2026 R1 
 Catia, Version 6 Geometry Interface 2026 R1.01  
 Catia, Version 6 Geometry Interface 2026 R1.02  
 Creo Elements/Direct Modeling Geometry Interface 2026 R1
 Creo Elements/Direct Modeling Geometry Interface 2026 R1.01 
 Creo Elements/Direct Modeling Geometry Interface 2026 R1.02 
 Creo Parametric Geometry Interface 2026 R1  
 Creo Parametric Geometry Interface 2026 R1.01   
 Creo Parametric Geometry Interface 2026 R1.02   
 Inventor Geometry Interface 2026 R1 
 Inventor Geometry Interface 2026 R1.01  
 Inventor Geometry Interface 2026 R1.02  
 JTOpen Geometry Interface 2026 R1   
 JTOpen Geometry Interface 2026 R1.01
 JTOpen Geometry Interface 2026 R1.02
 NX Geometry Interface 2026 R1   
 NX Geometry Interface 2026 R1.01
 NX Geometry Interface 2026 R1.02
 Parasolid Geometry Interface  2026 R1   
 Parasolid Geometry Interface  2026 R1.01
 Parasolid Geometry Interface  2026 R1.02
 Solid Edge Geometry Interface 2026 R1   
 Solid Edge Geometry Interface 2026 R1.01
 Solid Edge Geometry Interface 2026 R1.02
 SOLIDWORKS Geometry Interface 2026 R1   
 SOLIDWORKS Geometry Interface 2026 R1.01
 SOLIDWORKS Geometry Interface 2026 R1.02


          *****  MAPDL COMMAND LINE ARGUMENTS  *****
  INITIAL JOBNAME              = file                                                                                                                                                                                                                                                    
  BATCH MODE REQUESTED (-b)    = NOLIST
  INPUT FILE COPY MODE (-c)    = COPY
  DISTRIBUTED MEMORY PARALLEL REQUESTED
      12 PARALLEL PROCESSES REQUESTED WITH SINGLE THREAD PER PROCESS
    TOTAL OF    12 CORES REQUESTED
  INPUT FILE NAME              = C:\Temp\PBMotion_20261005_basis\run.dat
  OUTPUT FILE NAME             = C:\Temp\PBMotion_20261005_basis\solve.out
  START-UP FILE MODE           = NOREAD
  STOP FILE MODE               = NOREAD

 RELEASE= 2026 R1.02           BUILD= 26.1      UP20260202   VERSION=WINDOWS x64 
 CURRENT JOBNAME=file0  17:49:29  OCT 05, 2026  Elapsed Time=       0.156


 RESUME ANSYS DATA FROM FILE NAME=file.db                                                                                                                                                                                                                                                             

 *** MAPDL GLOBAL STATUS *** 

 TITLE = powerboardsim_v1--RANDOM VIBE - expanded prestressed modal basis (C5) 
 ANALYSIS TYPE =  MODAL                
       646 ELEM TYPES DEFINED    MAX ELEM TYPE NUMBER =           651
    248516 ELEMENTS DEFINED      MAX ELEMENT NUMBER =          341323
    369590 NODES DEFINED         MAX NODE NUMBER =             379902
       208 MATERIALS DEFINED     MAX MATERIAL NUMBER =            208
       426 REAL CONSTS DEFINED   MAX REAL CONST NUMBER =          651
         6 SECTIONS DEFINED      MAX SECTION NUMBER =             649
         6 COORD SYS DEFINED     MAX COORD SYS NUMBER =            17
 
 ACTIVE COORDINATE SYSTEM             =          0  (CARTESIAN)
 NUMBER OF DEFINED NODAL CONSTRAINTS  =       2349
 NUMBER OF DEFINED NODAL LOADS        =          0
 NUMBER OF DEFINED COMPONENTS         =         20
 NUMBER OF DEFINED ELEM SURFACE LOADS =          0
 NUMBER OF DEFINED ELEM BODY LOADS    =          0
 NUMBER OF DEFINED NODE BODY FORCES   =          0
 CURRENT LOAD CASE =      0 OF      0
 LOAD SET   =       1
 SUBSTEP    =      38
 TIME/FREQ  =    2.0000    

 INITIAL JOBNAME = file
 CURRENT JOBNAME = file

 SELECT ALL ENTITIES OF TYPE= ALL  AND BELOW
 CMBLOCK read of NODE component USERSELFSU                                                                                                                                                                                                                                                        completed

 *****  MAPDL SOLUTION ROUTINE  *****


 PERFORM A MODAL ANALYSIS
  THIS WILL BE A MODE REUSE FOR MODAL ANALYSIS

 DELETE ALL SPECIFIED NODAL LOADS FROM NODE         1 TO    379902 BY       1

 NUMBER OF NODAL LOADS DELETED=       0

 ACEL=    0.0000      0.0000      0.0000    


 MODE ANALYSIS MULTIPLE LOAD STEP IS OFF
   THE CONSTRAINED MODES WILL BE CALCULATED


 NUMBER OF MODES TO EXPAND=    38
  CALCULATE ELEMENT RESULTS AND NODAL DOF SOLUTION
  USE SUPERPOSITION OF THE MODES IN ANY DOWNSTREAM MODE SUPERPOSITION EXPANSION PASS

 SELECT      COMPONENT USERSELFSU                                                                                                                                                                                                                                                      

 *GET  PBNC      FROM  NODE  ITEM=COUN       VALUE=  781.000000     

 *IF  PBNC  ( =   781.000     )  NE  
      781  ( =   781.000     )  THEN    

 *ENDIF

 SELECT      COMPONENT USERSELFSU                                                                                                                                                                                                                                                      

 RESELECT     FOR ITEM=D    COMPONENT=UX    BETWEEN  0.0000     AND   0.0000    
   KABS=  0.  TOLERANCE= 0.100000E-05

        781  NODES (OF     369590  DEFINED) SELECTED BY  NSEL  COMMAND.

 *GET  PBNF      FROM  NODE  ITEM=COUN       VALUE=  781.000000     

 *IF  PBNF  ( =   781.000     )  NE  
      781  ( =   781.000     )  THEN    

 *ENDIF

 SELECT      COMPONENT USERSELFSU                                                                                                                                                                                                                                                      

 RESELECT     FOR ITEM=D    COMPONENT=UY    BETWEEN  0.0000     AND   0.0000    
   KABS=  0.  TOLERANCE= 0.100000E-05

        781  NODES (OF     369590  DEFINED) SELECTED BY  NSEL  COMMAND.

 *GET  PBNF      FROM  NODE  ITEM=COUN       VALUE=  781.000000     

 *IF  PBNF  ( =   781.000     )  NE  
      781  ( =   781.000     )  THEN    

 *ENDIF

 SELECT      COMPONENT USERSELFSU                                                                                                                                                                                                                                                      

 RESELECT     FOR ITEM=D    COMPONENT=UZ    BETWEEN  0.0000     AND   0.0000    
   KABS=  0.  TOLERANCE= 0.100000E-05

        781  NODES (OF     369590  DEFINED) SELECTED BY  NSEL  COMMAND.

 *GET  PBNF      FROM  NODE  ITEM=COUN       VALUE=  781.000000     

 *IF  PBNF  ( =   781.000     )  NE  
      781  ( =   781.000     )  THEN    

 *ENDIF

 SELECT      COMPONENT USERSELFSU                                                                                                                                                                                                                                                      

 SPECIFIED CONSTRAINT UX   FOR SELECTED NODES            1 TO      379902 BY           1
 REAL=  1.00000000       IMAG=  0.00000000    

 SPECIFIED CONSTRAINT UY   FOR SELECTED NODES            1 TO      379902 BY           1
 REAL=  2.00000000       IMAG=  0.00000000    

 SPECIFIED CONSTRAINT UZ   FOR SELECTED NODES            1 TO      379902 BY           1
 REAL=  3.00000000       IMAG=  0.00000000    

 SELECT ALL ENTITIES OF TYPE= ALL  AND BELOW

 PRINT ALL  ITEMS WITH A FREQUENCY OF NONE
   FOR ALL APPLICABLE ENTITIES

 *****  MAPDL SOLVE    COMMAND  *****

 *** WARNING ***                         ELAPSED TIME =       8.323   TIME= 17:49:31
 Element shape errors, if any, are currently shown as warnings only.     
 Issue SHPP,ON to restore shape error traps, if desired.                 

 *** WARNING ***                         ELAPSED TIME =       8.582   TIME= 17:49:32
 No shape testing has been performed on 115061 of the 248516 selected    
 elements.  To perform shape testing on these elements and see any       
 warning messages about the others, please issue the CHECK command.      

 *** NOTE ***                            ELAPSED TIME =       8.582   TIME= 17:49:32
 The model data was checked and warning messages were found.             
  Please review output or errors file (                                  
 C:\Temp\PBMotion_20261005_basis\file0.err ) for these warning           
 messages.                                                               

 *** MAPDL - ENGINEERING ANALYSIS SYSTEM  RELEASE 2026 R1.02       26.1     ***
 Ansys Mechanical Enterprise Academic Research     
 01196637  VERSION=WINDOWS x64   17:49:32  OCT 05, 2026 Elapsed Time=      8.698

 powerboardsim_v1--RANDOM VIBE - expanded prestressed modal basis (C5)         



                       S O L U T I O N   O P T I O N S

   PROBLEM DIMENSIONALITY. . . . . . . . . . . . .3-D                  
   DEGREES OF FREEDOM. . . . . . UX   UY   UZ  
   ANALYSIS TYPE . . . . . . . . . . . . . . . . .MODAL                
      RESTART. . . . . . . . . . . . . . . . . . .YES

 *** WARNING ***                         ELAPSED TIME =       8.892   TIME= 17:49:32
 Material number 628 (used by element 330976) should normally have at    
 least one MP or one TB type command associated with it.  Output of      
 energy by material may not be available.                                

 *** NOTE ***                            ELAPSED TIME =       8.958   TIME= 17:49:32
 The step data was checked and warning messages were found.              
  Please review output or errors file (                                  
 C:\Temp\PBMotion_20261005_basis\file0.err ) for these warning           
 messages.                                                               

                      L O A D   S T E P   O P T I O N S

   LOAD STEP NUMBER. . . . . . . . . . . . . . . .     1
   THERMAL STRAINS INCLUDED IN THE LOAD VECTOR . .   YES
   PRINT OUTPUT CONTROLS
      ITEM     FREQUENCY   COMPONENT
      ALL        NONE               
   DATABASE OUTPUT CONTROLS
      ITEM     FREQUENCY   COMPONENT
       ALL       NONE               
      NSOL        ALL               
      STRS        ALL               
      EPEL        ALL               
      EPPL        ALL               
      RSOL        ALL               
      NLOA        ALL               


 >>>> PRETENSION ELEMENT STATUS <<<<
 SECTION NAME     PT.NODE  --------STATUS--------------------  ----LOAD SOURCE----
   629             369771  FIXED RELATIVE MOTION=  0.0000
   637             373773  FIXED RELATIVE MOTION=  0.0000
   633             371772  FIXED RELATIVE MOTION=  0.0000
   645             377775  FIXED RELATIVE MOTION=  0.0000
   641             375774  FIXED RELATIVE MOTION=  0.0000
   649             379776  FIXED RELATIVE MOTION=  0.0000

 *** NOTE ***                            ELAPSED TIME =      48.621   TIME= 17:50:12
 The initial memory allocation (-m) has been exceeded.                   
  Supplemental memory allocations are being used.                        


  ENFORCED MOTION STATIC SHAPES CALCULATION


    NUMBER OF STATIC SHAPES =      3

 DISTRIBUTED SPARSE MATRIX DIRECT SOLVER.
  Number of equations =     1071405,    Maximum wavefront =   2109


  Memory allocated on only this MPI rank (rank     0)
  -------------------------------------------------------------------
  Equation solver memory allocated                     =     0.957 GB
  Equation solver memory required for in-core mode     =     0.922 GB
  Equation solver memory required for out-of-core mode =     0.512 GB
  Total (solver and non-solver) memory allocated       =     3.874 GB


  Total memory summed across all MPI ranks on this machines
  -------------------------------------------------------------------
  Equation solver memory allocated                     =    10.363 GB
  Equation solver memory required for in-core mode     =     9.943 GB
  Equation solver memory required for out-of-core mode =     4.230 GB
  Total (solver and non-solver) memory allocated       =    23.717 GB

 *** NOTE ***                            ELAPSED TIME =      87.103   TIME= 17:50:50
 The Distributed Sparse Matrix Solver is currently running in the        
 in-core memory mode.  This memory mode uses the most amount of memory   
 in order to avoid using the hard drive as much as possible, which most  
 often results in the fastest solution time.  This mode is recommended   
 if enough physical memory is present to accommodate all of the solver   
 data.                                                                   
 Distributed sparse solver maximum pivot= 1.282768465E+11 at node 41820  
 UY.                                                                     
 Distributed sparse solver minimum pivot= 93020.4795 at node 271403 UZ.  
 Distributed sparse solver minimum pivot in absolute value= 93020.4795   
 at node 271403 UZ.                                                      

 DISTRIBUTED SPARSE MATRIX DIRECT SOLVER.
  Number of equations =     1071405,    Maximum wavefront =   2109


  Memory allocated on only this MPI rank (rank     0)
  -------------------------------------------------------------------
  Equation solver memory allocated                     =     0.957 GB
  Equation solver memory required for in-core mode     =     0.922 GB
  Equation solver memory required for out-of-core mode =     0.512 GB
  Total (solver and non-solver) memory allocated       =     4.373 GB


  Total memory summed across all MPI ranks on this machines
  -------------------------------------------------------------------
  Equation solver memory allocated                     =    10.363 GB
  Equation solver memory required for in-core mode     =     9.943 GB
  Equation solver memory required for out-of-core mode =     4.556 GB
  Total (solver and non-solver) memory allocated       =    24.754 GB

 *** NOTE ***                            ELAPSED TIME =     176.510   TIME= 17:52:19
 The Distributed Sparse Matrix Solver is currently running in the        
 in-core memory mode.  This memory mode uses the most amount of memory   
 in order to avoid using the hard drive as much as possible, which most  
 often results in the fastest solution time.  This mode is recommended   
 if enough physical memory is present to accommodate all of the solver   
 data.                                                                   
 Distributed sparse solver maximum pivot= 1.282768465E+11 at node 41820  
 UY.                                                                     
 Distributed sparse solver minimum pivot= 93020.4795 at node 271403 UZ.  
 Distributed sparse solver minimum pivot in absolute value= 93020.4795   
 at node 271403 UZ.                                                      

 DISTRIBUTED SPARSE MATRIX DIRECT SOLVER.
  Number of equations =     1071405,    Maximum wavefront =   2109


  Memory allocated on only this MPI rank (rank     0)
  -------------------------------------------------------------------
  Equation solver memory allocated                     =     0.957 GB
  Equation solver memory required for in-core mode     =     0.922 GB
  Equation solver memory required for out-of-core mode =     0.512 GB
  Total (solver and non-solver) memory allocated       =     4.379 GB


  Total memory summed across all MPI ranks on this machines
  -------------------------------------------------------------------
  Equation solver memory allocated                     =    10.363 GB
  Equation solver memory required for in-core mode     =     9.943 GB
  Equation solver memory required for out-of-core mode =     4.556 GB
  Total (solver and non-solver) memory allocated       =    24.951 GB

 *** NOTE ***                            ELAPSED TIME =     321.758   TIME= 17:54:45
 The Distributed Sparse Matrix Solver is currently running in the        
 in-core memory mode.  This memory mode uses the most amount of memory   
 in order to avoid using the hard drive as much as possible, which most  
 often results in the fastest solution time.  This mode is recommended   
 if enough physical memory is present to accommodate all of the solver   
 data.                                                                   
 Distributed sparse solver maximum pivot= 1.282768465E+11 at node 41820  
 UY.                                                                     
 Distributed sparse solver minimum pivot= 93020.4795 at node 271403 UZ.  
 Distributed sparse solver minimum pivot in absolute value= 93020.4795   
 at node 271403 UZ.                                                      


 *** MAPDL BINARY FILE STATISTICS
  BUFFER SIZE USED= 16384
      390.375 MB WRITTEN ON ELEMENT MATRIX FILE: file0.emat
      114.000 MB WRITTEN ON ELEMENT SAVED DATA FILE: file0.esav
      275.188 MB WRITTEN ON ASSEMBLED MATRIX FILE: file0.full
        4.188 MB WRITTEN ON MODAL MATRIX FILE: file0.mode
       10.000 MB WRITTEN ON RESULTS FILE: file0.rstp

 ALL CURRENT MAPDL DATA WRITTEN TO FILE NAME= file.db
  FOR POSSIBLE RESUME FROM THIS POINT

 *****  MAPDL FINISH   COMMAND  *****

 *** WARNING ***                         ELAPSED TIME =     480.380   TIME= 17:57:23
 Material number 628 (used by element 330976) should normally have at    
 least one MP or one TB type command associated with it.  Output of      
 energy by material may not be available.                                

 *** NOTE ***                            ELAPSED TIME =     480.397   TIME= 17:57:23
 The step data was checked and warning messages were found.              
  Please review output or errors file (                                  
 C:\Temp\PBMotion_20261005_basis\file0.err ) for these warning           
 messages.                                                               

 *** MAPDL - ENGINEERING ANALYSIS SYSTEM  RELEASE 2026 R1.02       26.1     ***
 Ansys Mechanical Enterprise Academic Research     
 01196637  VERSION=WINDOWS x64   17:57:24  OCT 05, 2026 Elapsed Time=    480.778

 powerboardsim_v1--RANDOM VIBE - expanded prestressed modal basis (C5)         




   *** ELEMENT RESULT CALCULATION TIMES
     TYPE    NUMBER     ENAME   TOTAL ELAPSED   AVG ELAPSED

        1         1  SOLID186          0.0002   0.000215417
        2         1  SOLID186          0.0003   0.000270250
        3         1  SOLID186          0.0005   0.000491833
        4         1  SOLID186          0.0004   0.000363958
        5         1  SOLID186          0.0002   0.000234792
        6         1  SOLID186          0.0004   0.000411833
        7         1  SOLID186          0.0005   0.000494667
        8         1  SOLID186          0.0005   0.000470042
        9         1  SOLID186          0.0005   0.000521250
       10         1  SOLID186          0.0003   0.000290583
       11         1  SOLID186          0.0005   0.000525542
       12         1  SOLID186          0.0002   0.000230417
       13         1  SOLID186          0.0002   0.000205833
       14         1  SOLID186          0.0003   0.000268208
       15         1  SOLID186          0.0005   0.000488625
       16         1  SOLID186          0.0002   0.000211250
       17         1  SOLID186          0.0002   0.000236625
       18         1  SOLID186          0.0003   0.000332708
       19         1  SOLID186          0.0007   0.000727000
       20         1  SOLID186          0.0003   0.000250833
       21         1  SOLID186          0.0031   0.003059167
       22         1  SOLID186          0.0003   0.000268833
       23         1  SOLID186          0.0002   0.000247167
       24         1  SOLID186          0.0010   0.000950167
       25         1  SOLID186          0.0004   0.000416750
       26         1  SOLID186          0.0003   0.000294917
       27         1  SOLID186          0.0002   0.000236958
       28         1  SOLID186          0.0005   0.000460333
       29         1  SOLID186          0.0008   0.000836708
       30         1  SOLID186          0.0002   0.000239542
       31         1  SOLID186          0.0002   0.000216083
       32         1  SOLID186          0.0006   0.000553000
       33         1  SOLID186          0.0003   0.000347667
       34         1  SOLID186          0.0002   0.000224250
       35         1  SOLID186          0.0003   0.000289292
       36         1  SOLID186          0.0005   0.000490875
       37         1  SOLID186          0.0002   0.000217875
       38         1  SOLID186          0.0003   0.000339750
       39         1  SOLID186          0.0194   0.019352000
       40         1  SOLID186          0.0002   0.000232875
       41         1  SOLID186          0.0002   0.000221958
       42         1  SOLID186          0.0017   0.001721917
       43         1  SOLID186          0.0176   0.017589708
       44         1  SOLID186          0.0002   0.000235208
       45         1  SOLID186          0.0008   0.000795000
       46         1  SOLID186          0.0171   0.017072667
       47         1  SOLID186          0.0002   0.000242125
       48         1  SOLID186          0.0003   0.000294458
       49         1  SOLID186          0.0002   0.000219667
       50         1  SOLID186          0.0002   0.000249250
       51         1  SOLID186          0.0002   0.000217875
       52         1  SOLID186          0.0005   0.000532917
       53         1  SOLID186          0.0002   0.000204667
       54         1  SOLID186          0.0005   0.000543208
       55         1  SOLID186          0.0007   0.000748583
       56         1  SOLID186          0.0002   0.000235750
       57         1  SOLID186          0.0003   0.000285833
       58         1  SOLID186          0.0003   0.000270917
       59         1  SOLID186          0.0006   0.000619083
       60         1  SOLID186          0.0003   0.000280542
       61         1  SOLID186          0.0003   0.000252458
       62         1  SOLID186          0.0003   0.000250250
       63         1  SOLID186          0.0003   0.000254208
       64         1  SOLID186          0.0005   0.000502208
       65         1  SOLID186          0.0005   0.000541375
       66         1  SOLID186          0.0006   0.000644750
       67         1  SOLID186          0.0002   0.000234917
       68         1  SOLID186          0.0003   0.000265333
       69         1  SOLID186          0.0005   0.000451917
       70         1  SOLID186          0.0006   0.000562042
       71         1  SOLID186          0.0002   0.000224292
       72         1  SOLID186          0.0005   0.000532792
       73         1  SOLID186          0.0006   0.000612625
       74         1  SOLID186          0.0008   0.000822750
       75         1  SOLID186          0.0267   0.026657708
       76         1  SOLID186          0.0003   0.000251417
       77         1  SOLID186          0.0003   0.000306292
       78         1  SOLID186          0.0007   0.000666500
       79         1  SOLID186          0.0003   0.000268833
       80         1  SOLID186          0.0004   0.000408042
       81         1  SOLID186          0.0003   0.000292792
       82         1  SOLID186          0.0004   0.000404750
       83         1  SOLID186          0.0003   0.000288000
       84         1  SOLID186          0.0007   0.000714375
       85         1  SOLID186          0.0002   0.000243000
       86         1  SOLID186          0.0004   0.000447458
       87         1  SOLID186          0.0005   0.000476500
       88         1  SOLID186          0.0003   0.000277750
       89         1  SOLID186          0.0003   0.000322958
       90         1  SOLID186          0.0003   0.000310667
       91         1  SOLID186          0.0009   0.000894667
       92         1  SOLID186          0.0008   0.000763333
       93         1  SOLID186          0.0003   0.000270000
       94         1  SOLID186          0.0007   0.000665792
       95         1  SOLID186          0.0003   0.000288875
       96         1  SOLID186          0.0005   0.000487625
       97         1  SOLID186          0.0005   0.000464958
       98         1  SOLID186          0.0016   0.001601292
       99         5  SOLID186          0.0037   0.000732142
      100         2  SOLID186          0.0040   0.001976354
      101         4  SOLID186          0.0041   0.001026302
      102         2  SOLID186          0.0007   0.000328021
      103         1  SOLID186          0.0007   0.000701667
      104         1  SOLID186          0.0002   0.000247458
      105         1  SOLID186          0.0003   0.000281708
      106         1  SOLID186          0.0002   0.000242708
      107         1  SOLID186          0.0003   0.000257792
      108         1  SOLID186          0.0002   0.000232583
      109         1  SOLID186          0.0002   0.000224792
      110         1  SOLID186          0.0002   0.000225333
      111         1  SOLID186          0.0005   0.000505458
      112         1  SOLID186          0.0008   0.000762875
      113         1  SOLID186          0.0004   0.000440792
      114         1  SOLID186          0.0005   0.000476250
      115         1  SOLID186          0.0002   0.000218458
      116         1  SOLID186          0.0273   0.027270000
      117         1  SOLID186          0.0002   0.000208667
      118         1  SOLID186          0.0005   0.000513375
      119         1  SOLID186          0.0002   0.000227833
      120         1  SOLID186          0.0090   0.008959708
      121         1  SOLID186          0.0004   0.000394375
      122         1  SOLID186          0.0028   0.002790875
      123         1  SOLID186          0.0005   0.000542042
      124         1  SOLID186          0.0003   0.000277750
      125         1  SOLID186          0.0003   0.000250875
      126         1  SOLID186          0.0002   0.000245958
      127         1  SOLID186          0.0002   0.000219875
      128         1  SOLID186          0.0008   0.000759625
      129         1  SOLID186          0.0003   0.000292292
      130         1  SOLID186          0.0003   0.000305167
      131         1  SOLID186          0.0028   0.002843167
      132         1  SOLID186          0.0002   0.000205792
      133         1  SOLID186          0.0002   0.000245708
      134         1  SOLID186          0.0188   0.018821292
      135         1  SOLID186          0.0003   0.000275792
      136         1  SOLID186          0.0002   0.000226417
      137         1  SOLID186          0.0170   0.016990875
      138         1  SOLID186          0.0004   0.000367958
      139         1  SOLID186          0.0002   0.000235042
      140         1  SOLID186          0.0005   0.000525000
      141         1  SOLID186          0.0004   0.000356042
      142         1  SOLID186          0.0202   0.020160458
      143         1  SOLID186          0.0006   0.000633125
      144         1  SOLID186          0.0002   0.000220250
      145         1  SOLID186          0.0002   0.000229375
      146         1  SOLID186          0.0004   0.000438458
      147         1  SOLID186          0.0003   0.000251292
      148         1  SOLID186          0.0009   0.000853167
      149         1  SOLID186          0.0004   0.000387417
      150         1  SOLID186          0.0002   0.000229833
      151         1  SOLID186          0.0002   0.000212125
      152         1  SOLID186          0.0005   0.000515208
      153         1  SOLID186          0.0002   0.000216125
      154         1  SOLID186          0.0002   0.000241917
      155         1  SOLID186          0.0006   0.000580375
      156         1  SOLID186          0.0003   0.000285250
      157         1  SOLID186          0.0004   0.000431000
      158         1  SOLID186          0.0006   0.000562458
      159         1  SOLID186          0.0002   0.000224375
      160         1  SOLID186          0.0003   0.000270250
      161         1  SOLID186          0.0284   0.028375917
      162         1  SOLID186          0.0002   0.000235167
      163         1  SOLID186          0.0003   0.000316083
      164         1  SOLID186          0.0002   0.000236208
      165         1  SOLID186          0.0005   0.000520292
      166         1  SOLID186          0.0007   0.000658917
      167         1  SOLID186          0.0004   0.000383958
      168         1  SOLID186          0.0182   0.018249792
      169         1  SOLID186          0.0002   0.000222292
      170         1  SOLID186          0.0002   0.000207750
      171         1  SOLID186          0.0003   0.000274375
      172         1  SOLID186          0.0011   0.001092042
      173      1372  SOLID186          1.5584   0.001135867
      174       372  SOLID187          0.2834   0.000761942
      175        60  SOLID187          0.0202   0.000336474
      176       744  SOLID187          0.2623   0.000352517
      177        60  SOLID187          0.0566   0.000943376
      178      1180  SOLID186          1.2584   0.001066401
      179       945  SOLID187          0.3258   0.000344718
      180       381  SOLID187          0.1157   0.000303596
      181      1264  SOLID186          1.4702   0.001163153
      182      1364  SOLID186          1.4699   0.001077653
      183      1124  SOLID186          1.1486   0.001021899
      184        60  SOLID187          0.0273   0.000454592
      185        60  SOLID187          0.0088   0.000146802
      186       370  SOLID187          0.2587   0.000699196
      187       711  SOLID187          0.1488   0.000209247
      188        63  SOLID187          0.0385   0.000611730
      189       386  SOLID187          0.1140   0.000295430
      190        60  SOLID187          0.0173   0.000288492
      191       732  SOLID187          0.3160   0.000431653
      192      1224  SOLID186          1.3014   0.001063215
      193       383  SOLID187          0.1545   0.000403487
      194      9124  SOLID187          3.2504   0.000356244
      195      9158  SOLID187          3.1573   0.000344759
      196      9214  SOLID187          3.1598   0.000342931
      197      8841  SOLID187          3.1122   0.000352022
      198      8984  SOLID187          3.7475   0.000417127
      199      9247  SOLID187          3.8071   0.000411711
      200       737  SOLID187          0.2524   0.000342414
      201       816  SOLID187          0.2389   0.000292730
      202       724  SOLID187          0.3186   0.000440108
      203       795  SOLID187          0.3529   0.000443871
      204       783  SOLID187          0.2332   0.000297786
      205       820  SOLID187          0.2439   0.000297448
      206       714  SOLID187          0.2625   0.000367625
      207       835  SOLID187          0.3801   0.000455156
      208     39014  SOLID186         41.0595   0.001052430
      209        20  CONTA174          0.0005   0.000023421
      211       399  CONTA174          0.0536   0.000134446
      213        47  CONTA174          0.0007   0.000014190
      215       351  CONTA174          0.0355   0.000101181
      217        20  CONTA174          0.0066   0.000329175
      219       339  CONTA174          0.0399   0.000117733
      221        49  CONTA174          0.0020   0.000040654
      223        19  CONTA174          0.0014   0.000071180
      225       365  CONTA174          0.0341   0.000093509
      227        20  CONTA174          0.0010   0.000049900
      229       370  CONTA174          0.0629   0.000169867
      231       100  CONTA174          0.0377   0.000377454
      233       399  CONTA174          0.0222   0.000055686
      235        20  CONTA174          0.0115   0.000574654
      237       337  CONTA174          0.0535   0.000158778
      239        20  CONTA174          0.0005   0.000025462
      241       352  CONTA174          0.0664   0.000188660
      243       349  CONTA174          0.0762   0.000218356
      245        44  CONTA174          0.0024   0.000055340
      247       314  CONTA174          0.0539   0.000171734
      249        48  CONTA174          0.0144   0.000300249
      251       364  CONTA174          0.0538   0.000147732
      253       357  CONTA174          0.0354   0.000099115
      255        47  CONTA174          0.0008   0.000016605
      257         1  CONTA174          0.0000   0.000016125
      259         1  CONTA174          0.0000   0.000032500
      261         1  CONTA174          0.0001   0.000051750
      263         1  CONTA174          0.0001   0.000071042
      265         1  CONTA174          0.0000   0.000022250
      267         1  CONTA174          0.0001   0.000055125
      269         1  CONTA174          0.0001   0.000052250
      271         1  CONTA174          0.0000   0.000024458
      273         1  CONTA174          0.0000   0.000034417
      275         1  CONTA174          0.0000   0.000034500
      277         1  CONTA174          0.0000   0.000016125
      279         1  CONTA174          0.0000   0.000013250
      281         1  CONTA174          0.0000   0.000015125
      283         1  CONTA174          0.0001   0.000059417
      285         1  CONTA174          0.0001   0.000066292
      287         1  CONTA174          0.0000   0.000012125
      289         1  CONTA174          0.0000   0.000017583
      291         1  CONTA174          0.0001   0.000079625
      293         1  CONTA174          0.0000   0.000041458
      295         1  CONTA174          0.0000   0.000035833
      297         1  CONTA174          0.0012   0.001152958
      299         1  CONTA174          0.0000   0.000033667
      301         1  CONTA174          0.0000   0.000035667
      303         1  CONTA174          0.0000   0.000042292
      305         1  CONTA174          0.0000   0.000025625
      307         1  CONTA174          0.0000   0.000015125
      309         1  CONTA174          0.0000   0.000016583
      311         1  CONTA174          0.0001   0.000123958
      313         1  CONTA174          0.0000   0.000048792
      315         1  CONTA174          0.0000   0.000039042
      317         1  CONTA174          0.0000   0.000018708
      319         1  CONTA174          0.0000   0.000023417
      321         1  CONTA174          0.0001   0.000051833
      323         1  CONTA174          0.0000   0.000032458
      325         1  CONTA174          0.0000   0.000034458
      327         1  CONTA174          0.0001   0.000073667
      329         1  CONTA174          0.0000   0.000021167
      331         1  CONTA174          0.0001   0.000061000
      333         1  CONTA174          0.0001   0.000051875
      335         1  CONTA174          0.0000   0.000011667
      337         1  CONTA174          0.0001   0.000063125
      339         1  CONTA174          0.0001   0.000062958
      341         1  CONTA174          0.0000   0.000034833
      343         1  CONTA174          0.0000   0.000028750
      345         1  CONTA174          0.0127   0.012664958
      347         1  CONTA174          0.0001   0.000064917
      349         1  CONTA174          0.0000   0.000012875
      351         1  CONTA174          0.0000   0.000015083
      353         1  CONTA174          0.0000   0.000017625
      355         1  CONTA174          0.0000   0.000010250
      357         1  CONTA174          0.0000   0.000029750
      359         1  CONTA174          0.0001   0.000052333
      361         1  CONTA174          0.0000   0.000013458
      363         1  CONTA174          0.0000   0.000033583
      365         1  CONTA174          0.0001   0.000060375
      367         1  CONTA174          0.0000   0.000012125
      369         1  CONTA174          0.0001   0.000055250
      371         1  CONTA174          0.0000   0.000034208
      373         1  CONTA174          0.0000   0.000034208
      375         1  CONTA174          0.0000   0.000014625
      377         1  CONTA174          0.0000   0.000020625
      379         1  CONTA174          0.0001   0.000059708
      381         1  CONTA174          0.0001   0.000106292
      383         1  CONTA174          0.0000   0.000030375
      385         1  CONTA174          0.0000   0.000035333
      387         1  CONTA174          0.0001   0.000102333
      389         1  CONTA174          0.0000   0.000017375
      391         1  CONTA174          0.0000   0.000032250
      393         1  CONTA174          0.0000   0.000042792
      395         1  CONTA174          0.0001   0.000078583
      397         1  CONTA174          0.0000   0.000016625
      399         1  CONTA174          0.0000   0.000024125
      401         1  CONTA174          0.0002   0.000175125
      403         1  CONTA174          0.0001   0.000064417
      405         1  CONTA174          0.0015   0.001498500
      407         1  CONTA174          0.0000   0.000042083
      409         1  CONTA174          0.0000   0.000025708
      411         1  CONTA174          0.0001   0.000061667
      413         1  CONTA174          0.0001   0.000055167
      415         1  CONTA174          0.0000   0.000038500
      417         1  CONTA174          0.0000   0.000022750
      419         1  CONTA174          0.0001   0.000060250
      421         1  CONTA174          0.0005   0.000541667
      423         1  CONTA174          0.0000   0.000016833
      425         1  CONTA174          0.0000   0.000029625
      427         1  CONTA174          0.0000   0.000022083
      429         1  CONTA174          0.0001   0.000104292
      431         1  CONTA174          0.0001   0.000076708
      433         1  CONTA174          0.0000   0.000018792
      435         1  CONTA174          0.0000   0.000036167
      437         1  CONTA174          0.0000   0.000025500
      439         1  CONTA174          0.0001   0.000060708
      441         1  CONTA174          0.0000   0.000012167
      443         1  CONTA174          0.0000   0.000036708
      445         1  CONTA174          0.0000   0.000016167
      447         1  CONTA174          0.0000   0.000024792
      449         1  CONTA174          0.0000   0.000036458
      451         1  CONTA174          0.0001   0.000124000
      453         5  CONTA174          0.0004   0.000088583
      455         2  CONTA174          0.0006   0.000285292
      457         4  CONTA174          0.0014   0.000357562
      459         2  CONTA174          0.0001   0.000066188
      461         1  CONTA174          0.0000   0.000048792
      463         1  CONTA174          0.0001   0.000123917
      465         1  CONTA174          0.0000   0.000019667
      467         1  CONTA174          0.0000   0.000033167
      469         1  CONTA174          0.0000   0.000038667
      471         1  CONTA174          0.0000   0.000011083
      473         1  CONTA174          0.0000   0.000029708
      475         1  CONTA174          0.0000   0.000015250
      477         1  CONTA174          0.0001   0.000054125
      479         1  CONTA174          0.0000   0.000038917
      481         1  CONTA174          0.0000   0.000028750
      483         1  CONTA174          0.0000   0.000025292
      485         1  CONTA174          0.0000   0.000024583
      487         1  CONTA174          0.0014   0.001387708
      489         1  CONTA174          0.0000   0.000025500
      491         1  CONTA174          0.0000   0.000026583
      493         1  CONTA174          0.0000   0.000015625
      495         1  CONTA174          0.0000   0.000047250
      497         1  CONTA174          0.0001   0.000079875
      499         1  CONTA174          0.0006   0.000643333
      501         1  CONTA174          0.0000   0.000040708
      503         1  CONTA174          0.0000   0.000037500
      505         1  CONTA174          0.0000   0.000033208
      507         1  CONTA174          0.0000   0.000017792
      509         1  CONTA174          0.0000   0.000012542
      511         1  CONTA174          0.0000   0.000043625
      513         1  CONTA174          0.0000   0.000018250
      515         1  CONTA174          0.0000   0.000046500
      517         1  CONTA174          0.0007   0.000749500
      519         1  CONTA174          0.0000   0.000010958
      521         1  CONTA174          0.0000   0.000013167
      523         1  CONTA174          0.0012   0.001229000
      525         1  CONTA174          0.0000   0.000039042
      527         1  CONTA174          0.0000   0.000009917
      529         1  CONTA174          0.0119   0.011915625
      531         1  CONTA174          0.0001   0.000052625
      533         1  CONTA174          0.0000   0.000013792
      535         1  CONTA174          0.0000   0.000032167
      537         1  CONTA174          0.0000   0.000035042
      539         1  CONTA174          0.0144   0.014356375
      541         1  CONTA174          0.0002   0.000154917
      543         1  CONTA174          0.0000   0.000012792
      545         1  CONTA174          0.0000   0.000029208
      547         1  CONTA174          0.0002   0.000157125
      549         1  CONTA174          0.0000   0.000038208
      551         1  CONTA174          0.0001   0.000058292
      553         1  CONTA174          0.0001   0.000117042
      555         1  CONTA174          0.0000   0.000033292
      557         1  CONTA174          0.0000   0.000010417
      559         1  CONTA174          0.0000   0.000022000
      561         1  CONTA174          0.0000   0.000017167
      563         1  CONTA174          0.0000   0.000042042
      565         1  CONTA174          0.0000   0.000032208
      567         1  CONTA174          0.0000   0.000040875
      569         1  CONTA174          0.0001   0.000106000
      571         1  CONTA174          0.0001   0.000057292
      573         1  CONTA174          0.0001   0.000056375
      575         1  CONTA174          0.0000   0.000030208
      577         1  CONTA174          0.0013   0.001296208
      579         1  CONTA174          0.0000   0.000014792
      581         1  CONTA174          0.0000   0.000042083
      583         1  CONTA174          0.0000   0.000013958
      585         1  CONTA174          0.0000   0.000043792
      587         1  CONTA174          0.0001   0.000117708
      589         1  CONTA174          0.0001   0.000055833
      591         1  CONTA174          0.0001   0.000098292
      593         1  CONTA174          0.0000   0.000036958
      595         1  CONTA174          0.0000   0.000016208
      597         1  CONTA174          0.0000   0.000014917
      599         1  CONTA174          0.0135   0.013507958
      601        48  CONTA174          0.0025   0.000052813
      603        40  CONTA174          0.0016   0.000040308
      605        48  CONTA174          0.0176   0.000366038
      607        48  CONTA174          0.0154   0.000319835
      609        40  CONTA174          0.0018   0.000044258
      611        48  CONTA174          0.0019   0.000040315
      613        48  CONTA174          0.0295   0.000614497
      615        48  CONTA174          0.0022   0.000046522
      617       295  CONTA174          0.5152   0.001746605
      619       343  CONTA174          0.5378   0.001567906
      621       281  CONTA174          0.4346   0.001546645
      623       341  CONTA174          0.4040   0.001184837
      625       306  CONTA174          0.3876   0.001266655
      627       316  CONTA174          0.4107   0.001299583
      631        32  CONTA174          0.0013   0.000039085
      635        32  CONTA174          0.0007   0.000022264
      639        32  CONTA174          0.0009   0.000027625
      643        32  CONTA174          0.0012   0.000036775
      647        32  CONTA174          0.0015   0.000047763
      651        32  CONTA174          0.0008   0.000026339

   *** NODAL LOAD CALCULATION TIMES
     TYPE    NUMBER     ENAME   TOTAL ELAPSED   AVG ELAPSED

        1         1  SOLID186          0.0000   0.000003583
        2         1  SOLID186          0.0000   0.000005208
        3         1  SOLID186          0.0000   0.000007625
        4         1  SOLID186          0.0000   0.000006000
        5         1  SOLID186          0.0000   0.000003875
        6         1  SOLID186          0.0000   0.000014292
        7         1  SOLID186          0.0000   0.000008167
        8         1  SOLID186          0.0000   0.000007917
        9         1  SOLID186          0.0000   0.000008833
       10         1  SOLID186          0.0000   0.000014292
       11         1  SOLID186          0.0000   0.000016875
       12         1  SOLID186          0.0000   0.000007708
       13         1  SOLID186          0.0000   0.000003333
       14         1  SOLID186          0.0000   0.000004500
       15         1  SOLID186          0.0000   0.000012208
       16         1  SOLID186          0.0000   0.000003667
       17         1  SOLID186          0.0000   0.000003917
       18         1  SOLID186          0.0000   0.000007500
       19         1  SOLID186          0.0000   0.000011542
       20         1  SOLID186          0.0000   0.000004917
       21         1  SOLID186          0.0003   0.000271875
       22         1  SOLID186          0.0000   0.000004750
       23         1  SOLID186          0.0000   0.000003333
       24         1  SOLID186          0.0000   0.000017417
       25         1  SOLID186          0.0000   0.000007042
       26         1  SOLID186          0.0000   0.000004667
       27         1  SOLID186          0.0000   0.000004208
       28         1  SOLID186          0.0000   0.000015792
       29         1  SOLID186          0.0000   0.000016958
       30         1  SOLID186          0.0000   0.000003875
       31         1  SOLID186          0.0000   0.000003417
       32         1  SOLID186          0.0000   0.000038292
       33         1  SOLID186          0.0000   0.000010333
       34         1  SOLID186          0.0000   0.000004667
       35         1  SOLID186          0.0000   0.000009208
       36         1  SOLID186          0.0000   0.000007417
       37         1  SOLID186          0.0000   0.000003333
       38         1  SOLID186          0.0000   0.000009292
       39         1  SOLID186          0.0000   0.000025250
       40         1  SOLID186          0.0000   0.000003333
       41         1  SOLID186          0.0000   0.000003375
       42         1  SOLID186          0.0000   0.000022250
       43         1  SOLID186          0.0000   0.000022583
       44         1  SOLID186          0.0000   0.000003292
       45         1  SOLID186          0.0000   0.000023958
       46         1  SOLID186          0.0000   0.000026000
       47         1  SOLID186          0.0000   0.000003417
       48         1  SOLID186          0.0000   0.000004458
       49         1  SOLID186          0.0000   0.000003458
       50         1  SOLID186          0.0000   0.000003375
       51         1  SOLID186          0.0000   0.000004042
       52         1  SOLID186          0.0000   0.000017917
       53         1  SOLID186          0.0000   0.000003792
       54         1  SOLID186          0.0000   0.000008833
       55         1  SOLID186          0.0000   0.000020208
       56         1  SOLID186          0.0000   0.000003792
       57         1  SOLID186          0.0000   0.000005625
       58         1  SOLID186          0.0000   0.000005583
       59         1  SOLID186          0.0000   0.000010125
       60         1  SOLID186          0.0000   0.000004208
       61         1  SOLID186          0.0000   0.000005208
       62         1  SOLID186          0.0000   0.000003333
       63         1  SOLID186          0.0000   0.000005167
       64         1  SOLID186          0.0000   0.000008125
       65         1  SOLID186          0.0000   0.000016542
       66         1  SOLID186          0.0003   0.000273667
       67         1  SOLID186          0.0000   0.000033208
       68         1  SOLID186          0.0000   0.000004958
       69         1  SOLID186          0.0000   0.000007625
       70         1  SOLID186          0.0000   0.000010292
       71         1  SOLID186          0.0000   0.000003708
       72         1  SOLID186          0.0000   0.000007792
       73         1  SOLID186          0.0000   0.000017583
       74         1  SOLID186          0.0000   0.000020125
       75         1  SOLID186          0.0006   0.000628750
       76         1  SOLID186          0.0000   0.000003833
       77         1  SOLID186          0.0000   0.000035542
       78         1  SOLID186          0.0000   0.000020292
       79         1  SOLID186          0.0000   0.000004000
       80         1  SOLID186          0.0000   0.000024875
       81         1  SOLID186          0.0000   0.000004375
       82         1  SOLID186          0.0000   0.000012083
       83         1  SOLID186          0.0000   0.000004750
       84         1  SOLID186          0.0000   0.000016000
       85         1  SOLID186          0.0000   0.000003625
       86         1  SOLID186          0.0000   0.000007667
       87         1  SOLID186          0.0000   0.000013083
       88         1  SOLID186          0.0000   0.000004042
       89         1  SOLID186          0.0000   0.000005333
       90         1  SOLID186          0.0000   0.000004833
       91         1  SOLID186          0.0000   0.000009208
       92         1  SOLID186          0.0000   0.000016625
       93         1  SOLID186          0.0000   0.000003667
       94         1  SOLID186          0.0000   0.000016917
       95         1  SOLID186          0.0000   0.000004125
       96         1  SOLID186          0.0000   0.000008958
       97         1  SOLID186          0.0000   0.000007667
       98         1  SOLID186          0.0000   0.000028667
       99         5  SOLID186          0.0001   0.000018975
      100         2  SOLID186          0.0004   0.000217750
      101         4  SOLID186          0.0004   0.000088687
      102         2  SOLID186          0.0000   0.000005708
      103         1  SOLID186          0.0000   0.000018250
      104         1  SOLID186          0.0000   0.000003625
      105         1  SOLID186          0.0000   0.000004458
      106         1  SOLID186          0.0000   0.000006542
      107         1  SOLID186          0.0000   0.000003500
      108         1  SOLID186          0.0000   0.000003958
      109         1  SOLID186          0.0000   0.000003458
      110         1  SOLID186          0.0000   0.000003375
      111         1  SOLID186          0.0000   0.000007958
      112         1  SOLID186          0.0000   0.000007708
      113         1  SOLID186          0.0000   0.000006750
      114         1  SOLID186          0.0000   0.000008292
      115         1  SOLID186          0.0000   0.000003458
      116         1  SOLID186          0.0006   0.000647917
      117         1  SOLID186          0.0000   0.000003542
      118         1  SOLID186          0.0000   0.000008125
      119         1  SOLID186          0.0000   0.000003667
      120         1  SOLID186          0.0000   0.000030458
      121         1  SOLID186          0.0000   0.000003792
      122         1  SOLID186          0.0003   0.000280875
      123         1  SOLID186          0.0000   0.000010125
      124         1  SOLID186          0.0000   0.000007250
      125         1  SOLID186          0.0000   0.000004750
      126         1  SOLID186          0.0000   0.000003583
      127         1  SOLID186          0.0000   0.000003458
      128         1  SOLID186          0.0000   0.000015417
      129         1  SOLID186          0.0000   0.000014792
      130         1  SOLID186          0.0000   0.000004625
      131         1  SOLID186          0.0003   0.000290792
      132         1  SOLID186          0.0000   0.000003417
      133         1  SOLID186          0.0000   0.000003667
      134         1  SOLID186          0.0010   0.000967042
      135         1  SOLID186          0.0000   0.000003167
      136         1  SOLID186          0.0000   0.000003500
      137         1  SOLID186          0.0006   0.000619792
      138         1  SOLID186          0.0000   0.000010750
      139         1  SOLID186          0.0000   0.000004042
      140         1  SOLID186          0.0000   0.000013167
      141         1  SOLID186          0.0000   0.000006375
      142         1  SOLID186          0.0008   0.000752167
      143         1  SOLID186          0.0000   0.000017167
      144         1  SOLID186          0.0000   0.000003792
      145         1  SOLID186          0.0000   0.000003583
      146         1  SOLID186          0.0000   0.000015208
      147         1  SOLID186          0.0000   0.000004083
      148         1  SOLID186          0.0000   0.000021250
      149         1  SOLID186          0.0000   0.000008958
      150         1  SOLID186          0.0000   0.000003417
      151         1  SOLID186          0.0000   0.000003333
      152         1  SOLID186          0.0000   0.000009042
      153         1  SOLID186          0.0000   0.000003417
      154         1  SOLID186          0.0000   0.000003792
      155         1  SOLID186          0.0000   0.000016000
      156         1  SOLID186          0.0000   0.000005542
      157         1  SOLID186          0.0000   0.000014625
      158         1  SOLID186          0.0000   0.000016042
      159         1  SOLID186          0.0000   0.000003417
      160         1  SOLID186          0.0000   0.000007083
      161         1  SOLID186          0.0005   0.000535458
      162         1  SOLID186          0.0000   0.000014375
      163         1  SOLID186          0.0000   0.000004250
      164         1  SOLID186          0.0000   0.000003375
      165         1  SOLID186          0.0000   0.000014917
      166         1  SOLID186          0.0000   0.000028208
      167         1  SOLID186          0.0000   0.000015833
      168         1  SOLID186          0.0000   0.000033500
      169         1  SOLID186          0.0000   0.000003292
      170         1  SOLID186          0.0000   0.000008167
      171         1  SOLID186          0.0000   0.000003458
      172         1  SOLID186          0.0000   0.000018625
      173      1372  SOLID186          0.0154   0.000011255
      174       372  SOLID187          0.0031   0.000008421
      175        60  SOLID187          0.0004   0.000006197
      176       744  SOLID187          0.0166   0.000022311
      177        60  SOLID187          0.0006   0.000010472
      178      1180  SOLID186          0.0691   0.000058519
      179       945  SOLID187          0.0051   0.000005373
      180       381  SOLID187          0.0165   0.000043337
      181      1264  SOLID186          0.0943   0.000074570
      182      1364  SOLID186          0.0279   0.000020489
      183      1124  SOLID186          0.0283   0.000025199
      184        60  SOLID187          0.0002   0.000003765
      185        60  SOLID187          0.0004   0.000006342
      186       370  SOLID187          0.0158   0.000042703
      187       711  SOLID187          0.0022   0.000003124
      188        63  SOLID187          0.0003   0.000005341
      189       386  SOLID187          0.0025   0.000006394
      190        60  SOLID187          0.0002   0.000004062
      191       732  SOLID187          0.0148   0.000020244
      192      1224  SOLID186          0.0618   0.000050501
      193       383  SOLID187          0.0029   0.000007458
      194      9124  SOLID187          0.1476   0.000016181
      195      9158  SOLID187          0.1037   0.000011327
      196      9214  SOLID187          0.1569   0.000017027
      197      8841  SOLID187          0.1514   0.000017126
      198      8984  SOLID187          0.1295   0.000014414
      199      9247  SOLID187          0.1525   0.000016488
      200       737  SOLID187          0.0043   0.000005814
      201       816  SOLID187          0.0184   0.000022562
      202       724  SOLID187          0.0177   0.000024429
      203       795  SOLID187          0.0181   0.000022761
      204       783  SOLID187          0.0128   0.000016286
      205       820  SOLID187          0.0220   0.000026858
      206       714  SOLID187          0.0156   0.000021852
      207       835  SOLID187          0.0170   0.000020311
      208     39014  SOLID186          1.2204   0.000031280
      209        20  CONTA174          0.0000   0.000001212
      211       399  CONTA174          0.0086   0.000021659
      213        47  CONTA174          0.0000   0.000000754
      215       351  CONTA174          0.0010   0.000002741
      217        20  CONTA174          0.0000   0.000002225
      219       339  CONTA174          0.0010   0.000003084
      221        49  CONTA174          0.0001   0.000002711
      223        19  CONTA174          0.0001   0.000004930
      225       365  CONTA174          0.0015   0.000004025
      227        20  CONTA174          0.0009   0.000042540
      229       370  CONTA174          0.0132   0.000035575
      231       100  CONTA174          0.0003   0.000002948
      233       399  CONTA174          0.0144   0.000036036
      235        20  CONTA174          0.0001   0.000003592
      237       337  CONTA174          0.0138   0.000040928
      239        20  CONTA174          0.0000   0.000001552
      241       352  CONTA174          0.0129   0.000036545
      243       349  CONTA174          0.0008   0.000002406
      245        44  CONTA174          0.0001   0.000002697
      247       314  CONTA174          0.0012   0.000003747
      249        48  CONTA174          0.0002   0.000005148
      251       364  CONTA174          0.0010   0.000002638
      253       357  CONTA174          0.0010   0.000002671
      255        47  CONTA174          0.0000   0.000000821
      257         1  CONTA174          0.0000   0.000001250
      259         1  CONTA174          0.0000   0.000001833
      261         1  CONTA174          0.0000   0.000002375
      263         1  CONTA174          0.0000   0.000002208
      265         1  CONTA174          0.0000   0.000001125
      267         1  CONTA174          0.0000   0.000003542
      269         1  CONTA174          0.0000   0.000002250
      271         1  CONTA174          0.0000   0.000002125
      273         1  CONTA174          0.0000   0.000002500
      275         1  CONTA174          0.0000   0.000001542
      277         1  CONTA174          0.0000   0.000001000
      279         1  CONTA174          0.0000   0.000001083
      281         1  CONTA174          0.0000   0.000000833
      283         1  CONTA174          0.0000   0.000001500
      285         1  CONTA174          0.0000   0.000003833
      287         1  CONTA174          0.0000   0.000000875
      289         1  CONTA174          0.0000   0.000001167
      291         1  CONTA174          0.0000   0.000002000
      293         1  CONTA174          0.0000   0.000002583
      295         1  CONTA174          0.0000   0.000001667
      297         1  CONTA174          0.0003   0.000282833
      299         1  CONTA174          0.0000   0.000001667
      301         1  CONTA174          0.0000   0.000001792
      303         1  CONTA174          0.0000   0.000002500
      305         1  CONTA174          0.0000   0.000001458
      307         1  CONTA174          0.0000   0.000001208
      309         1  CONTA174          0.0000   0.000001167
      311         1  CONTA174          0.0000   0.000005208
      313         1  CONTA174          0.0000   0.000003333
      315         1  CONTA174          0.0000   0.000001250
      317         1  CONTA174          0.0000   0.000001083
      319         1  CONTA174          0.0000   0.000001875
      321         1  CONTA174          0.0000   0.000003167
      323         1  CONTA174          0.0000   0.000001583
      325         1  CONTA174          0.0000   0.000002500
      327         1  CONTA174          0.0000   0.000002167
      329         1  CONTA174          0.0000   0.000001375
      331         1  CONTA174          0.0000   0.000002708
      333         1  CONTA174          0.0000   0.000002375
      335         1  CONTA174          0.0000   0.000000833
      337         1  CONTA174          0.0000   0.000001917
      339         1  CONTA174          0.0000   0.000003458
      341         1  CONTA174          0.0000   0.000002458
      343         1  CONTA174          0.0000   0.000000875
      345         1  CONTA174          0.0000   0.000013875
      347         1  CONTA174          0.0000   0.000003625
      349         1  CONTA174          0.0000   0.000000833
      351         1  CONTA174          0.0000   0.000001000
      353         1  CONTA174          0.0000   0.000001000
      355         1  CONTA174          0.0000   0.000000833
      357         1  CONTA174          0.0000   0.000001083
      359         1  CONTA174          0.0000   0.000002958
      361         1  CONTA174          0.0000   0.000001083
      363         1  CONTA174          0.0000   0.000002625
      365         1  CONTA174          0.0000   0.000004208
      367         1  CONTA174          0.0000   0.000000917
      369         1  CONTA174          0.0000   0.000001792
      371         1  CONTA174          0.0000   0.000001917
      373         1  CONTA174          0.0000   0.000002583
      375         1  CONTA174          0.0000   0.000000917
      377         1  CONTA174          0.0000   0.000001750
      379         1  CONTA174          0.0000   0.000002000
      381         1  CONTA174          0.0000   0.000001625
      383         1  CONTA174          0.0000   0.000002292
      385         1  CONTA174          0.0000   0.000002292
      387         1  CONTA174          0.0000   0.000009708
      389         1  CONTA174          0.0000   0.000001042
      391         1  CONTA174          0.0000   0.000001500
      393         1  CONTA174          0.0000   0.000002208
      395         1  CONTA174          0.0000   0.000002500
      397         1  CONTA174          0.0000   0.000001042
      399         1  CONTA174          0.0000   0.000001917
      401         1  CONTA174          0.0000   0.000006917
      403         1  CONTA174          0.0000   0.000003250
      405         1  CONTA174          0.0005   0.000518250
      407         1  CONTA174          0.0000   0.000001125
      409         1  CONTA174          0.0000   0.000001792
      411         1  CONTA174          0.0000   0.000006125
      413         1  CONTA174          0.0000   0.000001833
      415         1  CONTA174          0.0000   0.000002292
      417         1  CONTA174          0.0000   0.000001250
      419         1  CONTA174          0.0000   0.000003000
      421         1  CONTA174          0.0001   0.000101458
      423         1  CONTA174          0.0000   0.000001292
      425         1  CONTA174          0.0000   0.000001000
      427         1  CONTA174          0.0000   0.000001792
      429         1  CONTA174          0.0000   0.000002917
      431         1  CONTA174          0.0000   0.000001958
      433         1  CONTA174          0.0000   0.000002000
      435         1  CONTA174          0.0000   0.000001708
      437         1  CONTA174          0.0000   0.000002000
      439         1  CONTA174          0.0000   0.000002667
      441         1  CONTA174          0.0000   0.000000833
      443         1  CONTA174          0.0000   0.000002375
      445         1  CONTA174          0.0000   0.000001125
      447         1  CONTA174          0.0000   0.000002042
      449         1  CONTA174          0.0000   0.000002208
      451         1  CONTA174          0.0000   0.000004250
      453         5  CONTA174          0.0000   0.000002683
      455         2  CONTA174          0.0001   0.000040542
      457         4  CONTA174          0.0007   0.000185490
      459         2  CONTA174          0.0000   0.000001479
      461         1  CONTA174          0.0000   0.000002542
      463         1  CONTA174          0.0000   0.000013042
      465         1  CONTA174          0.0000   0.000001167
      467         1  CONTA174          0.0000   0.000001000
      469         1  CONTA174          0.0000   0.000001792
      471         1  CONTA174          0.0000   0.000000792
      473         1  CONTA174          0.0000   0.000001000
      475         1  CONTA174          0.0000   0.000000833
      477         1  CONTA174          0.0000   0.000002417
      479         1  CONTA174          0.0000   0.000002250
      481         1  CONTA174          0.0000   0.000001458
      483         1  CONTA174          0.0000   0.000001917
      485         1  CONTA174          0.0000   0.000001000
      487         1  CONTA174          0.0006   0.000634417
      489         1  CONTA174          0.0000   0.000000958
      491         1  CONTA174          0.0000   0.000002083
      493         1  CONTA174          0.0000   0.000001333
      495         1  CONTA174          0.0000   0.000002500
      497         1  CONTA174          0.0000   0.000001875
      499         1  CONTA174          0.0003   0.000333792
      501         1  CONTA174          0.0000   0.000002583
      503         1  CONTA174          0.0000   0.000001792
      505         1  CONTA174          0.0000   0.000001750
      507         1  CONTA174          0.0000   0.000001167
      509         1  CONTA174          0.0000   0.000000792
      511         1  CONTA174          0.0000   0.000002833
      513         1  CONTA174          0.0000   0.000001250
      515         1  CONTA174          0.0000   0.000002458
      517         1  CONTA174          0.0003   0.000262167
      519         1  CONTA174          0.0000   0.000000833
      521         1  CONTA174          0.0000   0.000000708
      523         1  CONTA174          0.0002   0.000154125
      525         1  CONTA174          0.0000   0.000001875
      527         1  CONTA174          0.0000   0.000000792
      529         1  CONTA174          0.0005   0.000461583
      531         1  CONTA174          0.0000   0.000003083
      533         1  CONTA174          0.0000   0.000001042
      535         1  CONTA174          0.0000   0.000002583
      537         1  CONTA174          0.0000   0.000002500
      539         1  CONTA174          0.0003   0.000265833
      541         1  CONTA174          0.0000   0.000006458
      543         1  CONTA174          0.0000   0.000001000
      545         1  CONTA174          0.0000   0.000000958
      547         1  CONTA174          0.0000   0.000004083
      549         1  CONTA174          0.0000   0.000001375
      551         1  CONTA174          0.0000   0.000003958
      553         1  CONTA174          0.0000   0.000003208
      555         1  CONTA174          0.0000   0.000001125
      557         1  CONTA174          0.0000   0.000000833
      559         1  CONTA174          0.0000   0.000001792
      561         1  CONTA174          0.0000   0.000001083
      563         1  CONTA174          0.0000   0.000001917
      565         1  CONTA174          0.0000   0.000002125
      567         1  CONTA174          0.0000   0.000002000
      569         1  CONTA174          0.0000   0.000003500
      571         1  CONTA174          0.0000   0.000002500
      573         1  CONTA174          0.0000   0.000001917
      575         1  CONTA174          0.0000   0.000001083
      577         1  CONTA174          0.0007   0.000723417
      579         1  CONTA174          0.0000   0.000001125
      581         1  CONTA174          0.0000   0.000001208
      583         1  CONTA174          0.0000   0.000000833
      585         1  CONTA174          0.0000   0.000002667
      587         1  CONTA174          0.0000   0.000003875
      589         1  CONTA174          0.0000   0.000004333
      591         1  CONTA174          0.0000   0.000005208
      593         1  CONTA174          0.0000   0.000001875
      595         1  CONTA174          0.0000   0.000001000
      597         1  CONTA174          0.0000   0.000001083
      599         1  CONTA174          0.0000   0.000026958
      601        48  CONTA174          0.0001   0.000001911
      603        40  CONTA174          0.0001   0.000001582
      605        48  CONTA174          0.0001   0.000003008
      607        48  CONTA174          0.0001   0.000002480
      609        40  CONTA174          0.0001   0.000001969
      611        48  CONTA174          0.0001   0.000001785
      613        48  CONTA174          0.0001   0.000002239
      615        48  CONTA174          0.0001   0.000002391
      617       295  CONTA174          0.0282   0.000095508
      619       343  CONTA174          0.0259   0.000075450
      621       281  CONTA174          0.0200   0.000071050
      623       341  CONTA174          0.0067   0.000019662
      625       306  CONTA174          0.0070   0.000022842
      627       316  CONTA174          0.0063   0.000019910
      631        32  CONTA174          0.0001   0.000001641
      635        32  CONTA174          0.0000   0.000001280
      639        32  CONTA174          0.0000   0.000001303
      643        32  CONTA174          0.0001   0.000002504
      647        32  CONTA174          0.0001   0.000002284
      651        32  CONTA174          0.0001   0.000002586

 FINISH SOLUTION PROCESSING

 RESULTS WRITTEN TO FILE: file.mode
    TOTAL SIZE =     2797.750 MB

 RESULTS WRITTEN TO FILE: file0.mode
    TOTAL SIZE =      398.125 MB


 ***** ROUTINE COMPLETED *****  ELAPSED TIME =      1560.994



 EXIT MAPDL WITHOUT SAVING DATABASE


 NUMBER OF WARNING MESSAGES ENCOUNTERED=          7
 NUMBER OF ERROR   MESSAGES ENCOUNTERED=          0

 *** NOTE ***                            ELAPSED TIME =    1574.976   TIME= 18:15:38
 The solution for the current simulation was performed using 12 cores.   
 The parallel performance of this simulation on this hardware indicates  
 that this simulation would benefit from using additional CPU cores.     
 Consider using more CPU cores, which may require additional HPC         
 licenses, when running this simulation again on the same hardware.      

+--------------------- M A P D L   S T A T I S T I C S ------------------------+

Release: 2026 R1.02         Build: 26.1       Update: UP20260202   Platform: WINDOWS x64 
Date Run: 10/05/2026   Time: 18:15     Process ID: 2940
Operating System: Windows 11  (Build: 26200)

Processor Model:                           Virtual CPU @ 3.20GHz

Compiler: Intel(R) Fortran Compiler Classic Version 2021.9  (Build: 20230302)
          Intel(R) C/C++ Compiler Classic Version 2021.9  (Build: 20230302)
          AOCL-BLAS 5.1.1 Build 20251008
          Intel(R) oneAPI Math Kernel Library Version 2024.2.3-Product Build 20250403

Number of machines requested            :    1
Total number of cores available         :   14
Number of physical cores available      :   14
Number of processes requested           :   12
Number of threads per process requested :    1
Total number of cores requested         :   12 (Distributed Memory Parallel)               
MPI Type: INTELMPI
MPI Version: Intel(R) MPI Library 2021.16 for Windows* OS


GPU Acceleration: Not Requested

Job Name: file0
Input File: run.dat

  Core                Machine Name   Working Directory
 -----------------------------------------------------
     0             MARCDNICHITBF25   C:\Temp\PBMotion_20261005_basis
     1             MARCDNICHITBF25   C:\Temp\PBMotion_20261005_basis
     2             MARCDNICHITBF25   C:\Temp\PBMotion_20261005_basis
     3             MARCDNICHITBF25   C:\Temp\PBMotion_20261005_basis
     4             MARCDNICHITBF25   C:\Temp\PBMotion_20261005_basis
     5             MARCDNICHITBF25   C:\Temp\PBMotion_20261005_basis
     6             MARCDNICHITBF25   C:\Temp\PBMotion_20261005_basis
     7             MARCDNICHITBF25   C:\Temp\PBMotion_20261005_basis
     8             MARCDNICHITBF25   C:\Temp\PBMotion_20261005_basis
     9             MARCDNICHITBF25   C:\Temp\PBMotion_20261005_basis
    10             MARCDNICHITBF25   C:\Temp\PBMotion_20261005_basis
    11             MARCDNICHITBF25   C:\Temp\PBMotion_20261005_basis
 
Latency time from master to core     1 =   31.728 microseconds
Latency time from master to core     2 =   36.349 microseconds
Latency time from master to core     3 =   36.433 microseconds
Latency time from master to core     4 =   30.971 microseconds
Latency time from master to core     5 =   31.492 microseconds
Latency time from master to core     6 =   34.014 microseconds
Latency time from master to core     7 =   35.504 microseconds
Latency time from master to core     8 =   35.900 microseconds
Latency time from master to core     9 =   32.084 microseconds
Latency time from master to core    10 =   36.209 microseconds
Latency time from master to core    11 =   35.118 microseconds
 
Communication speed from master to core     1 =  1751.39 MB/sec
Communication speed from master to core     2 =  1837.31 MB/sec
Communication speed from master to core     3 =  1919.75 MB/sec
Communication speed from master to core     4 =  1978.26 MB/sec
Communication speed from master to core     5 =  2072.75 MB/sec
Communication speed from master to core     6 =  1875.45 MB/sec
Communication speed from master to core     7 =  2054.46 MB/sec
Communication speed from master to core     8 =  1958.29 MB/sec
Communication speed from master to core     9 =  1809.46 MB/sec
Communication speed from master to core    10 =  2050.82 MB/sec
Communication speed from master to core    11 =  2048.92 MB/sec

Total CPU time for main thread                    :     1403.2 seconds
Total CPU time summed for all threads             :     1444.9 seconds

Elapsed time spent obtaining a license            :        1.3 seconds
Elapsed time spent pre-processing model (/PREP7)  :        0.0 seconds
Elapsed time spent solution - preprocessing       :       15.6 seconds
Elapsed time spent computing solution             :     1450.6 seconds
   Elapsed time in element formation & assembly   :       22.4 seconds
   Elapsed time in equation solver                :      429.1 seconds
   Elapsed time in element result calculations    :      930.9 seconds
Elapsed time spent solution - postprocessing      :       68.0 seconds
Elapsed time spent post-processing model (/POST1) :        0.0 seconds
 
Eigensolver used                                  :            Block Lanczos
Sparse direct equation solver computational rate  :       19.9 Gflops
Sparse direct equation solver effective I/O rate  :       15.2 GB/sec

Sum of disk space used on all processes           :    19788.5 MB

Sum of memory used on all processes               :    15792.0 MB
Sum of memory allocated on all processes          :    21747.0 MB
Physical memory available                         :        112 GB
Total amount of I/O written to disk               :       18.0 GB
Total amount of I/O read from disk                :      188.8 GB

+------------------ E N D   M A P D L   S T A T I S T I C S -------------------+


 *-----------------------------------------------------------------------------*
 |                                                                             |
 |                               RUN COMPLETED                                 |
 |                                                                             |
 |-----------------------------------------------------------------------------|
 |                                                                             |
 |  Ansys MAPDL 2026 R1.02      Build 26.1         UP20260202    WINDOWS x64   |
 |                                                                             |
 |-----------------------------------------------------------------------------|
 |                                                                             |
 |  Database Requested(-db)     1024 MB     Scratch Memory Requested   1024 MB |
 |  Max Database Used(Master)    414 MB     Max Scratch Used(Master)   1654 MB |
 |  Max Database Used(Workers)     1 MB     Max Scratch Used(Workers)  2138 MB |
 |  Sum Database Used(All)       425 MB     Sum Scratch Used(All)     15367 MB |
 |                                                                             |
 |-----------------------------------------------------------------------------|
 |                                                                             |
 |        CP Time      (sec) =       1444.906       Time  =  18:15:38          |
 |        Elapsed Time (sec) =       1574.970       Date  =  10/05/2026        |
 |                                                                             |
 *-----------------------------------------------------------------------------*
