
 Ansys Mechanical Enterprise Academic Research     


 *------------------------------------------------------------------*
 |                                                                  |
 |   W E L C O M E   T O   T H E   A N S Y S (R)  P R O G R A M     |
 |                                                                  |
 *------------------------------------------------------------------*




 ***************************************************************
 *         ANSYS MAPDL 2026 R1.02       LEGAL NOTICES          *
 ***************************************************************
 *                                                             *
 * Copyright (c) 2026 Synopsys, Inc. and ANSYS, Inc.           *
 * All rights reserved.                                        *
 * Unauthorized use, distribution or duplication is            *
 * prohibited.                                                 *
 *                                                             *
 * Ansys is a registered trademark of Ansys, Inc. or its       *
 * subsidiaries in the United States or other countries.       *
 * See the Ansys, Inc. online documentation or the Ansys, Inc. *
 * documentation CD or online help for the complete Legal      *
 * Notice.                                                     *
 *                                                             *
 ***************************************************************
 *                                                             *
 * THIS ANSYS SOFTWARE PRODUCT AND PROGRAM DOCUMENTATION       *
 * INCLUDE TRADE SECRETS AND CONFIDENTIAL AND PROPRIETARY      *
 * PRODUCTS OF ANSYS, INC., ITS SUBSIDIARIES, OR LICENSORS.    *
 * The software products and documentation are furnished by    *
 * Ansys, Inc. or its subsidiaries under a software license    *
 * agreement that contains provisions concerning               *
 * non-disclosure, copying, length and nature of use,          *
 * compliance with exporting laws, warranties, disclaimers,    *
 * limitations of liability, and remedies, and other           *
 * provisions.  The software products and documentation may be *
 * used, disclosed, transferred, or copied only in accordance  *
 * with the terms and conditions of that software license      *
 * agreement.                                                  *
 *                                                             *
 * Ansys, Inc. is a UL registered                              *
 * ISO 9001:2015 company.                                      *
 *                                                             *
 ***************************************************************
 *                                                             *
 * This product is subject to U.S. laws governing export and   *
 * re-export.                                                  *
 *                                                             *
 * For U.S. Government users, except as specifically granted   *
 * by the Ansys, Inc. software license agreement, the use,     *
 * duplication, or disclosure by the United States Government  *
 * is subject to restrictions stated in the Ansys, Inc.        *
 * software license agreement and FAR 12.212 (for non-DOD      *
 * licenses).                                                  *
 *                                                             *
 ***************************************************************

 2026 R1.02  
     
 Point Releases and Patches installed:   
     
 Ansys Service Pack 2026 R1.01   
 Ansys Service Pack 2026 R1.02   
 Ansys, Inc. License Manager 2026 R1 
 Ansys, Inc. License Manager 2026 R1.01  
 Ansys, Inc. License Manager 2026 R1.02  
 Discovery (reduced install) 2026 R1 
 Discovery (reduced install) 2026 R1.01  
 Discovery (reduced install) 2026 R1.02  
 Core WB Files 2026 R1   
 Core WB Files 2026 R1.01
 Core WB Files 2026 R1.02
 BladeModeler 2026 R1
 BladeModeler 2026 R1.01 
 BladeModeler 2026 R1.02 
 CFX (includes CFD-Post) 2026 R1 
 CFX (includes CFD-Post) 2026 R1.01  
 CFX (includes CFD-Post) 2026 R1.02  
 CFD-Post only 2026 R1   
 CFD-Post only 2026 R1.01
 CFD-Post only 2026 R1.02
 Chemkin 2026 R1 
 Chemkin 2026 R1.01  
 Chemkin 2026 R1.02  
 EnSight 2026 R1 
 EnSight 2026 R1.01  
 EnSight 2026 R1.02  
 FENSAP-ICE 2026 R1  
 FENSAP-ICE 2026 R1.01   
 FENSAP-ICE 2026 R1.02   
 Fluent (includes CFD-Post) 2026 R1  
 Fluent (includes CFD-Post) 2026 R1.01   
 Fluent (includes CFD-Post) 2026 R1.02   
 Polyflow (includes CFD-Post) 2026 R1
 Polyflow (includes CFD-Post) 2026 R1.01 
 Polyflow (includes CFD-Post) 2026 R1.02 
 Forte (includes EnSight) 2026 R1
 Forte (includes EnSight) 2026 R1.01 
 Forte (includes EnSight) 2026 R1.02 
 ICEM CFD 2026 R1
 ICEM CFD 2026 R1.01 
 ICEM CFD 2026 R1.02 
 RBF Morph Fluids UDF 2026 R1
 RBF Morph Fluids UDF 2026 R1.01 
 RBF Morph Fluids UDF 2026 R1.02 
 RBF Morph Libraries 2026 R1 
 RBF Morph Libraries 2026 R1.01  
 RBF Morph Libraries 2026 R1.02  
 Rocky 2026 R1   
 Rocky 2026 R1.01
 Rocky 2026 R1.02
 Thermal Desktop: AutoCAD 2026 R1
 Thermal Desktop: AutoCAD 2026 R1.01 
 Thermal Desktop: AutoCAD 2026 R1.02 
 Thermal Desktop: Thermal Desktop and TD Designer  2026 R1   
 Thermal Desktop: Thermal Desktop and TD Designer  2026 R1.01
 Thermal Desktop: Thermal Desktop and TD Designer  2026 R1.02
 Thermal Desktop: Sinda Solver 2026 R1   
 Thermal Desktop: Sinda Solver 2026 R1.01
 Thermal Desktop: Sinda Solver 2026 R1.02
 TurboGrid 2026 R1   
 TurboGrid 2026 R1.01
 TurboGrid 2026 R1.02
 Granta EduPack 2026 R1  
 Granta EduPack 2026 R1.01   
 Granta EduPack 2026 R1.02   
 Granta Selector 2026 R1 
 Granta Selector 2026 R1.01  
 Granta Selector 2026 R1.02  
 Dynamic Reporting 2026 R1   
 Dynamic Reporting 2026 R1.01
 Dynamic Reporting 2026 R1.02
 Remote Solve Manager Standalone Services 2026 R1
 Remote Solve Manager Standalone Services 2026 R1.01 
 Remote Solve Manager Standalone Services 2026 R1.02 
 Aqwa 2026 R1
 Aqwa 2026 R1.01 
 Aqwa 2026 R1.02 
 Autodyn 2026 R1 
 Autodyn 2026 R1.01  
 Autodyn 2026 R1.02  
 Customization Files for User Programmable Features 2026 R1  
 Customization Files for User Programmable Features 2026 R1.01   
 Customization Files for User Programmable Features 2026 R1.02   
 LS-DYNA 2026 R1 
 LS-DYNA 2026 R1.01  
 LS-DYNA 2026 R1.02  
 Material Calibration App 2026 R1
 Material Calibration App 2026 R1.01 
 Material Calibration App 2026 R1.02 
 Material Designer 2026 R1   
 Material Designer 2026 R1.01
 Material Designer 2026 R1.02
 Mechanical Products 2026 R1 
 Mechanical Products 2026 R1.01  
 Mechanical Products 2026 R1.02  
 Motion 2026 R1  
 Motion 2026 R1.01   
 Motion 2026 R1.02   
 RBF Morph 2026 R1   
 RBF Morph 2026 R1.01
 RBF Morph 2026 R1.02
 Sherlock 2026 R1
 Sherlock 2026 R1.01 
 Sherlock 2026 R1.02 
 Sound - SAS 2026 R1 
 Sound - SAS 2026 R1.01  
 Sound - SAS 2026 R1.02  
 ACIS Geometry Interface 2026 R1 
 ACIS Geometry Interface 2026 R1.01  
 ACIS Geometry Interface 2026 R1.02  
 AutoCAD Geometry Interface 2026 R1  
 AutoCAD Geometry Interface 2026 R1.01   
 AutoCAD Geometry Interface 2026 R1.02   
 Catia, Version 4 Geometry Interface 2026 R1 
 Catia, Version 4 Geometry Interface 2026 R1.01  
 Catia, Version 4 Geometry Interface 2026 R1.02  
 Catia, Version 5 Geometry Interface 2026 R1 
 Catia, Version 5 Geometry Interface 2026 R1.01  
 Catia, Version 5 Geometry Interface 2026 R1.02  
 Catia, Version 6 Geometry Interface 2026 R1 
 Catia, Version 6 Geometry Interface 2026 R1.01  
 Catia, Version 6 Geometry Interface 2026 R1.02  
 Creo Elements/Direct Modeling Geometry Interface 2026 R1
 Creo Elements/Direct Modeling Geometry Interface 2026 R1.01 
 Creo Elements/Direct Modeling Geometry Interface 2026 R1.02 
 Creo Parametric Geometry Interface 2026 R1  
 Creo Parametric Geometry Interface 2026 R1.01   
 Creo Parametric Geometry Interface 2026 R1.02   
 Inventor Geometry Interface 2026 R1 
 Inventor Geometry Interface 2026 R1.01  
 Inventor Geometry Interface 2026 R1.02  
 JTOpen Geometry Interface 2026 R1   
 JTOpen Geometry Interface 2026 R1.01
 JTOpen Geometry Interface 2026 R1.02
 NX Geometry Interface 2026 R1   
 NX Geometry Interface 2026 R1.01
 NX Geometry Interface 2026 R1.02
 Parasolid Geometry Interface  2026 R1   
 Parasolid Geometry Interface  2026 R1.01
 Parasolid Geometry Interface  2026 R1.02
 Solid Edge Geometry Interface 2026 R1   
 Solid Edge Geometry Interface 2026 R1.01
 Solid Edge Geometry Interface 2026 R1.02
 SOLIDWORKS Geometry Interface 2026 R1   
 SOLIDWORKS Geometry Interface 2026 R1.01
 SOLIDWORKS Geometry Interface 2026 R1.02


          *****  MAPDL COMMAND LINE ARGUMENTS  *****
  INITIAL JOBNAME              = diag                                                                                                                                                                                                                                                    
  BATCH MODE REQUESTED (-b)    = NOLIST
  INPUT FILE COPY MODE (-c)    = COPY
  SHARED MEMORY PARALLEL REQUESTED
    SINGLE PROCESS WITH SINGLE THREAD REQUESTED
    TOTAL OF     1 CORES REQUESTED
  INPUT FILE NAME              = C:\Temp\PBTear26_coupon_uniform\diagnostic.dat
  OUTPUT FILE NAME             = C:\Temp\PBTear26_coupon_uniform\diagnostic.out
  START-UP FILE MODE           = NOREAD
  STOP FILE MODE               = NOREAD

 RELEASE= 2026 R1.02           BUILD= 26.1      UP20260202   VERSION=WINDOWS x64 
 CURRENT JOBNAME=diag  18:19:50  OCT 05, 2026  Elapsed Time=       0.141


 RESUME ANSYS DATA FROM FILE NAME=model.db                                                                                                                                                                                                                                                            

 *** MAPDL GLOBAL STATUS *** 

 TITLE =                                                                       
         1 ELEM TYPES DEFINED    MAX ELEM TYPE NUMBER =             1
         1 ELEMENTS DEFINED      MAX ELEMENT NUMBER =               1
         4 NODES DEFINED         MAX NODE NUMBER =                  4
         1 MATERIALS DEFINED     MAX MATERIAL NUMBER =              1
         0 REAL CONSTS DEFINED   MAX REAL CONST NUMBER =            0
         1 SECTIONS DEFINED      MAX SECTION NUMBER =               1
         0 COORD SYS DEFINED     MAX COORD SYS NUMBER =             0
         1 COUPLING EQNS DEFINED MAX COUPLING EQN NUMBER =          1
 
 ACTIVE COORDINATE SYSTEM             =          0  (CARTESIAN)
 NUMBER OF DEFINED NODAL CONSTRAINTS  =         20
 NUMBER OF DEFINED NODAL LOADS        =          0
 NUMBER OF DEFINED ELEM SURFACE LOADS =          0
 NUMBER OF DEFINED ELEM BODY LOADS    =          0
 NUMBER OF DEFINED NODE BODY FORCES   =          0

 INITIAL JOBNAME = diag
 CURRENT JOBNAME = diag

 *** MAPDL - ENGINEERING ANALYSIS SYSTEM  RELEASE 2026 R1.02       26.1     ***
 Ansys Mechanical Enterprise Academic Research     
 01196637  VERSION=WINDOWS x64   18:19:50  OCT 05, 2026 Elapsed Time=      5.723

                                                                               



          ***** MAPDL RESULTS INTERPRETATION (POST1) *****

 *** NOTE ***                            ELAPSED TIME =       5.723   TIME= 18:19:50
 Reading results into the database (SET command) will update the current 
 displacement and force boundary conditions in the database with the     
 values from the results file for that load set.  Note that any          
 subsequent solutions will use these values unless action is taken to    
 either SAVE the current values or not overwrite them (/EXIT,NOSAVE).    

 DATA FILE CHANGED TO FILE= tear.rst


  *****  INDEX OF DATA SETS ON RESULTS FILE  *****

     SET   TIME/FREQ    LOAD STEP   SUBSTEP  CUMULATIVE
       1 0.25000000E-02         1         1         3                  
       2 0.50000000E-02         1         2         5                  
       3 0.87500000E-02         1         3         7                  
       4 0.13750000E-01         1         4         9                  
       5 0.18750000E-01         1         5        11                  
       6 0.23750000E-01         1         6        13                  
       7 0.28750000E-01         1         7        15                  
       8 0.33750000E-01         1         8        17                  
       9 0.38750000E-01         1         9        19                  
      10 0.43750000E-01         1        10        21                  
      11 0.48750000E-01         1        11        23                  
      12 0.53750000E-01         1        12        25                  
      13 0.58750000E-01         1        13        27                  
      14 0.63750000E-01         1        14        29                  
      15 0.68750000E-01         1        15        31                  
      16 0.73750000E-01         1        16        33                  
      17 0.78750000E-01         1        17        35                  
      18 0.83750000E-01         1        18        37                  
      19 0.88750000E-01         1        19        39                  
      20 0.93750000E-01         1        20        41                  
      21 0.98750000E-01         1        21        43                  
      22 0.10375000             1        22        45                  
      23 0.10875000             1        23        47                  
      24 0.11375000             1        24        49                  
      25 0.11875000             1        25        51                  
      26 0.12375000             1        26        53                  
      27 0.12875000             1        27        55                  
      28 0.13375000             1        28        57                  
      29 0.13875000             1        29        59                  
      30 0.14375000             1        30        61                  
      31 0.14875000             1        31        63                  
      32 0.15375000             1        32        65                  
      33 0.15875000             1        33        67                  
      34 0.16375000             1        34        69                  
      35 0.16875000             1        35        71                  
      36 0.17375000             1        36        73                  
      37 0.17875000             1        37        75                  
      38 0.18375000             1        38        77                  
      39 0.18875000             1        39        79                  
      40 0.19375000             1        40        81                  
      41 0.19875000             1        41        83                  
      42 0.20375000             1        42        85                  
      43 0.20875000             1        43        87                  
      44 0.21375000             1        44        89                  
      45 0.21875000             1        45        91                  
      46 0.22375000             1        46        93                  
      47 0.22875000             1        47        95                  
      48 0.23375000             1        48        97                  
      49 0.23875000             1        49        99                  
      50 0.24375000             1        50       101                  
      51 0.24875000             1        51       103                  
      52 0.25375000             1        52       105                  
      53 0.25875000             1        53       107                  
      54 0.26375000             1        54       109                  
      55 0.26875000             1        55       111                  
      56 0.27375000             1        56       113                  
      57 0.27875000             1        57       115                  
      58 0.28375000             1        58       117                  
      59 0.28875000             1        59       119                  
      60 0.29375000             1        60       121                  
      61 0.29875000             1        61       123                  
      62 0.30375000             1        62       125                  
      63 0.30875000             1        63       127                  
      64 0.31375000             1        64       129                  
      65 0.31875000             1        65       131                  
      66 0.32375000             1        66       133                  
      67 0.32875000             1        67       135                  
      68 0.33375000             1        68       137                  
      69 0.33875000             1        69       139                  
      70 0.34375000             1        70       141                  
      71 0.34875000             1        71       143                  
      72 0.35375000             1        72       145                  
      73 0.35528780             1        73       148                  
      74 0.35682561             1        74       150                  
      75 0.35836341             1        75       152                  
      76 0.35990121             1        76       154                  
      77 0.36143901             1        77       156                  
      78 0.36297682             1        78       158                  
      79 0.36451462             1        79       160                  
      80 0.36605242             1        80       162                  
      81 0.36759023             1        81       164                  
      82 0.36912803             1        82       166                  
      83 0.37066583             1        83       168                  
      84 0.37220363             1        84       170                  
      85 0.37374144             1        85       172                  
      86 0.37527924             1        86       174                  
      87 0.37681704             1        87       176                  
      88 0.37835485             1        88       178                  
      89 0.37989265             1        89       180                  
      90 0.38143045             1        90       182                  
      91 0.38296826             1        91       184                  
      92 0.38450606             1        92       186                  
      93 0.38604386             1        93       188                  
      94 0.38758166             1        94       190                  
      95 0.38911947             1        95       192                  
      96 0.39065727             1        96       194                  
      97 0.39219507             1        97       196                  
      98 0.39373288             1        98       198                  
      99 0.39527068             1        99       200                  
     100 0.39680848             1       100       202                  
     101 0.39834628             1       101       204                  
     102 0.39988409             1       102       206                  
     103 0.40142189             1       103       208                  
     104 0.40295969             1       104       210                  
     105 0.40449750             1       105       212                  
     106 0.40603530             1       106       214                  
     107 0.40757310             1       107       216                  
     108 0.40911090             1       108       218                  
     109 0.41064871             1       109       220                  
     110 0.41218651             1       110       222                  
     111 0.41372431             1       111       224                  
     112 0.41526212             1       112       226                  
     113 0.41679992             1       113       228                  
     114 0.41833772             1       114       230                  
     115 0.41987552             1       115       232                  
     116 0.42141333             1       116       234                  
     117 0.42295113             1       117       236                  
     118 0.42448893             1       118       238                  
     119 0.42602674             1       119       240                  
     120 0.42756454             1       120       242                  
     121 0.42910234             1       121       244                  
     122 0.43064015             1       122       246                  
     123 0.43217795             1       123       248                  
     124 0.43371575             1       124       250                  
     125 0.43525355             1       125       252                  
     126 0.43679136             1       126       254                  
     127 0.43832916             1       127       256                  
     128 0.43986696             1       128       258                  
     129 0.44140477             1       129       260                  
     130 0.44294257             1       130       262                  
     131 0.44348080             1       131       264                  
     132 0.44401903             1       132       266                  
     133 0.44482638             1       133       268                  
     134 0.44603740             1       134       270                  
     135 0.44658344             1       135       272                  
     136 0.44712947             1       136       274                  
     137 0.44794853             1       137       276                  
     138 0.44917712             1       138       278                  
     139 0.44972375             1       139       280                  
     140 0.45027039             1       140       282                  
     141 0.45109034             1       141       284                  
     142 0.45232027             1       142       286                  
     143 0.45286750             1       143       288                  
     144 0.45341473             1       144       290                  
     145 0.45423557             1       145       292                  
     146 0.45546684             1       146       294                  
     147 0.45601464             1       147       296                  
     148 0.45656244             1       148       298                  
     149 0.45738415             1       149       300                  
     150 0.45781554             1       150       302                  
     151 0.45824693             1       151       304                  
     152 0.45889403             1       152       306                  
     153 0.45986466             1       153       308                  
     154 0.46037425             1       154       310                  
     155 0.46088383             1       155       312                  
     156 0.46164821             1       156       314                  
     157 0.46204950             1       157       316                  
     158 0.46245080             1       158       318                  
     159 0.46305275             1       159       320                  
     160 0.46395567             1       160       322                  
     161 0.46442970             1       161       324                  
     162 0.46490373             1       162       326                  
     163 0.46561478             1       163       328                  
     164 0.46598808             1       164       330                  
     165 0.46636138             1       165       332                  
     166 0.46692133             1       166       334                  
     167 0.46776126             1       167       335                  
     168 0.46820222             1       168       337                  
     169 0.46864318             1       169       339                  
     170 0.46930462             1       170       340                  
     171 0.46965188             1       171       342                  
     172 0.46999914             1       172       343                  
     173 0.47052002             1       173       344                  
     174 0.47130135             1       174       345                  
     175 0.47171155             1       175       347                  
     176 0.47212175             1       176       348                  
     177 0.47273704             1       177       349                  
     178 0.47306007             1       178       351                  
     179 0.47338310             1       179       352                  
     180 0.47386765             1       180       353                  
     181 0.47459447             1       181       354                  
     182 0.47497605             1       182       356                  
     183 0.47535763             1       183       357                  
     184 0.47593000             1       184       358                  
     185 0.47623049             1       185       359                  
     186 0.47653098             1       186       360                  
     187 0.47698172             1       187       361                  
     188 0.47765784             1       188       362                  
     189 0.47801279             1       189       363                  
     190 0.47836775             1       190       364                  
     191 0.47890019             1       191       365                  
     192 0.47917972             1       192       366                  
     193 0.47945925             1       193       367                  
     194 0.47987855             1       194       368                  
     195 0.48050749             1       195       369                  
     196 0.48083768             1       196       370                  
     197 0.48116788             1       197       371                  
     198 0.48166317             1       198       372                  
     199 0.48192320             1       199       373                  
     200 0.48218323             1       200       374                  
     201 0.48257327             1       201       375                  
     202 0.48315833             1       202       376                  
     203 0.48346549             1       203       377                  
     204 0.48377265             1       204       378                  
     205 0.48423339             1       205       379                  
     206 0.48447527             1       206       380                  
     207 0.48471716             1       207       381                  
     208 0.48507999             1       208       382                  
     209 0.48562424             1       209       383                  
     210 0.48590997             1       210       384                  
     211 0.48619570             1       211       385                  
     212 0.48662429             1       212       386                  
     213 0.48684930             1       213       387                  
     214 0.48707431             1       214       388                  
     215 0.48741183             1       215       389                  
     216 0.48758903             1       216       390                  
     217 0.48776623             1       217       391                  
     218 0.48803202             1       218       392                  
     219 0.48843071             1       219       393                  
     220 0.48864003             1       220       394                  
     221 0.48884934             1       221       395                  
     222 0.48916331             1       222       396                  
     223 0.48932815             1       223       397                  
     224 0.48949298             1       224       398                  
     225 0.48974023             1       225       399                  
     226 0.49011111             1       226       400                  
     227 0.49030582             1       227       401                  
     228 0.49050053             1       228       402                  
     229 0.49079260             1       229       403                  
     230 0.49094593             1       230       404                  
     231 0.49109927             1       231       405                  
     232 0.49132927             1       232       406                  
     233 0.49167427             1       233       407                  
     234 0.49185540             1       234       408                  
     235 0.49203653             1       235       409                  
     236 0.49230822             1       236       410                  
     237 0.49245086             1       237       411                  
     238 0.49259349             1       238       412                  
     239 0.49280745             1       239       413                  
     240 0.49312838             1       240       414                  
     241 0.49329687             1       241       415                  
     242 0.49346536             1       242       416                  
     243 0.49371810             1       243       417                  
     244 0.49385078             1       244       418                  
     245 0.49398347             1       245       419                  
     246 0.49418250             1       246       420                  
     247 0.49448104             1       247       421                  
     248 0.49463778             1       248       422                  
     249 0.49479451             1       249       423                  
     250 0.49502962             1       250       424                  
     251 0.49515305             1       251       425                  
     252 0.49527648             1       252       426                  
     253 0.49546162             1       253       427                  
     254 0.49573934             1       254       428                  
     255 0.49588514             1       255       429                  
     256 0.49603094             1       256       430                  
     257 0.49624964             1       257       431                  
     258 0.49636446             1       258       432                  
     259 0.49647927             1       259       433                  
     260 0.49665150             1       260       434                  
     261 0.49690984             1       261       435                  
     262 0.49704547             1       262       436                  
     263 0.49718110             1       263       437                  
     264 0.49738454             1       264       438                  
     265 0.49749135             1       265       439                  
     266 0.49759816             1       266       440                  
     267 0.49775837             1       267       441                  
     268 0.49799869             1       268       442                  
     269 0.49812485             1       269       443                  
     270 0.49825102             1       270       444                  
     271 0.49844027             1       271       445                  
     272 0.49853963             1       272       446                  
     273 0.49863898             1       273       447                  
     274 0.49878802             1       274       448                  
     275 0.49901157             1       275       449                  
     276 0.49912893             1       276       450                  
     277 0.49924630             1       277       451                  
     278 0.49942234             1       278       452                  
     279 0.49951477             1       279       453                  
     280 0.49960719             1       280       454                  
     281 0.49974583             1       281       455                  
     282 0.49995379             1       282       456                  
     283 0.50006296             1       283       457                  
     284 0.50017214             1       284       458                  
     285 0.50033590             1       285       459                  
     286 0.50042188             1       286       460                  
     287 0.50050786             1       287       461                  
     288 0.50063682             1       288       462                  
     289 0.50068682             1       289       463                  
     290 0.50073682             1       290       464                  
     291 0.50081182             1       291       465                  
     292 0.50092432             1       292       466                  
     293 0.50109307             1       293       467                  
     294 0.50118166             1       294       468                  
     295 0.50127026             1       295       469                  
     296 0.50140315             1       296       470                  
     297 0.50145315             1       297       471                  
     298 0.50150315             1       298       472                  
     299 0.50157815             1       299       473                  
     300 0.50169065             1       300       474                  
     301 0.50174065             1       301       475                  
     302 0.50179065             1       302       476                  
     303 0.50186565             1       303       477                  
     304 0.50197815             1       304       478                  
     305 0.50202815             1       305       479                  
     306 0.50207815             1       306       480                  
     307 0.50215315             1       307       481                  
     308 0.50226565             1       308       482                  
     309 0.50231565             1       309       483                  
     310 0.50236565             1       310       484                  
     311 0.50244065             1       311       485                  
     312 0.50255315             1       312       486                  
     313 0.50260315             1       313       487                  
     314 0.50265315             1       314       488                  
     315 0.50272815             1       315       489                  
     316 0.50284065             1       316       490                  
     317 0.50289065             1       317       491                  
     318 0.50294065             1       318       492                  
     319 0.50301565             1       319       493                  
     320 0.50312815             1       320       494                  
     321 0.50317815             1       321       495                  
     322 0.50322815             1       322       496                  
     323 0.50330315             1       323       497                  
     324 0.50341565             1       324       498                  
     325 0.50346565             1       325       499                  
     326 0.50351565             1       326       500                  
     327 0.50359065             1       327       501                  
     328 0.50370315             1       328       502                  
     329 0.50375315             1       329       503                  
     330 0.50380315             1       330       504                  
     331 0.50387815             1       331       505                  
     332 0.50399065             1       332       506                  
     333 0.50404065             1       333       507                  
     334 0.50409065             1       334       508                  
     335 0.50416565             1       335       509                  
     336 0.50421565             1       336       510                  
     337 0.50426565             1       337       511                  
     338 0.50434065             1       338       512                  
     339 0.50439065             1       339       513                  
     340 0.50444065             1       340       514                  
     341 0.50451565             1       341       515                  
     342 0.50456565             1       342       516                  
     343 0.50461565             1       343       517                  
     344 0.50469065             1       344       518                  
     345 0.50474065             1       345       519                  
     346 0.50479065             1       346       520                  
     347 0.50486565             1       347       521                  
     348 0.50491565             1       348       522                  
     349 0.50496565             1       349       523                  
     350 0.50504065             1       350       524                  
     351 0.50509065             1       351       525                  
     352 0.50514065             1       352       526                  
     353 0.50521565             1       353       527                  
     354 0.50526565             1       354       528                  
     355 0.50531565             1       355       529                  
     356 0.50539065             1       356       530                  
     357 0.50544065             1       357       531                  
     358 0.50549065             1       358       532                  
     359 0.50556565             1       359       533                  
     360 0.50561565             1       360       534                  
     361 0.50566565             1       361       535                  
     362 0.50574065             1       362       536                  
     363 0.50579065             1       363       537                  
     364 0.50584065             1       364       538                  
     365 0.50589065             1       365       539                  
     366 0.50594065             1       366       540                  
     367 0.50599065             1       367       541                  
     368 0.50604065             1       368       542                  
     369 0.50609065             1       369       543                  
     370 0.50614065             1       370       544                  
     371 0.50619065             1       371       545                  
     372 0.50624065             1       372       546                  
     373 0.50629065             1       373       547                  
     374 0.50634065             1       374       548                  
     375 0.50639065             1       375       549                  
     376 0.50644065             1       376       550                  
     377 0.50649065             1       377       551                  
     378 0.50654065             1       378       552                  
     379 0.50659065             1       379       553                  
     380 0.50664065             1       380       554                  
     381 0.50669065             1       381       555                  
     382 0.50674065             1       382       556                  
     383 0.50679065             1       383       557                  
     384 0.50684065             1       384       558                  
     385  1.0000000             1    999999       559                  


 USE LAST SUBSTEP ON RESULT FILE  FOR LOAD CASE 0 

 SET COMMAND GOT LOAD STEP=     1  SUBSTEP=999999  CUMULATIVE ITERATION=   559
   TIME/FREQUENCY=  1.0000    
 TITLE=                                                                         

 *GET  NSET      FROM  ACTI  ITEM=SET  NSET  VALUE=  385.000000    

 EXIT THE MAPDL POST1 DATABASE PROCESSOR


 ***** ROUTINE COMPLETED *****  ELAPSED TIME =         6.020



 EXIT MAPDL WITHOUT SAVING DATABASE


 NUMBER OF WARNING MESSAGES ENCOUNTERED=          0
 NUMBER OF ERROR   MESSAGES ENCOUNTERED=          0

+--------------------- M A P D L   S T A T I S T I C S ------------------------+

Release: 2026 R1.02         Build: 26.1       Update: UP20260202   Platform: WINDOWS x64 
Date Run: 10/05/2026   Time: 18:20     Process ID: 8980
Operating System: Windows 11  (Build: 26200)

Processor Model:                           Virtual CPU @ 3.20GHz

Compiler: Intel(R) Fortran Compiler Classic Version 2021.9  (Build: 20230302)
          Intel(R) C/C++ Compiler Classic Version 2021.9  (Build: 20230302)
          AOCL-BLAS 5.1.1 Build 20251008
          Intel(R) oneAPI Math Kernel Library Version 2024.2.3-Product Build 20250403

Number of machines requested            :    1
Total number of cores available         :   14
Number of physical cores available      :   14
Number of processes requested           :    1
Number of threads per process requested :    1
Total number of cores requested         :    1 (Shared Memory Parallel)                    

GPU Acceleration: Not Requested

Job Name: diag
Input File: diagnostic.dat
Working Directory: C:\Temp\PBTear26_coupon_uniform

Total CPU time for main thread                    :        0.9 seconds
Total CPU time summed for all threads             :        0.7 seconds

Elapsed time spent obtaining a license            :        1.2 seconds
Elapsed time spent pre-processing model (/PREP7)  :        0.0 seconds
Elapsed time spent solution - preprocessing       :        0.0 seconds
Elapsed time spent computing solution             :        0.0 seconds
   Elapsed time in element formation & assembly   :        0.0 seconds
   Elapsed time in equation solver                :        0.0 seconds
   Elapsed time in element result calculations    :        0.0 seconds
Elapsed time spent solution - postprocessing      :        0.0 seconds
Elapsed time spent post-processing model (/POST1) :        0.3 seconds
 

Sum of disk space used on all processes           :        0.0 MB

Sum of memory used on all processes               :       16.0 MB
Sum of memory allocated on all processes          :     2304.0 MB
Physical memory available                         :        112 GB
Total amount of I/O written to disk               :        0.0 GB
Total amount of I/O read from disk                :        0.2 GB

+------------------ E N D   M A P D L   S T A T I S T I C S -------------------+


 *-----------------------------------------------------------------------------*
 |                                                                             |
 |                               RUN COMPLETED                                 |
 |                                                                             |
 |-----------------------------------------------------------------------------|
 |                                                                             |
 |  Ansys MAPDL 2026 R1.02      Build 26.1         UP20260202    WINDOWS x64   |
 |                                                                             |
 |-----------------------------------------------------------------------------|
 |                                                                             |
 |  Database Requested(-db)  1024 MB     Scratch Memory Requested      1024 MB |
 |  Maximum Database Used       1 MB     Maximum Scratch Memory Used     15 MB |
 |                                                                             |
 |-----------------------------------------------------------------------------|
 |                                                                             |
 |        CP Time      (sec) =          0.719       Time  =  18:20:00          |
 |        Elapsed Time (sec) =         16.344       Date  =  10/05/2026        |
 |                                                                             |
 *-----------------------------------------------------------------------------*
