/COM,ANSYS RELEASE 2026 R1.02        BUILD 26.1      UP20260202       18:18:36

 *** ERROR ***                           ELAPSED TIME =       7.270   TIME= 18:18:39
 Element 1 has excessive thickness change.                               

 *** ERROR ***                           ELAPSED TIME =       7.304   TIME= 18:18:39
 Element 1 has excessive thickness change.                               

 *** ERROR ***                           ELAPSED TIME =       7.339   TIME= 18:18:39
 Element 1 has excessive thickness change.                               

 *** ERROR ***                           ELAPSED TIME =       7.375   TIME= 18:18:39
 Element 1 has excessive thickness change.                               

 *** ERROR ***                           ELAPSED TIME =       7.413   TIME= 18:18:39
 Element 1 has excessive thickness change.                               

 *** ERROR ***                           ELAPSED TIME =       7.439   TIME= 18:18:39
 Element 1 has excessive thickness change.                               

 *** ERROR ***                           ELAPSED TIME =       7.472   TIME= 18:18:39
 Element 1 has excessive thickness change.                               

 *** ERROR ***                           ELAPSED TIME =       7.497   TIME= 18:18:39
 Element 1 has excessive thickness change.                               

 *** ERROR ***                           ELAPSED TIME =       7.532   TIME= 18:18:39
 Element 1 has excessive thickness change.                               

 *** ERROR ***                           ELAPSED TIME =       7.557   TIME= 18:18:39
 Element 1 has excessive thickness change.                               

 *** ERROR ***                           ELAPSED TIME =       7.588   TIME= 18:18:39
 Element 1 has excessive thickness change.                               

 *** ERROR ***                           ELAPSED TIME =       7.610   TIME= 18:18:40
 Element 1 has excessive thickness change.                               

 *** ERROR ***                           ELAPSED TIME =       7.632   TIME= 18:18:40
 Element 1 has excessive thickness change.                               

 *** ERROR ***                           ELAPSED TIME =       7.650   TIME= 18:18:40
 Element 1 has excessive thickness change.                               

 *** ERROR ***                           ELAPSED TIME =       7.672   TIME= 18:18:40
 Element 1 has excessive thickness change.                               

 *** ERROR ***                           ELAPSED TIME =       7.689   TIME= 18:18:40
 Element 1 has excessive thickness change.                               

 *** ERROR ***                           ELAPSED TIME =       7.706   TIME= 18:18:40
 Element 1 has excessive thickness change.                               

 *** ERROR ***                           ELAPSED TIME =       7.719   TIME= 18:18:40
 Element 1 has excessive thickness change.                               

 *** ERROR ***                           ELAPSED TIME =       7.735   TIME= 18:18:40
 Element 1 has excessive thickness change.                               

 *** ERROR ***                           ELAPSED TIME =       7.747   TIME= 18:18:40
 Element 1 has excessive thickness change.                               

 *** ERROR ***                           ELAPSED TIME =       7.763   TIME= 18:18:40
 Element 1 has excessive thickness change.                               

 *** ERROR ***                           ELAPSED TIME =       7.777   TIME= 18:18:40
 Element 1 has excessive thickness change.                               

 *** ERROR ***                           ELAPSED TIME =       7.795   TIME= 18:18:40
 Element 1 has excessive thickness change.                               

 *** ERROR ***                           ELAPSED TIME =       7.809   TIME= 18:18:40
 Element 1 has excessive thickness change.                               

 *** ERROR ***                           ELAPSED TIME =       7.822   TIME= 18:18:40
 Element 1 has excessive thickness change.                               

 *** ERROR ***                           ELAPSED TIME =       7.840   TIME= 18:18:40
 Element 1 has excessive thickness change.                               

 *** ERROR ***                           ELAPSED TIME =       7.853   TIME= 18:18:40
 Element 1 has excessive thickness change.                               

 *** ERROR ***                           ELAPSED TIME =       7.871   TIME= 18:18:40
 Element 1 has excessive thickness change.                               

 *** ERROR ***                           ELAPSED TIME =       7.884   TIME= 18:18:40
 Element 1 has excessive thickness change.                               

 *** ERROR ***                           ELAPSED TIME =       7.902   TIME= 18:18:40
 Element 1 has excessive thickness change.                               

 *** ERROR ***                           ELAPSED TIME =       7.914   TIME= 18:18:40
 Element 1 has excessive thickness change.                               

 *** ERROR ***                           ELAPSED TIME =       7.931   TIME= 18:18:40
 Element 1 has excessive thickness change.                               

 *** ERROR ***                           ELAPSED TIME =       7.944   TIME= 18:18:40
 Element 1 has excessive thickness change.                               

 *** ERROR ***                           ELAPSED TIME =       7.962   TIME= 18:18:40
 Element 1 has excessive thickness change.                               

 *** ERROR ***                           ELAPSED TIME =       7.976   TIME= 18:18:40
 Element 1 has excessive thickness change.                               

 *** ERROR ***                           ELAPSED TIME =       7.992   TIME= 18:18:40
 Element 1 has excessive thickness change.                               

 *** ERROR ***                           ELAPSED TIME =       8.006   TIME= 18:18:40
 Element 1 has excessive thickness change.                               

 *** ERROR ***                           ELAPSED TIME =       8.023   TIME= 18:18:40
 Element 1 has excessive thickness change.                               

 *** ERROR ***                           ELAPSED TIME =       8.035   TIME= 18:18:40
 Element 1 has excessive thickness change.                               

 *** ERROR ***                           ELAPSED TIME =       8.053   TIME= 18:18:40
 Element 1 has excessive thickness change.                               

 *** ERROR ***                           ELAPSED TIME =       8.067   TIME= 18:18:40
 Element 1 has excessive thickness change.                               

 *** ERROR ***                           ELAPSED TIME =       8.083   TIME= 18:18:40
 Element 1 has excessive thickness change.                               

 *** ERROR ***                           ELAPSED TIME =       8.098   TIME= 18:18:40
 Element 1 has excessive thickness change.                               

 *** ERROR ***                           ELAPSED TIME =       8.117   TIME= 18:18:40
 Element 1 has excessive thickness change.                               

 *** ERROR ***                           ELAPSED TIME =       8.130   TIME= 18:18:40
 Element 1 has excessive thickness change.                               

 *** ERROR ***                           ELAPSED TIME =       8.144   TIME= 18:18:40
 Element 1 has excessive thickness change.                               

 *** ERROR ***                           ELAPSED TIME =       8.165   TIME= 18:18:40
 Element 1 has excessive thickness change.                               

 *** ERROR ***                           ELAPSED TIME =       8.181   TIME= 18:18:40
 Element 1 has excessive thickness change.                               

 *** ERROR ***                           ELAPSED TIME =       8.199   TIME= 18:18:40
 Element 1 has excessive thickness change.                               

 *** ERROR ***                           ELAPSED TIME =       8.217   TIME= 18:18:40
 Element 1 has excessive thickness change.                               

 *** ERROR ***                           ELAPSED TIME =       8.237   TIME= 18:18:40
 Element 1 has excessive thickness change.                               

 *** ERROR ***                           ELAPSED TIME =       8.257   TIME= 18:18:40
 Element 1 has excessive thickness change.                               

 *** ERROR ***                           ELAPSED TIME =       8.275   TIME= 18:18:40
 Element 1 has excessive thickness change.                               

 *** ERROR ***                           ELAPSED TIME =       8.293   TIME= 18:18:40
 Element 1 has excessive thickness change.                               

 *** ERROR ***                           ELAPSED TIME =       8.311   TIME= 18:18:40
 Element 1 has excessive thickness change.                               

 *** ERROR ***                           ELAPSED TIME =       8.327   TIME= 18:18:40
 Element 1 has excessive thickness change.                               

 *** ERROR ***                           ELAPSED TIME =       8.344   TIME= 18:18:40
 Element 1 has excessive thickness change.                               

 *** ERROR ***                           ELAPSED TIME =       8.358   TIME= 18:18:40
 Element 1 has excessive thickness change.                               

 *** ERROR ***                           ELAPSED TIME =       8.370   TIME= 18:18:40
 Element 1 has excessive thickness change.                               

 *** ERROR ***                           ELAPSED TIME =       8.383   TIME= 18:18:40
 Element 1 has excessive thickness change.                               

 *** ERROR ***                           ELAPSED TIME =       8.396   TIME= 18:18:40
 Element 1 has excessive thickness change.                               

 *** ERROR ***                           ELAPSED TIME =       8.409   TIME= 18:18:40
 Element 1 has excessive thickness change.                               

 *** ERROR ***                           ELAPSED TIME =       8.421   TIME= 18:18:40
 Element 1 has excessive thickness change.                               

 *** ERROR ***                           ELAPSED TIME =       8.434   TIME= 18:18:40
 Element 1 has excessive thickness change.                               

 *** ERROR ***                           ELAPSED TIME =       8.447   TIME= 18:18:40
 Element 1 has excessive thickness change.                               

 *** ERROR ***                           ELAPSED TIME =       8.458   TIME= 18:18:40
 Element 1 has excessive thickness change.                               

 *** ERROR ***                           ELAPSED TIME =       8.471   TIME= 18:18:40
 Element 1 has excessive thickness change.                               

 *** ERROR ***                           ELAPSED TIME =       8.480   TIME= 18:18:40
 Element 1 has excessive thickness change.                               

 *** ERROR ***                           ELAPSED TIME =       8.488   TIME= 18:18:40
 Element 1 has excessive thickness change.                               

 *** ERROR ***                           ELAPSED TIME =       8.497   TIME= 18:18:40
 Element 1 has excessive thickness change.                               

 *** ERROR ***                           ELAPSED TIME =       8.505   TIME= 18:18:40
 Element 1 has excessive thickness change.                               

 *** ERROR ***                           ELAPSED TIME =       8.515   TIME= 18:18:40
 Element 1 has excessive thickness change.                               

 *** ERROR ***                           ELAPSED TIME =       8.523   TIME= 18:18:40
 Element 1 has excessive thickness change.                               

 *** ERROR ***                           ELAPSED TIME =       8.532   TIME= 18:18:40
 Element 1 has excessive thickness change.                               

 *** ERROR ***                           ELAPSED TIME =       8.540   TIME= 18:18:40
 Element 1 has excessive thickness change.                               

 *** ERROR ***                           ELAPSED TIME =       8.549   TIME= 18:18:40
 Element 1 has excessive thickness change.                               

 *** ERROR ***                           ELAPSED TIME =       8.558   TIME= 18:18:40
 Element 1 has excessive thickness change.                               

 *** ERROR ***                           ELAPSED TIME =       8.566   TIME= 18:18:40
 Element 1 has excessive thickness change.                               

 *** ERROR ***                           ELAPSED TIME =       8.566   TIME= 18:18:40
 Element 1 has excessive thickness change.                               

 *** WARNING ***                         ELAPSED TIME =       8.566   TIME= 18:18:40
 The unconverged solution (identified as time 1 substep 999999) is       
 output for analysis debug purposes.  Results should not be used for     
 any other purpose.                                                      
