**********************
Inicio de la transcripción de Windows PowerShell
Hora de inicio: 20260918130825
Nombre de usuario: WORKGROUP\SYSTEM
Usuario RunAs: WORKGROUP\SYSTEM
Nombre de la configuración: 
Máquina: MARCDNICHITBF25 (Microsoft Windows NT 10.0.26200.0)
Aplicación host: powershell -NoProfile -ExecutionPolicy Bypass -File C:/Mac/Home/Developer/MIT_Rkt_Team/2026-7/MIT-RT-26_27-Work/simulation_work/solidprop/phenolic_case_study/tmp3/docs/analysis/run_dpf_simulation3_sector.ps1
Id. de proceso: 14840
PSVersion: 5.1.26100.9457
PSEdition: Desktop
PSCompatibleVersions: 1.0, 2.0, 3.0, 4.0, 5.0, 5.1.26100.9457
BuildVersion: 10.0.26100.9457
CLRVersion: 4.0.30319.42000
WSManStackVersion: 3.0
PSRemotingProtocolVersion: 2.3
SerializationVersion: 1.1.0.1
**********************
La transcripción ha comenzado. El archivo de salida es C:\Mac\Home\Developer\MIT_Rkt_Team\2026-7\MIT-RT-26_27-Work\simulation_work\solidprop\phenolic_case_study\tmp3\docs\analysis\simulation3_sector_dpf_extract.log
Reusing validated 140-state pyrolysis contours.
Extracting sparse radial and axial SVAR profiles...

SIMULATION3_DPF_COMPLETE
**********************
Fin de la transcripción de Windows PowerShell
Hora de finalización: 20260918130853
**********************
