
 Ansys Mechanical Enterprise Academic Research     


 *------------------------------------------------------------------*
 |                                                                  |
 |   W E L C O M E   T O   T H E   A N S Y S (R)  P R O G R A M     |
 |                                                                  |
 *------------------------------------------------------------------*




 ***************************************************************
 *         ANSYS MAPDL 2026 R1.02       LEGAL NOTICES          *
 ***************************************************************
 *                                                             *
 * Copyright (c) 2026 Synopsys, Inc. and ANSYS, Inc.           *
 * All rights reserved.                                        *
 * Unauthorized use, distribution or duplication is            *
 * prohibited.                                                 *
 *                                                             *
 * Ansys is a registered trademark of Ansys, Inc. or its       *
 * subsidiaries in the United States or other countries.       *
 * See the Ansys, Inc. online documentation or the Ansys, Inc. *
 * documentation CD or online help for the complete Legal      *
 * Notice.                                                     *
 *                                                             *
 ***************************************************************
 *                                                             *
 * THIS ANSYS SOFTWARE PRODUCT AND PROGRAM DOCUMENTATION       *
 * INCLUDE TRADE SECRETS AND CONFIDENTIAL AND PROPRIETARY      *
 * PRODUCTS OF ANSYS, INC., ITS SUBSIDIARIES, OR LICENSORS.    *
 * The software products and documentation are furnished by    *
 * Ansys, Inc. or its subsidiaries under a software license    *
 * agreement that contains provisions concerning               *
 * non-disclosure, copying, length and nature of use,          *
 * compliance with exporting laws, warranties, disclaimers,    *
 * limitations of liability, and remedies, and other           *
 * provisions.  The software products and documentation may be *
 * used, disclosed, transferred, or copied only in accordance  *
 * with the terms and conditions of that software license      *
 * agreement.                                                  *
 *                                                             *
 * Ansys, Inc. is a UL registered                              *
 * ISO 9001:2015 company.                                      *
 *                                                             *
 ***************************************************************
 *                                                             *
 * This product is subject to U.S. laws governing export and   *
 * re-export.                                                  *
 *                                                             *
 * For U.S. Government users, except as specifically granted   *
 * by the Ansys, Inc. software license agreement, the use,     *
 * duplication, or disclosure by the United States Government  *
 * is subject to restrictions stated in the Ansys, Inc.        *
 * software license agreement and FAR 12.212 (for non-DOD      *
 * licenses).                                                  *
 *                                                             *
 ***************************************************************

 2026 R1.02  
     
 Point Releases and Patches installed:   
     
 Ansys Service Pack 2026 R1.01   
 Ansys Service Pack 2026 R1.02   
 Ansys, Inc. License Manager 2026 R1 
 Ansys, Inc. License Manager 2026 R1.01  
 Ansys, Inc. License Manager 2026 R1.02  
 Discovery (reduced install) 2026 R1 
 Discovery (reduced install) 2026 R1.01  
 Discovery (reduced install) 2026 R1.02  
 Core WB Files 2026 R1   
 Core WB Files 2026 R1.01
 Core WB Files 2026 R1.02
 BladeModeler 2026 R1
 BladeModeler 2026 R1.01 
 BladeModeler 2026 R1.02 
 CFX (includes CFD-Post) 2026 R1 
 CFX (includes CFD-Post) 2026 R1.01  
 CFX (includes CFD-Post) 2026 R1.02  
 CFD-Post only 2026 R1   
 CFD-Post only 2026 R1.01
 CFD-Post only 2026 R1.02
 Chemkin 2026 R1 
 Chemkin 2026 R1.01  
 Chemkin 2026 R1.02  
 EnSight 2026 R1 
 EnSight 2026 R1.01  
 EnSight 2026 R1.02  
 FENSAP-ICE 2026 R1  
 FENSAP-ICE 2026 R1.01   
 FENSAP-ICE 2026 R1.02   
 Fluent (includes CFD-Post) 2026 R1  
 Fluent (includes CFD-Post) 2026 R1.01   
 Fluent (includes CFD-Post) 2026 R1.02   
 Polyflow (includes CFD-Post) 2026 R1
 Polyflow (includes CFD-Post) 2026 R1.01 
 Polyflow (includes CFD-Post) 2026 R1.02 
 Forte (includes EnSight) 2026 R1
 Forte (includes EnSight) 2026 R1.01 
 Forte (includes EnSight) 2026 R1.02 
 ICEM CFD 2026 R1
 ICEM CFD 2026 R1.01 
 ICEM CFD 2026 R1.02 
 RBF Morph Fluids UDF 2026 R1
 RBF Morph Fluids UDF 2026 R1.01 
 RBF Morph Fluids UDF 2026 R1.02 
 RBF Morph Libraries 2026 R1 
 RBF Morph Libraries 2026 R1.01  
 RBF Morph Libraries 2026 R1.02  
 Rocky 2026 R1   
 Rocky 2026 R1.01
 Rocky 2026 R1.02
 Thermal Desktop: AutoCAD 2026 R1
 Thermal Desktop: AutoCAD 2026 R1.01 
 Thermal Desktop: AutoCAD 2026 R1.02 
 Thermal Desktop: Thermal Desktop and TD Designer  2026 R1   
 Thermal Desktop: Thermal Desktop and TD Designer  2026 R1.01
 Thermal Desktop: Thermal Desktop and TD Designer  2026 R1.02
 Thermal Desktop: Sinda Solver 2026 R1   
 Thermal Desktop: Sinda Solver 2026 R1.01
 Thermal Desktop: Sinda Solver 2026 R1.02
 TurboGrid 2026 R1   
 TurboGrid 2026 R1.01
 TurboGrid 2026 R1.02
 Granta EduPack 2026 R1  
 Granta EduPack 2026 R1.01   
 Granta EduPack 2026 R1.02   
 Granta Selector 2026 R1 
 Granta Selector 2026 R1.01  
 Granta Selector 2026 R1.02  
 Dynamic Reporting 2026 R1   
 Dynamic Reporting 2026 R1.01
 Dynamic Reporting 2026 R1.02
 Remote Solve Manager Standalone Services 2026 R1
 Remote Solve Manager Standalone Services 2026 R1.01 
 Remote Solve Manager Standalone Services 2026 R1.02 
 Aqwa 2026 R1
 Aqwa 2026 R1.01 
 Aqwa 2026 R1.02 
 Autodyn 2026 R1 
 Autodyn 2026 R1.01  
 Autodyn 2026 R1.02  
 Customization Files for User Programmable Features 2026 R1  
 Customization Files for User Programmable Features 2026 R1.01   
 Customization Files for User Programmable Features 2026 R1.02   
 LS-DYNA 2026 R1 
 LS-DYNA 2026 R1.01  
 LS-DYNA 2026 R1.02  
 Material Calibration App 2026 R1
 Material Calibration App 2026 R1.01 
 Material Calibration App 2026 R1.02 
 Material Designer 2026 R1   
 Material Designer 2026 R1.01
 Material Designer 2026 R1.02
 Mechanical Products 2026 R1 
 Mechanical Products 2026 R1.01  
 Mechanical Products 2026 R1.02  
 Motion 2026 R1  
 Motion 2026 R1.01   
 Motion 2026 R1.02   
 RBF Morph 2026 R1   
 RBF Morph 2026 R1.01
 RBF Morph 2026 R1.02
 Sherlock 2026 R1
 Sherlock 2026 R1.01 
 Sherlock 2026 R1.02 
 Sound - SAS 2026 R1 
 Sound - SAS 2026 R1.01  
 Sound - SAS 2026 R1.02  
 ACIS Geometry Interface 2026 R1 
 ACIS Geometry Interface 2026 R1.01  
 ACIS Geometry Interface 2026 R1.02  
 AutoCAD Geometry Interface 2026 R1  
 AutoCAD Geometry Interface 2026 R1.01   
 AutoCAD Geometry Interface 2026 R1.02   
 Catia, Version 4 Geometry Interface 2026 R1 
 Catia, Version 4 Geometry Interface 2026 R1.01  
 Catia, Version 4 Geometry Interface 2026 R1.02  
 Catia, Version 5 Geometry Interface 2026 R1 
 Catia, Version 5 Geometry Interface 2026 R1.01  
 Catia, Version 5 Geometry Interface 2026 R1.02  
 Catia, Version 6 Geometry Interface 2026 R1 
 Catia, Version 6 Geometry Interface 2026 R1.01  
 Catia, Version 6 Geometry Interface 2026 R1.02  
 Creo Elements/Direct Modeling Geometry Interface 2026 R1
 Creo Elements/Direct Modeling Geometry Interface 2026 R1.01 
 Creo Elements/Direct Modeling Geometry Interface 2026 R1.02 
 Creo Parametric Geometry Interface 2026 R1  
 Creo Parametric Geometry Interface 2026 R1.01   
 Creo Parametric Geometry Interface 2026 R1.02   
 Inventor Geometry Interface 2026 R1 
 Inventor Geometry Interface 2026 R1.01  
 Inventor Geometry Interface 2026 R1.02  
 JTOpen Geometry Interface 2026 R1   
 JTOpen Geometry Interface 2026 R1.01
 JTOpen Geometry Interface 2026 R1.02
 NX Geometry Interface 2026 R1   
 NX Geometry Interface 2026 R1.01
 NX Geometry Interface 2026 R1.02
 Parasolid Geometry Interface  2026 R1   
 Parasolid Geometry Interface  2026 R1.01
 Parasolid Geometry Interface  2026 R1.02
 Solid Edge Geometry Interface 2026 R1   
 Solid Edge Geometry Interface 2026 R1.01
 Solid Edge Geometry Interface 2026 R1.02
 SOLIDWORKS Geometry Interface 2026 R1   
 SOLIDWORKS Geometry Interface 2026 R1.01
 SOLIDWORKS Geometry Interface 2026 R1.02


          *****  MAPDL COMMAND LINE ARGUMENTS  *****
  INITIAL JOBNAME              = hotspot                                                                                                                                                                                                                                                 
  BATCH MODE REQUESTED (-b)    = NOLIST
  INPUT FILE COPY MODE (-c)    = COPY
  SHARED MEMORY PARALLEL REQUESTED
    SINGLE PROCESS WITH SINGLE THREAD REQUESTED
    TOTAL OF     1 CORES REQUESTED
  INPUT FILE NAME              = C:\Temp\PBTear26_cont_nominal\hotspot_diagnostic.dat
  OUTPUT FILE NAME             = C:\Temp\PBTear26_cont_nominal\hotspot.out
  START-UP FILE MODE           = NOREAD
  STOP FILE MODE               = NOREAD

 RELEASE= 2026 R1.02           BUILD= 26.1      UP20260202   VERSION=WINDOWS x64 
 CURRENT JOBNAME=hotspot  20:41:11  OCT 06, 2026  Elapsed Time=       0.094


 RESUME ANSYS DATA FROM FILE NAME=model.db                                                                                                                                                                                                                                                            

 *** MAPDL GLOBAL STATUS *** 

 TITLE = Edge battery: continuous preloaded nickel damage                      
         4 ELEM TYPES DEFINED    MAX ELEM TYPE NUMBER =             4
      7700 ELEMENTS DEFINED      MAX ELEMENT NUMBER =            7700
      4277 NODES DEFINED         MAX NODE NUMBER =               4277
         2 MATERIALS DEFINED     MAX MATERIAL NUMBER =              2
         4 REAL CONSTS DEFINED   MAX REAL CONST NUMBER =            4
         1 SECTIONS DEFINED      MAX SECTION NUMBER =               1
         0 COORD SYS DEFINED     MAX COORD SYS NUMBER =             0
 
 ACTIVE COORDINATE SYSTEM             =          0  (CARTESIAN)
 NUMBER OF DEFINED NODAL CONSTRAINTS  =         28
 NUMBER OF DEFINED NODAL LOADS        =          0
 NUMBER OF DEFINED COMPONENTS         =          2
 NUMBER OF DEFINED ELEM SURFACE LOADS =          0
 NUMBER OF DEFINED ELEM BODY LOADS    =          0
 NUMBER OF DEFINED NODE BODY FORCES   =          0

 INITIAL JOBNAME = hotspot
 CURRENT JOBNAME = hotspot

 *** MAPDL - ENGINEERING ANALYSIS SYSTEM  RELEASE 2026 R1.02       26.1     ***
 Ansys Mechanical Enterprise Academic Research     
 01196637  VERSION=WINDOWS x64   20:41:12  OCT 06, 2026 Elapsed Time=      6.351

 Edge battery: continuous preloaded nickel damage                              



          ***** MAPDL RESULTS INTERPRETATION (POST1) *****

 *** NOTE ***                            ELAPSED TIME =       6.351   TIME= 20:41:12
 Reading results into the database (SET command) will update the current 
 displacement and force boundary conditions in the database with the     
 values from the results file for that load set.  Note that any          
 subsequent solutions will use these values unless action is taken to    
 either SAVE the current values or not overwrite them (/EXIT,NOSAVE).    

 DATA FILE CHANGED TO FILE= tear.rst

 Use Full element graphics for all elements

 RSYS KEY SET TO   0

 USE THE GLOBAL COORDINATE SYSTEM FOR SOLUTION RESULTS


 USE LOAD STEP    16  SUBSTEP    10  FOR LOAD CASE 0 

 SET COMMAND GOT LOAD STEP=    16  SUBSTEP=    10  CUMULATIVE ITERATION=   528
   TIME/FREQUENCY=  5.3474    
 TITLE= Edge battery: continuous preloaded nickel damage                        

 SELECT       FOR ITEM=ELEM COMPONENT=    
  IN RANGE       708 TO        710 STEP          1

          3  ELEMENTS (OF       7700  DEFINED) SELECTED BY  ESEL  COMMAND.

 SELECT      ALL NODES HAVING ANY ELEMENT IN ELEMENT SET.

          8 NODES (OF       4277  DEFINED) SELECTED FROM
        3 SELECTED ELEMENTS BY NSLE COMMAND.
 CONVERGED ONLY: LS16 SS10. Element-nodal results, not raw integration points.

 PRINT S    ELEMENT SOLUTION PER ELEMENT

 *** MAPDL - ENGINEERING ANALYSIS SYSTEM  RELEASE 2026 R1.02       26.1     ***
 Ansys Mechanical Enterprise Academic Research     
 01196637  VERSION=WINDOWS x64   20:41:12  OCT 06, 2026 Elapsed Time=      6.429

 Edge battery: continuous preloaded nickel damage                              


 
 ***** POST1 ELEMENT NODAL STRESS LISTING *****                                
 
  LOAD STEP=    16  SUBSTEP=    10                                             
   TIME=    5.3474      LOAD CASE=   0                                         
  SHELL RESULTS FOR TOP/BOTTOM ALSO MID WHERE APPROPRIATE                      
 
  THE FOLLOWING X,Y,Z VALUES ARE IN GLOBAL COORDINATES                         
 
  
  ELEMENT=     708        SHELL181
    NODE     SX           SY           SZ           SXY          SYZ          SXZ     
     709  -297.33      -523.90      -35.120       25.475       43.444      -98.715     
     773  -282.89      -540.36      -32.576      0.76708       36.486      -92.347     
     772  -253.07      -482.62      -28.343      -17.509       26.652      -81.394     
     708  -275.08      -462.04      -31.996       14.553       35.732      -90.724     
     709   272.93       605.63       31.846      -1.6164      -41.140       89.155     
     773   261.83       620.28       29.766       20.423      -34.932       84.054     
     772   228.10       548.73       24.690       47.015      -21.458       71.267     
     708   243.77       529.55       27.412       20.971      -28.669       78.126     
     709   149.68       336.75      -10.190       64.023      -166.48      -27.389     
     773   88.998       351.27       43.228       58.473      -103.49       57.994     
     772   74.413       322.52       29.471       59.860      -34.104       48.503     
     708   132.18       300.88      -24.051       69.901      -105.17      -39.525     
  
  ELEMENT=     709        SHELL181
    NODE     SX           SY           SZ           SXY          SYZ          SXZ     
     710  -255.87      -496.62      -33.301       74.483       39.119      -91.860     
     774  -245.72      -485.12      -32.253       86.185       42.932      -88.596     
     773  -261.76      -506.94      -33.987       71.872       38.471      -93.860     
     709  -270.84      -516.72      -34.907       60.538       34.743      -96.755     
     710   257.65       597.41       32.042       9.9845      -12.063       90.284     
     774   252.26       589.79       31.575      -1.2157      -15.800       88.679     
     773   262.68       619.58       33.003      -7.8040      -18.892       92.513     
     709   262.24       614.67       32.786      0.88613      -15.710       92.132     
     710   66.725       325.05       47.924       100.69      -23.502       75.857     
     774   141.88       318.17      -25.549       116.43      -79.347      -20.034     
     773   161.19       368.99      -9.8636       109.40      -188.78      -2.2082     
     709   85.623       376.39       63.627       90.986      -123.79       94.384     

 *** MAPDL - ENGINEERING ANALYSIS SYSTEM  RELEASE 2026 R1.02       26.1     ***
 Ansys Mechanical Enterprise Academic Research     
 01196637  VERSION=WINDOWS x64   20:41:12  OCT 06, 2026 Elapsed Time=      6.431

 Edge battery: continuous preloaded nickel damage                              


 
 ***** POST1 ELEMENT NODAL STRESS LISTING *****                                
 
  LOAD STEP=    16  SUBSTEP=    10                                             
   TIME=    5.3474      LOAD CASE=   0                                         
  SHELL RESULTS FOR TOP/BOTTOM ALSO MID WHERE APPROPRIATE                      
 
  THE FOLLOWING X,Y,Z VALUES ARE IN GLOBAL COORDINATES                         
 
  
  ELEMENT=     710        SHELL181
    NODE     SX           SY           SZ           SXY          SYZ          SXZ     
     711  -190.32      -429.08      -29.234       82.005       57.876      -72.234     
     775  -177.65      -417.31      -28.278       95.733       61.885      -68.729     
     774  -204.61      -454.15      -31.690       94.359       63.906      -78.079     
     710  -215.58      -464.03      -32.533       82.822       60.536      -81.138     
     711   207.89       510.76       26.126       36.523      -21.908       70.338     
     775   232.61       507.69       29.673       25.406      -25.594       79.750     
     774   249.10       558.73       32.429       14.949      -32.724       86.236     
     710   231.33       563.04       29.873       23.272      -30.101       79.448     
     711   101.29       181.27      -20.240       177.11      -83.475      -38.181     
     775   58.315       172.36       56.887       174.81      -39.647       72.986     
     774   77.386       260.81       48.145       132.12       10.703       77.097     
     710   126.82       262.64      -26.734       136.58      -42.499      -31.742     

 PRINT S    PRIN ELEMENT SOLUTION PER ELEMENT

 *** MAPDL - ENGINEERING ANALYSIS SYSTEM  RELEASE 2026 R1.02       26.1     ***
 Ansys Mechanical Enterprise Academic Research     
 01196637  VERSION=WINDOWS x64   20:41:12  OCT 06, 2026 Elapsed Time=      6.431

 Edge battery: continuous preloaded nickel damage                              


 
 ***** POST1 ELEMENT NODAL STRESS LISTING *****                                
 
  LOAD STEP=    16  SUBSTEP=    10                                             
   TIME=    5.3474      LOAD CASE=   0                                         
  SHELL RESULTS FOR TOP/BOTTOM ALSO MID WHERE APPROPRIATE                      
 
  THE FOLLOWING X,Y,Z VALUES ARE IN GLOBAL COORDINATES                         
 
  
  ELEMENT=     708        SHELL181
    NODE     S1           S2           S3           SINT         SEQV    
     709   0.0000      -323.28      -533.07       533.07       465.12     
     773   0.0000      -312.64      -543.19       543.19       472.20     
     772   0.0000      -279.11      -484.92       484.92       421.55     
     708   0.0000      -301.37      -467.76       467.76       410.67     
     709   608.76       301.65       0.0000       608.76       527.21     
     773   623.02       288.85       0.0000       623.02       540.03     
     772   555.72       245.80       0.0000       555.72       482.33     
     708   532.16       268.56       0.0000       532.16       460.87     
     709   421.54       131.87      -77.162       498.70       433.76     
     773   388.15       128.17      -32.823       420.98       367.92     
     772   337.90       101.40      -12.890       350.79       309.87     
     708   359.03       107.00      -57.007       416.03       362.97     
  
  ELEMENT=     709        SHELL181
    NODE     S1           S2           S3           SINT         SEQV    
     710   0.0000      -259.65      -526.14       526.14       455.66     
     774   0.0000      -240.40      -522.69       522.69       453.15     
     773   0.0000      -268.27      -534.42       534.42       462.82     
     709   0.0000      -285.11      -537.35       537.35       465.65     
     710   597.87       289.24       0.0000       597.87       517.86     
     774   590.28       283.34       0.0000       590.28       511.33     
     773   620.53       294.73       0.0000       620.53       537.62     
     709   615.10       294.59       0.0000       615.10       532.85     
     710   359.68       119.78      -39.758       399.44       348.25     
     774   391.43       86.249      -43.180       434.61       386.51     
     773   479.90       134.97      -94.546       574.44       500.82     
     709   429.22       169.02      -72.605       501.83       434.69     

 *** MAPDL - ENGINEERING ANALYSIS SYSTEM  RELEASE 2026 R1.02       26.1     ***
 Ansys Mechanical Enterprise Academic Research     
 01196637  VERSION=WINDOWS x64   20:41:12  OCT 06, 2026 Elapsed Time=      6.431

 Edge battery: continuous preloaded nickel damage                              


 
 ***** POST1 ELEMENT NODAL STRESS LISTING *****                                
 
  LOAD STEP=    16  SUBSTEP=    10                                             
   TIME=    5.3474      LOAD CASE=   0                                         
  SHELL RESULTS FOR TOP/BOTTOM ALSO MID WHERE APPROPRIATE                      
 
  THE FOLLOWING X,Y,Z VALUES ARE IN GLOBAL COORDINATES                         
 
  
  ELEMENT=     710        SHELL181
    NODE     S1           S2           S3           SINT         SEQV    
     711   0.0000      -180.43      -468.21       468.21       409.02     
     775   0.0000      -157.13      -466.10       466.10       410.73     
     774   0.0000      -188.81      -501.63       501.63       438.83     
     710   0.0000      -208.59      -503.55       503.55       438.22     
     711   515.48       229.29       0.0000       515.48       447.33     
     775   510.75       259.23       0.0000       510.75       442.34     
     774   561.07       279.19       0.0000       561.07       485.90     
     710   565.82       258.42       0.0000       565.82       490.63     
     711   344.66      -19.492      -62.844       407.50       387.65     
     775   299.73       97.229      -109.40       409.13       354.32     
     774   337.31       89.224      -40.195       377.51       332.27     
     710   354.59       42.474      -34.328       388.92       356.77     

 PRINT NL   ELEMENT SOLUTION PER ELEMENT

 *** MAPDL - ENGINEERING ANALYSIS SYSTEM  RELEASE 2026 R1.02       26.1     ***
 Ansys Mechanical Enterprise Academic Research     
 01196637  VERSION=WINDOWS x64   20:41:12  OCT 06, 2026 Elapsed Time=      6.432

 Edge battery: continuous preloaded nickel damage                              


 
 ***** POST1 ELEMENT NODAL NONLINEAR DATA LISTING *****                        
 
  LOAD STEP=    16  SUBSTEP=    10                                             
   TIME=    5.3474      LOAD CASE=   0                                         
  SHELL RESULTS FOR TOP/BOTTOM ALSO MID WHERE APPROPRIATE                      
 
  
  ELEMENT=     708        SHELL181
    NODE     SEPL         SRAT         HPRE         EPEQ         CREQ         PLWK    
     709   465.12       1.0000      -285.45      0.13299       0.0000       48.383     
     773   472.20       1.0000      -285.27      0.13909       0.0000       51.244     
     772   421.55       1.0000      -254.68      0.98953E-001  0.0000       33.271     
     708   410.67       1.0000      -256.37      0.91221E-001  0.0000       30.053     
     709   527.21       1.0000       303.47      0.19589       0.0000       79.716     
     773   540.37       1.0000       303.96      0.21213       0.0000       88.378     
     772   482.33       1.0000       267.17      0.14820       0.0000       55.591     
     708   460.87       1.0000       266.91      0.12941       0.0000       46.724     
     709   316.92       1.0000       158.75      0.32867E-001  0.0000       8.7297     
     773   324.28       1.0000       161.17      0.37028E-001  0.0000       10.064     
     772   301.25       1.0000       142.13      0.25274E-001  0.0000       6.3777     
     708   288.21       1.0000       136.34      0.20871E-001  0.0000       5.0794     
  
  ELEMENT=     709        SHELL181
    NODE     SEPL         SRAT         HPRE         EPEQ         CREQ         PLWK    
     710   455.66       1.0000      -261.93      0.12511       0.0000       44.757     
     774   453.15       1.0000      -254.36      0.12307       0.0000       43.829     
     773   462.82       1.0000      -267.56      0.13104       0.0000       47.479     
     709   465.65       1.0000      -274.15      0.13344       0.0000       48.590     
     710   517.86       1.0000       295.70      0.18464       0.0000       73.834     
     774   511.33       1.0000       291.21      0.17728       0.0000       70.047     
     773   541.80       1.0000       305.09      0.21391       0.0000       89.337     
     709   548.06       1.0000       303.23      0.22181       0.0000       93.567     
     710   324.46       1.0000       146.57      0.37130E-001  0.0000       10.097     
     774   320.73       1.0000       144.83      0.35015E-001  0.0000       9.4147     
     773   339.94       1.0000       173.44      0.46074E-001  0.0000       13.068     
     709   343.90       1.0000       175.21      0.48412E-001  0.0000       13.868     

 *** MAPDL - ENGINEERING ANALYSIS SYSTEM  RELEASE 2026 R1.02       26.1     ***
 Ansys Mechanical Enterprise Academic Research     
 01196637  VERSION=WINDOWS x64   20:41:12  OCT 06, 2026 Elapsed Time=      6.432

 Edge battery: continuous preloaded nickel damage                              


 
 ***** POST1 ELEMENT NODAL NONLINEAR DATA LISTING *****                        
 
  LOAD STEP=    16  SUBSTEP=    10                                             
   TIME=    5.3474      LOAD CASE=   0                                         
  SHELL RESULTS FOR TOP/BOTTOM ALSO MID WHERE APPROPRIATE                      
 
  
  ELEMENT=     710        SHELL181
    NODE     SEPL         SRAT         HPRE         EPEQ         CREQ         PLWK    
     711   409.02       1.0000      -216.21      0.90069E-001  0.0000       29.581     
     775   410.73       1.0000      -207.75      0.91265E-001  0.0000       30.071     
     774   438.83       1.0000      -230.15      0.11181       0.0000       38.805     
     710   438.22       1.0000      -237.38      0.11134       0.0000       38.600     
     711   447.33       1.0000       248.26      0.11842       0.0000       41.734     
     775   442.34       1.0000       256.66      0.11451       0.0000       39.997     
     774   485.90       1.0000       280.09      0.15152       0.0000       57.195     
     710   490.63       1.0000       274.75      0.15602       0.0000       59.389     
     711   304.19       1.0000       87.440      0.26376E-001  0.0000       6.7115     
     775   301.92       1.0000       95.855      0.25524E-001  0.0000       6.4535     
     774   314.69       1.0000       128.78      0.31622E-001  0.0000       8.3366     
     710   316.99       1.0000       120.91      0.32908E-001  0.0000       8.7423     

 PRINT GDMG ELEMENT SOLUTION PER ELEMENT

 *** MAPDL - ENGINEERING ANALYSIS SYSTEM  RELEASE 2026 R1.02       26.1     ***
 Ansys Mechanical Enterprise Academic Research     
 01196637  VERSION=WINDOWS x64   20:41:12  OCT 06, 2026 Elapsed Time=      6.432

 Edge battery: continuous preloaded nickel damage                              


 
 ***** POST1 ELEMENT NODAL GENERALIZED DAMAGE LISTING *****                    
 
  LOAD STEP=    16  SUBSTEP=    10                                             
   TIME=    5.3474      LOAD CASE=   0                                         
  SHELL RESULTS FOR TOP/BOTTOM ALSO MID WHERE APPROPRIATE                      
 
  
  ELEMENT=     708        SHELL181
    NODE     GDMG    
     709   0.0000     
     773   0.0000     
     772   0.0000     
     708   0.0000     
     709   0.0000     
     773  0.63980E-003
     772   0.0000     
     708   0.0000     
     709   0.0000     
     773   0.0000     
     772   0.0000     
     708   0.0000     
  
  ELEMENT=     709        SHELL181
    NODE     GDMG    
     710   0.0000     
     774   0.0000     
     773   0.0000     
     709   0.0000     
     710   0.0000     
     774   0.0000     
     773  0.77135E-002
     709  0.27750E-001
     710   0.0000     
     774   0.0000     
     773   0.0000     
     709   0.0000     

 *** MAPDL - ENGINEERING ANALYSIS SYSTEM  RELEASE 2026 R1.02       26.1     ***
 Ansys Mechanical Enterprise Academic Research     
 01196637  VERSION=WINDOWS x64   20:41:12  OCT 06, 2026 Elapsed Time=      6.433

 Edge battery: continuous preloaded nickel damage                              


 
 ***** POST1 ELEMENT NODAL GENERALIZED DAMAGE LISTING *****                    
 
  LOAD STEP=    16  SUBSTEP=    10                                             
   TIME=    5.3474      LOAD CASE=   0                                         
  SHELL RESULTS FOR TOP/BOTTOM ALSO MID WHERE APPROPRIATE                      
 
  
  ELEMENT=     710        SHELL181
    NODE     GDMG    
     711   0.0000     
     775   0.0000     
     774   0.0000     
     710   0.0000     
     711   0.0000     
     775   0.0000     
     774   0.0000     
     710   0.0000     
     711   0.0000     
     775   0.0000     
     774   0.0000     
     710   0.0000     

 SELECT ALL ENTITIES OF TYPE= ALL  AND BELOW


 USE LAST SUBSTEP ON RESULT FILE  FOR LOAD CASE 0 

 SET COMMAND GOT LOAD STEP=    16  SUBSTEP=999999  CUMULATIVE ITERATION=   602
   TIME/FREQUENCY=  5.5000    
 TITLE= Edge battery: continuous preloaded nickel damage                        

 SELECT       FOR ITEM=ELEM COMPONENT=    
  IN RANGE       708 TO        710 STEP          1

          3  ELEMENTS (OF       7700  DEFINED) SELECTED BY  ESEL  COMMAND.

 SELECT      ALL NODES HAVING ANY ELEMENT IN ELEMENT SET.

          8 NODES (OF       4277  DEFINED) SELECTED FROM
        3 SELECTED ELEMENTS BY NSLE COMMAND.
 UNCONVERGED DEBUG STATE: diagnostic only, exclude from findings and curves.

 PRINT S    ELEMENT SOLUTION PER ELEMENT

 *** MAPDL - ENGINEERING ANALYSIS SYSTEM  RELEASE 2026 R1.02       26.1     ***
 Ansys Mechanical Enterprise Academic Research     
 01196637  VERSION=WINDOWS x64   20:41:12  OCT 06, 2026 Elapsed Time=      6.480

 Edge battery: continuous preloaded nickel damage                              


 
 ***** POST1 ELEMENT NODAL STRESS LISTING *****                                
 
  LOAD STEP=    16  SUBSTEP=999999                                             
   TIME=    5.5000      LOAD CASE=   0                                         
  SHELL RESULTS FOR TOP/BOTTOM ALSO MID WHERE APPROPRIATE                      
 
  THE FOLLOWING X,Y,Z VALUES ARE IN GLOBAL COORDINATES                         
 
  
  ELEMENT=     708        SHELL181
    NODE     SX           SY           SZ           SXY          SYZ          SXZ     
     709  -297.26      -523.92      -35.118       25.514       43.460      -98.700     
     773  -282.86      -540.38      -32.573      0.69329       36.466      -92.337     
     772  -253.01      -482.63      -28.336      -17.554       26.639      -81.373     
     708  -274.97      -462.07      -31.989       14.606       35.753      -90.696     
     709   272.85       605.64       31.842      -1.6530      -41.155       89.135     
     773   261.81       620.26       29.771       20.333      -34.962       84.059     
     772   228.11       548.78       24.699       46.912      -21.496       71.282     
     708   243.72       529.57       27.412       20.900      -28.695       78.119     
     709   149.69       336.76      -10.173       64.023      -166.50      -27.365     
     773   89.055       351.32       43.250       58.387      -103.55       58.029     
     772   74.431       322.56       29.484       59.803      -34.136       48.522     
     708   132.15       300.87      -24.043       69.927      -105.16      -39.518     
  
  ELEMENT=     709        SHELL181
    NODE     SX           SY           SZ           SXY          SYZ          SXZ     
     710  -255.95      -496.69      -33.311       74.398       39.091      -91.887     
     774  -245.79      -485.13      -32.266       86.189       42.934      -88.627     
     773  -261.87      -506.91      -34.004       71.914       38.485      -93.904     
     709  -270.94      -516.75      -34.922       60.494       34.728      -96.795     
     710   257.75       597.44       32.056       10.024      -12.048       90.321     
     774   252.31       589.82       31.583      -1.1353      -15.771       88.700     
     773   262.68       619.58       33.004      -7.6722      -18.844       92.515     
     709   262.28       614.66       32.793      0.97290      -15.678       92.149     
     710   66.765       325.13       47.944       100.64      -23.522       75.891     
     774   141.90       318.18      -25.554       116.43      -79.361      -20.035     
     773   161.19       369.00      -9.8653       109.43      -188.82      -2.2099     
     709   85.643       376.43       63.651       90.956      -123.84       94.417     

 *** MAPDL - ENGINEERING ANALYSIS SYSTEM  RELEASE 2026 R1.02       26.1     ***
 Ansys Mechanical Enterprise Academic Research     
 01196637  VERSION=WINDOWS x64   20:41:12  OCT 06, 2026 Elapsed Time=      6.480

 Edge battery: continuous preloaded nickel damage                              


 
 ***** POST1 ELEMENT NODAL STRESS LISTING *****                                
 
  LOAD STEP=    16  SUBSTEP=999999                                             
   TIME=    5.5000      LOAD CASE=   0                                         
  SHELL RESULTS FOR TOP/BOTTOM ALSO MID WHERE APPROPRIATE                      
 
  THE FOLLOWING X,Y,Z VALUES ARE IN GLOBAL COORDINATES                         
 
  
  ELEMENT=     710        SHELL181
    NODE     SX           SY           SZ           SXY          SYZ          SXZ     
     711  -190.25      -429.07      -29.229       82.036       57.888      -72.215     
     775  -177.63      -417.29      -28.280       95.764       61.897      -68.729     
     774  -204.62      -454.18      -31.694       94.344       63.905      -78.085     
     710  -215.54      -464.07      -32.530       82.801       60.534      -81.126     
     711   207.90       510.77       26.128       36.548      -21.900       70.344     
     775   232.55       507.71       29.666       25.459      -25.576       79.729     
     774   249.02       558.75       32.424       14.941      -32.729       86.215     
     710   231.32       563.06       29.876       23.239      -30.115       79.450     
     711   101.34       181.26      -20.248       177.13      -83.492      -38.186     
     775   58.304       172.38       56.875       174.82      -39.668       72.958     
     774   77.372       260.85       48.131       132.11       10.686       77.069     
     710   126.86       262.67      -26.745       136.57      -42.515      -31.752     

 PRINT S    PRIN ELEMENT SOLUTION PER ELEMENT

 *** MAPDL - ENGINEERING ANALYSIS SYSTEM  RELEASE 2026 R1.02       26.1     ***
 Ansys Mechanical Enterprise Academic Research     
 01196637  VERSION=WINDOWS x64   20:41:12  OCT 06, 2026 Elapsed Time=      6.480

 Edge battery: continuous preloaded nickel damage                              


 
 ***** POST1 ELEMENT NODAL STRESS LISTING *****                                
 
  LOAD STEP=    16  SUBSTEP=999999                                             
   TIME=    5.5000      LOAD CASE=   0                                         
  SHELL RESULTS FOR TOP/BOTTOM ALSO MID WHERE APPROPRIATE                      
 
  THE FOLLOWING X,Y,Z VALUES ARE IN GLOBAL COORDINATES                         
 
  
  ELEMENT=     708        SHELL181
    NODE     S1           S2           S3           SINT         SEQV    
     709   0.0000      -323.20      -533.10       533.10       465.14     
     773   0.0000      -312.61      -543.21       543.21       472.22     
     772   0.0000      -279.04      -484.94       484.94       421.56     
     708   0.0000      -301.24      -467.80       467.80       410.68     
     709   608.78       301.56       0.0000       608.78       527.23     
     773   623.00       288.85       0.0000       623.00       540.01     
     772   555.74       245.85       0.0000       555.74       482.35     
     708   532.18       268.53       0.0000       532.18       460.89     
     709   421.56       131.88      -77.159       498.72       433.78     
     773   388.20       128.24      -32.820       421.02       367.95     
     772   337.92       101.45      -12.889       350.81       309.89     
     708   359.02       106.95      -56.995       416.02       362.97     
  
  ELEMENT=     709        SHELL181
    NODE     S1           S2           S3           SINT         SEQV    
     710   0.0000      -259.79      -526.16       526.16       455.68     
     774   0.0000      -240.47      -522.71       522.71       453.17     
     773   0.0000      -268.35      -534.44       534.44       462.84     
     709   0.0000      -285.25      -537.36       537.36       465.67     
     710   597.89       289.35       0.0000       597.89       517.88     
     774   590.30       283.41       0.0000       590.30       511.35     
     773   620.51       294.75       0.0000       620.51       537.60     
     709   615.09       294.64       0.0000       615.09       532.84     
     710   359.72       119.86      -39.746       399.47       348.27     
     774   391.45       86.266      -43.190       434.64       386.53     
     773   479.94       134.96      -94.576       574.52       500.88     
     709   429.27       169.07      -72.619       501.89       434.75     

 *** MAPDL - ENGINEERING ANALYSIS SYSTEM  RELEASE 2026 R1.02       26.1     ***
 Ansys Mechanical Enterprise Academic Research     
 01196637  VERSION=WINDOWS x64   20:41:12  OCT 06, 2026 Elapsed Time=      6.481

 Edge battery: continuous preloaded nickel damage                              


 
 ***** POST1 ELEMENT NODAL STRESS LISTING *****                                
 
  LOAD STEP=    16  SUBSTEP=999999                                             
   TIME=    5.5000      LOAD CASE=   0                                         
  SHELL RESULTS FOR TOP/BOTTOM ALSO MID WHERE APPROPRIATE                      
 
  THE FOLLOWING X,Y,Z VALUES ARE IN GLOBAL COORDINATES                         
 
  
  ELEMENT=     710        SHELL181
    NODE     S1           S2           S3           SINT         SEQV    
     711   0.0000      -180.34      -468.21       468.21       409.03     
     775   0.0000      -157.10      -466.11       466.11       410.75     
     774   0.0000      -188.84      -501.65       501.65       438.84     
     710   0.0000      -208.57      -503.56       503.56       438.23     
     711   515.50       229.30       0.0000       515.50       447.34     
     775   510.77       259.15       0.0000       510.77       442.35     
     774   561.09       279.11       0.0000       561.09       485.92     
     710   565.84       258.41       0.0000       565.84       490.64     
     711   344.69      -19.479      -62.861       407.55       387.69     
     775   299.75       97.213      -109.40       409.14       354.34     
     774   337.32       89.214      -40.180       377.50       332.26     
     710   354.62       42.514      -34.344       388.96       356.79     

 PRINT NL   ELEMENT SOLUTION PER ELEMENT

 *** MAPDL - ENGINEERING ANALYSIS SYSTEM  RELEASE 2026 R1.02       26.1     ***
 Ansys Mechanical Enterprise Academic Research     
 01196637  VERSION=WINDOWS x64   20:41:12  OCT 06, 2026 Elapsed Time=      6.481

 Edge battery: continuous preloaded nickel damage                              


 
 ***** POST1 ELEMENT NODAL NONLINEAR DATA LISTING *****                        
 
  LOAD STEP=    16  SUBSTEP=999999                                             
   TIME=    5.5000      LOAD CASE=   0                                         
  SHELL RESULTS FOR TOP/BOTTOM ALSO MID WHERE APPROPRIATE                      
 
  
  ELEMENT=     708        SHELL181
    NODE     SEPL         SRAT         HPRE         EPEQ         CREQ         PLWK    
     709   465.14       1.0000      -285.43      0.13300       0.0000       48.389     
     773   472.22       1.0000      -285.27      0.13911       0.0000       51.249     
     772   421.56       1.0000      -254.66      0.98962E-001  0.0000       33.274     
     708   410.68       1.0000      -256.35      0.91230E-001  0.0000       30.056     
     709   527.23       1.0000       303.45      0.19592       0.0000       79.728     
     773   540.39       1.0000       303.95      0.21215       0.0000       88.392     
     772   482.35       1.0000       267.20      0.14822       0.0000       55.598     
     708   460.89       1.0000       266.90      0.12942       0.0000       46.729     
     709   316.93       1.0000       158.76      0.32873E-001  0.0000       8.7314     
     773   324.29       1.0000       161.21      0.37034E-001  0.0000       10.066     
     772   301.26       1.0000       142.16      0.25277E-001  0.0000       6.3786     
     708   288.21       1.0000       136.32      0.20873E-001  0.0000       5.0800     
  
  ELEMENT=     709        SHELL181
    NODE     SEPL         SRAT         HPRE         EPEQ         CREQ         PLWK    
     710   455.68       1.0000      -261.98      0.12512       0.0000       44.762     
     774   453.17       1.0000      -254.40      0.12308       0.0000       43.835     
     773   462.84       1.0000      -267.60      0.13105       0.0000       47.484     
     709   465.67       1.0000      -274.20      0.13345       0.0000       48.596     
     710   517.88       1.0000       295.75      0.18466       0.0000       73.845     
     774   511.35       1.0000       291.24      0.17730       0.0000       70.057     
     773   541.82       1.0000       305.09      0.21394       0.0000       89.352     
     709   548.08       1.0000       303.24      0.22184       0.0000       93.582     
     710   324.47       1.0000       146.61      0.37135E-001  0.0000       10.098     
     774   320.74       1.0000       144.84      0.35020E-001  0.0000       9.4164     
     773   339.95       1.0000       173.44      0.46082E-001  0.0000       13.071     
     709   343.92       1.0000       175.24      0.48421E-001  0.0000       13.871     

 *** MAPDL - ENGINEERING ANALYSIS SYSTEM  RELEASE 2026 R1.02       26.1     ***
 Ansys Mechanical Enterprise Academic Research     
 01196637  VERSION=WINDOWS x64   20:41:12  OCT 06, 2026 Elapsed Time=      6.481

 Edge battery: continuous preloaded nickel damage                              


 
 ***** POST1 ELEMENT NODAL NONLINEAR DATA LISTING *****                        
 
  LOAD STEP=    16  SUBSTEP=999999                                             
   TIME=    5.5000      LOAD CASE=   0                                         
  SHELL RESULTS FOR TOP/BOTTOM ALSO MID WHERE APPROPRIATE                      
 
  
  ELEMENT=     710        SHELL181
    NODE     SEPL         SRAT         HPRE         EPEQ         CREQ         PLWK    
     711   409.03       1.0000      -216.18      0.90078E-001  0.0000       29.585     
     775   410.75       1.0000      -207.74      0.91275E-001  0.0000       30.075     
     774   438.84       1.0000      -230.16      0.11182       0.0000       38.810     
     710   438.23       1.0000      -237.38      0.11135       0.0000       38.604     
     711   447.34       1.0000       248.27      0.11843       0.0000       41.739     
     775   442.35       1.0000       256.64      0.11452       0.0000       40.002     
     774   485.92       1.0000       280.07      0.15153       0.0000       57.202     
     710   490.64       1.0000       274.75      0.15603       0.0000       59.397     
     711   304.20       1.0000       87.451      0.26380E-001  0.0000       6.7125     
     775   301.93       1.0000       95.853      0.25528E-001  0.0000       6.4545     
     774   314.70       1.0000       128.78      0.31626E-001  0.0000       8.3377     
     710   316.99       1.0000       120.93      0.32911E-001  0.0000       8.7435     

 PRINT GDMG ELEMENT SOLUTION PER ELEMENT

 *** MAPDL - ENGINEERING ANALYSIS SYSTEM  RELEASE 2026 R1.02       26.1     ***
 Ansys Mechanical Enterprise Academic Research     
 01196637  VERSION=WINDOWS x64   20:41:12  OCT 06, 2026 Elapsed Time=      6.481

 Edge battery: continuous preloaded nickel damage                              


 
 ***** POST1 ELEMENT NODAL GENERALIZED DAMAGE LISTING *****                    
 
  LOAD STEP=    16  SUBSTEP=999999                                             
   TIME=    5.5000      LOAD CASE=   0                                         
  SHELL RESULTS FOR TOP/BOTTOM ALSO MID WHERE APPROPRIATE                      
 
  
  ELEMENT=     708        SHELL181
    NODE     GDMG    
     709   0.0000     
     773   0.0000     
     772   0.0000     
     708   0.0000     
     709   0.0000     
     773  0.70824E-003
     772   0.0000     
     708   0.0000     
     709   0.0000     
     773   0.0000     
     772   0.0000     
     708   0.0000     
  
  ELEMENT=     709        SHELL181
    NODE     GDMG    
     710   0.0000     
     774   0.0000     
     773   0.0000     
     709   0.0000     
     710   0.0000     
     774   0.0000     
     773  0.77836E-002
     709  0.27822E-001
     710   0.0000     
     774   0.0000     
     773   0.0000     
     709   0.0000     

 *** MAPDL - ENGINEERING ANALYSIS SYSTEM  RELEASE 2026 R1.02       26.1     ***
 Ansys Mechanical Enterprise Academic Research     
 01196637  VERSION=WINDOWS x64   20:41:12  OCT 06, 2026 Elapsed Time=      6.482

 Edge battery: continuous preloaded nickel damage                              


 
 ***** POST1 ELEMENT NODAL GENERALIZED DAMAGE LISTING *****                    
 
  LOAD STEP=    16  SUBSTEP=999999                                             
   TIME=    5.5000      LOAD CASE=   0                                         
  SHELL RESULTS FOR TOP/BOTTOM ALSO MID WHERE APPROPRIATE                      
 
  
  ELEMENT=     710        SHELL181
    NODE     GDMG    
     711   0.0000     
     775   0.0000     
     774   0.0000     
     710   0.0000     
     711   0.0000     
     775   0.0000     
     774   0.0000     
     710   0.0000     
     711   0.0000     
     775   0.0000     
     774   0.0000     
     710   0.0000     

 EXIT THE MAPDL POST1 DATABASE PROCESSOR


 ***** ROUTINE COMPLETED *****  ELAPSED TIME =         6.482



 EXIT MAPDL WITHOUT SAVING DATABASE


 NUMBER OF WARNING MESSAGES ENCOUNTERED=          0
 NUMBER OF ERROR   MESSAGES ENCOUNTERED=          0

+--------------------- M A P D L   S T A T I S T I C S ------------------------+

Release: 2026 R1.02         Build: 26.1       Update: UP20260202   Platform: WINDOWS x64 
Date Run: 10/06/2026   Time: 20:41     Process ID: 16604
Operating System: Windows 11  (Build: 26200)

Processor Model:                           Virtual CPU @ 3.20GHz

Compiler: Intel(R) Fortran Compiler Classic Version 2021.9  (Build: 20230302)
          Intel(R) C/C++ Compiler Classic Version 2021.9  (Build: 20230302)
          AOCL-BLAS 5.1.1 Build 20251008
          Intel(R) oneAPI Math Kernel Library Version 2024.2.3-Product Build 20250403

Number of machines requested            :    1
Total number of cores available         :   14
Number of physical cores available      :   14
Number of processes requested           :    1
Number of threads per process requested :    1
Total number of cores requested         :    1 (Shared Memory Parallel)                    

GPU Acceleration: Not Requested

Job Name: hotspot
Input File: hotspot_diagnostic.dat
Working Directory: C:\Temp\PBTear26_cont_nominal

Total CPU time for main thread                    :        1.3 seconds
Total CPU time summed for all threads             :        1.1 seconds

Elapsed time spent obtaining a license            :        1.2 seconds
Elapsed time spent pre-processing model (/PREP7)  :        0.0 seconds
Elapsed time spent solution - preprocessing       :        0.0 seconds
Elapsed time spent computing solution             :        0.0 seconds
   Elapsed time in element formation & assembly   :        0.0 seconds
   Elapsed time in equation solver                :        0.0 seconds
   Elapsed time in element result calculations    :        0.0 seconds
Elapsed time spent solution - postprocessing      :        0.0 seconds
Elapsed time spent post-processing model (/POST1) :        0.1 seconds
 

Sum of disk space used on all processes           :        0.0 MB

Sum of memory used on all processes               :       45.0 MB
Sum of memory allocated on all processes          :     2304.0 MB
Physical memory available                         :        112 GB
Total amount of I/O written to disk               :        0.0 GB
Total amount of I/O read from disk                :        0.0 GB

+------------------ E N D   M A P D L   S T A T I S T I C S -------------------+


 *-----------------------------------------------------------------------------*
 |                                                                             |
 |                               RUN COMPLETED                                 |
 |                                                                             |
 |-----------------------------------------------------------------------------|
 |                                                                             |
 |  Ansys MAPDL 2026 R1.02      Build 26.1         UP20260202    WINDOWS x64   |
 |                                                                             |
 |-----------------------------------------------------------------------------|
 |                                                                             |
 |  Database Requested(-db)  1024 MB     Scratch Memory Requested      1024 MB |
 |  Maximum Database Used      30 MB     Maximum Scratch Memory Used     15 MB |
 |                                                                             |
 |-----------------------------------------------------------------------------|
 |                                                                             |
 |        CP Time      (sec) =          1.078       Time  =  20:41:24          |
 |        Elapsed Time (sec) =         17.979       Date  =  10/06/2026        |
 |                                                                             |
 *-----------------------------------------------------------------------------*
