/COM,ANSYS RELEASE 2026 R1.02        BUILD 26.1      UP20260202       10:18:58

 *** WARNING ***                         ELAPSED TIME =       8.631   TIME= 10:19:02
 Element shape errors, if any, are currently shown as warnings only.     
 Issue SHPP,ON to restore shape error traps, if desired.                 

 *** WARNING ***                         ELAPSED TIME =       9.032   TIME= 10:19:03
 No shape testing has been performed on 115061 of the 248516 selected    
 elements.  To perform shape testing on these elements and see any       
 warning messages about the others, please issue the CHECK command.      

 *** WARNING ***                         ELAPSED TIME =       9.439   TIME= 10:19:03
 Material number 628 (used by element 330976) should normally have at    
 least one MP or one TB type command associated with it.  Output of      
 energy by material may not be available.                                

 *** WARNING ***                         ELAPSED TIME =      15.154   TIME= 10:19:09
 Overconstraint may occur for Lagrange multiplier or MPC based contact   
 algorithm.                                                              

 *** WARNING ***                         ELAPSED TIME =      15.154   TIME= 10:19:09
 Certain contact elements (for example 341323 & 210384) overlap with     
 other.                                                                  

 *** WARNING ***                         ELAPSED TIME =      15.155   TIME= 10:19:09
 Certain contact pairs (for example 647 & 608) overlap with other.       

 *** WARNING ***                         ELAPSED TIME =     244.121   TIME= 10:22:58
 During this session the elapsed time exceeds the CPU time by 49%.  This 
 often indicates either a lack of physical memory (RAM) required to      
 efficiently handle this simulation or a particularly slow hard drive    
 configuration.  This simulation can be expected to run faster on        
 identical hardware if additional RAM or a faster hard drive             
 configuration is made available.  For more details, please see the      
 Mechanical APDL Performance Guide which is part of the Ansys Help       
 system.                                                                 
