/COM,ANSYS RELEASE 2026 R1.02        BUILD 26.1      UP20260202       21:17:29

 *** WARNING ***                         ELAPSED TIME =      20.469   TIME= 21:17:43
 Parameter _APDLBOLTCSIDS already exists.  It is deleted and redefined   
 by the *DIM command.                                                    

 *** WARNING ***                         ELAPSED TIME =      21.136   TIME= 21:17:43
 Parameter _APDLBOLTCSIDS already exists.  It is deleted and redefined   
 by the *DIM command.                                                    

 *** WARNING ***                         ELAPSED TIME =      22.031   TIME= 21:17:44
 Parameter _APDLBOLTCSIDS already exists.  It is deleted and redefined   
 by the *DIM command.                                                    

 *** WARNING ***                         ELAPSED TIME =      22.658   TIME= 21:17:45
 Parameter _APDLBOLTCSIDS already exists.  It is deleted and redefined   
 by the *DIM command.                                                    

 *** WARNING ***                         ELAPSED TIME =      23.519   TIME= 21:17:46
 Parameter _APDLBOLTCSIDS already exists.  It is deleted and redefined   
 by the *DIM command.                                                    

 *** WARNING ***                         ELAPSED TIME =      24.676   TIME= 21:17:47
 Using 1 iteration per substep may result in unconverged solutions for   
 nonlinear analysis and the program may not indicate divergence in this  
 case.  Check your results.                                              

 *** WARNING ***                         ELAPSED TIME =      25.252   TIME= 21:17:47
 Parameter _APDLBOLTCSIDS already exists.  It is deleted and redefined   
 by the *DIM command.                                                    

 *** WARNING ***                         ELAPSED TIME =      25.257   TIME= 21:17:47
 Parameter _APDLBOLTCSIDS already exists.  It is deleted and redefined   
 by the *DIM command.                                                    

 *** WARNING ***                         ELAPSED TIME =      25.261   TIME= 21:17:47
 Parameter _APDLBOLTCSIDS already exists.  It is deleted and redefined   
 by the *DIM command.                                                    

 *** WARNING ***                         ELAPSED TIME =      25.264   TIME= 21:17:47
 Parameter _APDLBOLTCSIDS already exists.  It is deleted and redefined   
 by the *DIM command.                                                    

 *** WARNING ***                         ELAPSED TIME =      25.267   TIME= 21:17:47
 Parameter _APDLBOLTCSIDS already exists.  It is deleted and redefined   
 by the *DIM command.                                                    

 *** WARNING ***                         ELAPSED TIME =      25.272   TIME= 21:17:47
 Parameter _APDLBOLTCSIDS already exists.  It is deleted and redefined   
 by the *DIM command.                                                    

 *** WARNING ***                         ELAPSED TIME =      26.273   TIME= 21:17:48
 Element shape checking is currently inactive.  Issue SHPP,ON or         
 SHPP,WARN to reactivate, if desired.                                    

 *** WARNING ***                         ELAPSED TIME =      27.152   TIME= 21:17:49
 Material number 624 (used by element 71262) should normally have at     
 least one MP or one TB type command associated with it.  Output of      
 energy by material may not be available.                                

 *** WARNING ***                         ELAPSED TIME =      30.863   TIME= 21:17:53
 Overconstraint may occur for Lagrange multiplier or MPC based contact   
 algorithm.                                                              

 *** WARNING ***                         ELAPSED TIME =      30.864   TIME= 21:17:53
 Certain contact elements (for example 70436 & 62685) overlap with       
 other.                                                                  

 *** WARNING ***                         ELAPSED TIME =      32.519   TIME= 21:17:55
 Overconstraint may occur for Lagrange multiplier or MPC based contact   
 algorithm.                                                              

 *** WARNING ***                         ELAPSED TIME =      32.524   TIME= 21:17:55
 Certain contact elements (for example 69684 & 64820) overlap with       
 other.                                                                  

 *** WARNING ***                         ELAPSED TIME =      35.304   TIME= 21:17:57
 Overconstraint may occur for Lagrange multiplier or MPC based contact   
 algorithm.                                                              

 *** WARNING ***                         ELAPSED TIME =      35.304   TIME= 21:17:57
 Certain contact elements (for example 69684 & 64820) overlap with       
 other.                                                                  

 *** WARNING ***                         ELAPSED TIME =      50.088   TIME= 21:18:12
 Multiple constraints have been applied on degree of freedom 1 of        
 contact node 84142 (may be more nodes).  The program will remove        
 certain internal MPCs.  Please check the model carefully.               

 *** ERROR ***                           ELAPSED TIME =      85.679   TIME= 21:18:48
 A large negative pivot value ( -4.982952032E-05 ) has been encountered  
 in the global assembled matrix at the UZ degree of freedom of node      
 18391.  This may be caused by a bad temperature-dependent material      
 property used in the model.                                             

 *** ERROR ***                           ELAPSED TIME =      85.682   TIME= 21:18:48
 There are 1 small equation solver pivot terms (e.g., at the UY degree   
 of freedom of node 3379).  Please check for an insufficiently           
 constrained model.                                                      

 *** WARNING ***                         ELAPSED TIME =      85.684   TIME= 21:18:48
 An extremely large pivot ratio has been detected by the sparse solver.  
 This usually indicates a very ill-conditioned matrix or possibly        
 rigid-body motion.  The solution may be inaccurate or even erroneous.   
 Please check your results carefully.                                    
