/COM,ANSYS RELEASE 2026 R1.02        BUILD 26.1      UP20260202       21:43:17

 *** WARNING ***                         ELAPSED TIME =      20.635   TIME= 21:43:33
 Parameter _APDLBOLTCSIDS already exists.  It is deleted and redefined   
 by the *DIM command.                                                    

 *** WARNING ***                         ELAPSED TIME =      23.185   TIME= 21:43:35
 Parameter _APDLBOLTCSIDS already exists.  It is deleted and redefined   
 by the *DIM command.                                                    

 *** WARNING ***                         ELAPSED TIME =      25.564   TIME= 21:43:38
 Parameter _APDLBOLTCSIDS already exists.  It is deleted and redefined   
 by the *DIM command.                                                    

 *** WARNING ***                         ELAPSED TIME =      27.725   TIME= 21:43:40
 Parameter _APDLBOLTCSIDS already exists.  It is deleted and redefined   
 by the *DIM command.                                                    

 *** WARNING ***                         ELAPSED TIME =      30.010   TIME= 21:43:42
 Parameter _APDLBOLTCSIDS already exists.  It is deleted and redefined   
 by the *DIM command.                                                    

 *** WARNING ***                         ELAPSED TIME =      32.814   TIME= 21:43:45
 Parameter _APDLBOLTCSIDS already exists.  It is deleted and redefined   
 by the *DIM command.                                                    

 *** WARNING ***                         ELAPSED TIME =      33.064   TIME= 21:43:45
 Parameter _APDLBOLTCSIDS already exists.  It is deleted and redefined   
 by the *DIM command.                                                    

 *** WARNING ***                         ELAPSED TIME =      33.068   TIME= 21:43:45
 Parameter _APDLBOLTCSIDS already exists.  It is deleted and redefined   
 by the *DIM command.                                                    

 *** WARNING ***                         ELAPSED TIME =      33.071   TIME= 21:43:45
 Parameter _APDLBOLTCSIDS already exists.  It is deleted and redefined   
 by the *DIM command.                                                    

 *** WARNING ***                         ELAPSED TIME =      33.075   TIME= 21:43:45
 Parameter _APDLBOLTCSIDS already exists.  It is deleted and redefined   
 by the *DIM command.                                                    

 *** WARNING ***                         ELAPSED TIME =      33.079   TIME= 21:43:45
 Parameter _APDLBOLTCSIDS already exists.  It is deleted and redefined   
 by the *DIM command.                                                    

 *** WARNING ***                         ELAPSED TIME =      34.519   TIME= 21:43:47
 Element shape errors, if any, are currently shown as warnings only.     
 Issue SHPP,ON to restore shape error traps, if desired.                 

 *** WARNING ***                         ELAPSED TIME =      35.121   TIME= 21:43:47
 PRETS179 element maintains its original orientation in a large          
 deformation analysis.                                                   

 *** WARNING ***                         ELAPSED TIME =      35.126   TIME= 21:43:47
 PRETS179 element maintains its original orientation in a large          
 deformation analysis.                                                   

 *** WARNING ***                         ELAPSED TIME =      35.131   TIME= 21:43:47
 PRETS179 element maintains its original orientation in a large          
 deformation analysis.                                                   

 *** WARNING ***                         ELAPSED TIME =      35.138   TIME= 21:43:47
 PRETS179 element maintains its original orientation in a large          
 deformation analysis.                                                   

 *** WARNING ***                         ELAPSED TIME =      35.161   TIME= 21:43:47
 PRETS179 element maintains its original orientation in a large          
 deformation analysis.                                                   

 *** WARNING ***                         ELAPSED TIME =      35.169   TIME= 21:43:47
 PRETS179 element maintains its original orientation in a large          
 deformation analysis.                                                   

 *** WARNING ***                         ELAPSED TIME =      35.270   TIME= 21:43:47
 No shape testing has been performed on 115061 of the 265871 selected    
 elements.  To perform shape testing on these elements and see any       
 warning messages about the others, please issue the CHECK command.      

 *** WARNING ***                         ELAPSED TIME =      36.068   TIME= 21:43:48
 Material number 628 (used by element 330976) should normally have at    
 least one MP or one TB type command associated with it.  Output of      
 energy by material may not be available.                                

 *** WARNING ***                         ELAPSED TIME =      46.070   TIME= 21:43:58
 Overconstraint may occur for Lagrange multiplier or MPC based contact   
 algorithm.                                                              

 *** WARNING ***                         ELAPSED TIME =      46.070   TIME= 21:43:58
 Certain contact elements (for example 341323 & 210384) overlap with     
 other.                                                                  

 *** WARNING ***                         ELAPSED TIME =      46.070   TIME= 21:43:58
 Certain contact pairs (for example 647 & 608) overlap with other.       

 *** WARNING ***                         ELAPSED TIME =      52.754   TIME= 21:44:05
 Overconstraint may occur for Lagrange multiplier or MPC based contact   
 algorithm.                                                              

 *** WARNING ***                         ELAPSED TIME =      52.754   TIME= 21:44:05
 Certain contact elements (for example 341323 & 210384) overlap with     
 other.                                                                  

 *** WARNING ***                         ELAPSED TIME =      52.754   TIME= 21:44:05
 Certain contact pairs (for example 647 & 608) overlap with other.       

 *** WARNING ***                         ELAPSED TIME =      63.392   TIME= 21:44:15
 Overconstraint may occur for Lagrange multiplier or MPC based contact   
 algorithm.                                                              

 *** WARNING ***                         ELAPSED TIME =      63.392   TIME= 21:44:15
 Certain contact elements (for example 341323 & 210384) overlap with     
 other.                                                                  

 *** WARNING ***                         ELAPSED TIME =      63.393   TIME= 21:44:15
 Certain contact pairs (for example 647 & 608) overlap with other.       

 *** WARNING ***                         ELAPSED TIME =      93.535   TIME= 21:44:46
 Multiple constraints have been applied on degree of freedom 1 of        
 contact node 208695 (may be more nodes).  The program will remove       
 certain internal MPCs.  Please check the model carefully.               

 *** WARNING ***                         ELAPSED TIME =      95.258   TIME= 21:44:47
 Multiple constraints have been applied on degree of freedom 1 of        
 contact node 208923 (may be more nodes).  The program will remove       
 certain internal MPCs.  Please check the model carefully.               

 *** WARNING ***                         ELAPSED TIME =    2363.800   TIME= 22:22:36
 Parameter _APDLBOLTCSIDS already exists.  It is deleted and redefined   
 by the *DIM command.                                                    

 *** WARNING ***                         ELAPSED TIME =    2363.805   TIME= 22:22:36
 Table _FIX is an MAPDL reserved table name.  It is used to constrain    
 structural degrees of freedom to their current displaced status.  This  
 table should not be used for other purposes.                            

 *** WARNING ***                         ELAPSED TIME =    2363.808   TIME= 22:22:36
 Parameter _APDLBOLTCSIDS already exists.  It is deleted and redefined   
 by the *DIM command.                                                    

 *** WARNING ***                         ELAPSED TIME =    2363.812   TIME= 22:22:36
 Parameter _APDLBOLTCSIDS already exists.  It is deleted and redefined   
 by the *DIM command.                                                    

 *** WARNING ***                         ELAPSED TIME =    2363.816   TIME= 22:22:36
 Parameter _APDLBOLTCSIDS already exists.  It is deleted and redefined   
 by the *DIM command.                                                    

 *** WARNING ***                         ELAPSED TIME =    2363.822   TIME= 22:22:36
 Parameter _APDLBOLTCSIDS already exists.  It is deleted and redefined   
 by the *DIM command.                                                    

 *** WARNING ***                         ELAPSED TIME =    2363.827   TIME= 22:22:36
 Parameter _APDLBOLTCSIDS already exists.  It is deleted and redefined   
 by the *DIM command.                                                    

 *** WARNING ***                         ELAPSED TIME =    2365.089   TIME= 22:22:37
 Material number 628 (used by element 330976) should normally have at    
 least one MP or one TB type command associated with it.  Output of      
 energy by material may not be available.                                

 *** WARNING ***                         ELAPSED TIME =    3661.224   TIME= 22:44:14
 Parameter _APDLBOLTCSIDS already exists.  It is deleted and redefined   
 by the *DIM command.                                                    

 *** WARNING ***                         ELAPSED TIME =    3661.232   TIME= 22:44:14
 Parameter _APDLBOLTCSIDS already exists.  It is deleted and redefined   
 by the *DIM command.                                                    

 *** WARNING ***                         ELAPSED TIME =    3661.233   TIME= 22:44:14
 Parameter _APDLBOLTCSIDS already exists.  It is deleted and redefined   
 by the *DIM command.                                                    

 *** WARNING ***                         ELAPSED TIME =    3661.235   TIME= 22:44:14
 Parameter _APDLBOLTCSIDS already exists.  It is deleted and redefined   
 by the *DIM command.                                                    

 *** WARNING ***                         ELAPSED TIME =    3661.236   TIME= 22:44:14
 Parameter _APDLBOLTCSIDS already exists.  It is deleted and redefined   
 by the *DIM command.                                                    

 *** WARNING ***                         ELAPSED TIME =    3661.238   TIME= 22:44:14
 Parameter _APDLBOLTCSIDS already exists.  It is deleted and redefined   
 by the *DIM command.                                                    
