/COM,ANSYS RELEASE 2026 R1.02        BUILD 26.1      UP20260202       10:29:18

 *** WARNING ***                         ELAPSED TIME =      85.655   TIME= 10:30:37
 Overconstraint may occur for Lagrange multiplier or MPC based contact   
 algorithm.                                                              

 *** WARNING ***                         ELAPSED TIME =      85.655   TIME= 10:30:37
 Certain contact elements (for example 341323 & 210384) overlap with     
 other.                                                                  

 *** WARNING ***                         ELAPSED TIME =      85.655   TIME= 10:30:37
 Certain contact pairs (for example 647 & 608) overlap with other.       

 *** ERROR ***                           ELAPSED TIME =     136.023   TIME= 10:31:49
 Calculation of element results was not performed and stored in the      
 preceding perturbed (nonlinearly prestressed) modal analysis.  Element  
 results in the expansion pass of this transient solution are not        
 possible.  Please rerun the perturbed modal solution by adding command  
 MXPAND,,,,YES,,YES and then rerun this MSUP transient analysis.         

 *** WARNING ***                         ELAPSED TIME =     202.264   TIME= 10:38:55
 During this session the elapsed time exceeds the CPU time by 84%.  This 
 often indicates either a lack of physical memory (RAM) required to      
 efficiently handle this simulation or a particularly slow hard drive    
 configuration.  This simulation can be expected to run faster on        
 identical hardware if additional RAM or a faster hard drive             
 configuration is made available.  For more details, please see the      
 Mechanical APDL Performance Guide which is part of the Ansys Help       
 system.                                                                 
