Input #0, image2, from '/Users/mdn/Developer/MIT_Rkt_Team/2026-7/MIT-RT-26_27-Work/simulation_work/avionics/powerboardsim/1/outputs/video_4k60_20261005_1928/modal_fig01_default_mode01/sequence/%04d.png':
  Duration: 00:00:09.00, start: 0.000000, bitrate: N/A
  Stream #0:0: Video: png, rgb24(pc, gbr/unknown/unknown), 3840x2160, 60 fps, 60 tbr, 60 tbn
Input #1, png_pipe, from '/Users/mdn/Developer/MIT_Rkt_Team/2026-7/MIT-RT-26_27-Work/simulation_work/avionics/powerboardsim/1/outputs/video_4k60_20261005_1928/modal_fig01_default_mode01/legend_source.png':
  Duration: N/A, bitrate: N/A
  Stream #1:0: Video: png, rgb24(pc, gbr/unknown/unknown), 3840x2160, 25 fps, 25 tbr, 25 tbn
Stream mapping:
  Stream #0:0 (png) -> overlay
  Stream #1:0 (png) -> crop:default
  drawtext:default -> Stream #0:0 (h264_videotoolbox)
Press [q] to stop, [?] for help
Output #0, mp4, to '/Users/mdn/Developer/MIT_Rkt_Team/2026-7/MIT-RT-26_27-Work/simulation_work/avionics/powerboardsim/1/output/videos/power_board_4k60/modal_fig01_default_mode01.encoding.mp4':
  Metadata:
    title           : Default contacts | Mode 1 | 66.6113 Hz
    comment         : Mechanical 2026 R1 native 4K frames; 60 fps. Normalized mode animation, not physical amplitude/time.
    encoder         : Lavf61.7.100
  Stream #0:0: Video: h264 (avc1 / 0x31637661), yuv420p(bt709/unknown/unknown, progressive), 3840x2160, q=2-31, 80000 kb/s, 60 fps, 15360 tbn
      Metadata:
        encoder         : Lavc61.19.101 h264_videotoolbox
[h264_videotoolbox @ 0x9f5079180] Color range not set for yuv420p. Using MPEG range.
frame=   12 fps=0.0 q=-0.0 size=       0KiB time=00:00:00.18 bitrate=   2.1kbits/s speed=0.362x    frame=   52 fps= 51 q=-0.0 size=     256KiB time=00:00:00.85 bitrate=2467.7kbits/s speed=0.84x    frame=   92 fps= 61 q=-0.0 size=     512KiB time=00:00:01.51 bitrate=2765.7kbits/s speed=   1x    frame=  132 fps= 65 q=-0.0 size=    1024KiB time=00:00:02.18 bitrate=3842.3kbits/s speed=1.08x    frame=  172 fps= 68 q=-0.0 size=    1024KiB time=00:00:02.85 bitrate=2943.5kbits/s speed=1.13x    frame=  212 fps= 70 q=-0.0 size=    1536KiB time=00:00:03.51 bitrate=3578.2kbits/s speed=1.16x    frame=  252 fps= 71 q=-0.0 size=    1792KiB time=00:00:04.18 bitrate=3509.3kbits/s speed=1.18x    frame=  291 fps= 72 q=-0.0 size=    2048KiB time=00:00:04.83 bitrate=3471.2kbits/s speed= 1.2x    frame=  331 fps= 73 q=-0.0 size=    2048KiB time=00:00:05.50 bitrate=3050.5kbits/s speed=1.21x    frame=  370 fps= 73 q=-0.0 size=    2560KiB time=00:00:06.15 bitrate=3410.1kbits/s speed=1.22x    frame=  410 fps= 74 q=-0.0 size=    2816KiB time=00:00:06.81 bitrate=3384.2kbits/s speed=1.23x    frame=  450 fps= 74 q=-0.0 size=    3072KiB time=00:00:07.48 bitrate=3363.0kbits/s speed=1.24x    frame=  490 fps= 75 q=-0.0 size=    3328KiB time=00:00:08.15 bitrate=3345.2kbits/s speed=1.24x    frame=  528 fps= 75 q=-0.0 size=    3584KiB time=N/A bitrate=N/A speed=N/A    [mp4 @ 0x9f4c54500] Starting second pass: moving the moov atom to the beginning of the file
[out#0/mp4 @ 0x9f4c483c0] video:3810KiB audio:0KiB subtitle:0KiB other streams:0KiB global headers:0KiB muxing overhead: 0.083081%
frame=  540 fps= 75 q=-0.0 Lsize=    3813KiB time=00:00:08.98 bitrate=3476.9kbits/s speed=1.25x    
