/COM,ANSYS RELEASE 2026 R1.02        BUILD 26.1      UP20260202       21:00:42

 *** WARNING ***                         ELAPSED TIME =      12.424   TIME= 21:00:50
 Element shape checking is currently inactive.  Issue SHPP,ON or         
 SHPP,WARN to reactivate, if desired.                                    

 *** WARNING ***                         ELAPSED TIME =      18.285   TIME= 21:00:55
 Overconstraint may occur for Lagrange multiplier or MPC based contact   
 algorithm.                                                              

 *** WARNING ***                         ELAPSED TIME =      18.285   TIME= 21:00:55
 Certain contact elements (for example 70848 & 64820) overlap with       
 other.                                                                  

 *** WARNING ***                         ELAPSED TIME =      22.916   TIME= 21:01:00
 Multiple constraints have been applied on degree of freedom 1 of        
 contact node 4545 (may be more nodes).  The program will remove         
 certain internal MPCs.  Please check the model carefully.               

 *** WARNING ***                         ELAPSED TIME =      22.931   TIME= 21:01:00
 Multiple constraints have been applied on degree of freedom 1 of        
 contact node 3923 (may be more nodes).  The program will remove         
 certain internal MPCs.  Please check the model carefully.               

 *** WARNING ***                         ELAPSED TIME =     161.101   TIME= 21:03:18
 During this session the elapsed time exceeds the CPU time by 34%.  This 
 often indicates either a lack of physical memory (RAM) required to      
 efficiently handle this simulation or a particularly slow hard drive    
 configuration.  This simulation can be expected to run faster on        
 identical hardware if additional RAM or a faster hard drive             
 configuration is made available.  For more details, please see the      
 Mechanical APDL Performance Guide which is part of the Ansys Help       
 system.                                                                 
