/COM,ANSYS RELEASE 2026 R1.02        BUILD 26.1      UP20260202       11:49:01

 *** WARNING ***                         ELAPSED TIME =      10.358   TIME= 11:49:07
 Parameter _APDLBOLTCSIDS already exists.  It is deleted and redefined   
 by the *DIM command.                                                    

 *** WARNING ***                         ELAPSED TIME =      10.359   TIME= 11:49:07
 Parameter _APDLBOLTCSIDS already exists.  It is deleted and redefined   
 by the *DIM command.                                                    

 *** WARNING ***                         ELAPSED TIME =      10.360   TIME= 11:49:07
 Parameter _APDLBOLTCSIDS already exists.  It is deleted and redefined   
 by the *DIM command.                                                    

 *** WARNING ***                         ELAPSED TIME =      10.361   TIME= 11:49:07
 Parameter _APDLBOLTCSIDS already exists.  It is deleted and redefined   
 by the *DIM command.                                                    

 *** WARNING ***                         ELAPSED TIME =      10.362   TIME= 11:49:07
 Parameter _APDLBOLTCSIDS already exists.  It is deleted and redefined   
 by the *DIM command.                                                    

 *** WARNING ***                         ELAPSED TIME =      10.363   TIME= 11:49:07
 Parameter _APDLBOLTCSIDS already exists.  It is deleted and redefined   
 by the *DIM command.                                                    

 *** WARNING ***                         ELAPSED TIME =      11.330   TIME= 11:49:08
 Material number 628 (used by element 330976) should normally have at    
 least one MP or one TB type command associated with it.  Output of      
 energy by material may not be available.                                

 *** WARNING ***                         ELAPSED TIME =      18.338   TIME= 11:49:15
 Overconstraint may occur for Lagrange multiplier or MPC based contact   
 algorithm.                                                              

 *** WARNING ***                         ELAPSED TIME =      18.338   TIME= 11:49:15
 Certain contact elements (for example 341323 & 210384) overlap with     
 other.                                                                  

 *** WARNING ***                         ELAPSED TIME =      18.338   TIME= 11:49:15
 Certain contact pairs (for example 647 & 608) overlap with other.       

 *** WARNING ***                         ELAPSED TIME =     248.115   TIME= 11:53:05
 Parameter _APDLBOLTCSIDS already exists.  It is deleted and redefined   
 by the *DIM command.                                                    

 *** WARNING ***                         ELAPSED TIME =     248.117   TIME= 11:53:05
 Parameter _APDLBOLTCSIDS already exists.  It is deleted and redefined   
 by the *DIM command.                                                    

 *** WARNING ***                         ELAPSED TIME =     248.118   TIME= 11:53:05
 Parameter _APDLBOLTCSIDS already exists.  It is deleted and redefined   
 by the *DIM command.                                                    

 *** WARNING ***                         ELAPSED TIME =     248.119   TIME= 11:53:05
 Parameter _APDLBOLTCSIDS already exists.  It is deleted and redefined   
 by the *DIM command.                                                    

 *** WARNING ***                         ELAPSED TIME =     248.120   TIME= 11:53:05
 Parameter _APDLBOLTCSIDS already exists.  It is deleted and redefined   
 by the *DIM command.                                                    

 *** WARNING ***                         ELAPSED TIME =     248.122   TIME= 11:53:05
 Parameter _APDLBOLTCSIDS already exists.  It is deleted and redefined   
 by the *DIM command.                                                    

 *** WARNING ***                         ELAPSED TIME =     458.072   TIME= 11:56:35
 Parameter _APDLBOLTCSIDS already exists.  It is deleted and redefined   
 by the *DIM command.                                                    

 *** WARNING ***                         ELAPSED TIME =     458.072   TIME= 11:56:35
 Parameter _APDLBOLTCSIDS already exists.  It is deleted and redefined   
 by the *DIM command.                                                    

 *** WARNING ***                         ELAPSED TIME =     458.073   TIME= 11:56:35
 Parameter _APDLBOLTCSIDS already exists.  It is deleted and redefined   
 by the *DIM command.                                                    

 *** WARNING ***                         ELAPSED TIME =     458.073   TIME= 11:56:35
 Parameter _APDLBOLTCSIDS already exists.  It is deleted and redefined   
 by the *DIM command.                                                    

 *** WARNING ***                         ELAPSED TIME =     458.073   TIME= 11:56:35
 Parameter _APDLBOLTCSIDS already exists.  It is deleted and redefined   
 by the *DIM command.                                                    

 *** WARNING ***                         ELAPSED TIME =     458.073   TIME= 11:56:35
 Parameter _APDLBOLTCSIDS already exists.  It is deleted and redefined   
 by the *DIM command.                                                    
