/COM,ANSYS RELEASE 2026 R1.02        BUILD 26.1      UP20260202       15:07:47

 *** WARNING ***                         ELAPSED TIME =       6.918   TIME= 15:07:49
 One or more single layer Shell elements (such as element 12241)         
 reference section 1, which defines a different material (1) than the    
 attribute of the element (2).                                           

 *** WARNING ***                         ELAPSED TIME =       9.504   TIME= 15:07:52
 A boundary condition has been applied on 6 degrees of freedom of the    
 nodes belonging to the constraint element(MPC184) 12209.  It is likely  
 that the system may encounter solver difficulties due to                
 overconstraining.                                                       

 *** WARNING ***                         ELAPSED TIME =       9.505   TIME= 15:07:52
 A boundary condition has been applied on 6 degrees of freedom of the    
 nodes belonging to the constraint element(MPC184) 12208.  It is likely  
 that the system may encounter solver difficulties due to                
 overconstraining.                                                       

 *** WARNING ***                         ELAPSED TIME =       9.505   TIME= 15:07:52
 A boundary condition has been applied on 6 degrees of freedom of the    
 nodes belonging to the constraint element(MPC184) 10697.  It is likely  
 that the system may encounter solver difficulties due to                
 overconstraining.                                                       

 *** WARNING ***                         ELAPSED TIME =       9.506   TIME= 15:07:52
 A boundary condition has been applied on 6 degrees of freedom of the    
 nodes belonging to the constraint element(MPC184) 10696.  It is likely  
 that the system may encounter solver difficulties due to                
 overconstraining.                                                       

 *** WARNING ***                         ELAPSED TIME =       9.508   TIME= 15:07:52
 A boundary condition has been applied on 6 degrees of freedom of the    
 nodes belonging to the constraint element(MPC184) 10698.  It is likely  
 that the system may encounter solver difficulties due to                
 overconstraining.                                                       

 *** WARNING ***                         ELAPSED TIME =       9.508   TIME= 15:07:52
 A boundary condition has been applied on 6 degrees of freedom of the    
 nodes belonging to the constraint element(MPC184) 12210.  It is likely  
 that the system may encounter solver difficulties due to                
 overconstraining.                                                       

 *** WARNING ***                         ELAPSED TIME =       9.508   TIME= 15:07:52
 A boundary condition has been applied on 6 degrees of freedom of the    
 nodes belonging to the constraint element(MPC184) 10699.  It is likely  
 that the system may encounter solver difficulties due to                
 overconstraining.                                                       

 *** WARNING ***                         ELAPSED TIME =       9.508   TIME= 15:07:52
 A boundary condition has been applied on 6 degrees of freedom of the    
 nodes belonging to the constraint element(MPC184) 12211.  It is likely  
 that the system may encounter solver difficulties due to                
 overconstraining.                                                       

 *** WARNING ***                         ELAPSED TIME =       9.508   TIME= 15:07:52
 A boundary condition has been applied on 6 degrees of freedom of the    
 nodes belonging to the constraint element(MPC184) 10700.  It is likely  
 that the system may encounter solver difficulties due to                
 overconstraining.                                                       

 *** WARNING ***                         ELAPSED TIME =       9.508   TIME= 15:07:52
 A boundary condition has been applied on 6 degrees of freedom of the    
 nodes belonging to the constraint element(MPC184) 12212.  It is likely  
 that the system may encounter solver difficulties due to                
 overconstraining.                                                       

 *** WARNING ***                         ELAPSED TIME =       9.508   TIME= 15:07:52
 A boundary condition has been applied on 6 degrees of freedom of the    
 nodes belonging to the constraint element(MPC184) 10701.  It is likely  
 that the system may encounter solver difficulties due to                
 overconstraining.                                                       

 *** WARNING ***                         ELAPSED TIME =       9.508   TIME= 15:07:52
 A boundary condition has been applied on 6 degrees of freedom of the    
 nodes belonging to the constraint element(MPC184) 12213.  It is likely  
 that the system may encounter solver difficulties due to                
 overconstraining.                                                       

 *** WARNING ***                         ELAPSED TIME =       9.508   TIME= 15:07:52
 A boundary condition has been applied on 6 degrees of freedom of the    
 nodes belonging to the constraint element(MPC184) 10702.  It is likely  
 that the system may encounter solver difficulties due to                
 overconstraining.                                                       

 *** WARNING ***                         ELAPSED TIME =      11.445   TIME= 15:07:54
 Pivoting has been activated for the Sparse Matrix Solver.  The memory   
 required may greatly exceed the predicted amount.  In that event, use   
 the DSPOPTION command to change the memory mode and/or memory size      
 used by the Sparse Matrix Solver.                                       

 *** WARNING ***                         ELAPSED TIME =     208.648   TIME= 15:11:11
 A reference moment value times the tolerance is used by the             
 Newton-Raphson method for checking convergence.  The calculated         
 reference MOMENT CONVERGENCE VALUE = 0.423891489 is less than a         
 threshold.  This threshold is internally calculated.  You can           
 overwrite it by specifying MINREF on the CNVTOL command.  Check         
 results carefully.                                                      
