/COM,ANSYS RELEASE 2026 R1.02        BUILD 26.1      UP20260202       14:48:40

 *** WARNING ***                         ELAPSED TIME =       6.185   TIME= 14:48:42
 A boundary condition has been applied on 1 degrees of freedom of the    
 nodes belonging to the constraint element(MPC184) 2680.  It is likely   
 that the system may encounter solver difficulties due to                
 overconstraining.                                                       

 *** WARNING ***                         ELAPSED TIME =       6.186   TIME= 14:48:42
 A boundary condition has been applied on 1 degrees of freedom of the    
 nodes belonging to the constraint element(MPC184) 2681.  It is likely   
 that the system may encounter solver difficulties due to                
 overconstraining.                                                       

 *** WARNING ***                         ELAPSED TIME =       6.187   TIME= 14:48:42
 A boundary condition has been applied on 1 degrees of freedom of the    
 nodes belonging to the constraint element(MPC184) 3073.  It is likely   
 that the system may encounter solver difficulties due to                
 overconstraining.                                                       

 *** WARNING ***                         ELAPSED TIME =       6.187   TIME= 14:48:42
 A boundary condition has been applied on 1 degrees of freedom of the    
 nodes belonging to the constraint element(MPC184) 3072.  It is likely   
 that the system may encounter solver difficulties due to                
 overconstraining.                                                       

 *** WARNING ***                         ELAPSED TIME =       6.189   TIME= 14:48:42
 A boundary condition has been applied on 1 degrees of freedom of the    
 nodes belonging to the constraint element(MPC184) 2682.  It is likely   
 that the system may encounter solver difficulties due to                
 overconstraining.                                                       

 *** WARNING ***                         ELAPSED TIME =       6.189   TIME= 14:48:42
 A boundary condition has been applied on 1 degrees of freedom of the    
 nodes belonging to the constraint element(MPC184) 3074.  It is likely   
 that the system may encounter solver difficulties due to                
 overconstraining.                                                       

 *** WARNING ***                         ELAPSED TIME =       6.189   TIME= 14:48:42
 A boundary condition has been applied on 1 degrees of freedom of the    
 nodes belonging to the constraint element(MPC184) 2683.  It is likely   
 that the system may encounter solver difficulties due to                
 overconstraining.                                                       

 *** WARNING ***                         ELAPSED TIME =       6.189   TIME= 14:48:42
 A boundary condition has been applied on 1 degrees of freedom of the    
 nodes belonging to the constraint element(MPC184) 3075.  It is likely   
 that the system may encounter solver difficulties due to                
 overconstraining.                                                       

 *** WARNING ***                         ELAPSED TIME =       6.190   TIME= 14:48:42
 A boundary condition has been applied on 1 degrees of freedom of the    
 nodes belonging to the constraint element(MPC184) 2684.  It is likely   
 that the system may encounter solver difficulties due to                
 overconstraining.                                                       

 *** WARNING ***                         ELAPSED TIME =       6.190   TIME= 14:48:42
 A boundary condition has been applied on 1 degrees of freedom of the    
 nodes belonging to the constraint element(MPC184) 3076.  It is likely   
 that the system may encounter solver difficulties due to                
 overconstraining.                                                       

 *** WARNING ***                         ELAPSED TIME =       6.190   TIME= 14:48:42
 A boundary condition has been applied on 1 degrees of freedom of the    
 nodes belonging to the constraint element(MPC184) 2685.  It is likely   
 that the system may encounter solver difficulties due to                
 overconstraining.                                                       

 *** WARNING ***                         ELAPSED TIME =       6.190   TIME= 14:48:42
 A boundary condition has been applied on 1 degrees of freedom of the    
 nodes belonging to the constraint element(MPC184) 3077.  It is likely   
 that the system may encounter solver difficulties due to                
 overconstraining.                                                       

 *** WARNING ***                         ELAPSED TIME =       6.190   TIME= 14:48:42
 A boundary condition has been applied on 1 degrees of freedom of the    
 nodes belonging to the constraint element(MPC184) 2686.  It is likely   
 that the system may encounter solver difficulties due to                
 overconstraining.                                                       

 *** WARNING ***                         ELAPSED TIME =       6.416   TIME= 14:48:42
 Pivoting has been activated for the Sparse Matrix Solver.  The memory   
 required may greatly exceed the predicted amount.  In that event, use   
 the DSPOPTION command to change the memory mode and/or memory size      
 used by the Sparse Matrix Solver.                                       
