usage: dpf_extract_simulation3_sector_contour_timeseries.py
       [-h] [--max-time MAX_TIME]
       output_csv history_csv result_files [result_files ...]
dpf_extract_simulation3_sector_contour_timeseries.py: error: the following arguments are required: result_files
Traceback (most recent call last):
  File "C:\Mac\Home\Developer\MIT_Rkt_Team\2026-7\MIT-RT-26_27-Work\simulation_work\solidprop\phenolic_case_study\tmp3\docs\analysis\dpf_extract_simulation3_sector_contour_timeseries.py", line 24, in <module>
    core.main()
  File "\\Mac\Home\Developer\MIT_Rkt_Team\2026-7\MIT-RT-26_27-Work\simulation_work\solidprop\phenolic_case_study\tmp3\docs\analysis\dpf_extract_simulation2_contour_timeseries.py", line 192, in main
    args = parse_args()
  File "\\Mac\Home\Developer\MIT_Rkt_Team\2026-7\MIT-RT-26_27-Work\simulation_work\solidprop\phenolic_case_study\tmp3\docs\analysis\dpf_extract_simulation2_contour_timeseries.py", line 46, in parse_args
    return parser.parse_args()
  File "C:\Program Files\ANSYS Inc\v261\commonfiles\CPython\3_10\winx64\Release\python\lib\argparse.py", line 1833, in parse_args
    args, argv = self.parse_known_args(args, namespace)
  File "C:\Program Files\ANSYS Inc\v261\commonfiles\CPython\3_10\winx64\Release\python\lib\argparse.py", line 1866, in parse_known_args
    namespace, args = self._parse_known_args(args, namespace)
  File "C:\Program Files\ANSYS Inc\v261\commonfiles\CPython\3_10\winx64\Release\python\lib\argparse.py", line 2107, in _parse_known_args
    self.error(_('the following arguments are required: %s') %
  File "C:\Program Files\ANSYS Inc\v261\commonfiles\CPython\3_10\winx64\Release\python\lib\argparse.py", line 2594, in error
    self.exit(2, _('%(prog)s: error: %(message)s\n') % args)
  File "C:\Program Files\ANSYS Inc\v261\commonfiles\CPython\3_10\winx64\Release\python\lib\argparse.py", line 2581, in exit
    _sys.exit(status)
SystemExit: 2
