/COM,ANSYS RELEASE 2026 R1.02        BUILD 26.1      UP20260202       18:19:50

 *** WARNING ***                         ELAPSED TIME =       6.116   TIME= 18:19:52
 One or more single layer Shell elements (such as element 3089)          
 reference section 1, which defines a different material (1) than the    
 attribute of the element (2).                                           

 *** WARNING ***                         ELAPSED TIME =       7.044   TIME= 18:19:53
 A boundary condition has been applied on 6 degrees of freedom of the    
 nodes belonging to the constraint element(MPC184) 3073.  It is likely   
 that the system may encounter solver difficulties due to                
 overconstraining.                                                       

 *** WARNING ***                         ELAPSED TIME =       7.045   TIME= 18:19:53
 A boundary condition has been applied on 6 degrees of freedom of the    
 nodes belonging to the constraint element(MPC184) 2681.  It is likely   
 that the system may encounter solver difficulties due to                
 overconstraining.                                                       

 *** WARNING ***                         ELAPSED TIME =       7.046   TIME= 18:19:53
 A boundary condition has been applied on 6 degrees of freedom of the    
 nodes belonging to the constraint element(MPC184) 3072.  It is likely   
 that the system may encounter solver difficulties due to                
 overconstraining.                                                       

 *** WARNING ***                         ELAPSED TIME =       7.046   TIME= 18:19:53
 A boundary condition has been applied on 6 degrees of freedom of the    
 nodes belonging to the constraint element(MPC184) 2680.  It is likely   
 that the system may encounter solver difficulties due to                
 overconstraining.                                                       

 *** WARNING ***                         ELAPSED TIME =       7.049   TIME= 18:19:53
 A boundary condition has been applied on 6 degrees of freedom of the    
 nodes belonging to the constraint element(MPC184) 2682.  It is likely   
 that the system may encounter solver difficulties due to                
 overconstraining.                                                       

 *** WARNING ***                         ELAPSED TIME =       7.049   TIME= 18:19:53
 A boundary condition has been applied on 6 degrees of freedom of the    
 nodes belonging to the constraint element(MPC184) 3074.  It is likely   
 that the system may encounter solver difficulties due to                
 overconstraining.                                                       

 *** WARNING ***                         ELAPSED TIME =       7.049   TIME= 18:19:53
 A boundary condition has been applied on 6 degrees of freedom of the    
 nodes belonging to the constraint element(MPC184) 2683.  It is likely   
 that the system may encounter solver difficulties due to                
 overconstraining.                                                       

 *** WARNING ***                         ELAPSED TIME =       7.049   TIME= 18:19:53
 A boundary condition has been applied on 6 degrees of freedom of the    
 nodes belonging to the constraint element(MPC184) 3075.  It is likely   
 that the system may encounter solver difficulties due to                
 overconstraining.                                                       

 *** WARNING ***                         ELAPSED TIME =       7.049   TIME= 18:19:53
 A boundary condition has been applied on 6 degrees of freedom of the    
 nodes belonging to the constraint element(MPC184) 2684.  It is likely   
 that the system may encounter solver difficulties due to                
 overconstraining.                                                       

 *** WARNING ***                         ELAPSED TIME =       7.049   TIME= 18:19:53
 A boundary condition has been applied on 6 degrees of freedom of the    
 nodes belonging to the constraint element(MPC184) 3076.  It is likely   
 that the system may encounter solver difficulties due to                
 overconstraining.                                                       

 *** WARNING ***                         ELAPSED TIME =       7.050   TIME= 18:19:53
 A boundary condition has been applied on 6 degrees of freedom of the    
 nodes belonging to the constraint element(MPC184) 2685.  It is likely   
 that the system may encounter solver difficulties due to                
 overconstraining.                                                       

 *** WARNING ***                         ELAPSED TIME =       7.050   TIME= 18:19:53
 A boundary condition has been applied on 6 degrees of freedom of the    
 nodes belonging to the constraint element(MPC184) 3077.  It is likely   
 that the system may encounter solver difficulties due to                
 overconstraining.                                                       

 *** WARNING ***                         ELAPSED TIME =       7.050   TIME= 18:19:53
 A boundary condition has been applied on 6 degrees of freedom of the    
 nodes belonging to the constraint element(MPC184) 2686.  It is likely   
 that the system may encounter solver difficulties due to                
 overconstraining.                                                       

 *** WARNING ***                         ELAPSED TIME =       7.591   TIME= 18:19:53
 Pivoting has been activated for the Sparse Matrix Solver.  The memory   
 required may greatly exceed the predicted amount.  In that event, use   
 the DSPOPTION command to change the memory mode and/or memory size      
 used by the Sparse Matrix Solver.                                       

 *** WARNING ***                         ELAPSED TIME =      73.306   TIME= 18:20:59
 A reference moment value times the tolerance is used by the             
 Newton-Raphson method for checking convergence.  The calculated         
 reference MOMENT CONVERGENCE VALUE = 0.47239438 is less than a          
 threshold.  This threshold is internally calculated.  You can           
 overwrite it by specifying MINREF on the CNVTOL command.  Check         
 results carefully.                                                      

 *** WARNING ***                         ELAPSED TIME =      79.362   TIME= 18:21:05
 Pivoting has been activated for the Sparse Matrix Solver.  The memory   
 required may greatly exceed the predicted amount.  In that event, use   
 the DSPOPTION command to change the memory mode and/or memory size      
 used by the Sparse Matrix Solver.                                       

 *** WARNING ***                         ELAPSED TIME =     148.167   TIME= 18:22:14
 Pivoting has been activated for the Sparse Matrix Solver.  The memory   
 required may greatly exceed the predicted amount.  In that event, use   
 the DSPOPTION command to change the memory mode and/or memory size      
 used by the Sparse Matrix Solver.                                       

 *** WARNING ***                         ELAPSED TIME =     223.295   TIME= 18:23:29
 Pivoting has been activated for the Sparse Matrix Solver.  The memory   
 required may greatly exceed the predicted amount.  In that event, use   
 the DSPOPTION command to change the memory mode and/or memory size      
 used by the Sparse Matrix Solver.                                       

 *** WARNING ***                         ELAPSED TIME =     339.642   TIME= 18:25:25
 Pivoting has been activated for the Sparse Matrix Solver.  The memory   
 required may greatly exceed the predicted amount.  In that event, use   
 the DSPOPTION command to change the memory mode and/or memory size      
 used by the Sparse Matrix Solver.                                       

 *** WARNING ***                         ELAPSED TIME =     485.860   TIME= 18:27:51
 Pivoting has been activated for the Sparse Matrix Solver.  The memory   
 required may greatly exceed the predicted amount.  In that event, use   
 the DSPOPTION command to change the memory mode and/or memory size      
 used by the Sparse Matrix Solver.                                       

 *** ERROR ***                           ELAPSED TIME =     569.668   TIME= 18:29:15
 Element 577 has excessive thickness change.                             

 *** ERROR ***                           ELAPSED TIME =     658.896   TIME= 18:30:44
 Element 592 has excessive thickness change.                             

 *** WARNING ***                         ELAPSED TIME =     728.054   TIME= 18:31:54
 Pivoting has been activated for the Sparse Matrix Solver.  The memory   
 required may greatly exceed the predicted amount.  In that event, use   
 the DSPOPTION command to change the memory mode and/or memory size      
 used by the Sparse Matrix Solver.                                       

 *** ERROR ***                           ELAPSED TIME =     800.626   TIME= 18:33:06
 Element 1874 has excessive thickness change.                            

 *** ERROR ***                           ELAPSED TIME =     800.627   TIME= 18:33:06
 Element 722 has excessive thickness change.                             

 *** ERROR ***                           ELAPSED TIME =     951.834   TIME= 18:35:37
 Element 723 has excessive thickness change.                             

 *** ERROR ***                           ELAPSED TIME =     951.836   TIME= 18:35:37
 Element 1875 has excessive thickness change.                            

 *** WARNING ***                         ELAPSED TIME =     953.298   TIME= 18:35:39
 Accumulated equivalent plastic strain value outside of bounds of        
 defined multilinear hardening table(s) for 14 element integration       
 points at load step 1, substep 7, equilibrium iteration 1.  Consider    
 defining more table points to cover range of behavior.                  

 *** ERROR ***                           ELAPSED TIME =    1121.217   TIME= 18:38:27
 The run is terminated at the user's request from the ABT file.          

 *** WARNING ***                         ELAPSED TIME =    1121.218   TIME= 18:38:27
 The unconverged solution (identified as time 3.5 substep 999999) is     
 output for analysis debug purposes.  Results should not be used for     
 any other purpose.                                                      
