
 Ansys Mechanical Enterprise Academic Research     


 *------------------------------------------------------------------*
 |                                                                  |
 |   W E L C O M E   T O   T H E   A N S Y S (R)  P R O G R A M     |
 |                                                                  |
 *------------------------------------------------------------------*




 ***************************************************************
 *         ANSYS MAPDL 2026 R1.02       LEGAL NOTICES          *
 ***************************************************************
 *                                                             *
 * Copyright (c) 2026 Synopsys, Inc. and ANSYS, Inc.           *
 * All rights reserved.                                        *
 * Unauthorized use, distribution or duplication is            *
 * prohibited.                                                 *
 *                                                             *
 * Ansys is a registered trademark of Ansys, Inc. or its       *
 * subsidiaries in the United States or other countries.       *
 * See the Ansys, Inc. online documentation or the Ansys, Inc. *
 * documentation CD or online help for the complete Legal      *
 * Notice.                                                     *
 *                                                             *
 ***************************************************************
 *                                                             *
 * THIS ANSYS SOFTWARE PRODUCT AND PROGRAM DOCUMENTATION       *
 * INCLUDE TRADE SECRETS AND CONFIDENTIAL AND PROPRIETARY      *
 * PRODUCTS OF ANSYS, INC., ITS SUBSIDIARIES, OR LICENSORS.    *
 * The software products and documentation are furnished by    *
 * Ansys, Inc. or its subsidiaries under a software license    *
 * agreement that contains provisions concerning               *
 * non-disclosure, copying, length and nature of use,          *
 * compliance with exporting laws, warranties, disclaimers,    *
 * limitations of liability, and remedies, and other           *
 * provisions.  The software products and documentation may be *
 * used, disclosed, transferred, or copied only in accordance  *
 * with the terms and conditions of that software license      *
 * agreement.                                                  *
 *                                                             *
 * Ansys, Inc. is a UL registered                              *
 * ISO 9001:2015 company.                                      *
 *                                                             *
 ***************************************************************
 *                                                             *
 * This product is subject to U.S. laws governing export and   *
 * re-export.                                                  *
 *                                                             *
 * For U.S. Government users, except as specifically granted   *
 * by the Ansys, Inc. software license agreement, the use,     *
 * duplication, or disclosure by the United States Government  *
 * is subject to restrictions stated in the Ansys, Inc.        *
 * software license agreement and FAR 12.212 (for non-DOD      *
 * licenses).                                                  *
 *                                                             *
 ***************************************************************

 2026 R1.02  
     
 Point Releases and Patches installed:   
     
 Ansys Service Pack 2026 R1.01   
 Ansys Service Pack 2026 R1.02   
 Ansys, Inc. License Manager 2026 R1 
 Ansys, Inc. License Manager 2026 R1.01  
 Ansys, Inc. License Manager 2026 R1.02  
 Discovery (reduced install) 2026 R1 
 Discovery (reduced install) 2026 R1.01  
 Discovery (reduced install) 2026 R1.02  
 Core WB Files 2026 R1   
 Core WB Files 2026 R1.01
 Core WB Files 2026 R1.02
 BladeModeler 2026 R1
 BladeModeler 2026 R1.01 
 BladeModeler 2026 R1.02 
 CFX (includes CFD-Post) 2026 R1 
 CFX (includes CFD-Post) 2026 R1.01  
 CFX (includes CFD-Post) 2026 R1.02  
 CFD-Post only 2026 R1   
 CFD-Post only 2026 R1.01
 CFD-Post only 2026 R1.02
 Chemkin 2026 R1 
 Chemkin 2026 R1.01  
 Chemkin 2026 R1.02  
 EnSight 2026 R1 
 EnSight 2026 R1.01  
 EnSight 2026 R1.02  
 FENSAP-ICE 2026 R1  
 FENSAP-ICE 2026 R1.01   
 FENSAP-ICE 2026 R1.02   
 Fluent (includes CFD-Post) 2026 R1  
 Fluent (includes CFD-Post) 2026 R1.01   
 Fluent (includes CFD-Post) 2026 R1.02   
 Polyflow (includes CFD-Post) 2026 R1
 Polyflow (includes CFD-Post) 2026 R1.01 
 Polyflow (includes CFD-Post) 2026 R1.02 
 Forte (includes EnSight) 2026 R1
 Forte (includes EnSight) 2026 R1.01 
 Forte (includes EnSight) 2026 R1.02 
 ICEM CFD 2026 R1
 ICEM CFD 2026 R1.01 
 ICEM CFD 2026 R1.02 
 RBF Morph Fluids UDF 2026 R1
 RBF Morph Fluids UDF 2026 R1.01 
 RBF Morph Fluids UDF 2026 R1.02 
 RBF Morph Libraries 2026 R1 
 RBF Morph Libraries 2026 R1.01  
 RBF Morph Libraries 2026 R1.02  
 Rocky 2026 R1   
 Rocky 2026 R1.01
 Rocky 2026 R1.02
 Thermal Desktop: AutoCAD 2026 R1
 Thermal Desktop: AutoCAD 2026 R1.01 
 Thermal Desktop: AutoCAD 2026 R1.02 
 Thermal Desktop: Thermal Desktop and TD Designer  2026 R1   
 Thermal Desktop: Thermal Desktop and TD Designer  2026 R1.01
 Thermal Desktop: Thermal Desktop and TD Designer  2026 R1.02
 Thermal Desktop: Sinda Solver 2026 R1   
 Thermal Desktop: Sinda Solver 2026 R1.01
 Thermal Desktop: Sinda Solver 2026 R1.02
 TurboGrid 2026 R1   
 TurboGrid 2026 R1.01
 TurboGrid 2026 R1.02
 Granta EduPack 2026 R1  
 Granta EduPack 2026 R1.01   
 Granta EduPack 2026 R1.02   
 Granta Selector 2026 R1 
 Granta Selector 2026 R1.01  
 Granta Selector 2026 R1.02  
 Dynamic Reporting 2026 R1   
 Dynamic Reporting 2026 R1.01
 Dynamic Reporting 2026 R1.02
 Remote Solve Manager Standalone Services 2026 R1
 Remote Solve Manager Standalone Services 2026 R1.01 
 Remote Solve Manager Standalone Services 2026 R1.02 
 Aqwa 2026 R1
 Aqwa 2026 R1.01 
 Aqwa 2026 R1.02 
 Autodyn 2026 R1 
 Autodyn 2026 R1.01  
 Autodyn 2026 R1.02  
 Customization Files for User Programmable Features 2026 R1  
 Customization Files for User Programmable Features 2026 R1.01   
 Customization Files for User Programmable Features 2026 R1.02   
 LS-DYNA 2026 R1 
 LS-DYNA 2026 R1.01  
 LS-DYNA 2026 R1.02  
 Material Calibration App 2026 R1
 Material Calibration App 2026 R1.01 
 Material Calibration App 2026 R1.02 
 Material Designer 2026 R1   
 Material Designer 2026 R1.01
 Material Designer 2026 R1.02
 Mechanical Products 2026 R1 
 Mechanical Products 2026 R1.01  
 Mechanical Products 2026 R1.02  
 Motion 2026 R1  
 Motion 2026 R1.01   
 Motion 2026 R1.02   
 RBF Morph 2026 R1   
 RBF Morph 2026 R1.01
 RBF Morph 2026 R1.02
 Sherlock 2026 R1
 Sherlock 2026 R1.01 
 Sherlock 2026 R1.02 
 Sound - SAS 2026 R1 
 Sound - SAS 2026 R1.01  
 Sound - SAS 2026 R1.02  
 ACIS Geometry Interface 2026 R1 
 ACIS Geometry Interface 2026 R1.01  
 ACIS Geometry Interface 2026 R1.02  
 AutoCAD Geometry Interface 2026 R1  
 AutoCAD Geometry Interface 2026 R1.01   
 AutoCAD Geometry Interface 2026 R1.02   
 Catia, Version 4 Geometry Interface 2026 R1 
 Catia, Version 4 Geometry Interface 2026 R1.01  
 Catia, Version 4 Geometry Interface 2026 R1.02  
 Catia, Version 5 Geometry Interface 2026 R1 
 Catia, Version 5 Geometry Interface 2026 R1.01  
 Catia, Version 5 Geometry Interface 2026 R1.02  
 Catia, Version 6 Geometry Interface 2026 R1 
 Catia, Version 6 Geometry Interface 2026 R1.01  
 Catia, Version 6 Geometry Interface 2026 R1.02  
 Creo Elements/Direct Modeling Geometry Interface 2026 R1
 Creo Elements/Direct Modeling Geometry Interface 2026 R1.01 
 Creo Elements/Direct Modeling Geometry Interface 2026 R1.02 
 Creo Parametric Geometry Interface 2026 R1  
 Creo Parametric Geometry Interface 2026 R1.01   
 Creo Parametric Geometry Interface 2026 R1.02   
 Inventor Geometry Interface 2026 R1 
 Inventor Geometry Interface 2026 R1.01  
 Inventor Geometry Interface 2026 R1.02  
 JTOpen Geometry Interface 2026 R1   
 JTOpen Geometry Interface 2026 R1.01
 JTOpen Geometry Interface 2026 R1.02
 NX Geometry Interface 2026 R1   
 NX Geometry Interface 2026 R1.01
 NX Geometry Interface 2026 R1.02
 Parasolid Geometry Interface  2026 R1   
 Parasolid Geometry Interface  2026 R1.01
 Parasolid Geometry Interface  2026 R1.02
 Solid Edge Geometry Interface 2026 R1   
 Solid Edge Geometry Interface 2026 R1.01
 Solid Edge Geometry Interface 2026 R1.02
 SOLIDWORKS Geometry Interface 2026 R1   
 SOLIDWORKS Geometry Interface 2026 R1.01
 SOLIDWORKS Geometry Interface 2026 R1.02


          *****  MAPDL COMMAND LINE ARGUMENTS  *****
  INITIAL JOBNAME              = file                                                                                                                                                                                                                                                    
  BATCH MODE REQUESTED (-b)    = NOLIST
  INPUT FILE COPY MODE (-c)    = COPY
  SHARED MEMORY PARALLEL REQUESTED
    SINGLE PROCESS WITH SINGLE THREAD REQUESTED
    TOTAL OF     1 CORES REQUESTED
  INPUT FILE NAME              = C:\Temp\PBMotion_20261005_postproof\run.dat
  OUTPUT FILE NAME             = C:\Temp\PBMotion_20261005_postproof\run.out

 RELEASE= 2026 R1.02           BUILD= 26.1      UP20260202   VERSION=WINDOWS x64 
 CURRENT JOBNAME=file  18:35:51  OCT 05, 2026  Elapsed Time=       0.078


 RUN SETUP PROCEDURE FROM FILE= C:\Program Files\ANSYS Inc\v261\Ansys\apdl\start.ans

 /INPUT FILE= C:\Program Files\ANSYS Inc\v261\Ansys\apdl\start.ans  LINE=       0

 RESUME ANSYS DATA FROM FILE NAME=file.db                                                                                                                                                                                                                                                             

 *** MAPDL GLOBAL STATUS *** 

 TITLE = powerboardsim_v1--RANDOM VIBE - expanded prestressed modal basis (C5) 
 ANALYSIS TYPE =  MODAL                
       646 ELEM TYPES DEFINED    MAX ELEM TYPE NUMBER =           651
    248516 ELEMENTS DEFINED      MAX ELEMENT NUMBER =          341323
    369590 NODES DEFINED         MAX NODE NUMBER =             379902
       208 MATERIALS DEFINED     MAX MATERIAL NUMBER =            208
       426 REAL CONSTS DEFINED   MAX REAL CONST NUMBER =          651
         6 SECTIONS DEFINED      MAX SECTION NUMBER =             649
         6 COORD SYS DEFINED     MAX COORD SYS NUMBER =            17
 
 ACTIVE COORDINATE SYSTEM             =          0  (CARTESIAN)
 NUMBER OF DEFINED NODAL CONSTRAINTS  =       2349
 NUMBER OF DEFINED NODAL LOADS        =          0
 NUMBER OF DEFINED COMPONENTS         =         21
 NUMBER OF DEFINED ELEM SURFACE LOADS =          0
 NUMBER OF DEFINED ELEM BODY LOADS    =          0
 NUMBER OF DEFINED NODE BODY FORCES   =          0
 CURRENT LOAD CASE =      0 OF      0
 LOAD SET   =       1
 SUBSTEP    =       1
 TIME/FREQ  =    2.0000    

 INITIAL JOBNAME = file
 CURRENT JOBNAME = file

 SELECT ALL ENTITIES OF TYPE= ALL  AND BELOW

 *** MAPDL - ENGINEERING ANALYSIS SYSTEM  RELEASE 2026 R1.02       26.1     ***
 Ansys Mechanical Enterprise Academic Research     
 01196637  VERSION=WINDOWS x64   18:35:54  OCT 05, 2026 Elapsed Time=      8.802

 powerboardsim_v1--RANDOM VIBE - expanded prestressed modal basis (C5)         



          ***** MAPDL RESULTS INTERPRETATION (POST1) *****

 *** NOTE ***                            ELAPSED TIME =       8.803   TIME= 18:35:54
 Reading results into the database (SET command) will update the current 
 displacement and force boundary conditions in the database with the     
 values from the results file for that load set.  Note that any          
 subsequent solutions will use these values unless action is taken to    
 either SAVE the current values or not overwrite them (/EXIT,NOSAVE).    

 *** NOTE ***                            ELAPSED TIME =       8.803   TIME= 18:35:54
 The nodal coordinates were updated from their original locations during 
 a prior operation (an explicit UPCOORD or UPGEOM, or a linear           
 perturbation analysis).                                                 

 DATA FILE CHANGED TO FILE= modes.rst

 SET DATABASE INPUT CONTROL TO ACCESS RESULTS FILE DATA FOR :
  NSOL                                                            
 ERASE ALL LOAD CASES 

 LOAD CASE   1 IS LOAD STEP     1  SUBSTEP     1  COMPLEX=  0
 FILE= modes.rst                                                                                                                                                                                                                                                           
 powerboardsim_v1--RANDOM VIBE - expanded prestressed modal basis (C5)   
                                                                         

 LOAD CASE   2 IS LOAD STEP     1  SUBSTEP     2  COMPLEX=  0
 FILE= modes.rst                                                                                                                                                                                                                                                           
 powerboardsim_v1--RANDOM VIBE - expanded prestressed modal basis (C5)   
                                                                         

 LOAD CASE   3 IS LOAD STEP     1  SUBSTEP     3  COMPLEX=  0
 FILE= modes.rst                                                                                                                                                                                                                                                           
 powerboardsim_v1--RANDOM VIBE - expanded prestressed modal basis (C5)   
                                                                         

 LOAD CASE   4 IS LOAD STEP     1  SUBSTEP     4  COMPLEX=  0
 FILE= modes.rst                                                                                                                                                                                                                                                           
 powerboardsim_v1--RANDOM VIBE - expanded prestressed modal basis (C5)   
                                                                         

 LOAD CASE   5 IS LOAD STEP     1  SUBSTEP     5  COMPLEX=  0
 FILE= modes.rst                                                                                                                                                                                                                                                           
 powerboardsim_v1--RANDOM VIBE - expanded prestressed modal basis (C5)   
                                                                         

 LOAD CASE   6 IS LOAD STEP     1  SUBSTEP     6  COMPLEX=  0
 FILE= modes.rst                                                                                                                                                                                                                                                           
 powerboardsim_v1--RANDOM VIBE - expanded prestressed modal basis (C5)   
                                                                         

 LOAD CASE   7 IS LOAD STEP     1  SUBSTEP     7  COMPLEX=  0
 FILE= modes.rst                                                                                                                                                                                                                                                           
 powerboardsim_v1--RANDOM VIBE - expanded prestressed modal basis (C5)   
                                                                         

 LOAD CASE   8 IS LOAD STEP     1  SUBSTEP     8  COMPLEX=  0
 FILE= modes.rst                                                                                                                                                                                                                                                           
 powerboardsim_v1--RANDOM VIBE - expanded prestressed modal basis (C5)   
                                                                         

 LOAD CASE   9 IS LOAD STEP     1  SUBSTEP     9  COMPLEX=  0
 FILE= modes.rst                                                                                                                                                                                                                                                           
 powerboardsim_v1--RANDOM VIBE - expanded prestressed modal basis (C5)   
                                                                         

 LOAD CASE  10 IS LOAD STEP     1  SUBSTEP    10  COMPLEX=  0
 FILE= modes.rst                                                                                                                                                                                                                                                           
 powerboardsim_v1--RANDOM VIBE - expanded prestressed modal basis (C5)   
                                                                         

 LOAD CASE  11 IS LOAD STEP     1  SUBSTEP    11  COMPLEX=  0
 FILE= modes.rst                                                                                                                                                                                                                                                           
 powerboardsim_v1--RANDOM VIBE - expanded prestressed modal basis (C5)   
                                                                         

 LOAD CASE  12 IS LOAD STEP     1  SUBSTEP    12  COMPLEX=  0
 FILE= modes.rst                                                                                                                                                                                                                                                           
 powerboardsim_v1--RANDOM VIBE - expanded prestressed modal basis (C5)   
                                                                         

 LOAD CASE  13 IS LOAD STEP     1  SUBSTEP    13  COMPLEX=  0
 FILE= modes.rst                                                                                                                                                                                                                                                           
 powerboardsim_v1--RANDOM VIBE - expanded prestressed modal basis (C5)   
                                                                         

 LOAD CASE  14 IS LOAD STEP     1  SUBSTEP    14  COMPLEX=  0
 FILE= modes.rst                                                                                                                                                                                                                                                           
 powerboardsim_v1--RANDOM VIBE - expanded prestressed modal basis (C5)   
                                                                         

 LOAD CASE  15 IS LOAD STEP     1  SUBSTEP    15  COMPLEX=  0
 FILE= modes.rst                                                                                                                                                                                                                                                           
 powerboardsim_v1--RANDOM VIBE - expanded prestressed modal basis (C5)   
                                                                         

 LOAD CASE  16 IS LOAD STEP     1  SUBSTEP    16  COMPLEX=  0
 FILE= modes.rst                                                                                                                                                                                                                                                           
 powerboardsim_v1--RANDOM VIBE - expanded prestressed modal basis (C5)   
                                                                         

 LOAD CASE  17 IS LOAD STEP     1  SUBSTEP    17  COMPLEX=  0
 FILE= modes.rst                                                                                                                                                                                                                                                           
 powerboardsim_v1--RANDOM VIBE - expanded prestressed modal basis (C5)   
                                                                         

 LOAD CASE  18 IS LOAD STEP     1  SUBSTEP    18  COMPLEX=  0
 FILE= modes.rst                                                                                                                                                                                                                                                           
 powerboardsim_v1--RANDOM VIBE - expanded prestressed modal basis (C5)   
                                                                         

 LOAD CASE  19 IS LOAD STEP     1  SUBSTEP    19  COMPLEX=  0
 FILE= modes.rst                                                                                                                                                                                                                                                           
 powerboardsim_v1--RANDOM VIBE - expanded prestressed modal basis (C5)   
                                                                         

 LOAD CASE  20 IS LOAD STEP     1  SUBSTEP    20  COMPLEX=  0
 FILE= modes.rst                                                                                                                                                                                                                                                           
 powerboardsim_v1--RANDOM VIBE - expanded prestressed modal basis (C5)   
                                                                         

 LOAD CASE  21 IS LOAD STEP     1  SUBSTEP    21  COMPLEX=  0
 FILE= modes.rst                                                                                                                                                                                                                                                           
 powerboardsim_v1--RANDOM VIBE - expanded prestressed modal basis (C5)   
                                                                         

 LOAD CASE  22 IS LOAD STEP     1  SUBSTEP    22  COMPLEX=  0
 FILE= modes.rst                                                                                                                                                                                                                                                           
 powerboardsim_v1--RANDOM VIBE - expanded prestressed modal basis (C5)   
                                                                         

 LOAD CASE  23 IS LOAD STEP     1  SUBSTEP    23  COMPLEX=  0
 FILE= modes.rst                                                                                                                                                                                                                                                           
 powerboardsim_v1--RANDOM VIBE - expanded prestressed modal basis (C5)   
                                                                         

 LOAD CASE  24 IS LOAD STEP     1  SUBSTEP    24  COMPLEX=  0
 FILE= modes.rst                                                                                                                                                                                                                                                           
 powerboardsim_v1--RANDOM VIBE - expanded prestressed modal basis (C5)   
                                                                         

 LOAD CASE  25 IS LOAD STEP     1  SUBSTEP    25  COMPLEX=  0
 FILE= modes.rst                                                                                                                                                                                                                                                           
 powerboardsim_v1--RANDOM VIBE - expanded prestressed modal basis (C5)   
                                                                         

 LOAD CASE  26 IS LOAD STEP     1  SUBSTEP    26  COMPLEX=  0
 FILE= modes.rst                                                                                                                                                                                                                                                           
 powerboardsim_v1--RANDOM VIBE - expanded prestressed modal basis (C5)   
                                                                         

 LOAD CASE  27 IS LOAD STEP     1  SUBSTEP    27  COMPLEX=  0
 FILE= modes.rst                                                                                                                                                                                                                                                           
 powerboardsim_v1--RANDOM VIBE - expanded prestressed modal basis (C5)   
                                                                         

 LOAD CASE  28 IS LOAD STEP     1  SUBSTEP    28  COMPLEX=  0
 FILE= modes.rst                                                                                                                                                                                                                                                           
 powerboardsim_v1--RANDOM VIBE - expanded prestressed modal basis (C5)   
                                                                         

 LOAD CASE  29 IS LOAD STEP     1  SUBSTEP    29  COMPLEX=  0
 FILE= modes.rst                                                                                                                                                                                                                                                           
 powerboardsim_v1--RANDOM VIBE - expanded prestressed modal basis (C5)   
                                                                         

 LOAD CASE  30 IS LOAD STEP     1  SUBSTEP    30  COMPLEX=  0
 FILE= modes.rst                                                                                                                                                                                                                                                           
 powerboardsim_v1--RANDOM VIBE - expanded prestressed modal basis (C5)   
                                                                         

 LOAD CASE  31 IS LOAD STEP     1  SUBSTEP    31  COMPLEX=  0
 FILE= modes.rst                                                                                                                                                                                                                                                           
 powerboardsim_v1--RANDOM VIBE - expanded prestressed modal basis (C5)   
                                                                         

 LOAD CASE  32 IS LOAD STEP     1  SUBSTEP    32  COMPLEX=  0
 FILE= modes.rst                                                                                                                                                                                                                                                           
 powerboardsim_v1--RANDOM VIBE - expanded prestressed modal basis (C5)   
                                                                         

 LOAD CASE  33 IS LOAD STEP     1  SUBSTEP    33  COMPLEX=  0
 FILE= modes.rst                                                                                                                                                                                                                                                           
 powerboardsim_v1--RANDOM VIBE - expanded prestressed modal basis (C5)   
                                                                         

 LOAD CASE  34 IS LOAD STEP     1  SUBSTEP    34  COMPLEX=  0
 FILE= modes.rst                                                                                                                                                                                                                                                           
 powerboardsim_v1--RANDOM VIBE - expanded prestressed modal basis (C5)   
                                                                         

 LOAD CASE  35 IS LOAD STEP     1  SUBSTEP    35  COMPLEX=  0
 FILE= modes.rst                                                                                                                                                                                                                                                           
 powerboardsim_v1--RANDOM VIBE - expanded prestressed modal basis (C5)   
                                                                         

 LOAD CASE  36 IS LOAD STEP     1  SUBSTEP    36  COMPLEX=  0
 FILE= modes.rst                                                                                                                                                                                                                                                           
 powerboardsim_v1--RANDOM VIBE - expanded prestressed modal basis (C5)   
                                                                         

 LOAD CASE  37 IS LOAD STEP     1  SUBSTEP    37  COMPLEX=  0
 FILE= modes.rst                                                                                                                                                                                                                                                           
 powerboardsim_v1--RANDOM VIBE - expanded prestressed modal basis (C5)   
                                                                         

 LOAD CASE  38 IS LOAD STEP     1  SUBSTEP    38  COMPLEX=  0
 FILE= modes.rst                                                                                                                                                                                                                                                           
 powerboardsim_v1--RANDOM VIBE - expanded prestressed modal basis (C5)   
                                                                         

 DATA FILE CHANGED TO FILE= modes.rst

 CURRENT LOAD SET IN DATABASE IS ERASED

 LOAD CASE   1 FACTOR SET TO 0.80407E-07

 LOAD CASE   2 FACTOR SET TO-0.24996E-08

 LOAD CASE   3 FACTOR SET TO 0.46793E-05

 LOAD CASE   4 FACTOR SET TO-0.41990E-05

 LOAD CASE   5 FACTOR SET TO-0.10683E-06

 LOAD CASE   6 FACTOR SET TO-0.15400E-06

 LOAD CASE   7 FACTOR SET TO-0.66454E-07

 LOAD CASE   8 FACTOR SET TO 0.10827E-06

 LOAD CASE   9 FACTOR SET TO-0.24663E-07

 LOAD CASE  10 FACTOR SET TO-0.12296E-06

 LOAD CASE  11 FACTOR SET TO 0.22604E-07

 LOAD CASE  12 FACTOR SET TO-0.14506E-07

 LOAD CASE  13 FACTOR SET TO 0.36983E-08

 LOAD CASE  14 FACTOR SET TO 0.49512E-07

 LOAD CASE  15 FACTOR SET TO 0.53640E-07

 LOAD CASE  16 FACTOR SET TO 0.13079E-07

 LOAD CASE  17 FACTOR SET TO-0.11298E-07

 LOAD CASE  18 FACTOR SET TO-0.41328E-08

 LOAD CASE  19 FACTOR SET TO 0.67005E-09

 LOAD CASE  20 FACTOR SET TO-0.28999E-08

 LOAD CASE  21 FACTOR SET TO 0.83479E-08

 LOAD CASE  22 FACTOR SET TO-0.75982E-08

 LOAD CASE  23 FACTOR SET TO-0.93413E-08

 LOAD CASE  24 FACTOR SET TO-0.49532E-08

 LOAD CASE  25 FACTOR SET TO 0.22692E-07

 LOAD CASE  26 FACTOR SET TO 0.28542E-07

 LOAD CASE  27 FACTOR SET TO-0.12816E-07

 LOAD CASE  28 FACTOR SET TO 0.74195E-08

 LOAD CASE  29 FACTOR SET TO 0.24060E-07

 LOAD CASE  30 FACTOR SET TO-0.47863E-07

 LOAD CASE  31 FACTOR SET TO 0.62805E-07

 LOAD CASE  32 FACTOR SET TO-0.39042E-07

 LOAD CASE  33 FACTOR SET TO 0.50223E-07

 LOAD CASE  34 FACTOR SET TO-0.33391E-07

 LOAD CASE  35 FACTOR SET TO 0.16212E-07

 LOAD CASE  36 FACTOR SET TO 0.56840E-08

 LOAD CASE  37 FACTOR SET TO 0.13252E-07

 LOAD CASE  38 FACTOR SET TO 0.92068E-08

 LCOPER OPERATION ADD  USING LOAD CASE=   1 FACTOR= 0.80407E-07 ABS=   0

 LCOPER OPERATION ADD  USING LOAD CASE=   2 FACTOR=-0.24996E-08 ABS=   0

 LCOPER OPERATION ADD  USING LOAD CASE=   3 FACTOR= 0.46793E-05 ABS=   0

 LCOPER OPERATION ADD  USING LOAD CASE=   4 FACTOR=-0.41990E-05 ABS=   0

 LCOPER OPERATION ADD  USING LOAD CASE=   5 FACTOR=-0.10683E-06 ABS=   0

 LCOPER OPERATION ADD  USING LOAD CASE=   6 FACTOR=-0.15400E-06 ABS=   0

 LCOPER OPERATION ADD  USING LOAD CASE=   7 FACTOR=-0.66454E-07 ABS=   0

 LCOPER OPERATION ADD  USING LOAD CASE=   8 FACTOR= 0.10827E-06 ABS=   0

 LCOPER OPERATION ADD  USING LOAD CASE=   9 FACTOR=-0.24663E-07 ABS=   0

 LCOPER OPERATION ADD  USING LOAD CASE=  10 FACTOR=-0.12296E-06 ABS=   0

 LCOPER OPERATION ADD  USING LOAD CASE=  11 FACTOR= 0.22604E-07 ABS=   0

 LCOPER OPERATION ADD  USING LOAD CASE=  12 FACTOR=-0.14506E-07 ABS=   0

 LCOPER OPERATION ADD  USING LOAD CASE=  13 FACTOR= 0.36983E-08 ABS=   0

 LCOPER OPERATION ADD  USING LOAD CASE=  14 FACTOR= 0.49512E-07 ABS=   0

 LCOPER OPERATION ADD  USING LOAD CASE=  15 FACTOR= 0.53640E-07 ABS=   0

 LCOPER OPERATION ADD  USING LOAD CASE=  16 FACTOR= 0.13079E-07 ABS=   0

 LCOPER OPERATION ADD  USING LOAD CASE=  17 FACTOR=-0.11298E-07 ABS=   0

 LCOPER OPERATION ADD  USING LOAD CASE=  18 FACTOR=-0.41328E-08 ABS=   0

 LCOPER OPERATION ADD  USING LOAD CASE=  19 FACTOR= 0.67005E-09 ABS=   0

 LCOPER OPERATION ADD  USING LOAD CASE=  20 FACTOR=-0.28999E-08 ABS=   0

 LCOPER OPERATION ADD  USING LOAD CASE=  21 FACTOR= 0.83479E-08 ABS=   0

 LCOPER OPERATION ADD  USING LOAD CASE=  22 FACTOR=-0.75982E-08 ABS=   0

 LCOPER OPERATION ADD  USING LOAD CASE=  23 FACTOR=-0.93413E-08 ABS=   0

 LCOPER OPERATION ADD  USING LOAD CASE=  24 FACTOR=-0.49532E-08 ABS=   0

 LCOPER OPERATION ADD  USING LOAD CASE=  25 FACTOR= 0.22692E-07 ABS=   0

 LCOPER OPERATION ADD  USING LOAD CASE=  26 FACTOR= 0.28542E-07 ABS=   0

 LCOPER OPERATION ADD  USING LOAD CASE=  27 FACTOR=-0.12816E-07 ABS=   0

 LCOPER OPERATION ADD  USING LOAD CASE=  28 FACTOR= 0.74195E-08 ABS=   0

 LCOPER OPERATION ADD  USING LOAD CASE=  29 FACTOR= 0.24060E-07 ABS=   0

 LCOPER OPERATION ADD  USING LOAD CASE=  30 FACTOR=-0.47863E-07 ABS=   0

 LCOPER OPERATION ADD  USING LOAD CASE=  31 FACTOR= 0.62805E-07 ABS=   0

 LCOPER OPERATION ADD  USING LOAD CASE=  32 FACTOR=-0.39042E-07 ABS=   0

 LCOPER OPERATION ADD  USING LOAD CASE=  33 FACTOR= 0.50223E-07 ABS=   0

 LCOPER OPERATION ADD  USING LOAD CASE=  34 FACTOR=-0.33391E-07 ABS=   0

 LCOPER OPERATION ADD  USING LOAD CASE=  35 FACTOR= 0.16212E-07 ABS=   0

 LCOPER OPERATION ADD  USING LOAD CASE=  36 FACTOR= 0.56840E-08 ABS=   0

 LCOPER OPERATION ADD  USING LOAD CASE=  37 FACTOR= 0.13252E-07 ABS=   0

 LCOPER OPERATION ADD  USING LOAD CASE=  38 FACTOR= 0.92068E-08 ABS=   0

 *** NOTE ***                            ELAPSED TIME =      83.726   TIME= 18:37:09
 Load case combination data may not be correct unless viewed in the      
 solution phase coordinate system (RSYS=SOLU).                           

 *** ERROR ***                           ELAPSED TIME =      83.727   TIME= 18:37:09
 Unable to open file motion.rst.                                         


 NUMBER OF WARNING MESSAGES ENCOUNTERED=          0
 NUMBER OF ERROR   MESSAGES ENCOUNTERED=          1



 ***** PROBLEM TERMINATED BY INDICATED ERROR(S) OR BY END OF INPUT DATA *****

+--------------------- M A P D L   S T A T I S T I C S ------------------------+

Release: 2026 R1.02         Build: 26.1       Update: UP20260202   Platform: WINDOWS x64 
Date Run: 10/05/2026   Time: 18:37     Process ID: 14816
Operating System: Windows 11  (Build: 26200)

Processor Model:                           Virtual CPU @ 3.20GHz

Compiler: Intel(R) Fortran Compiler Classic Version 2021.9  (Build: 20230302)
          Intel(R) C/C++ Compiler Classic Version 2021.9  (Build: 20230302)
          AOCL-BLAS 5.1.1 Build 20251008
          Intel(R) oneAPI Math Kernel Library Version 2024.2.3-Product Build 20250403

Number of machines requested            :    1
Total number of cores available         :   14
Number of physical cores available      :   14
Number of processes requested           :    1
Number of threads per process requested :    1
Total number of cores requested         :    1 (Shared Memory Parallel)                    

GPU Acceleration: Not Requested

Job Name: file
Input File: run.dat
Working Directory: C:\Temp\PBMotion_20261005_postproof

Total CPU time for main thread                    :       70.5 seconds
Total CPU time summed for all threads             :       70.4 seconds

Elapsed time spent obtaining a license            :        1.2 seconds
Elapsed time spent pre-processing model (/PREP7)  :        0.0 seconds
Elapsed time spent solution - preprocessing       :        0.0 seconds
Elapsed time spent computing solution             :        0.0 seconds
   Elapsed time in element formation & assembly   :        0.0 seconds
   Elapsed time in equation solver                :        0.0 seconds
   Elapsed time in element result calculations    :        0.0 seconds
Elapsed time spent solution - postprocessing      :        0.0 seconds
Elapsed time spent post-processing model (/POST1) :        0.0 seconds
 

Sum of disk space used on all processes           :        0.0 MB

Sum of memory used on all processes               :      553.0 MB
Sum of memory allocated on all processes          :     2304.0 MB
Physical memory available                         :        112 GB
Total amount of I/O written to disk               :        0.0 GB
Total amount of I/O read from disk                :        5.1 GB

+------------------ E N D   M A P D L   S T A T I S T I C S -------------------+


 *-----------------------------------------------------------------------------*
 |                                                                             |
 |                               RUN COMPLETED                                 |
 |                                                                             |
 |-----------------------------------------------------------------------------|
 |                                                                             |
 |  Ansys MAPDL 2026 R1.02      Build 26.1         UP20260202    WINDOWS x64   |
 |                                                                             |
 |-----------------------------------------------------------------------------|
 |                                                                             |
 |  Database Requested(-db)  1024 MB     Scratch Memory Requested      1024 MB |
 |  Maximum Database Used     473 MB     Maximum Scratch Memory Used     80 MB |
 |                                                                             |
 |-----------------------------------------------------------------------------|
 |                                                                             |
 |        CP Time      (sec) =         70.375       Time  =  18:37:27          |
 |        Elapsed Time (sec) =        101.614       Date  =  10/05/2026        |
 |                                                                             |
 *-----------------------------------------------------------------------------*
