/COM,ANSYS RELEASE 2026 R1.02        BUILD 26.1      UP20260202       11:21:04

 *** WARNING ***                         ELAPSED TIME =      10.557   TIME= 11:21:10
 Parameter _APDLBOLTCSIDS already exists.  It is deleted and redefined   
 by the *DIM command.                                                    

 *** WARNING ***                         ELAPSED TIME =      10.558   TIME= 11:21:10
 Parameter _APDLBOLTCSIDS already exists.  It is deleted and redefined   
 by the *DIM command.                                                    

 *** WARNING ***                         ELAPSED TIME =      10.559   TIME= 11:21:10
 Parameter _APDLBOLTCSIDS already exists.  It is deleted and redefined   
 by the *DIM command.                                                    

 *** WARNING ***                         ELAPSED TIME =      10.561   TIME= 11:21:10
 Parameter _APDLBOLTCSIDS already exists.  It is deleted and redefined   
 by the *DIM command.                                                    

 *** WARNING ***                         ELAPSED TIME =      10.562   TIME= 11:21:10
 Parameter _APDLBOLTCSIDS already exists.  It is deleted and redefined   
 by the *DIM command.                                                    

 *** WARNING ***                         ELAPSED TIME =      10.564   TIME= 11:21:10
 Parameter _APDLBOLTCSIDS already exists.  It is deleted and redefined   
 by the *DIM command.                                                    

 *** WARNING ***                         ELAPSED TIME =      11.634   TIME= 11:21:11
 Material number 628 (used by element 330976) should normally have at    
 least one MP or one TB type command associated with it.  Output of      
 energy by material may not be available.                                

 *** WARNING ***                         ELAPSED TIME =      18.411   TIME= 11:21:18
 Overconstraint may occur for Lagrange multiplier or MPC based contact   
 algorithm.                                                              

 *** WARNING ***                         ELAPSED TIME =      18.411   TIME= 11:21:18
 Certain contact elements (for example 341323 & 210384) overlap with     
 other.                                                                  

 *** WARNING ***                         ELAPSED TIME =      18.411   TIME= 11:21:18
 Certain contact pairs (for example 647 & 608) overlap with other.       

 *** WARNING ***                         ELAPSED TIME =     233.987   TIME= 11:24:53
 Parameter _APDLBOLTCSIDS already exists.  It is deleted and redefined   
 by the *DIM command.                                                    

 *** WARNING ***                         ELAPSED TIME =     233.988   TIME= 11:24:53
 Parameter _APDLBOLTCSIDS already exists.  It is deleted and redefined   
 by the *DIM command.                                                    

 *** WARNING ***                         ELAPSED TIME =     233.989   TIME= 11:24:53
 Parameter _APDLBOLTCSIDS already exists.  It is deleted and redefined   
 by the *DIM command.                                                    

 *** WARNING ***                         ELAPSED TIME =     233.990   TIME= 11:24:53
 Parameter _APDLBOLTCSIDS already exists.  It is deleted and redefined   
 by the *DIM command.                                                    

 *** WARNING ***                         ELAPSED TIME =     233.991   TIME= 11:24:53
 Parameter _APDLBOLTCSIDS already exists.  It is deleted and redefined   
 by the *DIM command.                                                    

 *** WARNING ***                         ELAPSED TIME =     233.992   TIME= 11:24:53
 Parameter _APDLBOLTCSIDS already exists.  It is deleted and redefined   
 by the *DIM command.                                                    

 *** WARNING ***                         ELAPSED TIME =     424.514   TIME= 11:28:04
 Parameter _APDLBOLTCSIDS already exists.  It is deleted and redefined   
 by the *DIM command.                                                    

 *** WARNING ***                         ELAPSED TIME =     424.514   TIME= 11:28:04
 Parameter _APDLBOLTCSIDS already exists.  It is deleted and redefined   
 by the *DIM command.                                                    

 *** WARNING ***                         ELAPSED TIME =     424.515   TIME= 11:28:04
 Parameter _APDLBOLTCSIDS already exists.  It is deleted and redefined   
 by the *DIM command.                                                    

 *** WARNING ***                         ELAPSED TIME =     424.515   TIME= 11:28:04
 Parameter _APDLBOLTCSIDS already exists.  It is deleted and redefined   
 by the *DIM command.                                                    

 *** WARNING ***                         ELAPSED TIME =     424.515   TIME= 11:28:04
 Parameter _APDLBOLTCSIDS already exists.  It is deleted and redefined   
 by the *DIM command.                                                    

 *** WARNING ***                         ELAPSED TIME =     424.515   TIME= 11:28:04
 Parameter _APDLBOLTCSIDS already exists.  It is deleted and redefined   
 by the *DIM command.                                                    
