/COM,ANSYS RELEASE 2026 R1.02        BUILD 26.1      UP20260202       11:37:36

 *** WARNING ***                         ELAPSED TIME =      51.882   TIME= 11:38:23
 Requested data is not stored for node 149869.                           
  Line= *GET, PBS, node, 149869, S, X                                    
  The *GET command is ignored.                                           

 *** WARNING ***                         ELAPSED TIME =      51.882   TIME= 11:38:23
 Requested data is not stored for node 149869.                           
  Line= *GET, PBS, node, 149869, S, Y                                    
  The *GET command is ignored.                                           

 *** WARNING ***                         ELAPSED TIME =      51.882   TIME= 11:38:23
 Requested data is not stored for node 149869.                           
  Line= *GET, PBS, node, 149869, S, Z                                    
  The *GET command is ignored.                                           

 *** WARNING ***                         ELAPSED TIME =      51.883   TIME= 11:38:23
 Requested data is not stored for node 149869.                           
  Line= *GET, PBS, node, 149869, S, XY                                   
  The *GET command is ignored.                                           

 *** WARNING ***                         ELAPSED TIME =      51.883   TIME= 11:38:23
 Requested data is not stored for node 149869.                           
  Line= *GET, PBS, node, 149869, S, YZ                                   
  The *GET command is ignored.                                           

 *** WARNING ***                         ELAPSED TIME =      51.883   TIME= 11:38:23
 Requested data is not stored for node 149869.                           
  Line= *GET, PBS, node, 149869, S, XZ                                   
  The *GET command is ignored.                                           

 *** WARNING ***                         ELAPSED TIME =      51.883   TIME= 11:38:23
 Requested data is not stored for node 173651.                           
  Line= *GET, PBS, node, 173651, S, X                                    
  The *GET command is ignored.                                           

 *** WARNING ***                         ELAPSED TIME =      51.883   TIME= 11:38:23
 Requested data is not stored for node 173651.                           
  Line= *GET, PBS, node, 173651, S, Y                                    
  The *GET command is ignored.                                           

 *** WARNING ***                         ELAPSED TIME =      51.884   TIME= 11:38:23
 Requested data is not stored for node 173651.                           
  Line= *GET, PBS, node, 173651, S, Z                                    
  The *GET command is ignored.                                           

 *** WARNING ***                         ELAPSED TIME =      51.884   TIME= 11:38:23
 Requested data is not stored for node 173651.                           
  Line= *GET, PBS, node, 173651, S, XY                                   
  The *GET command is ignored.                                           

 *** WARNING ***                         ELAPSED TIME =      51.884   TIME= 11:38:23
 Requested data is not stored for node 173651.                           
  Line= *GET, PBS, node, 173651, S, YZ                                   
  The *GET command is ignored.                                           

 *** WARNING ***                         ELAPSED TIME =      51.884   TIME= 11:38:23
 Requested data is not stored for node 173651.                           
  Line= *GET, PBS, node, 173651, S, XZ                                   
  The *GET command is ignored.                                           

 *** WARNING ***                         ELAPSED TIME =      63.548   TIME= 11:38:35
 Requested data is not stored for node 149869.                           
  Line= *GET, PBS, node, 149869, S, X                                    
  The *GET command is ignored.                                           

 *** WARNING ***                         ELAPSED TIME =      63.549   TIME= 11:38:35
 Requested data is not stored for node 149869.                           
  Line= *GET, PBS, node, 149869, S, Y                                    
  The *GET command is ignored.                                           

 *** WARNING ***                         ELAPSED TIME =      63.549   TIME= 11:38:35
 Requested data is not stored for node 149869.                           
  Line= *GET, PBS, node, 149869, S, Z                                    
  The *GET command is ignored.                                           

 *** WARNING ***                         ELAPSED TIME =      63.549   TIME= 11:38:35
 Requested data is not stored for node 149869.                           
  Line= *GET, PBS, node, 149869, S, XY                                   
  The *GET command is ignored.                                           

 *** WARNING ***                         ELAPSED TIME =      63.549   TIME= 11:38:35
 Requested data is not stored for node 149869.                           
  Line= *GET, PBS, node, 149869, S, YZ                                   
  The *GET command is ignored.                                           

 *** WARNING ***                         ELAPSED TIME =      63.549   TIME= 11:38:35
 Requested data is not stored for node 149869.                           
  Line= *GET, PBS, node, 149869, S, XZ                                   
  The *GET command is ignored.                                           

 *** WARNING ***                         ELAPSED TIME =      63.549   TIME= 11:38:35
 Requested data is not stored for node 173651.                           
  Line= *GET, PBS, node, 173651, S, X                                    
  The *GET command is ignored.                                           

 *** WARNING ***                         ELAPSED TIME =      63.549   TIME= 11:38:35
 Requested data is not stored for node 173651.                           
  Line= *GET, PBS, node, 173651, S, Y                                    
  The *GET command is ignored.                                           

 *** WARNING ***                         ELAPSED TIME =      63.549   TIME= 11:38:35
 Requested data is not stored for node 173651.                           
  Line= *GET, PBS, node, 173651, S, Z                                    
  The *GET command is ignored.                                           

 *** WARNING ***                         ELAPSED TIME =      63.549   TIME= 11:38:35
 Requested data is not stored for node 173651.                           
  Line= *GET, PBS, node, 173651, S, XY                                   
  The *GET command is ignored.                                           

 *** WARNING ***                         ELAPSED TIME =      63.549   TIME= 11:38:35
 Requested data is not stored for node 173651.                           
  Line= *GET, PBS, node, 173651, S, YZ                                   
  The *GET command is ignored.                                           

 *** WARNING ***                         ELAPSED TIME =      63.549   TIME= 11:38:35
 Requested data is not stored for node 173651.                           
  Line= *GET, PBS, node, 173651, S, XZ                                   
  The *GET command is ignored.                                           
