
 Ansys Mechanical Enterprise Academic Research     


 *------------------------------------------------------------------*
 |                                                                  |
 |   W E L C O M E   T O   T H E   A N S Y S (R)  P R O G R A M     |
 |                                                                  |
 *------------------------------------------------------------------*




 ***************************************************************
 *         ANSYS MAPDL 2026 R1.02       LEGAL NOTICES          *
 ***************************************************************
 *                                                             *
 * Copyright (c) 2026 Synopsys, Inc. and ANSYS, Inc.           *
 * All rights reserved.                                        *
 * Unauthorized use, distribution or duplication is            *
 * prohibited.                                                 *
 *                                                             *
 * Ansys is a registered trademark of Ansys, Inc. or its       *
 * subsidiaries in the United States or other countries.       *
 * See the Ansys, Inc. online documentation or the Ansys, Inc. *
 * documentation CD or online help for the complete Legal      *
 * Notice.                                                     *
 *                                                             *
 ***************************************************************
 *                                                             *
 * THIS ANSYS SOFTWARE PRODUCT AND PROGRAM DOCUMENTATION       *
 * INCLUDE TRADE SECRETS AND CONFIDENTIAL AND PROPRIETARY      *
 * PRODUCTS OF ANSYS, INC., ITS SUBSIDIARIES, OR LICENSORS.    *
 * The software products and documentation are furnished by    *
 * Ansys, Inc. or its subsidiaries under a software license    *
 * agreement that contains provisions concerning               *
 * non-disclosure, copying, length and nature of use,          *
 * compliance with exporting laws, warranties, disclaimers,    *
 * limitations of liability, and remedies, and other           *
 * provisions.  The software products and documentation may be *
 * used, disclosed, transferred, or copied only in accordance  *
 * with the terms and conditions of that software license      *
 * agreement.                                                  *
 *                                                             *
 * Ansys, Inc. is a UL registered                              *
 * ISO 9001:2015 company.                                      *
 *                                                             *
 ***************************************************************
 *                                                             *
 * This product is subject to U.S. laws governing export and   *
 * re-export.                                                  *
 *                                                             *
 * For U.S. Government users, except as specifically granted   *
 * by the Ansys, Inc. software license agreement, the use,     *
 * duplication, or disclosure by the United States Government  *
 * is subject to restrictions stated in the Ansys, Inc.        *
 * software license agreement and FAR 12.212 (for non-DOD      *
 * licenses).                                                  *
 *                                                             *
 ***************************************************************

 2026 R1.02  
     
 Point Releases and Patches installed:   
     
 Ansys Service Pack 2026 R1.01   
 Ansys Service Pack 2026 R1.02   
 Ansys, Inc. License Manager 2026 R1 
 Ansys, Inc. License Manager 2026 R1.01  
 Ansys, Inc. License Manager 2026 R1.02  
 Discovery (reduced install) 2026 R1 
 Discovery (reduced install) 2026 R1.01  
 Discovery (reduced install) 2026 R1.02  
 Core WB Files 2026 R1   
 Core WB Files 2026 R1.01
 Core WB Files 2026 R1.02
 BladeModeler 2026 R1
 BladeModeler 2026 R1.01 
 BladeModeler 2026 R1.02 
 CFX (includes CFD-Post) 2026 R1 
 CFX (includes CFD-Post) 2026 R1.01  
 CFX (includes CFD-Post) 2026 R1.02  
 CFD-Post only 2026 R1   
 CFD-Post only 2026 R1.01
 CFD-Post only 2026 R1.02
 Chemkin 2026 R1 
 Chemkin 2026 R1.01  
 Chemkin 2026 R1.02  
 EnSight 2026 R1 
 EnSight 2026 R1.01  
 EnSight 2026 R1.02  
 FENSAP-ICE 2026 R1  
 FENSAP-ICE 2026 R1.01   
 FENSAP-ICE 2026 R1.02   
 Fluent (includes CFD-Post) 2026 R1  
 Fluent (includes CFD-Post) 2026 R1.01   
 Fluent (includes CFD-Post) 2026 R1.02   
 Polyflow (includes CFD-Post) 2026 R1
 Polyflow (includes CFD-Post) 2026 R1.01 
 Polyflow (includes CFD-Post) 2026 R1.02 
 Forte (includes EnSight) 2026 R1
 Forte (includes EnSight) 2026 R1.01 
 Forte (includes EnSight) 2026 R1.02 
 ICEM CFD 2026 R1
 ICEM CFD 2026 R1.01 
 ICEM CFD 2026 R1.02 
 RBF Morph Fluids UDF 2026 R1
 RBF Morph Fluids UDF 2026 R1.01 
 RBF Morph Fluids UDF 2026 R1.02 
 RBF Morph Libraries 2026 R1 
 RBF Morph Libraries 2026 R1.01  
 RBF Morph Libraries 2026 R1.02  
 Rocky 2026 R1   
 Rocky 2026 R1.01
 Rocky 2026 R1.02
 Thermal Desktop: AutoCAD 2026 R1
 Thermal Desktop: AutoCAD 2026 R1.01 
 Thermal Desktop: AutoCAD 2026 R1.02 
 Thermal Desktop: Thermal Desktop and TD Designer  2026 R1   
 Thermal Desktop: Thermal Desktop and TD Designer  2026 R1.01
 Thermal Desktop: Thermal Desktop and TD Designer  2026 R1.02
 Thermal Desktop: Sinda Solver 2026 R1   
 Thermal Desktop: Sinda Solver 2026 R1.01
 Thermal Desktop: Sinda Solver 2026 R1.02
 TurboGrid 2026 R1   
 TurboGrid 2026 R1.01
 TurboGrid 2026 R1.02
 Granta EduPack 2026 R1  
 Granta EduPack 2026 R1.01   
 Granta EduPack 2026 R1.02   
 Granta Selector 2026 R1 
 Granta Selector 2026 R1.01  
 Granta Selector 2026 R1.02  
 Dynamic Reporting 2026 R1   
 Dynamic Reporting 2026 R1.01
 Dynamic Reporting 2026 R1.02
 Remote Solve Manager Standalone Services 2026 R1
 Remote Solve Manager Standalone Services 2026 R1.01 
 Remote Solve Manager Standalone Services 2026 R1.02 
 Aqwa 2026 R1
 Aqwa 2026 R1.01 
 Aqwa 2026 R1.02 
 Autodyn 2026 R1 
 Autodyn 2026 R1.01  
 Autodyn 2026 R1.02  
 Customization Files for User Programmable Features 2026 R1  
 Customization Files for User Programmable Features 2026 R1.01   
 Customization Files for User Programmable Features 2026 R1.02   
 LS-DYNA 2026 R1 
 LS-DYNA 2026 R1.01  
 LS-DYNA 2026 R1.02  
 Material Calibration App 2026 R1
 Material Calibration App 2026 R1.01 
 Material Calibration App 2026 R1.02 
 Material Designer 2026 R1   
 Material Designer 2026 R1.01
 Material Designer 2026 R1.02
 Mechanical Products 2026 R1 
 Mechanical Products 2026 R1.01  
 Mechanical Products 2026 R1.02  
 Motion 2026 R1  
 Motion 2026 R1.01   
 Motion 2026 R1.02   
 RBF Morph 2026 R1   
 RBF Morph 2026 R1.01
 RBF Morph 2026 R1.02
 Sherlock 2026 R1
 Sherlock 2026 R1.01 
 Sherlock 2026 R1.02 
 Sound - SAS 2026 R1 
 Sound - SAS 2026 R1.01  
 Sound - SAS 2026 R1.02  
 ACIS Geometry Interface 2026 R1 
 ACIS Geometry Interface 2026 R1.01  
 ACIS Geometry Interface 2026 R1.02  
 AutoCAD Geometry Interface 2026 R1  
 AutoCAD Geometry Interface 2026 R1.01   
 AutoCAD Geometry Interface 2026 R1.02   
 Catia, Version 4 Geometry Interface 2026 R1 
 Catia, Version 4 Geometry Interface 2026 R1.01  
 Catia, Version 4 Geometry Interface 2026 R1.02  
 Catia, Version 5 Geometry Interface 2026 R1 
 Catia, Version 5 Geometry Interface 2026 R1.01  
 Catia, Version 5 Geometry Interface 2026 R1.02  
 Catia, Version 6 Geometry Interface 2026 R1 
 Catia, Version 6 Geometry Interface 2026 R1.01  
 Catia, Version 6 Geometry Interface 2026 R1.02  
 Creo Elements/Direct Modeling Geometry Interface 2026 R1
 Creo Elements/Direct Modeling Geometry Interface 2026 R1.01 
 Creo Elements/Direct Modeling Geometry Interface 2026 R1.02 
 Creo Parametric Geometry Interface 2026 R1  
 Creo Parametric Geometry Interface 2026 R1.01   
 Creo Parametric Geometry Interface 2026 R1.02   
 Inventor Geometry Interface 2026 R1 
 Inventor Geometry Interface 2026 R1.01  
 Inventor Geometry Interface 2026 R1.02  
 JTOpen Geometry Interface 2026 R1   
 JTOpen Geometry Interface 2026 R1.01
 JTOpen Geometry Interface 2026 R1.02
 NX Geometry Interface 2026 R1   
 NX Geometry Interface 2026 R1.01
 NX Geometry Interface 2026 R1.02
 Parasolid Geometry Interface  2026 R1   
 Parasolid Geometry Interface  2026 R1.01
 Parasolid Geometry Interface  2026 R1.02
 Solid Edge Geometry Interface 2026 R1   
 Solid Edge Geometry Interface 2026 R1.01
 Solid Edge Geometry Interface 2026 R1.02
 SOLIDWORKS Geometry Interface 2026 R1   
 SOLIDWORKS Geometry Interface 2026 R1.01
 SOLIDWORKS Geometry Interface 2026 R1.02


          *****  MAPDL COMMAND LINE ARGUMENTS  *****
  INITIAL JOBNAME              = psdcheck                                                                                                                                                                                                                                                
  BATCH MODE REQUESTED (-b)    = NOLIST
  INPUT FILE COPY MODE (-c)    = COPY
  SHARED MEMORY PARALLEL REQUESTED
    SINGLE PROCESS WITH SINGLE THREAD REQUESTED
    TOTAL OF     1 CORES REQUESTED
  INPUT FILE NAME              = C:\Temp\PCBRV_20261005_X_local\preflight.dat
  OUTPUT FILE NAME             = C:\Temp\PCBRV_20261005_X_local\preflight.out

 RELEASE= 2026 R1.02           BUILD= 26.1      UP20260202   VERSION=WINDOWS x64 
 CURRENT JOBNAME=psdcheck  11:16:01  OCT 05, 2026  Elapsed Time=       0.109


 RUN SETUP PROCEDURE FROM FILE= C:\Program Files\ANSYS Inc\v261\Ansys\apdl\start.ans

 /INPUT FILE= C:\Program Files\ANSYS Inc\v261\Ansys\apdl\start.ans  LINE=       0



 DO NOT WRITE ELEMENT RESULTS INTO DATABASE

 *GET  _WALLSTRT  FROM  ACTI  ITEM=TIME WALL  VALUE= 0.161523877E-02
 *********** Resuming The ANSYS db File from Modal Solution ***********

 RESUME ANSYS DATA FROM FILE NAME=file.db                                                                                                                                                                                                                                                             

 *** MAPDL GLOBAL STATUS *** 

 TITLE = powerboardsim_v1--RANDOM VIBE - expanded prestressed modal basis (C5) 
 ANALYSIS TYPE =  MODAL                
       646 ELEM TYPES DEFINED    MAX ELEM TYPE NUMBER =           651
    248516 ELEMENTS DEFINED      MAX ELEMENT NUMBER =          341323
    369590 NODES DEFINED         MAX NODE NUMBER =             379902
       208 MATERIALS DEFINED     MAX MATERIAL NUMBER =            208
       426 REAL CONSTS DEFINED   MAX REAL CONST NUMBER =          651
         6 SECTIONS DEFINED      MAX SECTION NUMBER =             649
         6 COORD SYS DEFINED     MAX COORD SYS NUMBER =            17
 
 ACTIVE COORDINATE SYSTEM             =          0  (CARTESIAN)
 NUMBER OF DEFINED NODAL CONSTRAINTS  =       2349
 NUMBER OF DEFINED NODAL LOADS        =          0
 NUMBER OF DEFINED COMPONENTS         =         20
 NUMBER OF DEFINED ELEM SURFACE LOADS =          0
 NUMBER OF DEFINED ELEM BODY LOADS    =          0
 NUMBER OF DEFINED NODE BODY FORCES   =          0
 CURRENT LOAD CASE =      0 OF      0
 LOAD SET   =       1
 SUBSTEP    =      38
 TIME/FREQ  =    2.0000    

 INITIAL JOBNAME = psdcheck
 CURRENT JOBNAME = psdcheck

 TITLE= 
 powerboardsim_v1--RANDOM VIBE - X - 2pct damping (F5)                         

  ACT Extensions:
      LSDYNA, 2026.1
      5f463412-bd3e-484b-87e7-cbc0a665e474, wbex
      ANSYSMotion, 2026.1
      20180725-3f81-49eb-9f31-41364844c769, wbex
      BoltTools, 2024.1
      e58f9c27-8401-45e5-83b8-72af00fdd1a2, wbex
      Sherlock_App, 2026.1
      22267810-43dd-444c-b69c-948d1736da5a, wbex

 *****  MAPDL SOLUTION ROUTINE  *****

 SET PARAMETER DIMENSIONS ON  _WB_PROJECTSCRATCH_DIR_PSD
  TYPE=STRI  DIMENSIONS=      248        1        1

 PARAMETER _WB_PROJECTSCRATCH_DIR_PSD(1) = Z:\Developer\MIT_Rkt_Team\2026-7\MIT-RT-26_27-Work\simulation_work\avionics\powerboardsim\1\powerboardsim_v1_files\dp0\SYS-5\MECH\

 SET PARAMETER DIMENSIONS ON  _WB_SOLVERFILES_DIR_PSD
  TYPE=STRI  DIMENSIONS=      248        1        1

 PARAMETER _WB_SOLVERFILES_DIR_PSD(1) = Z:\Developer\MIT_Rkt_Team\2026-7\MIT-RT-26_27-Work\simulation_work\avionics\powerboardsim\1\powerboardsim_v1_files\dp0\SYS-5\MECH\

 SET PARAMETER DIMENSIONS ON  _WB_USERFILES_DIR_PSD
  TYPE=STRI  DIMENSIONS=      248        1        1

 PARAMETER _WB_USERFILES_DIR_PSD(1) = Z:\Developer\MIT_Rkt_Team\2026-7\MIT-RT-26_27-Work\simulation_work\avionics\powerboardsim\1\powerboardsim_v1_files\user_files\

 Graphical-Solution-Tracking set to ON
 For /MENU,ON or /MENU,GRPH operations, GST ToFile option is ON  

 FINISH SOLUTION PROCESSING


 ***** ROUTINE COMPLETED *****  ELAPSED TIME =         6.736



 *GET  _NUMNODE  FROM  NODE  ITEM=COUN       VALUE=  369590.000     

 *GET  _NUMELEM  FROM  ELEM  ITEM=COUN           VALUE=  248516.000    

 *GET  _MAXELEMNUM  FROM  ELEM  ITEM=NUM  MAX       VALUE=  341323.000    

 *GET  _MAXNODENUM  FROM  NODE  ITEM=NUM  MAX   VALUE=  379902.000     

 *GET  _MAXELEMTYPE  FROM  ETYP  ITEM=NUM  MAX   VALUE=  651.000000    

 *GET  _MAXREALCONST  FROM  RCON  ITEM=NUM  MAX   VALUE=  651.000000    
 --- Number of total nodes = 369590
 --- Number of contact elements = 150810
 --- Number of spring elements = 0
 --- Number of bearing elements = 0
 --- Number of solid elements = 112902
 --- Number of condensed parts = 0
 --- Number of total elements = 248516

 *GET  _WALLBSOL  FROM  ACTI  ITEM=TIME WALL  VALUE= 0.188083941E-02

 *****  MAPDL SOLUTION ROUTINE  *****


 PERFORM A SPECTRUM ANALYSIS
  THIS WILL BE A NEW ANALYSIS

 *** NOTE ***                            ELAPSED TIME =       6.771   TIME= 11:16:03
 Some analysis options have been reset to their defaults.  Please verify 
 current settings or respecify as required.                              

 CONTACT PAIR INFO IS WRITTEN TO FILE= psdcheck.cnm                                                                                                                                                                                                                                                        


 USE PSD RESPONSE SPECTRUM
  USE ALL MODES FROM THE MODAL ANALYSIS
  INCLUDE STRESS RESPONSES IN THE CALCULATIONS
  PSD INTEGRATION WILL BE PERFORMED IN CLOSED FORM

 DAMPING RATIO =      0.0200

 COMBINE MODES USING THE PSD METHOD
  WHOSE SIGNIFICANCE LEVEL EXCEEDS THE THRESHOLD OF   0.0000    
      ALL MODES FROM THE MODAL ANALYSIS ARE SELECTED FOR COMBINATION.

 PSD RESULT QUANTITIES     DISP    VELO    ACEL
                           REL      NO      NO 
 MODAL RESPONSE PSD SAVED   NO      NO      NO 

 PSD RESULT QUANTITIES     DISP    VELO    ACEL
                           REL     ABS      NO 
 MODAL RESPONSE PSD SAVED   NO      NO      NO 

 PSD RESULT QUANTITIES     DISP    VELO    ACEL
                           REL     ABS     ABS 
 MODAL RESPONSE PSD SAVED   NO      NO      NO 
 CMBLOCK read of NODE component USERSELFSU                                                                                                                                                                                                                                                        completed

 SELECT      COMPONENT USERSELFSU                                                                                                                                                                                                                                                      

 RESELECT     FOR ITEM=D    COMPONENT=UX    BETWEEN  0.0000     AND   0.0000    
   KABS=  0.  TOLERANCE= 0.100000E-05

        781  NODES (OF     369590  DEFINED) SELECTED BY  NSEL  COMMAND.

 SPECIFIED CONSTRAINT UX   FOR SELECTED NODES            1 TO      379902 BY           1
 REAL=  1.00000000       IMAG=  0.00000000    

 ALL SELECT   FOR ITEM=NODE COMPONENT=    
  IN RANGE         1 TO     379902 STEP          1

     369590  NODES (OF     369590  DEFINED) SELECTED BY NSEL  COMMAND.

 ALSO SELECT ALL COMPONENTS

 PSD TYPE FOR TABLE NUMBER  1 IS ACEL

 ROW NUMBER =  1  COLUMN NUMBER =  1
   PSDFRQ =    20.000        50.000        800.00        2000.0    


 PSD VALUES (DIAGONAL) FOR TABLE  1
   PSDVAL =    2.5004        15.387        15.387        2.5004    


 PARAMETER _MECHOBJID =     4139.000000    

 PARAMETER _MECHANALYSISSTEP =     0.000000000    

 SET PARAMETER DIMENSIONS ON  _APDLBOLTCSIDS
  TYPE=ARRA  DIMENSIONS=        1        1        1

 *** WARNING ***                         ELAPSED TIME =       6.783   TIME= 11:16:03
 Parameter _APDLBOLTCSIDS already exists.  It is deleted and redefined   
 by the *DIM command.                                                    

 PARAMETER _APDLBOLTCSIDS(1) =     12.00000000    

 PARAMETER _BOLTZLOC =     0.000000000    

 PARAMETER _NUTWASHERZLOC =     0.000000000    

 PARAMETER _NUTZLOC =     0.000000000    

 PARAMETER PBINDEX =     1.000000000    

 PARAMETER PBBODY = PCB670_01_BODY  

 PARAMETER PBSHAFT = PCB670_01_SHAFT 

 PARAMETER PBHOLE = PCB670_01_HOLE  
 ****** Sending PCB_ExistingBolt_670N.xml at ASSEMBLY Level as Bolt ******

 PARAMETER PARTNAMEINASSEMBLY = Bolt    

 PARAMETER INPUTLEVEL = ASSEMBLY

 PARAMETER PARTFILENAME = PCB_ExistingBolt_670N.xml       

 PARAMETER PBLOAD =     750.0000000    

 *GET  PBANALYSIS  FROM  ACTI  ITEM=ANTY       VALUE=  8.00000000    

 *IF  PBAnalysis  ( =   8.00000     )  EQ  
      0  ( =   0.00000     )  THEN    

 *ENDIF

 SELECT ALL ENTITIES OF TYPE= ALL  AND BELOW
 Done Sending PCB_ExistingBolt_670N.xml at ASSEMBLY Level as Bolt

 PARAMETER _MECHOBJID =     4147.000000    

 PARAMETER _MECHANALYSISSTEP =     0.000000000    

 SET PARAMETER DIMENSIONS ON  _APDLBOLTCSIDS
  TYPE=ARRA  DIMENSIONS=        1        1        1

 *** WARNING ***                         ELAPSED TIME =       6.784   TIME= 11:16:03
 Parameter _APDLBOLTCSIDS already exists.  It is deleted and redefined   
 by the *DIM command.                                                    

 PARAMETER _APDLBOLTCSIDS(1) =     12.00000000    

 PARAMETER _BOLTZLOC =     0.000000000    

 PARAMETER _NUTWASHERZLOC =     0.000000000    

 PARAMETER _NUTZLOC =     0.000000000    

 PARAMETER PBINDEX =     2.000000000    

 PARAMETER PBBODY = PCB670_02_BODY  

 PARAMETER PBSHAFT = PCB670_02_SHAFT 

 PARAMETER PBHOLE = PCB670_02_HOLE  
 ****** Sending PCB_ExistingBolt_670N.xml at ASSEMBLY Level as Bolt ******

 PARAMETER PARTNAMEINASSEMBLY = Bolt    

 PARAMETER INPUTLEVEL = ASSEMBLY

 PARAMETER PARTFILENAME = PCB_ExistingBolt_670N.xml       

 PARAMETER PBLOAD =     750.0000000    

 *GET  PBANALYSIS  FROM  ACTI  ITEM=ANTY       VALUE=  8.00000000    

 *IF  PBAnalysis  ( =   8.00000     )  EQ  
      0  ( =   0.00000     )  THEN    

 *ENDIF

 SELECT ALL ENTITIES OF TYPE= ALL  AND BELOW
 Done Sending PCB_ExistingBolt_670N.xml at ASSEMBLY Level as Bolt

 PARAMETER _MECHOBJID =     4155.000000    

 PARAMETER _MECHANALYSISSTEP =     0.000000000    

 SET PARAMETER DIMENSIONS ON  _APDLBOLTCSIDS
  TYPE=ARRA  DIMENSIONS=        1        1        1

 *** WARNING ***                         ELAPSED TIME =       6.785   TIME= 11:16:03
 Parameter _APDLBOLTCSIDS already exists.  It is deleted and redefined   
 by the *DIM command.                                                    

 PARAMETER _APDLBOLTCSIDS(1) =     12.00000000    

 PARAMETER _BOLTZLOC =     0.000000000    

 PARAMETER _NUTWASHERZLOC =     0.000000000    

 PARAMETER _NUTZLOC =     0.000000000    

 PARAMETER PBINDEX =     3.000000000    

 PARAMETER PBBODY = PCB670_03_BODY  

 PARAMETER PBSHAFT = PCB670_03_SHAFT 

 PARAMETER PBHOLE = PCB670_03_HOLE  
 ****** Sending PCB_ExistingBolt_670N.xml at ASSEMBLY Level as Bolt ******

 PARAMETER PARTNAMEINASSEMBLY = Bolt    

 PARAMETER INPUTLEVEL = ASSEMBLY

 PARAMETER PARTFILENAME = PCB_ExistingBolt_670N.xml       

 PARAMETER PBLOAD =     750.0000000    

 *GET  PBANALYSIS  FROM  ACTI  ITEM=ANTY       VALUE=  8.00000000    

 *IF  PBAnalysis  ( =   8.00000     )  EQ  
      0  ( =   0.00000     )  THEN    

 *ENDIF

 SELECT ALL ENTITIES OF TYPE= ALL  AND BELOW
 Done Sending PCB_ExistingBolt_670N.xml at ASSEMBLY Level as Bolt

 PARAMETER _MECHOBJID =     4163.000000    

 PARAMETER _MECHANALYSISSTEP =     0.000000000    

 SET PARAMETER DIMENSIONS ON  _APDLBOLTCSIDS
  TYPE=ARRA  DIMENSIONS=        1        1        1

 *** WARNING ***                         ELAPSED TIME =       6.788   TIME= 11:16:03
 Parameter _APDLBOLTCSIDS already exists.  It is deleted and redefined   
 by the *DIM command.                                                    

 PARAMETER _APDLBOLTCSIDS(1) =     12.00000000    

 PARAMETER _BOLTZLOC =     0.000000000    

 PARAMETER _NUTWASHERZLOC =     0.000000000    

 PARAMETER _NUTZLOC =     0.000000000    

 PARAMETER PBINDEX =     4.000000000    

 PARAMETER PBBODY = PCB670_04_BODY  

 PARAMETER PBSHAFT = PCB670_04_SHAFT 

 PARAMETER PBHOLE = PCB670_04_HOLE  
 ****** Sending PCB_ExistingBolt_670N.xml at ASSEMBLY Level as Bolt ******

 PARAMETER PARTNAMEINASSEMBLY = Bolt    

 PARAMETER INPUTLEVEL = ASSEMBLY

 PARAMETER PARTFILENAME = PCB_ExistingBolt_670N.xml       

 PARAMETER PBLOAD =     750.0000000    

 *GET  PBANALYSIS  FROM  ACTI  ITEM=ANTY       VALUE=  8.00000000    

 *IF  PBAnalysis  ( =   8.00000     )  EQ  
      0  ( =   0.00000     )  THEN    

 *ENDIF

 SELECT ALL ENTITIES OF TYPE= ALL  AND BELOW
 Done Sending PCB_ExistingBolt_670N.xml at ASSEMBLY Level as Bolt

 PARAMETER _MECHOBJID =     4171.000000    

 PARAMETER _MECHANALYSISSTEP =     0.000000000    

 SET PARAMETER DIMENSIONS ON  _APDLBOLTCSIDS
  TYPE=ARRA  DIMENSIONS=        1        1        1

 *** WARNING ***                         ELAPSED TIME =       6.789   TIME= 11:16:03
 Parameter _APDLBOLTCSIDS already exists.  It is deleted and redefined   
 by the *DIM command.                                                    

 PARAMETER _APDLBOLTCSIDS(1) =     12.00000000    

 PARAMETER _BOLTZLOC =     0.000000000    

 PARAMETER _NUTWASHERZLOC =     0.000000000    

 PARAMETER _NUTZLOC =     0.000000000    

 PARAMETER PBINDEX =     5.000000000    

 PARAMETER PBBODY = PCB670_05_BODY  

 PARAMETER PBSHAFT = PCB670_05_SHAFT 

 PARAMETER PBHOLE = PCB670_05_HOLE  
 ****** Sending PCB_ExistingBolt_670N.xml at ASSEMBLY Level as Bolt ******

 PARAMETER PARTNAMEINASSEMBLY = Bolt    

 PARAMETER INPUTLEVEL = ASSEMBLY

 PARAMETER PARTFILENAME = PCB_ExistingBolt_670N.xml       

 PARAMETER PBLOAD =     750.0000000    

 *GET  PBANALYSIS  FROM  ACTI  ITEM=ANTY       VALUE=  8.00000000    

 *IF  PBAnalysis  ( =   8.00000     )  EQ  
      0  ( =   0.00000     )  THEN    

 *ENDIF

 SELECT ALL ENTITIES OF TYPE= ALL  AND BELOW
 Done Sending PCB_ExistingBolt_670N.xml at ASSEMBLY Level as Bolt

 PARAMETER _MECHOBJID =     4179.000000    

 PARAMETER _MECHANALYSISSTEP =     0.000000000    

 SET PARAMETER DIMENSIONS ON  _APDLBOLTCSIDS
  TYPE=ARRA  DIMENSIONS=        1        1        1

 *** WARNING ***                         ELAPSED TIME =       6.790   TIME= 11:16:03
 Parameter _APDLBOLTCSIDS already exists.  It is deleted and redefined   
 by the *DIM command.                                                    

 PARAMETER _APDLBOLTCSIDS(1) =     12.00000000    

 PARAMETER _BOLTZLOC =     0.000000000    

 PARAMETER _NUTWASHERZLOC =     0.000000000    

 PARAMETER _NUTZLOC =     0.000000000    

 PARAMETER PBINDEX =     6.000000000    

 PARAMETER PBBODY = PCB670_06_BODY  

 PARAMETER PBSHAFT = PCB670_06_SHAFT 

 PARAMETER PBHOLE = PCB670_06_HOLE  
 ****** Sending PCB_ExistingBolt_670N.xml at ASSEMBLY Level as Bolt ******

 PARAMETER PARTNAMEINASSEMBLY = Bolt    

 PARAMETER INPUTLEVEL = ASSEMBLY

 PARAMETER PARTFILENAME = PCB_ExistingBolt_670N.xml       

 PARAMETER PBLOAD =     750.0000000    

 *GET  PBANALYSIS  FROM  ACTI  ITEM=ANTY       VALUE=  8.00000000    

 *IF  PBAnalysis  ( =   8.00000     )  EQ  
      0  ( =   0.00000     )  THEN    

 *ENDIF

 SELECT ALL ENTITIES OF TYPE= ALL  AND BELOW
 Done Sending PCB_ExistingBolt_670N.xml at ASSEMBLY Level as Bolt

 *GET  PBCHECKANTY  FROM  ACTI  ITEM=ANTY       VALUE=  8.00000000    
 PREFLIGHT_PSD_ANTY=8

 *IF  PBCheckAnty  ( =   8.00000     )  NE  
      8  ( =   8.00000     )  THEN    

 *ENDIF

 SELECT       FOR ITEM=D    COMPONENT=UX    BETWEEN  1.0000     AND   1.0000    
   KABS=  0.  TOLERANCE= 0.500000E-02

        781  NODES (OF     369590  DEFINED) SELECTED BY  NSEL  COMMAND.

 *GET  PBCOUNT   FROM  NODE  ITEM=COUN       VALUE=  781.000000     
 PREFLIGHT_EXCITATION_NODES=781

 *IF  PBCount  ( =   781.000     )  NE  
      781  ( =   781.000     )  THEN    

 *ENDIF

 SET PARAMETER DIMENSIONS ON  PBEXCNODES
  TYPE=ARRA  DIMENSIONS=      781        1        1

 VECTOR GET OPERATION  PBExcNodes(1)  VECTOR LENGTH=     781
 NAME= NODE         0  NLIS      

 OPENED FILE= excitation_nodes.txt FOR COMMAND FILE DATA 


  COMMAND FILE CLOSED 


 SELECT ALL ENTITIES OF TYPE= ALL  AND BELOW



                          Spectrum load options


               Type of PSD data     TABLE NUMBER      DATA TYPE        
                                          1             ACEL
          PSD result quantities     DISP    VELO    ACEL               
                                    REL     ABS     ABS 
           PSD wave propagation     NOT INCLUDED                       
     Spatial correlation option     NOT INCLUDED
           PSD frequency points     ROW/COL.             FREQ
                                   ( 1, 1)  20.000      50.000      800.00    
                                            2000.0    
                 Diagonal terms     TABLE =  1
                                        FREQ       VALUE
                                      20.000      2.5004    
                                      50.000      15.387    
                                      800.00      15.387    
                                      2000.0      2.5004    
              Cospectral values     NONE DEFINED
            Quadspectral values     NONE DEFINED
        Mode combination method     COMBINE MODES USE PSD METHOD       
  WHOSE SIGNIFICANCE LEVEL EXCEEDS THE THRESHOLD OF   0.0000    
       ALL MODES FROM THE MODAL ANALYSIS ARE SELECTED FOR COMBINATION.

 /SHOW SWITCH PLOTS TO  PNG         - RASTER MODE.

 GRAPHICS FILE PIXEL RESOLUTION =   1200

 PLOT PSD INPUT FOR TABLE  1
   FREQ MIN,MAX =   20.000      2000.0       PSD MIN,MAX =   2.4840      15.387    

 CUMULATIVE DISPLAY NUMBER   1 WRITTEN TO FILE psdcheck000.png   - RASTER MODE.
 DISPLAY TITLE= 
 powerboardsim_v1--RANDOM VIBE - X - 2pct damping (F5)                   

 *** NOTE ***

 libpng version 1.6.52
 Copyright (c) 2018-2025 Cosmin Truta
 Copyright (c) 1998-2002,2004,2006-2018 Glenn Randers-Pehrson
 Copyright (c) 1996-1997 Andreas Dilger
 Copyright (c) 1995-1996 Guy Eric Schalnat, Group 42, Inc.

 ZLIB Version 1.3.1 Copyright (C) 1995-1998 Jean-loup Gailly and Mark Adler

 FINISH SOLUTION PROCESSING


 ***** ROUTINE COMPLETED *****  ELAPSED TIME =         6.913



 *** MAPDL - ENGINEERING ANALYSIS SYSTEM  RELEASE 2026 R1.02       26.1     ***
 Ansys Mechanical Enterprise Academic Research     
 01196637  VERSION=WINDOWS x64   11:16:03  OCT 05, 2026 Elapsed Time=      6.913

 powerboardsim_v1--RANDOM VIBE - X - 2pct damping (F5)                         



          ***** MAPDL ANALYSIS DEFINITION (PREP7) *****

 *GET  PBNC      FROM  NODE  ITEM=COUN       VALUE=  369590.000     

 *GET  PBEC      FROM  ELEM  ITEM=COUN           VALUE=  248516.000    
 PREFLIGHT_MODEL_NODES=369590 ELEMENTS=248516
 PSD_INPUT_AND_EXCITATION_SCOPING_VERIFIED


 ***** ROUTINE COMPLETED *****  ELAPSED TIME =         6.947



 EXIT MAPDL WITHOUT SAVING DATABASE


 NUMBER OF WARNING MESSAGES ENCOUNTERED=          6
 NUMBER OF ERROR   MESSAGES ENCOUNTERED=          0

+--------------------- M A P D L   S T A T I S T I C S ------------------------+

Release: 2026 R1.02         Build: 26.1       Update: UP20260202   Platform: WINDOWS x64 
Date Run: 10/05/2026   Time: 11:16     Process ID: 3068
Operating System: Windows 11  (Build: 26200)

Processor Model:                           Virtual CPU @ 3.20GHz

Compiler: Intel(R) Fortran Compiler Classic Version 2021.9  (Build: 20230302)
          Intel(R) C/C++ Compiler Classic Version 2021.9  (Build: 20230302)
          AOCL-BLAS 5.1.1 Build 20251008
          Intel(R) oneAPI Math Kernel Library Version 2024.2.3-Product Build 20250403

Number of machines requested            :    1
Total number of cores available         :   14
Number of physical cores available      :   14
Number of processes requested           :    1
Number of threads per process requested :    1
Total number of cores requested         :    1 (Shared Memory Parallel)                    

GPU Acceleration: Not Requested

Job Name: psdcheck
Input File: preflight.dat
Working Directory: C:\Temp\PCBRV_20261005_X_local

Total CPU time for main thread                    :        1.8 seconds
Total CPU time summed for all threads             :        1.6 seconds

Elapsed time spent obtaining a license            :        1.2 seconds
Elapsed time spent pre-processing model (/PREP7)  :        0.0 seconds
Elapsed time spent solution - preprocessing       :        0.0 seconds
Elapsed time spent computing solution             :        0.0 seconds
   Elapsed time in element formation & assembly   :        0.0 seconds
   Elapsed time in equation solver                :        0.0 seconds
   Elapsed time in element result calculations    :        0.0 seconds
Elapsed time spent solution - postprocessing      :        0.0 seconds
Elapsed time spent post-processing model (/POST1) :        0.0 seconds
 

Sum of disk space used on all processes           :        0.0 MB

Sum of memory used on all processes               :      406.0 MB
Sum of memory allocated on all processes          :     2304.0 MB
Physical memory available                         :        112 GB
Total amount of I/O written to disk               :        0.0 GB
Total amount of I/O read from disk                :        0.2 GB

+------------------ E N D   M A P D L   S T A T I S T I C S -------------------+


 *-----------------------------------------------------------------------------*
 |                                                                             |
 |                               RUN COMPLETED                                 |
 |                                                                             |
 |-----------------------------------------------------------------------------|
 |                                                                             |
 |  Ansys MAPDL 2026 R1.02      Build 26.1         UP20260202    WINDOWS x64   |
 |                                                                             |
 |-----------------------------------------------------------------------------|
 |                                                                             |
 |  Database Requested(-db)  1024 MB     Scratch Memory Requested      1024 MB |
 |  Maximum Database Used     381 MB     Maximum Scratch Memory Used     25 MB |
 |                                                                             |
 |-----------------------------------------------------------------------------|
 |                                                                             |
 |        CP Time      (sec) =          1.609       Time  =  11:16:14          |
 |        Elapsed Time (sec) =         17.847       Date  =  10/05/2026        |
 |                                                                             |
 *-----------------------------------------------------------------------------*
