/COM,ANSYS RELEASE 2026 R1.02        BUILD 26.1      UP20260202       11:18:14

 *** WARNING ***                         ELAPSED TIME =       8.155   TIME= 11:18:18
 Requested data is not stored for node 258721.                           
  Line= *GET, PBS, node, 258721, S, X                                    
  The *GET command is ignored.                                           

 *** WARNING ***                         ELAPSED TIME =       8.155   TIME= 11:18:18
 Requested data is not stored for node 258721.                           
  Line= *GET, PBS, node, 258721, S, Y                                    
  The *GET command is ignored.                                           

 *** WARNING ***                         ELAPSED TIME =       8.156   TIME= 11:18:18
 Requested data is not stored for node 258721.                           
  Line= *GET, PBS, node, 258721, S, Z                                    
  The *GET command is ignored.                                           

 *** WARNING ***                         ELAPSED TIME =       8.156   TIME= 11:18:18
 Requested data is not stored for node 258721.                           
  Line= *GET, PBS, node, 258721, S, XY                                   
  The *GET command is ignored.                                           

 *** WARNING ***                         ELAPSED TIME =       8.156   TIME= 11:18:18
 Requested data is not stored for node 258721.                           
  Line= *GET, PBS, node, 258721, S, YZ                                   
  The *GET command is ignored.                                           

 *** WARNING ***                         ELAPSED TIME =       8.156   TIME= 11:18:18
 Requested data is not stored for node 258721.                           
  Line= *GET, PBS, node, 258721, S, XZ                                   
  The *GET command is ignored.                                           

 *** WARNING ***                         ELAPSED TIME =       9.186   TIME= 11:18:19
 Requested data is not stored for node 258721.                           
  Line= *GET, PBS, node, 258721, S, X                                    
  The *GET command is ignored.                                           

 *** WARNING ***                         ELAPSED TIME =       9.186   TIME= 11:18:19
 Requested data is not stored for node 258721.                           
  Line= *GET, PBS, node, 258721, S, Y                                    
  The *GET command is ignored.                                           

 *** WARNING ***                         ELAPSED TIME =       9.186   TIME= 11:18:19
 Requested data is not stored for node 258721.                           
  Line= *GET, PBS, node, 258721, S, Z                                    
  The *GET command is ignored.                                           

 *** WARNING ***                         ELAPSED TIME =       9.186   TIME= 11:18:19
 Requested data is not stored for node 258721.                           
  Line= *GET, PBS, node, 258721, S, XY                                   
  The *GET command is ignored.                                           

 *** WARNING ***                         ELAPSED TIME =       9.186   TIME= 11:18:19
 Requested data is not stored for node 258721.                           
  Line= *GET, PBS, node, 258721, S, YZ                                   
  The *GET command is ignored.                                           

 *** WARNING ***                         ELAPSED TIME =       9.186   TIME= 11:18:19
 Requested data is not stored for node 258721.                           
  Line= *GET, PBS, node, 258721, S, XZ                                   
  The *GET command is ignored.                                           

 *** WARNING ***                         ELAPSED TIME =      10.135   TIME= 11:18:20
 Requested data is not stored for node 258721.                           
  Line= *GET, PBS, node, 258721, S, X                                    
  The *GET command is ignored.                                           

 *** WARNING ***                         ELAPSED TIME =      10.135   TIME= 11:18:20
 Requested data is not stored for node 258721.                           
  Line= *GET, PBS, node, 258721, S, Y                                    
  The *GET command is ignored.                                           

 *** WARNING ***                         ELAPSED TIME =      10.135   TIME= 11:18:20
 Requested data is not stored for node 258721.                           
  Line= *GET, PBS, node, 258721, S, Z                                    
  The *GET command is ignored.                                           

 *** WARNING ***                         ELAPSED TIME =      10.135   TIME= 11:18:20
 Requested data is not stored for node 258721.                           
  Line= *GET, PBS, node, 258721, S, XY                                   
  The *GET command is ignored.                                           

 *** WARNING ***                         ELAPSED TIME =      10.135   TIME= 11:18:20
 Requested data is not stored for node 258721.                           
  Line= *GET, PBS, node, 258721, S, YZ                                   
  The *GET command is ignored.                                           

 *** WARNING ***                         ELAPSED TIME =      10.135   TIME= 11:18:20
 Requested data is not stored for node 258721.                           
  Line= *GET, PBS, node, 258721, S, XZ                                   
  The *GET command is ignored.                                           

 *** WARNING ***                         ELAPSED TIME =      11.071   TIME= 11:18:21
 Requested data is not stored for node 258721.                           
  Line= *GET, PBS, node, 258721, S, X                                    
  The *GET command is ignored.                                           

 *** WARNING ***                         ELAPSED TIME =      11.071   TIME= 11:18:21
 Requested data is not stored for node 258721.                           
  Line= *GET, PBS, node, 258721, S, Y                                    
  The *GET command is ignored.                                           

 *** WARNING ***                         ELAPSED TIME =      11.071   TIME= 11:18:21
 Requested data is not stored for node 258721.                           
  Line= *GET, PBS, node, 258721, S, Z                                    
  The *GET command is ignored.                                           

 *** WARNING ***                         ELAPSED TIME =      11.071   TIME= 11:18:21
 Requested data is not stored for node 258721.                           
  Line= *GET, PBS, node, 258721, S, XY                                   
  The *GET command is ignored.                                           

 *** WARNING ***                         ELAPSED TIME =      11.071   TIME= 11:18:21
 Requested data is not stored for node 258721.                           
  Line= *GET, PBS, node, 258721, S, YZ                                   
  The *GET command is ignored.                                           

 *** WARNING ***                         ELAPSED TIME =      11.071   TIME= 11:18:21
 Requested data is not stored for node 258721.                           
  Line= *GET, PBS, node, 258721, S, XZ                                   
  The *GET command is ignored.                                           

 *** WARNING ***                         ELAPSED TIME =      12.017   TIME= 11:18:22
 Requested data is not stored for node 258721.                           
  Line= *GET, PBS, node, 258721, S, X                                    
  The *GET command is ignored.                                           

 *** WARNING ***                         ELAPSED TIME =      12.017   TIME= 11:18:22
 Requested data is not stored for node 258721.                           
  Line= *GET, PBS, node, 258721, S, Y                                    
  The *GET command is ignored.                                           

 *** WARNING ***                         ELAPSED TIME =      12.017   TIME= 11:18:22
 Requested data is not stored for node 258721.                           
  Line= *GET, PBS, node, 258721, S, Z                                    
  The *GET command is ignored.                                           

 *** WARNING ***                         ELAPSED TIME =      12.017   TIME= 11:18:22
 Requested data is not stored for node 258721.                           
  Line= *GET, PBS, node, 258721, S, XY                                   
  The *GET command is ignored.                                           

 *** WARNING ***                         ELAPSED TIME =      12.017   TIME= 11:18:22
 Requested data is not stored for node 258721.                           
  Line= *GET, PBS, node, 258721, S, YZ                                   
  The *GET command is ignored.                                           

 *** WARNING ***                         ELAPSED TIME =      12.017   TIME= 11:18:22
 Requested data is not stored for node 258721.                           
  Line= *GET, PBS, node, 258721, S, XZ                                   
  The *GET command is ignored.                                           

 *** WARNING ***                         ELAPSED TIME =      12.971   TIME= 11:18:22
 Requested data is not stored for node 258721.                           
  Line= *GET, PBS, node, 258721, S, X                                    
  The *GET command is ignored.                                           

 *** WARNING ***                         ELAPSED TIME =      12.971   TIME= 11:18:22
 Requested data is not stored for node 258721.                           
  Line= *GET, PBS, node, 258721, S, Y                                    
  The *GET command is ignored.                                           

 *** WARNING ***                         ELAPSED TIME =      12.971   TIME= 11:18:22
 Requested data is not stored for node 258721.                           
  Line= *GET, PBS, node, 258721, S, Z                                    
  The *GET command is ignored.                                           

 *** WARNING ***                         ELAPSED TIME =      12.971   TIME= 11:18:22
 Requested data is not stored for node 258721.                           
  Line= *GET, PBS, node, 258721, S, XY                                   
  The *GET command is ignored.                                           

 *** WARNING ***                         ELAPSED TIME =      12.972   TIME= 11:18:22
 Requested data is not stored for node 258721.                           
  Line= *GET, PBS, node, 258721, S, YZ                                   
  The *GET command is ignored.                                           

 *** WARNING ***                         ELAPSED TIME =      12.972   TIME= 11:18:22
 Requested data is not stored for node 258721.                           
  Line= *GET, PBS, node, 258721, S, XZ                                   
  The *GET command is ignored.                                           

 *** WARNING ***                         ELAPSED TIME =      13.942   TIME= 11:18:23
 Requested data is not stored for node 258721.                           
  Line= *GET, PBS, node, 258721, S, X                                    
  The *GET command is ignored.                                           

 *** WARNING ***                         ELAPSED TIME =      13.942   TIME= 11:18:23
 Requested data is not stored for node 258721.                           
  Line= *GET, PBS, node, 258721, S, Y                                    
  The *GET command is ignored.                                           

 *** WARNING ***                         ELAPSED TIME =      13.942   TIME= 11:18:23
 Requested data is not stored for node 258721.                           
  Line= *GET, PBS, node, 258721, S, Z                                    
  The *GET command is ignored.                                           

 *** WARNING ***                         ELAPSED TIME =      13.942   TIME= 11:18:23
 Requested data is not stored for node 258721.                           
  Line= *GET, PBS, node, 258721, S, XY                                   
  The *GET command is ignored.                                           

 *** WARNING ***                         ELAPSED TIME =      13.943   TIME= 11:18:23
 Requested data is not stored for node 258721.                           
  Line= *GET, PBS, node, 258721, S, YZ                                   
  The *GET command is ignored.                                           

 *** WARNING ***                         ELAPSED TIME =      13.943   TIME= 11:18:23
 Requested data is not stored for node 258721.                           
  Line= *GET, PBS, node, 258721, S, XZ                                   
  The *GET command is ignored.                                           

 *** WARNING ***                         ELAPSED TIME =      14.866   TIME= 11:18:24
 Requested data is not stored for node 258721.                           
  Line= *GET, PBS, node, 258721, S, X                                    
  The *GET command is ignored.                                           

 *** WARNING ***                         ELAPSED TIME =      14.866   TIME= 11:18:24
 Requested data is not stored for node 258721.                           
  Line= *GET, PBS, node, 258721, S, Y                                    
  The *GET command is ignored.                                           

 *** WARNING ***                         ELAPSED TIME =      14.866   TIME= 11:18:24
 Requested data is not stored for node 258721.                           
  Line= *GET, PBS, node, 258721, S, Z                                    
  The *GET command is ignored.                                           

 *** WARNING ***                         ELAPSED TIME =      14.866   TIME= 11:18:24
 Requested data is not stored for node 258721.                           
  Line= *GET, PBS, node, 258721, S, XY                                   
  The *GET command is ignored.                                           

 *** WARNING ***                         ELAPSED TIME =      14.866   TIME= 11:18:24
 Requested data is not stored for node 258721.                           
  Line= *GET, PBS, node, 258721, S, YZ                                   
  The *GET command is ignored.                                           

 *** WARNING ***                         ELAPSED TIME =      14.866   TIME= 11:18:24
 Requested data is not stored for node 258721.                           
  Line= *GET, PBS, node, 258721, S, XZ                                   
  The *GET command is ignored.                                           

 *** WARNING ***                         ELAPSED TIME =      15.794   TIME= 11:18:25
 Requested data is not stored for node 258721.                           
  Line= *GET, PBS, node, 258721, S, X                                    
  The *GET command is ignored.                                           

 *** WARNING ***                         ELAPSED TIME =      15.794   TIME= 11:18:25
 Requested data is not stored for node 258721.                           
  Line= *GET, PBS, node, 258721, S, Y                                    
  The *GET command is ignored.                                           

 *** WARNING ***                         ELAPSED TIME =      15.794   TIME= 11:18:25
 Requested data is not stored for node 258721.                           
  Line= *GET, PBS, node, 258721, S, Z                                    
  The *GET command is ignored.                                           

 *** WARNING ***                         ELAPSED TIME =      15.794   TIME= 11:18:25
 Requested data is not stored for node 258721.                           
  Line= *GET, PBS, node, 258721, S, XY                                   
  The *GET command is ignored.                                           

 *** WARNING ***                         ELAPSED TIME =      15.795   TIME= 11:18:25
 Requested data is not stored for node 258721.                           
  Line= *GET, PBS, node, 258721, S, YZ                                   
  The *GET command is ignored.                                           

 *** WARNING ***                         ELAPSED TIME =      15.795   TIME= 11:18:25
 Requested data is not stored for node 258721.                           
  Line= *GET, PBS, node, 258721, S, XZ                                   
  The *GET command is ignored.                                           

 *** WARNING ***                         ELAPSED TIME =      16.763   TIME= 11:18:26
 Requested data is not stored for node 258721.                           
  Line= *GET, PBS, node, 258721, S, X                                    
  The *GET command is ignored.                                           

 *** WARNING ***                         ELAPSED TIME =      16.763   TIME= 11:18:26
 Requested data is not stored for node 258721.                           
  Line= *GET, PBS, node, 258721, S, Y                                    
  The *GET command is ignored.                                           

 *** WARNING ***                         ELAPSED TIME =      16.763   TIME= 11:18:26
 Requested data is not stored for node 258721.                           
  Line= *GET, PBS, node, 258721, S, Z                                    
  The *GET command is ignored.                                           

 *** WARNING ***                         ELAPSED TIME =      16.763   TIME= 11:18:26
 Requested data is not stored for node 258721.                           
  Line= *GET, PBS, node, 258721, S, XY                                   
  The *GET command is ignored.                                           

 *** WARNING ***                         ELAPSED TIME =      16.763   TIME= 11:18:26
 Requested data is not stored for node 258721.                           
  Line= *GET, PBS, node, 258721, S, YZ                                   
  The *GET command is ignored.                                           

 *** WARNING ***                         ELAPSED TIME =      16.763   TIME= 11:18:26
 Requested data is not stored for node 258721.                           
  Line= *GET, PBS, node, 258721, S, XZ                                   
  The *GET command is ignored.                                           

 *** WARNING ***                         ELAPSED TIME =      17.694   TIME= 11:18:27
 Requested data is not stored for node 258721.                           
  Line= *GET, PBS, node, 258721, S, X                                    
  The *GET command is ignored.                                           

 *** WARNING ***                         ELAPSED TIME =      17.694   TIME= 11:18:27
 Requested data is not stored for node 258721.                           
  Line= *GET, PBS, node, 258721, S, Y                                    
  The *GET command is ignored.                                           

 *** WARNING ***                         ELAPSED TIME =      17.695   TIME= 11:18:27
 Requested data is not stored for node 258721.                           
  Line= *GET, PBS, node, 258721, S, Z                                    
  The *GET command is ignored.                                           

 *** WARNING ***                         ELAPSED TIME =      17.695   TIME= 11:18:27
 Requested data is not stored for node 258721.                           
  Line= *GET, PBS, node, 258721, S, XY                                   
  The *GET command is ignored.                                           

 *** WARNING ***                         ELAPSED TIME =      17.695   TIME= 11:18:27
 Requested data is not stored for node 258721.                           
  Line= *GET, PBS, node, 258721, S, YZ                                   
  The *GET command is ignored.                                           

 *** WARNING ***                         ELAPSED TIME =      17.695   TIME= 11:18:27
 Requested data is not stored for node 258721.                           
  Line= *GET, PBS, node, 258721, S, XZ                                   
  The *GET command is ignored.                                           

 *** WARNING ***                         ELAPSED TIME =      18.623   TIME= 11:18:28
 Requested data is not stored for node 258721.                           
  Line= *GET, PBS, node, 258721, S, X                                    
  The *GET command is ignored.                                           

 *** WARNING ***                         ELAPSED TIME =      18.623   TIME= 11:18:28
 Requested data is not stored for node 258721.                           
  Line= *GET, PBS, node, 258721, S, Y                                    
  The *GET command is ignored.                                           

 *** WARNING ***                         ELAPSED TIME =      18.623   TIME= 11:18:28
 Requested data is not stored for node 258721.                           
  Line= *GET, PBS, node, 258721, S, Z                                    
  The *GET command is ignored.                                           

 *** WARNING ***                         ELAPSED TIME =      18.624   TIME= 11:18:28
 Requested data is not stored for node 258721.                           
  Line= *GET, PBS, node, 258721, S, XY                                   
  The *GET command is ignored.                                           

 *** WARNING ***                         ELAPSED TIME =      18.624   TIME= 11:18:28
 Requested data is not stored for node 258721.                           
  Line= *GET, PBS, node, 258721, S, YZ                                   
  The *GET command is ignored.                                           

 *** WARNING ***                         ELAPSED TIME =      18.624   TIME= 11:18:28
 Requested data is not stored for node 258721.                           
  Line= *GET, PBS, node, 258721, S, XZ                                   
  The *GET command is ignored.                                           

 *** WARNING ***                         ELAPSED TIME =      19.580   TIME= 11:18:29
 Requested data is not stored for node 258721.                           
  Line= *GET, PBS, node, 258721, S, X                                    
  The *GET command is ignored.                                           

 *** WARNING ***                         ELAPSED TIME =      19.580   TIME= 11:18:29
 Requested data is not stored for node 258721.                           
  Line= *GET, PBS, node, 258721, S, Y                                    
  The *GET command is ignored.                                           

 *** WARNING ***                         ELAPSED TIME =      19.580   TIME= 11:18:29
 Requested data is not stored for node 258721.                           
  Line= *GET, PBS, node, 258721, S, Z                                    
  The *GET command is ignored.                                           

 *** WARNING ***                         ELAPSED TIME =      19.580   TIME= 11:18:29
 Requested data is not stored for node 258721.                           
  Line= *GET, PBS, node, 258721, S, XY                                   
  The *GET command is ignored.                                           

 *** WARNING ***                         ELAPSED TIME =      19.580   TIME= 11:18:29
 Requested data is not stored for node 258721.                           
  Line= *GET, PBS, node, 258721, S, YZ                                   
  The *GET command is ignored.                                           

 *** WARNING ***                         ELAPSED TIME =      19.580   TIME= 11:18:29
 Requested data is not stored for node 258721.                           
  Line= *GET, PBS, node, 258721, S, XZ                                   
  The *GET command is ignored.                                           

 *** WARNING ***                         ELAPSED TIME =      20.488   TIME= 11:18:30
 Requested data is not stored for node 258721.                           
  Line= *GET, PBS, node, 258721, S, X                                    
  The *GET command is ignored.                                           

 *** WARNING ***                         ELAPSED TIME =      20.488   TIME= 11:18:30
 Requested data is not stored for node 258721.                           
  Line= *GET, PBS, node, 258721, S, Y                                    
  The *GET command is ignored.                                           

 *** WARNING ***                         ELAPSED TIME =      20.488   TIME= 11:18:30
 Requested data is not stored for node 258721.                           
  Line= *GET, PBS, node, 258721, S, Z                                    
  The *GET command is ignored.                                           

 *** WARNING ***                         ELAPSED TIME =      20.488   TIME= 11:18:30
 Requested data is not stored for node 258721.                           
  Line= *GET, PBS, node, 258721, S, XY                                   
  The *GET command is ignored.                                           

 *** WARNING ***                         ELAPSED TIME =      20.488   TIME= 11:18:30
 Requested data is not stored for node 258721.                           
  Line= *GET, PBS, node, 258721, S, YZ                                   
  The *GET command is ignored.                                           

 *** WARNING ***                         ELAPSED TIME =      20.488   TIME= 11:18:30
 Requested data is not stored for node 258721.                           
  Line= *GET, PBS, node, 258721, S, XZ                                   
  The *GET command is ignored.                                           

 *** WARNING ***                         ELAPSED TIME =      21.418   TIME= 11:18:31
 Requested data is not stored for node 258721.                           
  Line= *GET, PBS, node, 258721, S, X                                    
  The *GET command is ignored.                                           

 *** WARNING ***                         ELAPSED TIME =      21.418   TIME= 11:18:31
 Requested data is not stored for node 258721.                           
  Line= *GET, PBS, node, 258721, S, Y                                    
  The *GET command is ignored.                                           

 *** WARNING ***                         ELAPSED TIME =      21.418   TIME= 11:18:31
 Requested data is not stored for node 258721.                           
  Line= *GET, PBS, node, 258721, S, Z                                    
  The *GET command is ignored.                                           

 *** WARNING ***                         ELAPSED TIME =      21.418   TIME= 11:18:31
 Requested data is not stored for node 258721.                           
  Line= *GET, PBS, node, 258721, S, XY                                   
  The *GET command is ignored.                                           

 *** WARNING ***                         ELAPSED TIME =      21.418   TIME= 11:18:31
 Requested data is not stored for node 258721.                           
  Line= *GET, PBS, node, 258721, S, YZ                                   
  The *GET command is ignored.                                           

 *** WARNING ***                         ELAPSED TIME =      21.418   TIME= 11:18:31
 Requested data is not stored for node 258721.                           
  Line= *GET, PBS, node, 258721, S, XZ                                   
  The *GET command is ignored.                                           

 *** WARNING ***                         ELAPSED TIME =      22.367   TIME= 11:18:32
 Requested data is not stored for node 258721.                           
  Line= *GET, PBS, node, 258721, S, X                                    
  The *GET command is ignored.                                           

 *** WARNING ***                         ELAPSED TIME =      22.367   TIME= 11:18:32
 Requested data is not stored for node 258721.                           
  Line= *GET, PBS, node, 258721, S, Y                                    
  The *GET command is ignored.                                           

 *** WARNING ***                         ELAPSED TIME =      22.367   TIME= 11:18:32
 Requested data is not stored for node 258721.                           
  Line= *GET, PBS, node, 258721, S, Z                                    
  The *GET command is ignored.                                           

 *** WARNING ***                         ELAPSED TIME =      22.367   TIME= 11:18:32
 Requested data is not stored for node 258721.                           
  Line= *GET, PBS, node, 258721, S, XY                                   
  The *GET command is ignored.                                           

 *** WARNING ***                         ELAPSED TIME =      22.368   TIME= 11:18:32
 Requested data is not stored for node 258721.                           
  Line= *GET, PBS, node, 258721, S, YZ                                   
  The *GET command is ignored.                                           

 *** WARNING ***                         ELAPSED TIME =      22.368   TIME= 11:18:32
 Requested data is not stored for node 258721.                           
  Line= *GET, PBS, node, 258721, S, XZ                                   
  The *GET command is ignored.                                           

 *** WARNING ***                         ELAPSED TIME =      23.339   TIME= 11:18:33
 Requested data is not stored for node 258721.                           
  Line= *GET, PBS, node, 258721, S, X                                    
  The *GET command is ignored.                                           

 *** WARNING ***                         ELAPSED TIME =      23.339   TIME= 11:18:33
 Requested data is not stored for node 258721.                           
  Line= *GET, PBS, node, 258721, S, Y                                    
  The *GET command is ignored.                                           

 *** WARNING ***                         ELAPSED TIME =      23.339   TIME= 11:18:33
 Requested data is not stored for node 258721.                           
  Line= *GET, PBS, node, 258721, S, Z                                    
  The *GET command is ignored.                                           

 *** WARNING ***                         ELAPSED TIME =      23.339   TIME= 11:18:33
 Requested data is not stored for node 258721.                           
  Line= *GET, PBS, node, 258721, S, XY                                   
  The *GET command is ignored.                                           

 *** WARNING ***                         ELAPSED TIME =      23.339   TIME= 11:18:33
 Requested data is not stored for node 258721.                           
  Line= *GET, PBS, node, 258721, S, YZ                                   
  The *GET command is ignored.                                           

 *** WARNING ***                         ELAPSED TIME =      23.339   TIME= 11:18:33
 Requested data is not stored for node 258721.                           
  Line= *GET, PBS, node, 258721, S, XZ                                   
  The *GET command is ignored.                                           

 *** WARNING ***                         ELAPSED TIME =      24.315   TIME= 11:18:34
 Requested data is not stored for node 258721.                           
  Line= *GET, PBS, node, 258721, S, X                                    
  The *GET command is ignored.                                           

 *** WARNING ***                         ELAPSED TIME =      24.315   TIME= 11:18:34
 Requested data is not stored for node 258721.                           
  Line= *GET, PBS, node, 258721, S, Y                                    
  The *GET command is ignored.                                           

 *** WARNING ***                         ELAPSED TIME =      24.315   TIME= 11:18:34
 Requested data is not stored for node 258721.                           
  Line= *GET, PBS, node, 258721, S, Z                                    
  The *GET command is ignored.                                           

 *** WARNING ***                         ELAPSED TIME =      24.315   TIME= 11:18:34
 Requested data is not stored for node 258721.                           
  Line= *GET, PBS, node, 258721, S, XY                                   
  The *GET command is ignored.                                           

 *** WARNING ***                         ELAPSED TIME =      24.315   TIME= 11:18:34
 Requested data is not stored for node 258721.                           
  Line= *GET, PBS, node, 258721, S, YZ                                   
  The *GET command is ignored.                                           

 *** WARNING ***                         ELAPSED TIME =      24.315   TIME= 11:18:34
 Requested data is not stored for node 258721.                           
  Line= *GET, PBS, node, 258721, S, XZ                                   
  The *GET command is ignored.                                           

 *** WARNING ***                         ELAPSED TIME =      25.255   TIME= 11:18:35
 Requested data is not stored for node 258721.                           
  Line= *GET, PBS, node, 258721, S, X                                    
  The *GET command is ignored.                                           

 *** WARNING ***                         ELAPSED TIME =      25.255   TIME= 11:18:35
 Requested data is not stored for node 258721.                           
  Line= *GET, PBS, node, 258721, S, Y                                    
  The *GET command is ignored.                                           

 *** WARNING ***                         ELAPSED TIME =      25.255   TIME= 11:18:35
 Requested data is not stored for node 258721.                           
  Line= *GET, PBS, node, 258721, S, Z                                    
  The *GET command is ignored.                                           

 *** WARNING ***                         ELAPSED TIME =      25.255   TIME= 11:18:35
 Requested data is not stored for node 258721.                           
  Line= *GET, PBS, node, 258721, S, XY                                   
  The *GET command is ignored.                                           

 *** WARNING ***                         ELAPSED TIME =      25.255   TIME= 11:18:35
 Requested data is not stored for node 258721.                           
  Line= *GET, PBS, node, 258721, S, YZ                                   
  The *GET command is ignored.                                           

 *** WARNING ***                         ELAPSED TIME =      25.255   TIME= 11:18:35
 Requested data is not stored for node 258721.                           
  Line= *GET, PBS, node, 258721, S, XZ                                   
  The *GET command is ignored.                                           

 *** WARNING ***                         ELAPSED TIME =      26.350   TIME= 11:18:36
 Requested data is not stored for node 258721.                           
  Line= *GET, PBS, node, 258721, S, X                                    
  The *GET command is ignored.                                           

 *** WARNING ***                         ELAPSED TIME =      26.351   TIME= 11:18:36
 Requested data is not stored for node 258721.                           
  Line= *GET, PBS, node, 258721, S, Y                                    
  The *GET command is ignored.                                           

 *** WARNING ***                         ELAPSED TIME =      26.351   TIME= 11:18:36
 Requested data is not stored for node 258721.                           
  Line= *GET, PBS, node, 258721, S, Z                                    
  The *GET command is ignored.                                           

 *** WARNING ***                         ELAPSED TIME =      26.351   TIME= 11:18:36
 Requested data is not stored for node 258721.                           
  Line= *GET, PBS, node, 258721, S, XY                                   
  The *GET command is ignored.                                           

 *** WARNING ***                         ELAPSED TIME =      26.351   TIME= 11:18:36
 Requested data is not stored for node 258721.                           
  Line= *GET, PBS, node, 258721, S, YZ                                   
  The *GET command is ignored.                                           

 *** WARNING ***                         ELAPSED TIME =      26.351   TIME= 11:18:36
 Requested data is not stored for node 258721.                           
  Line= *GET, PBS, node, 258721, S, XZ                                   
  The *GET command is ignored.                                           

 *** WARNING ***                         ELAPSED TIME =      27.364   TIME= 11:18:37
 Requested data is not stored for node 258721.                           
  Line= *GET, PBS, node, 258721, S, X                                    
  The *GET command is ignored.                                           

 *** WARNING ***                         ELAPSED TIME =      27.364   TIME= 11:18:37
 Requested data is not stored for node 258721.                           
  Line= *GET, PBS, node, 258721, S, Y                                    
  The *GET command is ignored.                                           

 *** WARNING ***                         ELAPSED TIME =      27.364   TIME= 11:18:37
 Requested data is not stored for node 258721.                           
  Line= *GET, PBS, node, 258721, S, Z                                    
  The *GET command is ignored.                                           

 *** WARNING ***                         ELAPSED TIME =      27.364   TIME= 11:18:37
 Requested data is not stored for node 258721.                           
  Line= *GET, PBS, node, 258721, S, XY                                   
  The *GET command is ignored.                                           

 *** WARNING ***                         ELAPSED TIME =      27.364   TIME= 11:18:37
 Requested data is not stored for node 258721.                           
  Line= *GET, PBS, node, 258721, S, YZ                                   
  The *GET command is ignored.                                           

 *** WARNING ***                         ELAPSED TIME =      27.364   TIME= 11:18:37
 Requested data is not stored for node 258721.                           
  Line= *GET, PBS, node, 258721, S, XZ                                   
  The *GET command is ignored.                                           

 *** WARNING ***                         ELAPSED TIME =      28.425   TIME= 11:18:38
 Requested data is not stored for node 258721.                           
  Line= *GET, PBS, node, 258721, S, X                                    
  The *GET command is ignored.                                           

 *** WARNING ***                         ELAPSED TIME =      28.425   TIME= 11:18:38
 Requested data is not stored for node 258721.                           
  Line= *GET, PBS, node, 258721, S, Y                                    
  The *GET command is ignored.                                           

 *** WARNING ***                         ELAPSED TIME =      28.425   TIME= 11:18:38
 Requested data is not stored for node 258721.                           
  Line= *GET, PBS, node, 258721, S, Z                                    
  The *GET command is ignored.                                           

 *** WARNING ***                         ELAPSED TIME =      28.425   TIME= 11:18:38
 Requested data is not stored for node 258721.                           
  Line= *GET, PBS, node, 258721, S, XY                                   
  The *GET command is ignored.                                           

 *** WARNING ***                         ELAPSED TIME =      28.425   TIME= 11:18:38
 Requested data is not stored for node 258721.                           
  Line= *GET, PBS, node, 258721, S, YZ                                   
  The *GET command is ignored.                                           

 *** WARNING ***                         ELAPSED TIME =      28.425   TIME= 11:18:38
 Requested data is not stored for node 258721.                           
  Line= *GET, PBS, node, 258721, S, XZ                                   
  The *GET command is ignored.                                           

 *** WARNING ***                         ELAPSED TIME =      29.463   TIME= 11:18:39
 Requested data is not stored for node 258721.                           
  Line= *GET, PBS, node, 258721, S, X                                    
  The *GET command is ignored.                                           

 *** WARNING ***                         ELAPSED TIME =      29.463   TIME= 11:18:39
 Requested data is not stored for node 258721.                           
  Line= *GET, PBS, node, 258721, S, Y                                    
  The *GET command is ignored.                                           

 *** WARNING ***                         ELAPSED TIME =      29.463   TIME= 11:18:39
 Requested data is not stored for node 258721.                           
  Line= *GET, PBS, node, 258721, S, Z                                    
  The *GET command is ignored.                                           

 *** WARNING ***                         ELAPSED TIME =      29.463   TIME= 11:18:39
 Requested data is not stored for node 258721.                           
  Line= *GET, PBS, node, 258721, S, XY                                   
  The *GET command is ignored.                                           

 *** WARNING ***                         ELAPSED TIME =      29.463   TIME= 11:18:39
 Requested data is not stored for node 258721.                           
  Line= *GET, PBS, node, 258721, S, YZ                                   
  The *GET command is ignored.                                           

 *** WARNING ***                         ELAPSED TIME =      29.463   TIME= 11:18:39
 Requested data is not stored for node 258721.                           
  Line= *GET, PBS, node, 258721, S, XZ                                   
  The *GET command is ignored.                                           

 *** WARNING ***                         ELAPSED TIME =      30.425   TIME= 11:18:40
 Requested data is not stored for node 258721.                           
  Line= *GET, PBS, node, 258721, S, X                                    
  The *GET command is ignored.                                           

 *** WARNING ***                         ELAPSED TIME =      30.425   TIME= 11:18:40
 Requested data is not stored for node 258721.                           
  Line= *GET, PBS, node, 258721, S, Y                                    
  The *GET command is ignored.                                           

 *** WARNING ***                         ELAPSED TIME =      30.425   TIME= 11:18:40
 Requested data is not stored for node 258721.                           
  Line= *GET, PBS, node, 258721, S, Z                                    
  The *GET command is ignored.                                           

 *** WARNING ***                         ELAPSED TIME =      30.425   TIME= 11:18:40
 Requested data is not stored for node 258721.                           
  Line= *GET, PBS, node, 258721, S, XY                                   
  The *GET command is ignored.                                           

 *** WARNING ***                         ELAPSED TIME =      30.425   TIME= 11:18:40
 Requested data is not stored for node 258721.                           
  Line= *GET, PBS, node, 258721, S, YZ                                   
  The *GET command is ignored.                                           

 *** WARNING ***                         ELAPSED TIME =      30.425   TIME= 11:18:40
 Requested data is not stored for node 258721.                           
  Line= *GET, PBS, node, 258721, S, XZ                                   
  The *GET command is ignored.                                           

 *** WARNING ***                         ELAPSED TIME =      31.370   TIME= 11:18:41
 Requested data is not stored for node 258721.                           
  Line= *GET, PBS, node, 258721, S, X                                    
  The *GET command is ignored.                                           

 *** WARNING ***                         ELAPSED TIME =      31.370   TIME= 11:18:41
 Requested data is not stored for node 258721.                           
  Line= *GET, PBS, node, 258721, S, Y                                    
  The *GET command is ignored.                                           

 *** WARNING ***                         ELAPSED TIME =      31.370   TIME= 11:18:41
 Requested data is not stored for node 258721.                           
  Line= *GET, PBS, node, 258721, S, Z                                    
  The *GET command is ignored.                                           

 *** WARNING ***                         ELAPSED TIME =      31.370   TIME= 11:18:41
 Requested data is not stored for node 258721.                           
  Line= *GET, PBS, node, 258721, S, XY                                   
  The *GET command is ignored.                                           

 *** WARNING ***                         ELAPSED TIME =      31.370   TIME= 11:18:41
 Requested data is not stored for node 258721.                           
  Line= *GET, PBS, node, 258721, S, YZ                                   
  The *GET command is ignored.                                           

 *** WARNING ***                         ELAPSED TIME =      31.370   TIME= 11:18:41
 Requested data is not stored for node 258721.                           
  Line= *GET, PBS, node, 258721, S, XZ                                   
  The *GET command is ignored.                                           

 *** WARNING ***                         ELAPSED TIME =      32.294   TIME= 11:18:42
 Requested data is not stored for node 258721.                           
  Line= *GET, PBS, node, 258721, S, X                                    
  The *GET command is ignored.                                           

 *** WARNING ***                         ELAPSED TIME =      32.294   TIME= 11:18:42
 Requested data is not stored for node 258721.                           
  Line= *GET, PBS, node, 258721, S, Y                                    
  The *GET command is ignored.                                           

 *** WARNING ***                         ELAPSED TIME =      32.294   TIME= 11:18:42
 Requested data is not stored for node 258721.                           
  Line= *GET, PBS, node, 258721, S, Z                                    
  The *GET command is ignored.                                           

 *** WARNING ***                         ELAPSED TIME =      32.294   TIME= 11:18:42
 Requested data is not stored for node 258721.                           
  Line= *GET, PBS, node, 258721, S, XY                                   
  The *GET command is ignored.                                           

 *** WARNING ***                         ELAPSED TIME =      32.294   TIME= 11:18:42
 Requested data is not stored for node 258721.                           
  Line= *GET, PBS, node, 258721, S, YZ                                   
  The *GET command is ignored.                                           

 *** WARNING ***                         ELAPSED TIME =      32.295   TIME= 11:18:42
 Requested data is not stored for node 258721.                           
  Line= *GET, PBS, node, 258721, S, XZ                                   
  The *GET command is ignored.                                           

 *** WARNING ***                         ELAPSED TIME =      33.275   TIME= 11:18:43
 Requested data is not stored for node 258721.                           
  Line= *GET, PBS, node, 258721, S, X                                    
  The *GET command is ignored.                                           

 *** WARNING ***                         ELAPSED TIME =      33.275   TIME= 11:18:43
 Requested data is not stored for node 258721.                           
  Line= *GET, PBS, node, 258721, S, Y                                    
  The *GET command is ignored.                                           

 *** WARNING ***                         ELAPSED TIME =      33.275   TIME= 11:18:43
 Requested data is not stored for node 258721.                           
  Line= *GET, PBS, node, 258721, S, Z                                    
  The *GET command is ignored.                                           

 *** WARNING ***                         ELAPSED TIME =      33.275   TIME= 11:18:43
 Requested data is not stored for node 258721.                           
  Line= *GET, PBS, node, 258721, S, XY                                   
  The *GET command is ignored.                                           

 *** WARNING ***                         ELAPSED TIME =      33.275   TIME= 11:18:43
 Requested data is not stored for node 258721.                           
  Line= *GET, PBS, node, 258721, S, YZ                                   
  The *GET command is ignored.                                           

 *** WARNING ***                         ELAPSED TIME =      33.275   TIME= 11:18:43
 Requested data is not stored for node 258721.                           
  Line= *GET, PBS, node, 258721, S, XZ                                   
  The *GET command is ignored.                                           

 *** WARNING ***                         ELAPSED TIME =      34.353   TIME= 11:18:44
 Requested data is not stored for node 258721.                           
  Line= *GET, PBS, node, 258721, S, X                                    
  The *GET command is ignored.                                           

 *** WARNING ***                         ELAPSED TIME =      34.353   TIME= 11:18:44
 Requested data is not stored for node 258721.                           
  Line= *GET, PBS, node, 258721, S, Y                                    
  The *GET command is ignored.                                           

 *** WARNING ***                         ELAPSED TIME =      34.354   TIME= 11:18:44
 Requested data is not stored for node 258721.                           
  Line= *GET, PBS, node, 258721, S, Z                                    
  The *GET command is ignored.                                           

 *** WARNING ***                         ELAPSED TIME =      34.354   TIME= 11:18:44
 Requested data is not stored for node 258721.                           
  Line= *GET, PBS, node, 258721, S, XY                                   
  The *GET command is ignored.                                           

 *** WARNING ***                         ELAPSED TIME =      34.354   TIME= 11:18:44
 Requested data is not stored for node 258721.                           
  Line= *GET, PBS, node, 258721, S, YZ                                   
  The *GET command is ignored.                                           

 *** WARNING ***                         ELAPSED TIME =      34.354   TIME= 11:18:44
 Requested data is not stored for node 258721.                           
  Line= *GET, PBS, node, 258721, S, XZ                                   
  The *GET command is ignored.                                           

 *** WARNING ***                         ELAPSED TIME =      35.535   TIME= 11:18:45
 Requested data is not stored for node 258721.                           
  Line= *GET, PBS, node, 258721, S, X                                    
  The *GET command is ignored.                                           

 *** WARNING ***                         ELAPSED TIME =      35.535   TIME= 11:18:45
 Requested data is not stored for node 258721.                           
  Line= *GET, PBS, node, 258721, S, Y                                    
  The *GET command is ignored.                                           

 *** WARNING ***                         ELAPSED TIME =      35.535   TIME= 11:18:45
 Requested data is not stored for node 258721.                           
  Line= *GET, PBS, node, 258721, S, Z                                    
  The *GET command is ignored.                                           

 *** WARNING ***                         ELAPSED TIME =      35.535   TIME= 11:18:45
 Requested data is not stored for node 258721.                           
  Line= *GET, PBS, node, 258721, S, XY                                   
  The *GET command is ignored.                                           

 *** WARNING ***                         ELAPSED TIME =      35.536   TIME= 11:18:45
 Requested data is not stored for node 258721.                           
  Line= *GET, PBS, node, 258721, S, YZ                                   
  The *GET command is ignored.                                           

 *** WARNING ***                         ELAPSED TIME =      35.536   TIME= 11:18:45
 Requested data is not stored for node 258721.                           
  Line= *GET, PBS, node, 258721, S, XZ                                   
  The *GET command is ignored.                                           

 *** WARNING ***                         ELAPSED TIME =      36.676   TIME= 11:18:46
 Requested data is not stored for node 258721.                           
  Line= *GET, PBS, node, 258721, S, X                                    
  The *GET command is ignored.                                           

 *** WARNING ***                         ELAPSED TIME =      36.676   TIME= 11:18:46
 Requested data is not stored for node 258721.                           
  Line= *GET, PBS, node, 258721, S, Y                                    
  The *GET command is ignored.                                           

 *** WARNING ***                         ELAPSED TIME =      36.676   TIME= 11:18:46
 Requested data is not stored for node 258721.                           
  Line= *GET, PBS, node, 258721, S, Z                                    
  The *GET command is ignored.                                           

 *** WARNING ***                         ELAPSED TIME =      36.676   TIME= 11:18:46
 Requested data is not stored for node 258721.                           
  Line= *GET, PBS, node, 258721, S, XY                                   
  The *GET command is ignored.                                           

 *** WARNING ***                         ELAPSED TIME =      36.676   TIME= 11:18:46
 Requested data is not stored for node 258721.                           
  Line= *GET, PBS, node, 258721, S, YZ                                   
  The *GET command is ignored.                                           

 *** WARNING ***                         ELAPSED TIME =      36.676   TIME= 11:18:46
 Requested data is not stored for node 258721.                           
  Line= *GET, PBS, node, 258721, S, XZ                                   
  The *GET command is ignored.                                           

 *** WARNING ***                         ELAPSED TIME =      37.761   TIME= 11:18:47
 Requested data is not stored for node 258721.                           
  Line= *GET, PBS, node, 258721, S, X                                    
  The *GET command is ignored.                                           

 *** WARNING ***                         ELAPSED TIME =      37.761   TIME= 11:18:47
 Requested data is not stored for node 258721.                           
  Line= *GET, PBS, node, 258721, S, Y                                    
  The *GET command is ignored.                                           

 *** WARNING ***                         ELAPSED TIME =      37.761   TIME= 11:18:47
 Requested data is not stored for node 258721.                           
  Line= *GET, PBS, node, 258721, S, Z                                    
  The *GET command is ignored.                                           

 *** WARNING ***                         ELAPSED TIME =      37.761   TIME= 11:18:47
 Requested data is not stored for node 258721.                           
  Line= *GET, PBS, node, 258721, S, XY                                   
  The *GET command is ignored.                                           

 *** WARNING ***                         ELAPSED TIME =      37.761   TIME= 11:18:47
 Requested data is not stored for node 258721.                           
  Line= *GET, PBS, node, 258721, S, YZ                                   
  The *GET command is ignored.                                           

 *** WARNING ***                         ELAPSED TIME =      37.761   TIME= 11:18:47
 Requested data is not stored for node 258721.                           
  Line= *GET, PBS, node, 258721, S, XZ                                   
  The *GET command is ignored.                                           

 *** WARNING ***                         ELAPSED TIME =      38.784   TIME= 11:18:48
 Requested data is not stored for node 258721.                           
  Line= *GET, PBS, node, 258721, S, X                                    
  The *GET command is ignored.                                           

 *** WARNING ***                         ELAPSED TIME =      38.784   TIME= 11:18:48
 Requested data is not stored for node 258721.                           
  Line= *GET, PBS, node, 258721, S, Y                                    
  The *GET command is ignored.                                           

 *** WARNING ***                         ELAPSED TIME =      38.784   TIME= 11:18:48
 Requested data is not stored for node 258721.                           
  Line= *GET, PBS, node, 258721, S, Z                                    
  The *GET command is ignored.                                           

 *** WARNING ***                         ELAPSED TIME =      38.785   TIME= 11:18:48
 Requested data is not stored for node 258721.                           
  Line= *GET, PBS, node, 258721, S, XY                                   
  The *GET command is ignored.                                           

 *** WARNING ***                         ELAPSED TIME =      38.785   TIME= 11:18:48
 Requested data is not stored for node 258721.                           
  Line= *GET, PBS, node, 258721, S, YZ                                   
  The *GET command is ignored.                                           

 *** WARNING ***                         ELAPSED TIME =      38.785   TIME= 11:18:48
 Requested data is not stored for node 258721.                           
  Line= *GET, PBS, node, 258721, S, XZ                                   
  The *GET command is ignored.                                           

 *** WARNING ***                         ELAPSED TIME =      39.741   TIME= 11:18:49
 Requested data is not stored for node 258721.                           
  Line= *GET, PBS, node, 258721, S, X                                    
  The *GET command is ignored.                                           

 *** WARNING ***                         ELAPSED TIME =      39.741   TIME= 11:18:49
 Requested data is not stored for node 258721.                           
  Line= *GET, PBS, node, 258721, S, Y                                    
  The *GET command is ignored.                                           

 *** WARNING ***                         ELAPSED TIME =      39.741   TIME= 11:18:49
 Requested data is not stored for node 258721.                           
  Line= *GET, PBS, node, 258721, S, Z                                    
  The *GET command is ignored.                                           

 *** WARNING ***                         ELAPSED TIME =      39.741   TIME= 11:18:49
 Requested data is not stored for node 258721.                           
  Line= *GET, PBS, node, 258721, S, XY                                   
  The *GET command is ignored.                                           

 *** WARNING ***                         ELAPSED TIME =      39.741   TIME= 11:18:49
 Requested data is not stored for node 258721.                           
  Line= *GET, PBS, node, 258721, S, YZ                                   
  The *GET command is ignored.                                           

 *** WARNING ***                         ELAPSED TIME =      39.741   TIME= 11:18:49
 Requested data is not stored for node 258721.                           
  Line= *GET, PBS, node, 258721, S, XZ                                   
  The *GET command is ignored.                                           

 *** WARNING ***                         ELAPSED TIME =      40.695   TIME= 11:18:50
 Requested data is not stored for node 258721.                           
  Line= *GET, PBS, node, 258721, S, X                                    
  The *GET command is ignored.                                           

 *** WARNING ***                         ELAPSED TIME =      40.695   TIME= 11:18:50
 Requested data is not stored for node 258721.                           
  Line= *GET, PBS, node, 258721, S, Y                                    
  The *GET command is ignored.                                           

 *** WARNING ***                         ELAPSED TIME =      40.695   TIME= 11:18:50
 Requested data is not stored for node 258721.                           
  Line= *GET, PBS, node, 258721, S, Z                                    
  The *GET command is ignored.                                           

 *** WARNING ***                         ELAPSED TIME =      40.695   TIME= 11:18:50
 Requested data is not stored for node 258721.                           
  Line= *GET, PBS, node, 258721, S, XY                                   
  The *GET command is ignored.                                           

 *** WARNING ***                         ELAPSED TIME =      40.695   TIME= 11:18:50
 Requested data is not stored for node 258721.                           
  Line= *GET, PBS, node, 258721, S, YZ                                   
  The *GET command is ignored.                                           

 *** WARNING ***                         ELAPSED TIME =      40.695   TIME= 11:18:50
 Requested data is not stored for node 258721.                           
  Line= *GET, PBS, node, 258721, S, XZ                                   
  The *GET command is ignored.                                           

 *** WARNING ***                         ELAPSED TIME =      41.649   TIME= 11:18:51
 Requested data is not stored for node 258721.                           
  Line= *GET, PBS, node, 258721, S, X                                    
  The *GET command is ignored.                                           

 *** WARNING ***                         ELAPSED TIME =      41.649   TIME= 11:18:51
 Requested data is not stored for node 258721.                           
  Line= *GET, PBS, node, 258721, S, Y                                    
  The *GET command is ignored.                                           

 *** WARNING ***                         ELAPSED TIME =      41.649   TIME= 11:18:51
 Requested data is not stored for node 258721.                           
  Line= *GET, PBS, node, 258721, S, Z                                    
  The *GET command is ignored.                                           

 *** WARNING ***                         ELAPSED TIME =      41.649   TIME= 11:18:51
 Requested data is not stored for node 258721.                           
  Line= *GET, PBS, node, 258721, S, XY                                   
  The *GET command is ignored.                                           

 *** WARNING ***                         ELAPSED TIME =      41.649   TIME= 11:18:51
 Requested data is not stored for node 258721.                           
  Line= *GET, PBS, node, 258721, S, YZ                                   
  The *GET command is ignored.                                           

 *** WARNING ***                         ELAPSED TIME =      41.649   TIME= 11:18:51
 Requested data is not stored for node 258721.                           
  Line= *GET, PBS, node, 258721, S, XZ                                   
  The *GET command is ignored.                                           

 *** WARNING ***                         ELAPSED TIME =      42.647   TIME= 11:18:52
 Requested data is not stored for node 258721.                           
  Line= *GET, PBS, node, 258721, S, X                                    
  The *GET command is ignored.                                           

 *** WARNING ***                         ELAPSED TIME =      42.647   TIME= 11:18:52
 Requested data is not stored for node 258721.                           
  Line= *GET, PBS, node, 258721, S, Y                                    
  The *GET command is ignored.                                           

 *** WARNING ***                         ELAPSED TIME =      42.647   TIME= 11:18:52
 Requested data is not stored for node 258721.                           
  Line= *GET, PBS, node, 258721, S, Z                                    
  The *GET command is ignored.                                           

 *** WARNING ***                         ELAPSED TIME =      42.647   TIME= 11:18:52
 Requested data is not stored for node 258721.                           
  Line= *GET, PBS, node, 258721, S, XY                                   
  The *GET command is ignored.                                           

 *** WARNING ***                         ELAPSED TIME =      42.647   TIME= 11:18:52
 Requested data is not stored for node 258721.                           
  Line= *GET, PBS, node, 258721, S, YZ                                   
  The *GET command is ignored.                                           

 *** WARNING ***                         ELAPSED TIME =      42.647   TIME= 11:18:52
 Requested data is not stored for node 258721.                           
  Line= *GET, PBS, node, 258721, S, XZ                                   
  The *GET command is ignored.                                           

 *** WARNING ***                         ELAPSED TIME =      43.643   TIME= 11:18:53
 Requested data is not stored for node 258721.                           
  Line= *GET, PBS, node, 258721, S, X                                    
  The *GET command is ignored.                                           

 *** WARNING ***                         ELAPSED TIME =      43.643   TIME= 11:18:53
 Requested data is not stored for node 258721.                           
  Line= *GET, PBS, node, 258721, S, Y                                    
  The *GET command is ignored.                                           

 *** WARNING ***                         ELAPSED TIME =      43.643   TIME= 11:18:53
 Requested data is not stored for node 258721.                           
  Line= *GET, PBS, node, 258721, S, Z                                    
  The *GET command is ignored.                                           

 *** WARNING ***                         ELAPSED TIME =      43.643   TIME= 11:18:53
 Requested data is not stored for node 258721.                           
  Line= *GET, PBS, node, 258721, S, XY                                   
  The *GET command is ignored.                                           

 *** WARNING ***                         ELAPSED TIME =      43.643   TIME= 11:18:53
 Requested data is not stored for node 258721.                           
  Line= *GET, PBS, node, 258721, S, YZ                                   
  The *GET command is ignored.                                           

 *** WARNING ***                         ELAPSED TIME =      43.643   TIME= 11:18:53
 Requested data is not stored for node 258721.                           
  Line= *GET, PBS, node, 258721, S, XZ                                   
  The *GET command is ignored.                                           

 *** WARNING ***                         ELAPSED TIME =      44.610   TIME= 11:18:54
 Requested data is not stored for node 258721.                           
  Line= *GET, PBS, node, 258721, S, X                                    
  The *GET command is ignored.                                           

 *** WARNING ***                         ELAPSED TIME =      44.610   TIME= 11:18:54
 Requested data is not stored for node 258721.                           
  Line= *GET, PBS, node, 258721, S, Y                                    
  The *GET command is ignored.                                           

 *** WARNING ***                         ELAPSED TIME =      44.610   TIME= 11:18:54
 Requested data is not stored for node 258721.                           
  Line= *GET, PBS, node, 258721, S, Z                                    
  The *GET command is ignored.                                           

 *** WARNING ***                         ELAPSED TIME =      44.611   TIME= 11:18:54
 Requested data is not stored for node 258721.                           
  Line= *GET, PBS, node, 258721, S, XY                                   
  The *GET command is ignored.                                           

 *** WARNING ***                         ELAPSED TIME =      44.611   TIME= 11:18:54
 Requested data is not stored for node 258721.                           
  Line= *GET, PBS, node, 258721, S, YZ                                   
  The *GET command is ignored.                                           

 *** WARNING ***                         ELAPSED TIME =      44.611   TIME= 11:18:54
 Requested data is not stored for node 258721.                           
  Line= *GET, PBS, node, 258721, S, XZ                                   
  The *GET command is ignored.                                           

 *** ERROR ***                           ELAPSED TIME =      81.139   TIME= 11:19:31
 Unable to open file motion.rst.                                         
