
 Ansys Mechanical Enterprise Academic Research     


 *------------------------------------------------------------------*
 |                                                                  |
 |   W E L C O M E   T O   T H E   A N S Y S (R)  P R O G R A M     |
 |                                                                  |
 *------------------------------------------------------------------*




 ***************************************************************
 *         ANSYS MAPDL 2026 R1.02       LEGAL NOTICES          *
 ***************************************************************
 *                                                             *
 * Copyright (c) 2026 Synopsys, Inc. and ANSYS, Inc.           *
 * All rights reserved.                                        *
 * Unauthorized use, distribution or duplication is            *
 * prohibited.                                                 *
 *                                                             *
 * Ansys is a registered trademark of Ansys, Inc. or its       *
 * subsidiaries in the United States or other countries.       *
 * See the Ansys, Inc. online documentation or the Ansys, Inc. *
 * documentation CD or online help for the complete Legal      *
 * Notice.                                                     *
 *                                                             *
 ***************************************************************
 *                                                             *
 * THIS ANSYS SOFTWARE PRODUCT AND PROGRAM DOCUMENTATION       *
 * INCLUDE TRADE SECRETS AND CONFIDENTIAL AND PROPRIETARY      *
 * PRODUCTS OF ANSYS, INC., ITS SUBSIDIARIES, OR LICENSORS.    *
 * The software products and documentation are furnished by    *
 * Ansys, Inc. or its subsidiaries under a software license    *
 * agreement that contains provisions concerning               *
 * non-disclosure, copying, length and nature of use,          *
 * compliance with exporting laws, warranties, disclaimers,    *
 * limitations of liability, and remedies, and other           *
 * provisions.  The software products and documentation may be *
 * used, disclosed, transferred, or copied only in accordance  *
 * with the terms and conditions of that software license      *
 * agreement.                                                  *
 *                                                             *
 * Ansys, Inc. is a UL registered                              *
 * ISO 9001:2015 company.                                      *
 *                                                             *
 ***************************************************************
 *                                                             *
 * This product is subject to U.S. laws governing export and   *
 * re-export.                                                  *
 *                                                             *
 * For U.S. Government users, except as specifically granted   *
 * by the Ansys, Inc. software license agreement, the use,     *
 * duplication, or disclosure by the United States Government  *
 * is subject to restrictions stated in the Ansys, Inc.        *
 * software license agreement and FAR 12.212 (for non-DOD      *
 * licenses).                                                  *
 *                                                             *
 ***************************************************************

 2026 R1.02  
     
 Point Releases and Patches installed:   
     
 Ansys Service Pack 2026 R1.01   
 Ansys Service Pack 2026 R1.02   
 Ansys, Inc. License Manager 2026 R1 
 Ansys, Inc. License Manager 2026 R1.01  
 Ansys, Inc. License Manager 2026 R1.02  
 Discovery (reduced install) 2026 R1 
 Discovery (reduced install) 2026 R1.01  
 Discovery (reduced install) 2026 R1.02  
 Core WB Files 2026 R1   
 Core WB Files 2026 R1.01
 Core WB Files 2026 R1.02
 BladeModeler 2026 R1
 BladeModeler 2026 R1.01 
 BladeModeler 2026 R1.02 
 CFX (includes CFD-Post) 2026 R1 
 CFX (includes CFD-Post) 2026 R1.01  
 CFX (includes CFD-Post) 2026 R1.02  
 CFD-Post only 2026 R1   
 CFD-Post only 2026 R1.01
 CFD-Post only 2026 R1.02
 Chemkin 2026 R1 
 Chemkin 2026 R1.01  
 Chemkin 2026 R1.02  
 EnSight 2026 R1 
 EnSight 2026 R1.01  
 EnSight 2026 R1.02  
 FENSAP-ICE 2026 R1  
 FENSAP-ICE 2026 R1.01   
 FENSAP-ICE 2026 R1.02   
 Fluent (includes CFD-Post) 2026 R1  
 Fluent (includes CFD-Post) 2026 R1.01   
 Fluent (includes CFD-Post) 2026 R1.02   
 Polyflow (includes CFD-Post) 2026 R1
 Polyflow (includes CFD-Post) 2026 R1.01 
 Polyflow (includes CFD-Post) 2026 R1.02 
 Forte (includes EnSight) 2026 R1
 Forte (includes EnSight) 2026 R1.01 
 Forte (includes EnSight) 2026 R1.02 
 ICEM CFD 2026 R1
 ICEM CFD 2026 R1.01 
 ICEM CFD 2026 R1.02 
 RBF Morph Fluids UDF 2026 R1
 RBF Morph Fluids UDF 2026 R1.01 
 RBF Morph Fluids UDF 2026 R1.02 
 RBF Morph Libraries 2026 R1 
 RBF Morph Libraries 2026 R1.01  
 RBF Morph Libraries 2026 R1.02  
 Rocky 2026 R1   
 Rocky 2026 R1.01
 Rocky 2026 R1.02
 Thermal Desktop: AutoCAD 2026 R1
 Thermal Desktop: AutoCAD 2026 R1.01 
 Thermal Desktop: AutoCAD 2026 R1.02 
 Thermal Desktop: Thermal Desktop and TD Designer  2026 R1   
 Thermal Desktop: Thermal Desktop and TD Designer  2026 R1.01
 Thermal Desktop: Thermal Desktop and TD Designer  2026 R1.02
 Thermal Desktop: Sinda Solver 2026 R1   
 Thermal Desktop: Sinda Solver 2026 R1.01
 Thermal Desktop: Sinda Solver 2026 R1.02
 TurboGrid 2026 R1   
 TurboGrid 2026 R1.01
 TurboGrid 2026 R1.02
 Granta EduPack 2026 R1  
 Granta EduPack 2026 R1.01   
 Granta EduPack 2026 R1.02   
 Granta Selector 2026 R1 
 Granta Selector 2026 R1.01  
 Granta Selector 2026 R1.02  
 Dynamic Reporting 2026 R1   
 Dynamic Reporting 2026 R1.01
 Dynamic Reporting 2026 R1.02
 Remote Solve Manager Standalone Services 2026 R1
 Remote Solve Manager Standalone Services 2026 R1.01 
 Remote Solve Manager Standalone Services 2026 R1.02 
 Aqwa 2026 R1
 Aqwa 2026 R1.01 
 Aqwa 2026 R1.02 
 Autodyn 2026 R1 
 Autodyn 2026 R1.01  
 Autodyn 2026 R1.02  
 Customization Files for User Programmable Features 2026 R1  
 Customization Files for User Programmable Features 2026 R1.01   
 Customization Files for User Programmable Features 2026 R1.02   
 LS-DYNA 2026 R1 
 LS-DYNA 2026 R1.01  
 LS-DYNA 2026 R1.02  
 Material Calibration App 2026 R1
 Material Calibration App 2026 R1.01 
 Material Calibration App 2026 R1.02 
 Material Designer 2026 R1   
 Material Designer 2026 R1.01
 Material Designer 2026 R1.02
 Mechanical Products 2026 R1 
 Mechanical Products 2026 R1.01  
 Mechanical Products 2026 R1.02  
 Motion 2026 R1  
 Motion 2026 R1.01   
 Motion 2026 R1.02   
 RBF Morph 2026 R1   
 RBF Morph 2026 R1.01
 RBF Morph 2026 R1.02
 Sherlock 2026 R1
 Sherlock 2026 R1.01 
 Sherlock 2026 R1.02 
 Sound - SAS 2026 R1 
 Sound - SAS 2026 R1.01  
 Sound - SAS 2026 R1.02  
 ACIS Geometry Interface 2026 R1 
 ACIS Geometry Interface 2026 R1.01  
 ACIS Geometry Interface 2026 R1.02  
 AutoCAD Geometry Interface 2026 R1  
 AutoCAD Geometry Interface 2026 R1.01   
 AutoCAD Geometry Interface 2026 R1.02   
 Catia, Version 4 Geometry Interface 2026 R1 
 Catia, Version 4 Geometry Interface 2026 R1.01  
 Catia, Version 4 Geometry Interface 2026 R1.02  
 Catia, Version 5 Geometry Interface 2026 R1 
 Catia, Version 5 Geometry Interface 2026 R1.01  
 Catia, Version 5 Geometry Interface 2026 R1.02  
 Catia, Version 6 Geometry Interface 2026 R1 
 Catia, Version 6 Geometry Interface 2026 R1.01  
 Catia, Version 6 Geometry Interface 2026 R1.02  
 Creo Elements/Direct Modeling Geometry Interface 2026 R1
 Creo Elements/Direct Modeling Geometry Interface 2026 R1.01 
 Creo Elements/Direct Modeling Geometry Interface 2026 R1.02 
 Creo Parametric Geometry Interface 2026 R1  
 Creo Parametric Geometry Interface 2026 R1.01   
 Creo Parametric Geometry Interface 2026 R1.02   
 Inventor Geometry Interface 2026 R1 
 Inventor Geometry Interface 2026 R1.01  
 Inventor Geometry Interface 2026 R1.02  
 JTOpen Geometry Interface 2026 R1   
 JTOpen Geometry Interface 2026 R1.01
 JTOpen Geometry Interface 2026 R1.02
 NX Geometry Interface 2026 R1   
 NX Geometry Interface 2026 R1.01
 NX Geometry Interface 2026 R1.02
 Parasolid Geometry Interface  2026 R1   
 Parasolid Geometry Interface  2026 R1.01
 Parasolid Geometry Interface  2026 R1.02
 Solid Edge Geometry Interface 2026 R1   
 Solid Edge Geometry Interface 2026 R1.01
 Solid Edge Geometry Interface 2026 R1.02
 SOLIDWORKS Geometry Interface 2026 R1   
 SOLIDWORKS Geometry Interface 2026 R1.01
 SOLIDWORKS Geometry Interface 2026 R1.02


          *****  MAPDL COMMAND LINE ARGUMENTS  *****
  INITIAL JOBNAME              = modalcheck                                                                                                                                                                                                                                              
  BATCH MODE REQUESTED (-b)    = NOLIST
  INPUT FILE COPY MODE (-c)    = COPY
  SHARED MEMORY PARALLEL REQUESTED
    SINGLE PROCESS WITH SINGLE THREAD REQUESTED
    TOTAL OF     1 CORES REQUESTED
  INPUT FILE NAME              = C:\Temp\PCB750_modalcheck_20261004_213206\preflight.dat
  OUTPUT FILE NAME             = C:\Temp\PCB750_modalcheck_20261004_213206\preflight.out

 RELEASE= 2026 R1.02           BUILD= 26.1      UP20260202   VERSION=WINDOWS x64 
 CURRENT JOBNAME=modalcheck  21:32:12  OCT 04, 2026  Elapsed Time=       0.078


 RUN SETUP PROCEDURE FROM FILE= C:\Program Files\ANSYS Inc\v261\Ansys\apdl\start.ans

 /INPUT FILE= C:\Program Files\ANSYS Inc\v261\Ansys\apdl\start.ans  LINE=       0



 DO NOT WRITE ELEMENT RESULTS INTO DATABASE

 *GET  _WALLSTRT  FROM  ACTI  ITEM=TIME WALL  VALUE= 0.171060417E-02

 TITLE= 
 powerboardsim_v1--DEFAULT REFINED - 20 undamped modes above 1 Hz              

  ACT Extensions:
      LSDYNA, 2026.1
      5f463412-bd3e-484b-87e7-cbc0a665e474, wbex
      ANSYSMotion, 2026.1
      20180725-3f81-49eb-9f31-41364844c769, wbex
      BoltTools, 2024.1
      e58f9c27-8401-45e5-83b8-72af00fdd1a2, wbex
      Sherlock_App, 2026.1
      22267810-43dd-444c-b69c-948d1736da5a, wbex

 SET PARAMETER DIMENSIONS ON  _WB_PROJECTSCRATCH_DIR
  TYPE=STRI  DIMENSIONS=      248        1        1

 PARAMETER _WB_PROJECTSCRATCH_DIR(1) = Z:\Developer\MIT_Rkt_Team\2026-7\MIT-RT-26_27-Work\simulation_work\avionics\powerboardsim\1\powerboardsim_v1_files\dp0\SYS-3\MECH\

 SET PARAMETER DIMENSIONS ON  _WB_SOLVERFILES_DIR
  TYPE=STRI  DIMENSIONS=      248        1        1

 PARAMETER _WB_SOLVERFILES_DIR(1) = Z:\Developer\MIT_Rkt_Team\2026-7\MIT-RT-26_27-Work\simulation_work\avionics\powerboardsim\1\powerboardsim_v1_files\dp0\SYS-3\MECH\

 SET PARAMETER DIMENSIONS ON  _WB_USERFILES_DIR
  TYPE=STRI  DIMENSIONS=      248        1        1

 PARAMETER _WB_USERFILES_DIR(1) = Z:\Developer\MIT_Rkt_Team\2026-7\MIT-RT-26_27-Work\simulation_work\avionics\powerboardsim\1\powerboardsim_v1_files\user_files\
 --- Data in consistent MKS units. See Solving Units in the help system for more

 MKS UNITS SPECIFIED FOR INTERNAL    
  LENGTH        (l)  = METER (M)
  MASS          (M)  = KILOGRAM (KG)
  TIME          (t)  = SECOND (SEC)
  TEMPERATURE   (T)  = CELSIUS (C)
  TOFFSET            = 273.0
  CHARGE        (Q)  = COULOMB
  FORCE         (f)  = NEWTON (N) (KG-M/SEC2)
  HEAT               = JOULE (N-M)

  PRESSURE           = PASCAL (NEWTON/M**2)
  ENERGY        (W)  = JOULE (N-M)
  POWER         (P)  = WATT (N-M/SEC)
  CURRENT       (i)  = AMPERE (COULOMBS/SEC)
  CAPACITANCE   (C)  = FARAD
  INDUCTANCE    (L)  = HENRY
  MAGNETIC FLUX      = WEBER
  RESISTANCE    (R)  = OHM
  ELECTRIC POTENTIAL = VOLT

 INPUT  UNITS ARE ALSO SET TO MKS 

 *** MAPDL - ENGINEERING ANALYSIS SYSTEM  RELEASE 2026 R1.02       26.1     ***
 Ansys Mechanical Enterprise Academic Research     
 01196637  VERSION=WINDOWS x64   21:32:13  OCT 04, 2026 Elapsed Time=      6.159

 powerboardsim_v1--DEFAULT REFINED - 20 undamped modes above 1 Hz              



          ***** MAPDL ANALYSIS DEFINITION (PREP7) *****
 *********** Send User Defined Coordinate System(s) ***********
 *********** Nodes for the whole assembly ***********
 *********** Elements for Body 1 'COMP_C1|COMP_C1' ***********
 *********** Elements for Body 2 'COMP_C2|COMP_C2' ***********
 *********** Elements for Body 3 'COMP_C3|COMP_C3' ***********
 *********** Elements for Body 4 'COMP_C4|COMP_C4' ***********
 *********** Elements for Body 5 'COMP_C5|COMP_C5' ***********
 *********** Elements for Body 6 'COMP_C6|COMP_C6' ***********
 *********** Elements for Body 7 'COMP_C7|COMP_C7' ***********
 *********** Elements for Body 8 'COMP_C8|COMP_C8' ***********
 *********** Elements for Body 9 'COMP_C9|COMP_C9' ***********
 *********** Elements for Body 10 'COMP_C10|COMP_C10' ***********
 *********** Elements for Body 11 'COMP_C11|COMP_C11' ***********
 *********** Elements for Body 12 'COMP_C12|COMP_C12' ***********
 *********** Elements for Body 13 'COMP_C13|COMP_C13' ***********
 *********** Elements for Body 14 'COMP_C14|COMP_C14' ***********
 *********** Elements for Body 15 'COMP_C15|COMP_C15' ***********
 *********** Elements for Body 16 'COMP_C16|COMP_C16' ***********
 *********** Elements for Body 17 'COMP_C17|COMP_C17' ***********
 *********** Elements for Body 18 'COMP_C18|COMP_C18' ***********
 *********** Elements for Body 19 'COMP_C19|COMP_C19' ***********
 *********** Elements for Body 20 'COMP_C20|COMP_C20' ***********
 *********** Elements for Body 21 'COMP_C21|COMP_C21' ***********
 *********** Elements for Body 22 'COMP_C22|COMP_C22' ***********
 *********** Elements for Body 23 'COMP_C23|COMP_C23' ***********
 *********** Elements for Body 24 'COMP_C24|COMP_C24' ***********
 *********** Elements for Body 25 'COMP_C25|COMP_C25' ***********
 *********** Elements for Body 26 'COMP_C26|COMP_C26' ***********
 *********** Elements for Body 27 'COMP_C27|COMP_C27' ***********
 *********** Elements for Body 28 'COMP_C28|COMP_C28' ***********
 *********** Elements for Body 29 'COMP_C29|COMP_C29' ***********
 *********** Elements for Body 30 'COMP_C30|COMP_C30' ***********
 *********** Elements for Body 31 'COMP_C31|COMP_C31' ***********
 *********** Elements for Body 32 'COMP_C32|COMP_C32' ***********
 *********** Elements for Body 33 'COMP_C33|COMP_C33' ***********
 *********** Elements for Body 34 'COMP_C34|COMP_C34' ***********
 *********** Elements for Body 35 'COMP_C35|COMP_C35' ***********
 *********** Elements for Body 36 'COMP_C36|COMP_C36' ***********
 *********** Elements for Body 37 'COMP_C37|COMP_C37' ***********
 *********** Elements for Body 38 'COMP_C38|COMP_C38' ***********
 *********** Elements for Body 39 'COMP_C39|COMP_C39' ***********
 *********** Elements for Body 40 'COMP_C40|COMP_C40' ***********
 *********** Elements for Body 41 'COMP_C41|COMP_C41' ***********
 *********** Elements for Body 42 'COMP_C42|COMP_C42' ***********
 *********** Elements for Body 43 'COMP_C43|COMP_C43' ***********
 *********** Elements for Body 44 'COMP_C44|COMP_C44' ***********
 *********** Elements for Body 45 'COMP_C45|COMP_C45' ***********
 *********** Elements for Body 46 'COMP_C46|COMP_C46' ***********
 *********** Elements for Body 47 'COMP_C47|COMP_C47' ***********
 *********** Elements for Body 48 'COMP_C48|COMP_C48' ***********
 *********** Elements for Body 49 'COMP_C49|COMP_C49' ***********
 *********** Elements for Body 50 'COMP_C50|COMP_C50' ***********
 *********** Elements for Body 51 'COMP_C51|COMP_C51' ***********
 *********** Elements for Body 52 'COMP_C52|COMP_C52' ***********
 *********** Elements for Body 53 'COMP_C53|COMP_C53' ***********
 *********** Elements for Body 54 'COMP_C54|COMP_C54' ***********
 *********** Elements for Body 55 'COMP_C55|COMP_C55' ***********
 *********** Elements for Body 56 'COMP_C56|COMP_C56' ***********
 *********** Elements for Body 57 'COMP_C57|COMP_C57' ***********
 *********** Elements for Body 58 'COMP_C58|COMP_C58' ***********
 *********** Elements for Body 59 'COMP_C59|COMP_C59' ***********
 *********** Elements for Body 60 'COMP_C60|COMP_C60' ***********
 *********** Elements for Body 61 'COMP_C61|COMP_C61' ***********
 *********** Elements for Body 62 'COMP_C62|COMP_C62' ***********
 *********** Elements for Body 63 'COMP_C63|COMP_C63' ***********
 *********** Elements for Body 64 'COMP_C64|COMP_C64' ***********
 *********** Elements for Body 65 'COMP_C65|COMP_C65' ***********
 *********** Elements for Body 66 'COMP_C66|COMP_C66' ***********
 *********** Elements for Body 67 'COMP_C67|COMP_C67' ***********
 *********** Elements for Body 68 'COMP_C68|COMP_C68' ***********
 *********** Elements for Body 69 'COMP_C69|COMP_C69' ***********
 *********** Elements for Body 70 'COMP_C70|COMP_C70' ***********
 *********** Elements for Body 71 'COMP_C71|COMP_C71' ***********
 *********** Elements for Body 72 'COMP_C72|COMP_C72' ***********
 *********** Elements for Body 73 'COMP_C73|COMP_C73' ***********
 *********** Elements for Body 74 'COMP_C74|COMP_C74' ***********
 *********** Elements for Body 75 'COMP_D1|COMP_D1' ***********
 *********** Elements for Body 76 'COMP_D2|COMP_D2' ***********
 *********** Elements for Body 77 'COMP_D3|COMP_D3' ***********
 *********** Elements for Body 78 'COMP_D4|COMP_D4' ***********
 *********** Elements for Body 79 'COMP_D5|COMP_D5' ***********
 *********** Elements for Body 80 'COMP_D6|COMP_D6' ***********
 *********** Elements for Body 81 'COMP_D7|COMP_D7' ***********
 *********** Elements for Body 82 'COMP_D8|COMP_D8' ***********
 *********** Elements for Body 83 'COMP_D9|COMP_D9' ***********
 *********** Elements for Body 84 'COMP_D10|COMP_D10' ***********
 *********** Elements for Body 85 'COMP_IC1|COMP_IC1' ***********
 *********** Elements for Body 86 'COMP_IC2|COMP_IC2' ***********
 *********** Elements for Body 87 'COMP_IC3|COMP_IC3' ***********
 *********** Elements for Body 88 'COMP_IC4|COMP_IC4' ***********
 *********** Elements for Body 89 'COMP_IC5|COMP_IC5' ***********
 *********** Elements for Body 90 'COMP_IC7|COMP_IC7' ***********
 *********** Elements for Body 91 'COMP_IC8|COMP_IC8' ***********
 *********** Elements for Body 92 'COMP_IC9|COMP_IC9' ***********
 *********** Elements for Body 93 'COMP_IC10|COMP_IC10' ***********
 *********** Elements for Body 94 'COMP_IC11|COMP_IC11' ***********
 *********** Elements for Body 95 'COMP_IC12|COMP_IC12' ***********
 *********** Elements for Body 96 'COMP_IC13|COMP_IC13' ***********
 *********** Elements for Body 97 'COMP_IC14|COMP_IC14' ***********
 *********** Elements for Body 98 'COMP_IC15|COMP_IC15' ***********
 *********** Elements for Body 99 'COMP_J1|COMP_J1' ***********
 *********** Elements for Body 100 'COMP_J2|COMP_J2' ***********
 *********** Elements for Body 101 'COMP_J3|COMP_J3' ***********
 *********** Elements for Body 102 'COMP_J4|COMP_J4' ***********
 *********** Elements for Body 103 'COMP_J5|COMP_J5' ***********
 *********** Elements for Body 104 'COMP_J6|COMP_J6' ***********
 *********** Elements for Body 105 'COMP_L1|COMP_L1' ***********
 *********** Elements for Body 106 'COMP_L2|COMP_L2' ***********
 *********** Elements for Body 107 'COMP_L3|COMP_L3' ***********
 *********** Elements for Body 108 'COMP_L4|COMP_L4' ***********
 *********** Elements for Body 109 'COMP_L5|COMP_L5' ***********
 *********** Elements for Body 110 'COMP_L6|COMP_L6' ***********
 *********** Elements for Body 111 'COMP_Q1|COMP_Q1' ***********
 *********** Elements for Body 112 'COMP_Q2|COMP_Q2' ***********
 *********** Elements for Body 113 'COMP_Q3|COMP_Q3' ***********
 *********** Elements for Body 114 'COMP_Q4|COMP_Q4' ***********
 *********** Elements for Body 115 'COMP_R1|COMP_R1' ***********
 *********** Elements for Body 116 'COMP_R2|COMP_R2' ***********
 *********** Elements for Body 117 'COMP_R3|COMP_R3' ***********
 *********** Elements for Body 118 'COMP_R4|COMP_R4' ***********
 *********** Elements for Body 119 'COMP_R5|COMP_R5' ***********
 *********** Elements for Body 120 'COMP_R6|COMP_R6' ***********
 *********** Elements for Body 121 'COMP_R7|COMP_R7' ***********
 *********** Elements for Body 122 'COMP_R8|COMP_R8' ***********
 *********** Elements for Body 123 'COMP_R9|COMP_R9' ***********
 *********** Elements for Body 124 'COMP_R10|COMP_R10' ***********
 *********** Elements for Body 125 'COMP_R11|COMP_R11' ***********
 *********** Elements for Body 126 'COMP_R12|COMP_R12' ***********
 *********** Elements for Body 127 'COMP_R13|COMP_R13' ***********
 *********** Elements for Body 128 'COMP_R14|COMP_R14' ***********
 *********** Elements for Body 129 'COMP_R15|COMP_R15' ***********
 *********** Elements for Body 130 'COMP_R16|COMP_R16' ***********
 *********** Elements for Body 131 'COMP_R17|COMP_R17' ***********
 *********** Elements for Body 132 'COMP_R18|COMP_R18' ***********
 *********** Elements for Body 133 'COMP_R19|COMP_R19' ***********
 *********** Elements for Body 134 'COMP_R20|COMP_R20' ***********
 *********** Elements for Body 135 'COMP_R21|COMP_R21' ***********
 *********** Elements for Body 136 'COMP_R22|COMP_R22' ***********
 *********** Elements for Body 137 'COMP_R23|COMP_R23' ***********
 *********** Elements for Body 138 'COMP_R24|COMP_R24' ***********
 *********** Elements for Body 139 'COMP_R25|COMP_R25' ***********
 *********** Elements for Body 140 'COMP_R26|COMP_R26' ***********
 *********** Elements for Body 141 'COMP_R27|COMP_R27' ***********
 *********** Elements for Body 142 'COMP_R28|COMP_R28' ***********
 *********** Elements for Body 143 'COMP_R29|COMP_R29' ***********
 *********** Elements for Body 144 'COMP_R30|COMP_R30' ***********
 *********** Elements for Body 145 'COMP_R31|COMP_R31' ***********
 *********** Elements for Body 146 'COMP_R32|COMP_R32' ***********
 *********** Elements for Body 147 'COMP_R33|COMP_R33' ***********
 *********** Elements for Body 148 'COMP_R34|COMP_R34' ***********
 *********** Elements for Body 149 'COMP_R35|COMP_R35' ***********
 *********** Elements for Body 150 'COMP_R36|COMP_R36' ***********
 *********** Elements for Body 151 'COMP_R37|COMP_R37' ***********
 *********** Elements for Body 152 'COMP_R38|COMP_R38' ***********
 *********** Elements for Body 153 'COMP_R39|COMP_R39' ***********
 *********** Elements for Body 154 'COMP_R40|COMP_R40' ***********
 *********** Elements for Body 155 'COMP_R41|COMP_R41' ***********
 *********** Elements for Body 156 'COMP_R42|COMP_R42' ***********
 *********** Elements for Body 157 'COMP_R43|COMP_R43' ***********
 *********** Elements for Body 158 'COMP_R44|COMP_R44' ***********
 *********** Elements for Body 159 'COMP_R45|COMP_R45' ***********
 *********** Elements for Body 160 'COMP_R46|COMP_R46' ***********
 *********** Elements for Body 161 'COMP_R47|COMP_R47' ***********
 *********** Elements for Body 162 'COMP_R48|COMP_R48' ***********
 *********** Elements for Body 163 'COMP_R49|COMP_R49' ***********
 *********** Elements for Body 164 'COMP_R50|COMP_R50' ***********
 *********** Elements for Body 165 'COMP_R51|COMP_R51' ***********
 *********** Elements for Body 166 'COMP_R52|COMP_R52' ***********
 *********** Elements for Body 167 'COMP_R53|COMP_R53' ***********
 *********** Elements for Body 168 'COMP_R54|COMP_R54' ***********
 *********** Elements for Body 169 'COMP_R55|COMP_R55' ***********
 *********** Elements for Body 170 'COMP_R56|COMP_R56' ***********
 *********** Elements for Body 171 'COMP_RefDes|COMP_RefDes' ***********
 *********** Elements for Body 172 'COMP_U1|COMP_U1' ***********
 *********** Elements for Body 173 'Power_Board_Batt_Screw_defeatured_2|Part 13[
 *********** Elements for Body 174 'Power_Board_Batt_Screw_defeatured_2|Part 28[
 *********** Elements for Body 175 'Power_Board_Batt_Screw_defeatured_2|Part 12[
 *********** Elements for Body 176 'Power_Board_Batt_Screw_defeatured_2|Part 27[
 *********** Elements for Body 177 'Power_Board_Batt_Screw_defeatured_2|Part 11[
 *********** Elements for Body 178 'Power_Board_Batt_Screw_defeatured_2|Part 26[
 *********** Elements for Body 179 'Power_Board_Batt_Screw_defeatured_2|Part 3[1
 *********** Elements for Body 180 'Power_Board_Batt_Screw_defeatured_2|Part 25[
 *********** Elements for Body 181 'Power_Board_Batt_Screw_defeatured_2|Part 2[1
 *********** Elements for Body 182 'Power_Board_Batt_Screw_defeatured_2|Part 24[
 *********** Elements for Body 183 'Power_Board_Batt_Screw_defeatured_2|Part 4[1
 *********** Elements for Body 184 'Power_Board_Batt_Screw_defeatured_2|Part 23[
 *********** Elements for Body 185 'Power_Board_Batt_Screw_defeatured_2|Part 22[
 *********** Elements for Body 186 'Power_Board_Batt_Screw_defeatured_2|Part 6[1
 *********** Elements for Body 187 'Power_Board_Batt_Screw_defeatured_2|Part 5[1
 *********** Elements for Body 188 'Power_Board_Batt_Screw_defeatured_2|Part 33[
 *********** Elements for Body 189 'Power_Board_Batt_Screw_defeatured_2|Part 17[
 *********** Elements for Body 190 'Power_Board_Batt_Screw_defeatured_2|Part 1[1
 *********** Elements for Body 191 'Power_Board_Batt_Screw_defeatured_2|Part 16[
 *********** Elements for Body 192 'Power_Board_Batt_Screw_defeatured_2|Part 15[
 *********** Elements for Body 193 'Power_Board_Batt_Screw_defeatured_2|Part 14[
 *********** Elements for Body 194 'Power_Board_Batt_Screw_defeatured_2|Part 31[
 *********** Elements for Body 195 'Power_Board_Batt_Screw_defeatured_2|LPattern
 *********** Elements for Body 196 'Power_Board_Batt_Screw_defeatured_2|LPattern
 *********** Elements for Body 197 'Power_Board_Batt_Screw_defeatured_2|LPattern
 *********** Elements for Body 198 'Power_Board_Batt_Screw_defeatured_2|LPattern
 *********** Elements for Body 199 'Power_Board_Batt_Screw_defeatured_2|LPattern
 *********** Elements for Body 200 'Power_Board_Batt_Screw_defeatured_2|LPattern
 *********** Elements for Body 201 'Power_Board_Batt_Screw_defeatured_2|LPattern
 *********** Elements for Body 202 'Power_Board_Batt_Screw_defeatured_2|LPattern
 *********** Elements for Body 203 'Power_Board_Batt_Screw_defeatured_2|LPattern
 *********** Elements for Body 204 'Power_Board_Batt_Screw_defeatured_2|LPattern
 *********** Elements for Body 205 'Power_Board_Batt_Screw_defeatured_2|Part 30[
 *********** Elements for Body 206 'Power_Board_Batt_Screw_defeatured_2|LPattern
 *********** Elements for Body 207 'Power_Board_Batt_Screw_defeatured_2|LPattern
 *********** Elements for Body 208 'PCB|PCB' ***********
 *********** Set Reference Temperature ***********
 *********** Send Materials ***********
 *********** Create Contact "Zone de contact 181" ***********
             Real Constant Set For Above Contact Is 210 & 209
 *********** Create Contact "Zone de contact 182" ***********
             Real Constant Set For Above Contact Is 212 & 211
 *********** Create Contact "Zone de contact 183" ***********
             Real Constant Set For Above Contact Is 214 & 213
 *********** Create Contact "Zone de contact 184" ***********
             Real Constant Set For Above Contact Is 216 & 215
 *********** Create Contact "Zone de contact 185" ***********
             Real Constant Set For Above Contact Is 218 & 217
 *********** Create Contact "Zone de contact 186" ***********
             Real Constant Set For Above Contact Is 220 & 219
 *********** Create Contact "Zone de contact 187" ***********
             Real Constant Set For Above Contact Is 222 & 221
 *********** Create Contact "Zone de contact 188" ***********
             Real Constant Set For Above Contact Is 224 & 223
 *********** Create Contact "Zone de contact 189" ***********
             Real Constant Set For Above Contact Is 226 & 225
 *********** Create Contact "Zone de contact 190" ***********
             Real Constant Set For Above Contact Is 228 & 227
 *********** Create Contact "Zone de contact 191" ***********
             Real Constant Set For Above Contact Is 230 & 229
 *********** Create Contact "Zone de contact 192" ***********
             Real Constant Set For Above Contact Is 232 & 231
 *********** Create Contact "Zone de contact 193" ***********
             Real Constant Set For Above Contact Is 234 & 233
 *********** Create Contact "Zone de contact 194" ***********
             Real Constant Set For Above Contact Is 236 & 235
 *********** Create Contact "Zone de contact 195" ***********
             Real Constant Set For Above Contact Is 238 & 237
 *********** Create Contact "Zone de contact 196" ***********
             Real Constant Set For Above Contact Is 240 & 239
 *********** Create Contact "Zone de contact 197" ***********
             Real Constant Set For Above Contact Is 242 & 241
 *********** Create Contact "Zone de contact 198" ***********
             Real Constant Set For Above Contact Is 244 & 243
 *********** Create Contact "Zone de contact 199" ***********
             Real Constant Set For Above Contact Is 246 & 245
 *********** Create Contact "Zone de contact 200" ***********
             Real Constant Set For Above Contact Is 248 & 247
 *********** Create Contact "Zone de contact 201" ***********
             Real Constant Set For Above Contact Is 250 & 249
 *********** Create Contact "Zone de contact 202" ***********
             Real Constant Set For Above Contact Is 252 & 251
 *********** Create Contact "Zone de contact 203" ***********
             Real Constant Set For Above Contact Is 254 & 253
 *********** Create Contact "Zone de contact 204" ***********
             Real Constant Set For Above Contact Is 256 & 255
 *********** Create Contact "Zone de contact 205" ***********
             Real Constant Set For Above Contact Is 258 & 257
 *********** Create Contact "Zone de contact 206" ***********
             Real Constant Set For Above Contact Is 260 & 259
 *********** Create Contact "Zone de contact 207" ***********
             Real Constant Set For Above Contact Is 262 & 261
 *********** Create Contact "Zone de contact 208" ***********
             Real Constant Set For Above Contact Is 264 & 263
 *********** Create Contact "Zone de contact" ***********
             Real Constant Set For Above Contact Is 266 & 265
 *********** Create Contact "Zone de contact 2" ***********
             Real Constant Set For Above Contact Is 268 & 267
 *********** Create Contact "Zone de contact 3" ***********
             Real Constant Set For Above Contact Is 270 & 269
 *********** Create Contact "Zone de contact 4" ***********
             Real Constant Set For Above Contact Is 272 & 271
 *********** Create Contact "Zone de contact 5" ***********
             Real Constant Set For Above Contact Is 274 & 273
 *********** Create Contact "Zone de contact 6" ***********
             Real Constant Set For Above Contact Is 276 & 275
 *********** Create Contact "Zone de contact 7" ***********
             Real Constant Set For Above Contact Is 278 & 277
 *********** Create Contact "Zone de contact 8" ***********
             Real Constant Set For Above Contact Is 280 & 279
 *********** Create Contact "Zone de contact 9" ***********
             Real Constant Set For Above Contact Is 282 & 281
 *********** Create Contact "Zone de contact 10" ***********
             Real Constant Set For Above Contact Is 284 & 283
 *********** Create Contact "Zone de contact 11" ***********
             Real Constant Set For Above Contact Is 286 & 285
 *********** Create Contact "Zone de contact 12" ***********
             Real Constant Set For Above Contact Is 288 & 287
 *********** Create Contact "Zone de contact 13" ***********
             Real Constant Set For Above Contact Is 290 & 289
 *********** Create Contact "Zone de contact 14" ***********
             Real Constant Set For Above Contact Is 292 & 291
 *********** Create Contact "Zone de contact 15" ***********
             Real Constant Set For Above Contact Is 294 & 293
 *********** Create Contact "Zone de contact 16" ***********
             Real Constant Set For Above Contact Is 296 & 295
 *********** Create Contact "Zone de contact 17" ***********
             Real Constant Set For Above Contact Is 298 & 297
 *********** Create Contact "Zone de contact 18" ***********
             Real Constant Set For Above Contact Is 300 & 299
 *********** Create Contact "Zone de contact 19" ***********
             Real Constant Set For Above Contact Is 302 & 301
 *********** Create Contact "Zone de contact 20" ***********
             Real Constant Set For Above Contact Is 304 & 303
 *********** Create Contact "Zone de contact 21" ***********
             Real Constant Set For Above Contact Is 306 & 305
 *********** Create Contact "Zone de contact 22" ***********
             Real Constant Set For Above Contact Is 308 & 307
 *********** Create Contact "Zone de contact 23" ***********
             Real Constant Set For Above Contact Is 310 & 309
 *********** Create Contact "Zone de contact 24" ***********
             Real Constant Set For Above Contact Is 312 & 311
 *********** Create Contact "Zone de contact 25" ***********
             Real Constant Set For Above Contact Is 314 & 313
 *********** Create Contact "Zone de contact 26" ***********
             Real Constant Set For Above Contact Is 316 & 315
 *********** Create Contact "Zone de contact 27" ***********
             Real Constant Set For Above Contact Is 318 & 317
 *********** Create Contact "Zone de contact 28" ***********
             Real Constant Set For Above Contact Is 320 & 319
 *********** Create Contact "Zone de contact 29" ***********
             Real Constant Set For Above Contact Is 322 & 321
 *********** Create Contact "Zone de contact 30" ***********
             Real Constant Set For Above Contact Is 324 & 323
 *********** Create Contact "Zone de contact 31" ***********
             Real Constant Set For Above Contact Is 326 & 325
 *********** Create Contact "Zone de contact 32" ***********
             Real Constant Set For Above Contact Is 328 & 327
 *********** Create Contact "Zone de contact 33" ***********
             Real Constant Set For Above Contact Is 330 & 329
 *********** Create Contact "Zone de contact 34" ***********
             Real Constant Set For Above Contact Is 332 & 331
 *********** Create Contact "Zone de contact 35" ***********
             Real Constant Set For Above Contact Is 334 & 333
 *********** Create Contact "Zone de contact 36" ***********
             Real Constant Set For Above Contact Is 336 & 335
 *********** Create Contact "Zone de contact 37" ***********
             Real Constant Set For Above Contact Is 338 & 337
 *********** Create Contact "Zone de contact 38" ***********
             Real Constant Set For Above Contact Is 340 & 339
 *********** Create Contact "Zone de contact 39" ***********
             Real Constant Set For Above Contact Is 342 & 341
 *********** Create Contact "Zone de contact 40" ***********
             Real Constant Set For Above Contact Is 344 & 343
 *********** Create Contact "Zone de contact 41" ***********
             Real Constant Set For Above Contact Is 346 & 345
 *********** Create Contact "Zone de contact 42" ***********
             Real Constant Set For Above Contact Is 348 & 347
 *********** Create Contact "Zone de contact 43" ***********
             Real Constant Set For Above Contact Is 350 & 349
 *********** Create Contact "Zone de contact 44" ***********
             Real Constant Set For Above Contact Is 352 & 351
 *********** Create Contact "Zone de contact 45" ***********
             Real Constant Set For Above Contact Is 354 & 353
 *********** Create Contact "Zone de contact 46" ***********
             Real Constant Set For Above Contact Is 356 & 355
 *********** Create Contact "Zone de contact 47" ***********
             Real Constant Set For Above Contact Is 358 & 357
 *********** Create Contact "Zone de contact 48" ***********
             Real Constant Set For Above Contact Is 360 & 359
 *********** Create Contact "Zone de contact 49" ***********
             Real Constant Set For Above Contact Is 362 & 361
 *********** Create Contact "Zone de contact 50" ***********
             Real Constant Set For Above Contact Is 364 & 363
 *********** Create Contact "Zone de contact 51" ***********
             Real Constant Set For Above Contact Is 366 & 365
 *********** Create Contact "Zone de contact 52" ***********
             Real Constant Set For Above Contact Is 368 & 367
 *********** Create Contact "Zone de contact 53" ***********
             Real Constant Set For Above Contact Is 370 & 369
 *********** Create Contact "Zone de contact 54" ***********
             Real Constant Set For Above Contact Is 372 & 371
 *********** Create Contact "Zone de contact 55" ***********
             Real Constant Set For Above Contact Is 374 & 373
 *********** Create Contact "Zone de contact 56" ***********
             Real Constant Set For Above Contact Is 376 & 375
 *********** Create Contact "Zone de contact 57" ***********
             Real Constant Set For Above Contact Is 378 & 377
 *********** Create Contact "Zone de contact 58" ***********
             Real Constant Set For Above Contact Is 380 & 379
 *********** Create Contact "Zone de contact 59" ***********
             Real Constant Set For Above Contact Is 382 & 381
 *********** Create Contact "Zone de contact 60" ***********
             Real Constant Set For Above Contact Is 384 & 383
 *********** Create Contact "Zone de contact 61" ***********
             Real Constant Set For Above Contact Is 386 & 385
 *********** Create Contact "Zone de contact 62" ***********
             Real Constant Set For Above Contact Is 388 & 387
 *********** Create Contact "Zone de contact 63" ***********
             Real Constant Set For Above Contact Is 390 & 389
 *********** Create Contact "Zone de contact 64" ***********
             Real Constant Set For Above Contact Is 392 & 391
 *********** Create Contact "Zone de contact 65" ***********
             Real Constant Set For Above Contact Is 394 & 393
 *********** Create Contact "Zone de contact 66" ***********
             Real Constant Set For Above Contact Is 396 & 395
 *********** Create Contact "Zone de contact 67" ***********
             Real Constant Set For Above Contact Is 398 & 397
 *********** Create Contact "Zone de contact 68" ***********
             Real Constant Set For Above Contact Is 400 & 399
 *********** Create Contact "Zone de contact 69" ***********
             Real Constant Set For Above Contact Is 402 & 401
 *********** Create Contact "Zone de contact 70" ***********
             Real Constant Set For Above Contact Is 404 & 403
 *********** Create Contact "Zone de contact 71" ***********
             Real Constant Set For Above Contact Is 406 & 405
 *********** Create Contact "Zone de contact 72" ***********
             Real Constant Set For Above Contact Is 408 & 407
 *********** Create Contact "Zone de contact 73" ***********
             Real Constant Set For Above Contact Is 410 & 409
 *********** Create Contact "Zone de contact 74" ***********
             Real Constant Set For Above Contact Is 412 & 411
 *********** Create Contact "Zone de contact 75" ***********
             Real Constant Set For Above Contact Is 414 & 413
 *********** Create Contact "Zone de contact 76" ***********
             Real Constant Set For Above Contact Is 416 & 415
 *********** Create Contact "Zone de contact 77" ***********
             Real Constant Set For Above Contact Is 418 & 417
 *********** Create Contact "Zone de contact 78" ***********
             Real Constant Set For Above Contact Is 420 & 419
 *********** Create Contact "Zone de contact 79" ***********
             Real Constant Set For Above Contact Is 422 & 421
 *********** Create Contact "Zone de contact 80" ***********
             Real Constant Set For Above Contact Is 424 & 423
 *********** Create Contact "Zone de contact 81" ***********
             Real Constant Set For Above Contact Is 426 & 425
 *********** Create Contact "Zone de contact 82" ***********
             Real Constant Set For Above Contact Is 428 & 427
 *********** Create Contact "Zone de contact 83" ***********
             Real Constant Set For Above Contact Is 430 & 429
 *********** Create Contact "Zone de contact 84" ***********
             Real Constant Set For Above Contact Is 432 & 431
 *********** Create Contact "Zone de contact 85" ***********
             Real Constant Set For Above Contact Is 434 & 433
 *********** Create Contact "Zone de contact 86" ***********
             Real Constant Set For Above Contact Is 436 & 435
 *********** Create Contact "Zone de contact 87" ***********
             Real Constant Set For Above Contact Is 438 & 437
 *********** Create Contact "Zone de contact 88" ***********
             Real Constant Set For Above Contact Is 440 & 439
 *********** Create Contact "Zone de contact 89" ***********
             Real Constant Set For Above Contact Is 442 & 441
 *********** Create Contact "Zone de contact 90" ***********
             Real Constant Set For Above Contact Is 444 & 443
 *********** Create Contact "Zone de contact 91" ***********
             Real Constant Set For Above Contact Is 446 & 445
 *********** Create Contact "Zone de contact 92" ***********
             Real Constant Set For Above Contact Is 448 & 447
 *********** Create Contact "Zone de contact 93" ***********
             Real Constant Set For Above Contact Is 450 & 449
 *********** Create Contact "Zone de contact 94" ***********
             Real Constant Set For Above Contact Is 452 & 451
 *********** Create Contact "Zone de contact 95" ***********
             Real Constant Set For Above Contact Is 454 & 453
 *********** Create Contact "Zone de contact 96" ***********
             Real Constant Set For Above Contact Is 456 & 455
 *********** Create Contact "Zone de contact 97" ***********
             Real Constant Set For Above Contact Is 458 & 457
 *********** Create Contact "Zone de contact 98" ***********
             Real Constant Set For Above Contact Is 460 & 459
 *********** Create Contact "Zone de contact 99" ***********
             Real Constant Set For Above Contact Is 462 & 461
 *********** Create Contact "Zone de contact 100" ***********
             Real Constant Set For Above Contact Is 464 & 463
 *********** Create Contact "Zone de contact 101" ***********
             Real Constant Set For Above Contact Is 466 & 465
 *********** Create Contact "Zone de contact 102" ***********
             Real Constant Set For Above Contact Is 468 & 467
 *********** Create Contact "Zone de contact 103" ***********
             Real Constant Set For Above Contact Is 470 & 469
 *********** Create Contact "Zone de contact 104" ***********
             Real Constant Set For Above Contact Is 472 & 471
 *********** Create Contact "Zone de contact 105" ***********
             Real Constant Set For Above Contact Is 474 & 473
 *********** Create Contact "Zone de contact 106" ***********
             Real Constant Set For Above Contact Is 476 & 475
 *********** Create Contact "Zone de contact 107" ***********
             Real Constant Set For Above Contact Is 478 & 477
 *********** Create Contact "Zone de contact 108" ***********
             Real Constant Set For Above Contact Is 480 & 479
 *********** Create Contact "Zone de contact 109" ***********
             Real Constant Set For Above Contact Is 482 & 481
 *********** Create Contact "Zone de contact 110" ***********
             Real Constant Set For Above Contact Is 484 & 483
 *********** Create Contact "Zone de contact 111" ***********
             Real Constant Set For Above Contact Is 486 & 485
 *********** Create Contact "Zone de contact 112" ***********
             Real Constant Set For Above Contact Is 488 & 487
 *********** Create Contact "Zone de contact 113" ***********
             Real Constant Set For Above Contact Is 490 & 489
 *********** Create Contact "Zone de contact 114" ***********
             Real Constant Set For Above Contact Is 492 & 491
 *********** Create Contact "Zone de contact 115" ***********
             Real Constant Set For Above Contact Is 494 & 493
 *********** Create Contact "Zone de contact 116" ***********
             Real Constant Set For Above Contact Is 496 & 495
 *********** Create Contact "Zone de contact 117" ***********
             Real Constant Set For Above Contact Is 498 & 497
 *********** Create Contact "Zone de contact 118" ***********
             Real Constant Set For Above Contact Is 500 & 499
 *********** Create Contact "Zone de contact 119" ***********
             Real Constant Set For Above Contact Is 502 & 501
 *********** Create Contact "Zone de contact 120" ***********
             Real Constant Set For Above Contact Is 504 & 503
 *********** Create Contact "Zone de contact 121" ***********
             Real Constant Set For Above Contact Is 506 & 505
 *********** Create Contact "Zone de contact 122" ***********
             Real Constant Set For Above Contact Is 508 & 507
 *********** Create Contact "Zone de contact 123" ***********
             Real Constant Set For Above Contact Is 510 & 509
 *********** Create Contact "Zone de contact 124" ***********
             Real Constant Set For Above Contact Is 512 & 511
 *********** Create Contact "Zone de contact 125" ***********
             Real Constant Set For Above Contact Is 514 & 513
 *********** Create Contact "Zone de contact 126" ***********
             Real Constant Set For Above Contact Is 516 & 515
 *********** Create Contact "Zone de contact 127" ***********
             Real Constant Set For Above Contact Is 518 & 517
 *********** Create Contact "Zone de contact 128" ***********
             Real Constant Set For Above Contact Is 520 & 519
 *********** Create Contact "Zone de contact 129" ***********
             Real Constant Set For Above Contact Is 522 & 521
 *********** Create Contact "Zone de contact 130" ***********
             Real Constant Set For Above Contact Is 524 & 523
 *********** Create Contact "Zone de contact 131" ***********
             Real Constant Set For Above Contact Is 526 & 525
 *********** Create Contact "Zone de contact 132" ***********
             Real Constant Set For Above Contact Is 528 & 527
 *********** Create Contact "Zone de contact 133" ***********
             Real Constant Set For Above Contact Is 530 & 529
 *********** Create Contact "Zone de contact 134" ***********
             Real Constant Set For Above Contact Is 532 & 531
 *********** Create Contact "Zone de contact 135" ***********
             Real Constant Set For Above Contact Is 534 & 533
 *********** Create Contact "Zone de contact 136" ***********
             Real Constant Set For Above Contact Is 536 & 535
 *********** Create Contact "Zone de contact 137" ***********
             Real Constant Set For Above Contact Is 538 & 537
 *********** Create Contact "Zone de contact 138" ***********
             Real Constant Set For Above Contact Is 540 & 539
 *********** Create Contact "Zone de contact 139" ***********
             Real Constant Set For Above Contact Is 542 & 541
 *********** Create Contact "Zone de contact 140" ***********
             Real Constant Set For Above Contact Is 544 & 543
 *********** Create Contact "Zone de contact 141" ***********
             Real Constant Set For Above Contact Is 546 & 545
 *********** Create Contact "Zone de contact 142" ***********
             Real Constant Set For Above Contact Is 548 & 547
 *********** Create Contact "Zone de contact 143" ***********
             Real Constant Set For Above Contact Is 550 & 549
 *********** Create Contact "Zone de contact 144" ***********
             Real Constant Set For Above Contact Is 552 & 551
 *********** Create Contact "Zone de contact 145" ***********
             Real Constant Set For Above Contact Is 554 & 553
 *********** Create Contact "Zone de contact 146" ***********
             Real Constant Set For Above Contact Is 556 & 555
 *********** Create Contact "Zone de contact 147" ***********
             Real Constant Set For Above Contact Is 558 & 557
 *********** Create Contact "Zone de contact 148" ***********
             Real Constant Set For Above Contact Is 560 & 559
 *********** Create Contact "Zone de contact 149" ***********
             Real Constant Set For Above Contact Is 562 & 561
 *********** Create Contact "Zone de contact 150" ***********
             Real Constant Set For Above Contact Is 564 & 563
 *********** Create Contact "Zone de contact 151" ***********
             Real Constant Set For Above Contact Is 566 & 565
 *********** Create Contact "Zone de contact 152" ***********
             Real Constant Set For Above Contact Is 568 & 567
 *********** Create Contact "Zone de contact 153" ***********
             Real Constant Set For Above Contact Is 570 & 569
 *********** Create Contact "Zone de contact 154" ***********
             Real Constant Set For Above Contact Is 572 & 571
 *********** Create Contact "Zone de contact 155" ***********
             Real Constant Set For Above Contact Is 574 & 573
 *********** Create Contact "Zone de contact 156" ***********
             Real Constant Set For Above Contact Is 576 & 575
 *********** Create Contact "Zone de contact 157" ***********
             Real Constant Set For Above Contact Is 578 & 577
 *********** Create Contact "Zone de contact 158" ***********
             Real Constant Set For Above Contact Is 580 & 579
 *********** Create Contact "Zone de contact 159" ***********
             Real Constant Set For Above Contact Is 582 & 581
 *********** Create Contact "Zone de contact 160" ***********
             Real Constant Set For Above Contact Is 584 & 583
 *********** Create Contact "Zone de contact 161" ***********
             Real Constant Set For Above Contact Is 586 & 585
 *********** Create Contact "Zone de contact 162" ***********
             Real Constant Set For Above Contact Is 588 & 587
 *********** Create Contact "Zone de contact 163" ***********
             Real Constant Set For Above Contact Is 590 & 589
 *********** Create Contact "Zone de contact 164" ***********
             Real Constant Set For Above Contact Is 592 & 591
 *********** Create Contact "Zone de contact 165" ***********
             Real Constant Set For Above Contact Is 594 & 593
 *********** Create Contact "Zone de contact 166" ***********
             Real Constant Set For Above Contact Is 596 & 595
 *********** Create Contact "Zone de contact 167" ***********
             Real Constant Set For Above Contact Is 598 & 597
 *********** Create Contact "Zone de contact 168" ***********
             Real Constant Set For Above Contact Is 600 & 599
 *********** Create Contact "Zone de contact 169" ***********
             Real Constant Set For Above Contact Is 602 & 601
 *********** Create Contact "Zone de contact 170" ***********
             Real Constant Set For Above Contact Is 604 & 603
 *********** Create Contact "Zone de contact 171" ***********
             Real Constant Set For Above Contact Is 606 & 605
 *********** Create Contact "Zone de contact 172" ***********
             Real Constant Set For Above Contact Is 608 & 607
 *********** Create Contact "Zone de contact 173" ***********
             Real Constant Set For Above Contact Is 610 & 609
 *********** Create Contact "Zone de contact 174" ***********
             Real Constant Set For Above Contact Is 612 & 611
 *********** Create Contact "Zone de contact 175" ***********
             Real Constant Set For Above Contact Is 614 & 613
 *********** Create Contact "Zone de contact 176" ***********
             Real Constant Set For Above Contact Is 616 & 615
 *********** Create Contact "Zone de contact 177" ***********
             Real Constant Set For Above Contact Is 618 & 617
 *********** Create Contact "Zone de contact 178" ***********
             Real Constant Set For Above Contact Is 620 & 619
 *********** Create Contact "Zone de contact 179" ***********
             Real Constant Set For Above Contact Is 622 & 621
 *********** Create Contact "Zone de contact 180" ***********
             Real Constant Set For Above Contact Is 624 & 623
 *********** Send Named Selection as Element Component ***********
 *********** Send Named Selection as Node Component ***********
 *********** Send Named Selection as Node Component ***********
 *********** Send Named Selection as Element Component ***********
 *********** Send Named Selection as Node Component ***********
 *********** Send Named Selection as Node Component ***********
 *********** Send Named Selection as Element Component ***********
 *********** Send Named Selection as Node Component ***********
 *********** Send Named Selection as Node Component ***********
 *********** Send Named Selection as Element Component ***********
 *********** Send Named Selection as Node Component ***********
 *********** Send Named Selection as Node Component ***********
 *********** Send Named Selection as Element Component ***********
 *********** Send Named Selection as Node Component ***********
 *********** Send Named Selection as Node Component ***********
 *********** Send Named Selection as Element Component ***********
 *********** Send Named Selection as Node Component ***********
 *********** Send Named Selection as Node Component ***********
 *********** Fixed Supports ***********


 ***** ROUTINE COMPLETED *****  ELAPSED TIME =         7.523


 --- Number of total nodes = 368754
 --- Number of contact elements = 32944
 --- Number of spring elements = 0
 --- Number of bearing elements = 0
 --- Number of solid elements = 112902
 --- Number of condensed parts = 0
 --- Number of total elements = 145846

 *GET  _WALLBSOL  FROM  ACTI  ITEM=TIME WALL  VALUE= 0.209702984E-02

 *****  MAPDL SOLUTION ROUTINE  *****

 CONTACT PAIR INFO IS WRITTEN TO FILE= modalcheck.cnm                                                                                                                                                                                                                                                      

 CHECK INITIAL OPEN/CLOSED STATUS OF SELECTED CONTACT ELEMENTS
      AND LIST DETAILED CONTACT PAIR INFORMATION

 SPLIT CONTACT SURFACES AT SOLVE PHASE

    NUMBER OF SPLITTING TBD BY PROGRAM


 PERFORM A MODAL ANALYSIS
  THIS WILL BE A NEW ANALYSIS

 PARAMETER _THICKRATIO =    0.7210000000E-01

 THERMAL STRAINS ARE NOT INCLUDED IN THE LOAD VECTOR.


 USE SYM. BLOCK LANCZOS MODE EXTRACTION METHOD
  EXTRACT    20 MODES
  EXTRACT FREQUENCIES IN THE RANGE   1.0000     TO   10000.    
  NORMALIZE THE MODE SHAPES TO THE MASS MATRIX

 ERASE THE CURRENT DATABASE OUTPUT CONTROL TABLE.


 WRITE ALL  ITEMS TO THE DATABASE WITH A FREQUENCY OF NONE
   FOR ALL APPLICABLE ENTITIES

 WRITE NSOL ITEMS TO THE DATABASE WITH A FREQUENCY OF ALL 
   FOR ALL APPLICABLE ENTITIES


 EXPAND ALL EXTRACTED MODES
  DO NOT CALCULATE ELEMENT RESULTS

 DO NOT COMBINE ELEMENT SAVE DATA FILES (.esav) AFTER DISTRIBUTED PARALLEL SOLUTION

 DO NOT COMBINE ELEMENT MATRIX FILES (.emat) AFTER DISTRIBUTED PARALLEL SOLUTION

 DO NOT COMBINE ASSEMBLED MATRIX FILES (.full) AFTER DISTRIBUTED PARALLEL SOLUTION

 FINISH SOLUTION PROCESSING


 ***** ROUTINE COMPLETED *****  ELAPSED TIME =         7.555



 *** MAPDL - ENGINEERING ANALYSIS SYSTEM  RELEASE 2026 R1.02       26.1     ***
 Ansys Mechanical Enterprise Academic Research     
 01196637  VERSION=WINDOWS x64   21:32:14  OCT 04, 2026 Elapsed Time=      7.555

 powerboardsim_v1--DEFAULT REFINED - 20 undamped modes above 1 Hz              



          ***** MAPDL ANALYSIS DEFINITION (PREP7) *****

 ELEMENT TECHNOLOGY CONTROL PARAMETER FOR APPLICABLE ELEMENTS = OFF.

 DEGENERATED ELEMENT SHAPE CONTROL PARAMETER FOR APPLICABLE ELEMENTS = ON.

 REACTIVATE MESSAGES (WARNINGS ONLY) FOR ELEMENT SHAPE LIMIT VIOLATIONS.


 ***** ROUTINE COMPLETED *****  ELAPSED TIME =         7.556



 *****  MAPDL SOLUTION ROUTINE  *****

 *GET  ANSINTER_  FROM  ACTI  ITEM=INT        VALUE=  0.00000000    

 *IF  ANSINTER_  ( =   0.00000     )  NE  
      0  ( =   0.00000     )  THEN    

 *ENDIF

 PRINTOUT RESUMED BY /GOP

 SELECT ALL ENTITIES OF TYPE= ALL  AND BELOW

 CHECK INITIAL OPEN/CLOSED STATUS OF SELECTED CONTACT ELEMENTS
      AND LIST DETAILED CONTACT PAIR INFORMATION

     244 CONTACT PAIRS ARE SELECTED
     CONTACT PAIR HAVING REAL ID =         209 IS INITIALLY OPEN 
      BUT MAY BE AUTOMATICALLY CLOSED
     CONTACT PAIR HAVING REAL ID =         210 IS INITIALLY OPEN 
      BUT MAY BE AUTOMATICALLY CLOSED
     CONTACT PAIR HAVING REAL ID =         211 IS INITIALLY OPEN 
      BUT MAY BE AUTOMATICALLY CLOSED
     CONTACT PAIR HAVING REAL ID =         212 IS INITIALLY OPEN 
      BUT MAY BE AUTOMATICALLY CLOSED
     CONTACT PAIR HAVING REAL ID =         213 IS INITIALLY OPEN 
      BUT MAY BE AUTOMATICALLY CLOSED
     CONTACT PAIR HAVING REAL ID =         214 IS INITIALLY OPEN 
      BUT MAY BE AUTOMATICALLY CLOSED
     CONTACT PAIR HAVING REAL ID =         215 IS INITIALLY CLOSED
     CONTACT PAIR HAVING REAL ID =         216 IS INITIALLY OPEN 
      BUT MAY BE AUTOMATICALLY CLOSED
     CONTACT PAIR HAVING REAL ID =         217 IS INITIALLY OPEN 
      BUT MAY BE AUTOMATICALLY CLOSED
     CONTACT PAIR HAVING REAL ID =         218 IS INITIALLY OPEN 
      BUT MAY BE AUTOMATICALLY CLOSED
     CONTACT PAIR HAVING REAL ID =         219 IS INITIALLY OPEN 
      BUT MAY BE AUTOMATICALLY CLOSED
     CONTACT PAIR HAVING REAL ID =         220 IS INITIALLY OPEN 
      BUT MAY BE AUTOMATICALLY CLOSED
     CONTACT PAIR HAVING REAL ID =         221 IS INITIALLY CLOSED
     CONTACT PAIR HAVING REAL ID =         222 IS INITIALLY CLOSED
     CONTACT PAIR HAVING REAL ID =         223 IS INITIALLY OPEN 
      BUT MAY BE AUTOMATICALLY CLOSED
     CONTACT PAIR HAVING REAL ID =         224 IS INITIALLY CLOSED
     CONTACT PAIR HAVING REAL ID =         225 IS INITIALLY OPEN 
      BUT MAY BE AUTOMATICALLY CLOSED
     CONTACT PAIR HAVING REAL ID =         226 IS INITIALLY OPEN 
      BUT MAY BE AUTOMATICALLY CLOSED
     CONTACT PAIR HAVING REAL ID =         227 IS INITIALLY CLOSED
     CONTACT PAIR HAVING REAL ID =         228 IS INITIALLY CLOSED
     CONTACT PAIR HAVING REAL ID =         229 IS INITIALLY OPEN 
      BUT MAY BE AUTOMATICALLY CLOSED
     CONTACT PAIR HAVING REAL ID =         230 IS INITIALLY OPEN 
      BUT MAY BE AUTOMATICALLY CLOSED
     CONTACT PAIR HAVING REAL ID =         231 IS INITIALLY OPEN 
      BUT MAY BE AUTOMATICALLY CLOSED
     CONTACT PAIR HAVING REAL ID =         232 IS INITIALLY OPEN 
      BUT MAY BE AUTOMATICALLY CLOSED
     CONTACT PAIR HAVING REAL ID =         233 IS INITIALLY CLOSED
     CONTACT PAIR HAVING REAL ID =         234 IS INITIALLY OPEN 
      BUT MAY BE AUTOMATICALLY CLOSED
     CONTACT PAIR HAVING REAL ID =         235 IS INITIALLY OPEN 
      BUT MAY BE AUTOMATICALLY CLOSED
     CONTACT PAIR HAVING REAL ID =         236 IS INITIALLY OPEN 
      BUT MAY BE AUTOMATICALLY CLOSED
     CONTACT PAIR HAVING REAL ID =         237 IS INITIALLY OPEN 
      BUT MAY BE AUTOMATICALLY CLOSED
     CONTACT PAIR HAVING REAL ID =         238 IS INITIALLY OPEN 
      BUT MAY BE AUTOMATICALLY CLOSED
     CONTACT PAIR HAVING REAL ID =         239 IS INITIALLY OPEN 
      BUT MAY BE AUTOMATICALLY CLOSED
     CONTACT PAIR HAVING REAL ID =         240 IS INITIALLY OPEN 
      BUT MAY BE AUTOMATICALLY CLOSED
     CONTACT PAIR HAVING REAL ID =         241 IS INITIALLY OPEN 
      BUT MAY BE AUTOMATICALLY CLOSED
     CONTACT PAIR HAVING REAL ID =         242 IS INITIALLY OPEN 
      BUT MAY BE AUTOMATICALLY CLOSED
     CONTACT PAIR HAVING REAL ID =         243 IS INITIALLY OPEN 
      BUT MAY BE AUTOMATICALLY CLOSED
     CONTACT PAIR HAVING REAL ID =         244 IS INITIALLY OPEN 
      BUT MAY BE AUTOMATICALLY CLOSED
     CONTACT PAIR HAVING REAL ID =         245 IS INITIALLY OPEN 
      BUT MAY BE AUTOMATICALLY CLOSED
     CONTACT PAIR HAVING REAL ID =         246 IS INITIALLY OPEN 
      BUT MAY BE AUTOMATICALLY CLOSED
     CONTACT PAIR HAVING REAL ID =         247 IS INITIALLY CLOSED
     CONTACT PAIR HAVING REAL ID =         248 IS INITIALLY CLOSED
     CONTACT PAIR HAVING REAL ID =         249 IS INITIALLY CLOSED
     CONTACT PAIR HAVING REAL ID =         250 IS INITIALLY CLOSED
     CONTACT PAIR HAVING REAL ID =         251 IS INITIALLY CLOSED
     CONTACT PAIR HAVING REAL ID =         252 IS INITIALLY OPEN 
      BUT MAY BE AUTOMATICALLY CLOSED
     CONTACT PAIR HAVING REAL ID =         253 IS INITIALLY CLOSED
     CONTACT PAIR HAVING REAL ID =         254 IS INITIALLY CLOSED
     CONTACT PAIR HAVING REAL ID =         255 IS INITIALLY CLOSED
     CONTACT PAIR HAVING REAL ID =         256 IS INITIALLY CLOSED
     CONTACT PAIR HAVING REAL ID =         257 IS INITIALLY OPEN 
      BUT MAY BE AUTOMATICALLY CLOSED
     CONTACT PAIR HAVING REAL ID =         258 IS INITIALLY OPEN 
      BUT MAY BE AUTOMATICALLY CLOSED
     CONTACT PAIR HAVING REAL ID =         259 IS INITIALLY CLOSED
     CONTACT PAIR HAVING REAL ID =         260 IS INITIALLY CLOSED
     CONTACT PAIR HAVING REAL ID =         261 IS INITIALLY CLOSED
     CONTACT PAIR HAVING REAL ID =         262 IS INITIALLY CLOSED
     CONTACT PAIR HAVING REAL ID =         263 IS INITIALLY OPEN 
      BUT MAY BE AUTOMATICALLY CLOSED
     CONTACT PAIR HAVING REAL ID =         264 IS INITIALLY OPEN 
      BUT MAY BE AUTOMATICALLY CLOSED
     CONTACT PAIR HAVING REAL ID =         265 IS INITIALLY CLOSED
     CONTACT PAIR HAVING REAL ID =         267 IS INITIALLY CLOSED
     CONTACT PAIR HAVING REAL ID =         269 IS INITIALLY CLOSED
     CONTACT PAIR HAVING REAL ID =         271 IS INITIALLY CLOSED
     CONTACT PAIR HAVING REAL ID =         273 IS INITIALLY CLOSED
     CONTACT PAIR HAVING REAL ID =         275 IS INITIALLY CLOSED
     CONTACT PAIR HAVING REAL ID =         277 IS INITIALLY CLOSED
     CONTACT PAIR HAVING REAL ID =         279 IS INITIALLY CLOSED
     CONTACT PAIR HAVING REAL ID =         281 IS INITIALLY CLOSED
     CONTACT PAIR HAVING REAL ID =         283 IS INITIALLY CLOSED
     CONTACT PAIR HAVING REAL ID =         285 IS INITIALLY CLOSED
     CONTACT PAIR HAVING REAL ID =         287 IS INITIALLY CLOSED
     CONTACT PAIR HAVING REAL ID =         289 IS INITIALLY CLOSED
     CONTACT PAIR HAVING REAL ID =         291 IS INITIALLY CLOSED
     CONTACT PAIR HAVING REAL ID =         293 IS INITIALLY CLOSED
     CONTACT PAIR HAVING REAL ID =         295 IS INITIALLY CLOSED
     CONTACT PAIR HAVING REAL ID =         297 IS INITIALLY CLOSED
     CONTACT PAIR HAVING REAL ID =         299 IS INITIALLY CLOSED
     CONTACT PAIR HAVING REAL ID =         301 IS INITIALLY CLOSED
     CONTACT PAIR HAVING REAL ID =         303 IS INITIALLY CLOSED
     CONTACT PAIR HAVING REAL ID =         305 IS INITIALLY CLOSED
     CONTACT PAIR HAVING REAL ID =         307 IS INITIALLY CLOSED
     CONTACT PAIR HAVING REAL ID =         309 IS INITIALLY CLOSED
     CONTACT PAIR HAVING REAL ID =         311 IS INITIALLY CLOSED
     CONTACT PAIR HAVING REAL ID =         313 IS INITIALLY CLOSED
     CONTACT PAIR HAVING REAL ID =         315 IS INITIALLY CLOSED
     CONTACT PAIR HAVING REAL ID =         317 IS INITIALLY CLOSED
     CONTACT PAIR HAVING REAL ID =         319 IS INITIALLY CLOSED
     CONTACT PAIR HAVING REAL ID =         321 IS INITIALLY CLOSED
     CONTACT PAIR HAVING REAL ID =         323 IS INITIALLY CLOSED
     CONTACT PAIR HAVING REAL ID =         325 IS INITIALLY CLOSED
     CONTACT PAIR HAVING REAL ID =         327 IS INITIALLY CLOSED
     CONTACT PAIR HAVING REAL ID =         329 IS INITIALLY CLOSED
     CONTACT PAIR HAVING REAL ID =         331 IS INITIALLY CLOSED
     CONTACT PAIR HAVING REAL ID =         333 IS INITIALLY CLOSED
     CONTACT PAIR HAVING REAL ID =         335 IS INITIALLY CLOSED
     CONTACT PAIR HAVING REAL ID =         337 IS INITIALLY CLOSED
     CONTACT PAIR HAVING REAL ID =         339 IS INITIALLY CLOSED
     CONTACT PAIR HAVING REAL ID =         341 IS INITIALLY CLOSED
     CONTACT PAIR HAVING REAL ID =         343 IS INITIALLY CLOSED
     CONTACT PAIR HAVING REAL ID =         345 IS INITIALLY CLOSED
     CONTACT PAIR HAVING REAL ID =         347 IS INITIALLY CLOSED
     CONTACT PAIR HAVING REAL ID =         349 IS INITIALLY CLOSED
     CONTACT PAIR HAVING REAL ID =         351 IS INITIALLY CLOSED
     CONTACT PAIR HAVING REAL ID =         353 IS INITIALLY CLOSED
     CONTACT PAIR HAVING REAL ID =         355 IS INITIALLY CLOSED
     CONTACT PAIR HAVING REAL ID =         357 IS INITIALLY CLOSED
     CONTACT PAIR HAVING REAL ID =         359 IS INITIALLY CLOSED
     CONTACT PAIR HAVING REAL ID =         361 IS INITIALLY CLOSED
     CONTACT PAIR HAVING REAL ID =         363 IS INITIALLY CLOSED
     CONTACT PAIR HAVING REAL ID =         365 IS INITIALLY CLOSED
     CONTACT PAIR HAVING REAL ID =         367 IS INITIALLY CLOSED
     CONTACT PAIR HAVING REAL ID =         369 IS INITIALLY CLOSED
     CONTACT PAIR HAVING REAL ID =         371 IS INITIALLY CLOSED
     CONTACT PAIR HAVING REAL ID =         373 IS INITIALLY CLOSED
     CONTACT PAIR HAVING REAL ID =         375 IS INITIALLY CLOSED
     CONTACT PAIR HAVING REAL ID =         377 IS INITIALLY CLOSED
     CONTACT PAIR HAVING REAL ID =         379 IS INITIALLY CLOSED
     CONTACT PAIR HAVING REAL ID =         381 IS INITIALLY CLOSED
     CONTACT PAIR HAVING REAL ID =         383 IS INITIALLY CLOSED
     CONTACT PAIR HAVING REAL ID =         385 IS INITIALLY CLOSED
     CONTACT PAIR HAVING REAL ID =         387 IS INITIALLY CLOSED
     CONTACT PAIR HAVING REAL ID =         389 IS INITIALLY CLOSED
     CONTACT PAIR HAVING REAL ID =         391 IS INITIALLY CLOSED
     CONTACT PAIR HAVING REAL ID =         393 IS INITIALLY CLOSED
     CONTACT PAIR HAVING REAL ID =         395 IS INITIALLY CLOSED
     CONTACT PAIR HAVING REAL ID =         397 IS INITIALLY CLOSED
     CONTACT PAIR HAVING REAL ID =         399 IS INITIALLY CLOSED
     CONTACT PAIR HAVING REAL ID =         401 IS INITIALLY CLOSED
     CONTACT PAIR HAVING REAL ID =         403 IS INITIALLY CLOSED
     CONTACT PAIR HAVING REAL ID =         405 IS INITIALLY CLOSED
     CONTACT PAIR HAVING REAL ID =         407 IS INITIALLY CLOSED
     CONTACT PAIR HAVING REAL ID =         409 IS INITIALLY CLOSED
     CONTACT PAIR HAVING REAL ID =         411 IS INITIALLY CLOSED
     CONTACT PAIR HAVING REAL ID =         413 IS INITIALLY CLOSED
     CONTACT PAIR HAVING REAL ID =         415 IS INITIALLY CLOSED
     CONTACT PAIR HAVING REAL ID =         417 IS INITIALLY CLOSED
     CONTACT PAIR HAVING REAL ID =         419 IS INITIALLY CLOSED
     CONTACT PAIR HAVING REAL ID =         421 IS INITIALLY CLOSED
     CONTACT PAIR HAVING REAL ID =         423 IS INITIALLY CLOSED
     CONTACT PAIR HAVING REAL ID =         425 IS INITIALLY CLOSED
     CONTACT PAIR HAVING REAL ID =         427 IS INITIALLY CLOSED
     CONTACT PAIR HAVING REAL ID =         429 IS INITIALLY CLOSED
     CONTACT PAIR HAVING REAL ID =         431 IS INITIALLY CLOSED
     CONTACT PAIR HAVING REAL ID =         433 IS INITIALLY CLOSED
     CONTACT PAIR HAVING REAL ID =         435 IS INITIALLY CLOSED
     CONTACT PAIR HAVING REAL ID =         437 IS INITIALLY CLOSED
     CONTACT PAIR HAVING REAL ID =         439 IS INITIALLY CLOSED
     CONTACT PAIR HAVING REAL ID =         441 IS INITIALLY CLOSED
     CONTACT PAIR HAVING REAL ID =         443 IS INITIALLY CLOSED
     CONTACT PAIR HAVING REAL ID =         445 IS INITIALLY CLOSED
     CONTACT PAIR HAVING REAL ID =         447 IS INITIALLY CLOSED
     CONTACT PAIR HAVING REAL ID =         449 IS INITIALLY CLOSED
     CONTACT PAIR HAVING REAL ID =         451 IS INITIALLY CLOSED
     CONTACT PAIR HAVING REAL ID =         453 IS INITIALLY CLOSED
     CONTACT PAIR HAVING REAL ID =         455 IS INITIALLY CLOSED
     CONTACT PAIR HAVING REAL ID =         457 IS INITIALLY CLOSED
     CONTACT PAIR HAVING REAL ID =         459 IS INITIALLY CLOSED
     CONTACT PAIR HAVING REAL ID =         461 IS INITIALLY CLOSED
     CONTACT PAIR HAVING REAL ID =         463 IS INITIALLY CLOSED
     CONTACT PAIR HAVING REAL ID =         465 IS INITIALLY CLOSED
     CONTACT PAIR HAVING REAL ID =         467 IS INITIALLY CLOSED
     CONTACT PAIR HAVING REAL ID =         469 IS INITIALLY CLOSED
     CONTACT PAIR HAVING REAL ID =         471 IS INITIALLY CLOSED
     CONTACT PAIR HAVING REAL ID =         473 IS INITIALLY CLOSED
     CONTACT PAIR HAVING REAL ID =         475 IS INITIALLY CLOSED
     CONTACT PAIR HAVING REAL ID =         477 IS INITIALLY CLOSED
     CONTACT PAIR HAVING REAL ID =         479 IS INITIALLY CLOSED
     CONTACT PAIR HAVING REAL ID =         481 IS INITIALLY CLOSED
     CONTACT PAIR HAVING REAL ID =         483 IS INITIALLY CLOSED
     CONTACT PAIR HAVING REAL ID =         485 IS INITIALLY CLOSED
     CONTACT PAIR HAVING REAL ID =         487 IS INITIALLY CLOSED
     CONTACT PAIR HAVING REAL ID =         489 IS INITIALLY CLOSED
     CONTACT PAIR HAVING REAL ID =         491 IS INITIALLY CLOSED
     CONTACT PAIR HAVING REAL ID =         493 IS INITIALLY CLOSED
     CONTACT PAIR HAVING REAL ID =         495 IS INITIALLY CLOSED
     CONTACT PAIR HAVING REAL ID =         497 IS INITIALLY CLOSED
     CONTACT PAIR HAVING REAL ID =         499 IS INITIALLY CLOSED
     CONTACT PAIR HAVING REAL ID =         501 IS INITIALLY CLOSED
     CONTACT PAIR HAVING REAL ID =         503 IS INITIALLY CLOSED
     CONTACT PAIR HAVING REAL ID =         505 IS INITIALLY CLOSED
     CONTACT PAIR HAVING REAL ID =         507 IS INITIALLY CLOSED
     CONTACT PAIR HAVING REAL ID =         509 IS INITIALLY CLOSED
     CONTACT PAIR HAVING REAL ID =         511 IS INITIALLY CLOSED
     CONTACT PAIR HAVING REAL ID =         513 IS INITIALLY CLOSED
     CONTACT PAIR HAVING REAL ID =         515 IS INITIALLY CLOSED
     CONTACT PAIR HAVING REAL ID =         517 IS INITIALLY CLOSED
     CONTACT PAIR HAVING REAL ID =         519 IS INITIALLY CLOSED
     CONTACT PAIR HAVING REAL ID =         521 IS INITIALLY CLOSED
     CONTACT PAIR HAVING REAL ID =         523 IS INITIALLY CLOSED
     CONTACT PAIR HAVING REAL ID =         525 IS INITIALLY CLOSED
     CONTACT PAIR HAVING REAL ID =         527 IS INITIALLY CLOSED
     CONTACT PAIR HAVING REAL ID =         529 IS INITIALLY CLOSED
     CONTACT PAIR HAVING REAL ID =         531 IS INITIALLY CLOSED
     CONTACT PAIR HAVING REAL ID =         533 IS INITIALLY CLOSED
     CONTACT PAIR HAVING REAL ID =         535 IS INITIALLY CLOSED
     CONTACT PAIR HAVING REAL ID =         537 IS INITIALLY CLOSED
     CONTACT PAIR HAVING REAL ID =         539 IS INITIALLY CLOSED
     CONTACT PAIR HAVING REAL ID =         541 IS INITIALLY CLOSED
     CONTACT PAIR HAVING REAL ID =         543 IS INITIALLY CLOSED
     CONTACT PAIR HAVING REAL ID =         545 IS INITIALLY CLOSED
     CONTACT PAIR HAVING REAL ID =         547 IS INITIALLY CLOSED
     CONTACT PAIR HAVING REAL ID =         549 IS INITIALLY CLOSED
     CONTACT PAIR HAVING REAL ID =         551 IS INITIALLY CLOSED
     CONTACT PAIR HAVING REAL ID =         553 IS INITIALLY CLOSED
     CONTACT PAIR HAVING REAL ID =         555 IS INITIALLY CLOSED
     CONTACT PAIR HAVING REAL ID =         557 IS INITIALLY CLOSED
     CONTACT PAIR HAVING REAL ID =         559 IS INITIALLY CLOSED
     CONTACT PAIR HAVING REAL ID =         561 IS INITIALLY CLOSED
     CONTACT PAIR HAVING REAL ID =         563 IS INITIALLY CLOSED
     CONTACT PAIR HAVING REAL ID =         565 IS INITIALLY CLOSED
     CONTACT PAIR HAVING REAL ID =         567 IS INITIALLY CLOSED
     CONTACT PAIR HAVING REAL ID =         569 IS INITIALLY CLOSED
     CONTACT PAIR HAVING REAL ID =         571 IS INITIALLY CLOSED
     CONTACT PAIR HAVING REAL ID =         573 IS INITIALLY CLOSED
     CONTACT PAIR HAVING REAL ID =         575 IS INITIALLY CLOSED
     CONTACT PAIR HAVING REAL ID =         577 IS INITIALLY CLOSED
     CONTACT PAIR HAVING REAL ID =         579 IS INITIALLY CLOSED
     CONTACT PAIR HAVING REAL ID =         581 IS INITIALLY CLOSED
     CONTACT PAIR HAVING REAL ID =         583 IS INITIALLY CLOSED
     CONTACT PAIR HAVING REAL ID =         585 IS INITIALLY CLOSED
     CONTACT PAIR HAVING REAL ID =         587 IS INITIALLY CLOSED
     CONTACT PAIR HAVING REAL ID =         589 IS INITIALLY CLOSED
     CONTACT PAIR HAVING REAL ID =         591 IS INITIALLY CLOSED
     CONTACT PAIR HAVING REAL ID =         593 IS INITIALLY CLOSED
     CONTACT PAIR HAVING REAL ID =         595 IS INITIALLY CLOSED
     CONTACT PAIR HAVING REAL ID =         597 IS INITIALLY CLOSED
     CONTACT PAIR HAVING REAL ID =         599 IS INITIALLY CLOSED
     CONTACT PAIR HAVING REAL ID =         601 IS INITIALLY CLOSED
     CONTACT PAIR HAVING REAL ID =         603 IS INITIALLY CLOSED
     CONTACT PAIR HAVING REAL ID =         605 IS INITIALLY CLOSED
     CONTACT PAIR HAVING REAL ID =         607 IS INITIALLY CLOSED
     CONTACT PAIR HAVING REAL ID =         609 IS INITIALLY CLOSED
     CONTACT PAIR HAVING REAL ID =         610 IS INITIALLY CLOSED
     CONTACT PAIR HAVING REAL ID =         611 IS INITIALLY CLOSED
     CONTACT PAIR HAVING REAL ID =         612 IS INITIALLY CLOSED
     CONTACT PAIR HAVING REAL ID =         613 IS INITIALLY CLOSED
     CONTACT PAIR HAVING REAL ID =         614 IS INITIALLY CLOSED
     CONTACT PAIR HAVING REAL ID =         615 IS INITIALLY CLOSED
     CONTACT PAIR HAVING REAL ID =         616 IS INITIALLY CLOSED
     CONTACT PAIR HAVING REAL ID =         617 IS INITIALLY CLOSED
     CONTACT PAIR HAVING REAL ID =         618 IS INITIALLY CLOSED
     CONTACT PAIR HAVING REAL ID =         619 IS INITIALLY CLOSED
     CONTACT PAIR HAVING REAL ID =         620 IS INITIALLY CLOSED
     CONTACT PAIR HAVING REAL ID =         621 IS INITIALLY CLOSED
     CONTACT PAIR HAVING REAL ID =         622 IS INITIALLY CLOSED
     CONTACT PAIR HAVING REAL ID =         623 IS INITIALLY CLOSED
     CONTACT PAIR HAVING REAL ID =         624 IS INITIALLY CLOSED
 MODAL_PREFLIGHT_COMPLETE

 FINISH SOLUTION PROCESSING


 ***** ROUTINE COMPLETED *****  ELAPSED TIME =        10.013



 EXIT MAPDL WITHOUT SAVING DATABASE


 NUMBER OF WARNING MESSAGES ENCOUNTERED=          2
 NUMBER OF ERROR   MESSAGES ENCOUNTERED=          0

+--------------------- M A P D L   S T A T I S T I C S ------------------------+

Release: 2026 R1.02         Build: 26.1       Update: UP20260202   Platform: WINDOWS x64 
Date Run: 10/04/2026   Time: 21:32     Process ID: 7988
Operating System: Windows 11  (Build: 26200)

Processor Model:                           Virtual CPU @ 3.20GHz

Compiler: Intel(R) Fortran Compiler Classic Version 2021.9  (Build: 20230302)
          Intel(R) C/C++ Compiler Classic Version 2021.9  (Build: 20230302)
          AOCL-BLAS 5.1.1 Build 20251008
          Intel(R) oneAPI Math Kernel Library Version 2024.2.3-Product Build 20250403

Number of machines requested            :    1
Total number of cores available         :   14
Number of physical cores available      :   14
Number of processes requested           :    1
Number of threads per process requested :    1
Total number of cores requested         :    1 (Shared Memory Parallel)                    

GPU Acceleration: Not Requested

Job Name: modalcheck
Input File: preflight.dat
Working Directory: C:\Temp\PCB750_modalcheck_20261004_213206

Total CPU time for main thread                    :        4.9 seconds
Total CPU time summed for all threads             :        4.6 seconds

Elapsed time spent obtaining a license            :        1.2 seconds
Elapsed time spent pre-processing model (/PREP7)  :        1.4 seconds
Elapsed time spent solution - preprocessing       :        0.0 seconds
Elapsed time spent computing solution             :        0.0 seconds
   Elapsed time in element formation & assembly   :        0.0 seconds
   Elapsed time in equation solver                :        0.0 seconds
   Elapsed time in element result calculations    :        0.0 seconds
Elapsed time spent solution - postprocessing      :        0.0 seconds
Elapsed time spent post-processing model (/POST1) :        0.0 seconds
 

Sum of disk space used on all processes           :        0.0 MB

Sum of memory used on all processes               :      338.0 MB
Sum of memory allocated on all processes          :     2304.0 MB
Physical memory available                         :        112 GB
Total amount of I/O written to disk               :        0.0 GB
Total amount of I/O read from disk                :        0.0 GB

+------------------ E N D   M A P D L   S T A T I S T I C S -------------------+


 *-----------------------------------------------------------------------------*
 |                                                                             |
 |                               RUN COMPLETED                                 |
 |                                                                             |
 |-----------------------------------------------------------------------------|
 |                                                                             |
 |  Ansys MAPDL 2026 R1.02      Build 26.1         UP20260202    WINDOWS x64   |
 |                                                                             |
 |-----------------------------------------------------------------------------|
 |                                                                             |
 |  Database Requested(-db)  1024 MB     Scratch Memory Requested      1024 MB |
 |  Maximum Database Used     223 MB     Maximum Scratch Memory Used    115 MB |
 |                                                                             |
 |-----------------------------------------------------------------------------|
 |                                                                             |
 |        CP Time      (sec) =          4.641       Time  =  21:32:27          |
 |        Elapsed Time (sec) =         20.406       Date  =  10/04/2026        |
 |                                                                             |
 *-----------------------------------------------------------------------------*
