/COM,ANSYS RELEASE 2026 R1.02        BUILD 26.1      UP20260202       15:02:29

 *** WARNING ***                         ELAPSED TIME =       6.020   TIME= 15:02:31
 One or more single layer Shell elements (such as element 3089)          
 reference section 1, which defines a different material (1) than the    
 attribute of the element (2).                                           

 *** WARNING ***                         ELAPSED TIME =       6.707   TIME= 15:02:31
 A boundary condition has been applied on 6 degrees of freedom of the    
 nodes belonging to the constraint element(MPC184) 2680.  It is likely   
 that the system may encounter solver difficulties due to                
 overconstraining.                                                       

 *** WARNING ***                         ELAPSED TIME =       6.708   TIME= 15:02:31
 A boundary condition has been applied on 6 degrees of freedom of the    
 nodes belonging to the constraint element(MPC184) 2681.  It is likely   
 that the system may encounter solver difficulties due to                
 overconstraining.                                                       

 *** WARNING ***                         ELAPSED TIME =       6.709   TIME= 15:02:31
 A boundary condition has been applied on 6 degrees of freedom of the    
 nodes belonging to the constraint element(MPC184) 3072.  It is likely   
 that the system may encounter solver difficulties due to                
 overconstraining.                                                       

 *** WARNING ***                         ELAPSED TIME =       6.709   TIME= 15:02:31
 A boundary condition has been applied on 6 degrees of freedom of the    
 nodes belonging to the constraint element(MPC184) 3073.  It is likely   
 that the system may encounter solver difficulties due to                
 overconstraining.                                                       

 *** WARNING ***                         ELAPSED TIME =       6.711   TIME= 15:02:31
 A boundary condition has been applied on 6 degrees of freedom of the    
 nodes belonging to the constraint element(MPC184) 2682.  It is likely   
 that the system may encounter solver difficulties due to                
 overconstraining.                                                       

 *** WARNING ***                         ELAPSED TIME =       6.711   TIME= 15:02:31
 A boundary condition has been applied on 6 degrees of freedom of the    
 nodes belonging to the constraint element(MPC184) 3074.  It is likely   
 that the system may encounter solver difficulties due to                
 overconstraining.                                                       

 *** WARNING ***                         ELAPSED TIME =       6.711   TIME= 15:02:31
 A boundary condition has been applied on 6 degrees of freedom of the    
 nodes belonging to the constraint element(MPC184) 2683.  It is likely   
 that the system may encounter solver difficulties due to                
 overconstraining.                                                       

 *** WARNING ***                         ELAPSED TIME =       6.711   TIME= 15:02:31
 A boundary condition has been applied on 6 degrees of freedom of the    
 nodes belonging to the constraint element(MPC184) 3075.  It is likely   
 that the system may encounter solver difficulties due to                
 overconstraining.                                                       

 *** WARNING ***                         ELAPSED TIME =       6.711   TIME= 15:02:31
 A boundary condition has been applied on 6 degrees of freedom of the    
 nodes belonging to the constraint element(MPC184) 2684.  It is likely   
 that the system may encounter solver difficulties due to                
 overconstraining.                                                       

 *** WARNING ***                         ELAPSED TIME =       6.711   TIME= 15:02:31
 A boundary condition has been applied on 6 degrees of freedom of the    
 nodes belonging to the constraint element(MPC184) 3076.  It is likely   
 that the system may encounter solver difficulties due to                
 overconstraining.                                                       

 *** WARNING ***                         ELAPSED TIME =       6.711   TIME= 15:02:31
 A boundary condition has been applied on 6 degrees of freedom of the    
 nodes belonging to the constraint element(MPC184) 2685.  It is likely   
 that the system may encounter solver difficulties due to                
 overconstraining.                                                       

 *** WARNING ***                         ELAPSED TIME =       6.712   TIME= 15:02:31
 A boundary condition has been applied on 6 degrees of freedom of the    
 nodes belonging to the constraint element(MPC184) 3077.  It is likely   
 that the system may encounter solver difficulties due to                
 overconstraining.                                                       

 *** WARNING ***                         ELAPSED TIME =       6.712   TIME= 15:02:31
 A boundary condition has been applied on 6 degrees of freedom of the    
 nodes belonging to the constraint element(MPC184) 2686.  It is likely   
 that the system may encounter solver difficulties due to                
 overconstraining.                                                       

 *** WARNING ***                         ELAPSED TIME =       7.155   TIME= 15:02:32
 Pivoting has been activated for the Sparse Matrix Solver.  The memory   
 required may greatly exceed the predicted amount.  In that event, use   
 the DSPOPTION command to change the memory mode and/or memory size      
 used by the Sparse Matrix Solver.                                       

 *** WARNING ***                         ELAPSED TIME =      39.668   TIME= 15:03:04
 A reference moment value times the tolerance is used by the             
 Newton-Raphson method for checking convergence.  The calculated         
 reference MOMENT CONVERGENCE VALUE = 0.47239438 is less than a          
 threshold.  This threshold is internally calculated.  You can           
 overwrite it by specifying MINREF on the CNVTOL command.  Check         
 results carefully.                                                      
