
 Ansys Mechanical Enterprise Academic Research     


 *------------------------------------------------------------------*
 |                                                                  |
 |   W E L C O M E   T O   T H E   A N S Y S (R)  P R O G R A M     |
 |                                                                  |
 *------------------------------------------------------------------*




 ***************************************************************
 *         ANSYS MAPDL 2026 R1.02       LEGAL NOTICES          *
 ***************************************************************
 *                                                             *
 * Copyright (c) 2026 Synopsys, Inc. and ANSYS, Inc.           *
 * All rights reserved.                                        *
 * Unauthorized use, distribution or duplication is            *
 * prohibited.                                                 *
 *                                                             *
 * Ansys is a registered trademark of Ansys, Inc. or its       *
 * subsidiaries in the United States or other countries.       *
 * See the Ansys, Inc. online documentation or the Ansys, Inc. *
 * documentation CD or online help for the complete Legal      *
 * Notice.                                                     *
 *                                                             *
 ***************************************************************
 *                                                             *
 * THIS ANSYS SOFTWARE PRODUCT AND PROGRAM DOCUMENTATION       *
 * INCLUDE TRADE SECRETS AND CONFIDENTIAL AND PROPRIETARY      *
 * PRODUCTS OF ANSYS, INC., ITS SUBSIDIARIES, OR LICENSORS.    *
 * The software products and documentation are furnished by    *
 * Ansys, Inc. or its subsidiaries under a software license    *
 * agreement that contains provisions concerning               *
 * non-disclosure, copying, length and nature of use,          *
 * compliance with exporting laws, warranties, disclaimers,    *
 * limitations of liability, and remedies, and other           *
 * provisions.  The software products and documentation may be *
 * used, disclosed, transferred, or copied only in accordance  *
 * with the terms and conditions of that software license      *
 * agreement.                                                  *
 *                                                             *
 * Ansys, Inc. is a UL registered                              *
 * ISO 9001:2015 company.                                      *
 *                                                             *
 ***************************************************************
 *                                                             *
 * This product is subject to U.S. laws governing export and   *
 * re-export.                                                  *
 *                                                             *
 * For U.S. Government users, except as specifically granted   *
 * by the Ansys, Inc. software license agreement, the use,     *
 * duplication, or disclosure by the United States Government  *
 * is subject to restrictions stated in the Ansys, Inc.        *
 * software license agreement and FAR 12.212 (for non-DOD      *
 * licenses).                                                  *
 *                                                             *
 ***************************************************************

 2026 R1.02  
     
 Point Releases and Patches installed:   
     
 Ansys Service Pack 2026 R1.01   
 Ansys Service Pack 2026 R1.02   
 Ansys, Inc. License Manager 2026 R1 
 Ansys, Inc. License Manager 2026 R1.01  
 Ansys, Inc. License Manager 2026 R1.02  
 Discovery (reduced install) 2026 R1 
 Discovery (reduced install) 2026 R1.01  
 Discovery (reduced install) 2026 R1.02  
 Core WB Files 2026 R1   
 Core WB Files 2026 R1.01
 Core WB Files 2026 R1.02
 BladeModeler 2026 R1
 BladeModeler 2026 R1.01 
 BladeModeler 2026 R1.02 
 CFX (includes CFD-Post) 2026 R1 
 CFX (includes CFD-Post) 2026 R1.01  
 CFX (includes CFD-Post) 2026 R1.02  
 CFD-Post only 2026 R1   
 CFD-Post only 2026 R1.01
 CFD-Post only 2026 R1.02
 Chemkin 2026 R1 
 Chemkin 2026 R1.01  
 Chemkin 2026 R1.02  
 EnSight 2026 R1 
 EnSight 2026 R1.01  
 EnSight 2026 R1.02  
 FENSAP-ICE 2026 R1  
 FENSAP-ICE 2026 R1.01   
 FENSAP-ICE 2026 R1.02   
 Fluent (includes CFD-Post) 2026 R1  
 Fluent (includes CFD-Post) 2026 R1.01   
 Fluent (includes CFD-Post) 2026 R1.02   
 Polyflow (includes CFD-Post) 2026 R1
 Polyflow (includes CFD-Post) 2026 R1.01 
 Polyflow (includes CFD-Post) 2026 R1.02 
 Forte (includes EnSight) 2026 R1
 Forte (includes EnSight) 2026 R1.01 
 Forte (includes EnSight) 2026 R1.02 
 ICEM CFD 2026 R1
 ICEM CFD 2026 R1.01 
 ICEM CFD 2026 R1.02 
 RBF Morph Fluids UDF 2026 R1
 RBF Morph Fluids UDF 2026 R1.01 
 RBF Morph Fluids UDF 2026 R1.02 
 RBF Morph Libraries 2026 R1 
 RBF Morph Libraries 2026 R1.01  
 RBF Morph Libraries 2026 R1.02  
 Rocky 2026 R1   
 Rocky 2026 R1.01
 Rocky 2026 R1.02
 Thermal Desktop: AutoCAD 2026 R1
 Thermal Desktop: AutoCAD 2026 R1.01 
 Thermal Desktop: AutoCAD 2026 R1.02 
 Thermal Desktop: Thermal Desktop and TD Designer  2026 R1   
 Thermal Desktop: Thermal Desktop and TD Designer  2026 R1.01
 Thermal Desktop: Thermal Desktop and TD Designer  2026 R1.02
 Thermal Desktop: Sinda Solver 2026 R1   
 Thermal Desktop: Sinda Solver 2026 R1.01
 Thermal Desktop: Sinda Solver 2026 R1.02
 TurboGrid 2026 R1   
 TurboGrid 2026 R1.01
 TurboGrid 2026 R1.02
 Granta EduPack 2026 R1  
 Granta EduPack 2026 R1.01   
 Granta EduPack 2026 R1.02   
 Granta Selector 2026 R1 
 Granta Selector 2026 R1.01  
 Granta Selector 2026 R1.02  
 Dynamic Reporting 2026 R1   
 Dynamic Reporting 2026 R1.01
 Dynamic Reporting 2026 R1.02
 Remote Solve Manager Standalone Services 2026 R1
 Remote Solve Manager Standalone Services 2026 R1.01 
 Remote Solve Manager Standalone Services 2026 R1.02 
 Aqwa 2026 R1
 Aqwa 2026 R1.01 
 Aqwa 2026 R1.02 
 Autodyn 2026 R1 
 Autodyn 2026 R1.01  
 Autodyn 2026 R1.02  
 Customization Files for User Programmable Features 2026 R1  
 Customization Files for User Programmable Features 2026 R1.01   
 Customization Files for User Programmable Features 2026 R1.02   
 LS-DYNA 2026 R1 
 LS-DYNA 2026 R1.01  
 LS-DYNA 2026 R1.02  
 Material Calibration App 2026 R1
 Material Calibration App 2026 R1.01 
 Material Calibration App 2026 R1.02 
 Material Designer 2026 R1   
 Material Designer 2026 R1.01
 Material Designer 2026 R1.02
 Mechanical Products 2026 R1 
 Mechanical Products 2026 R1.01  
 Mechanical Products 2026 R1.02  
 Motion 2026 R1  
 Motion 2026 R1.01   
 Motion 2026 R1.02   
 RBF Morph 2026 R1   
 RBF Morph 2026 R1.01
 RBF Morph 2026 R1.02
 Sherlock 2026 R1
 Sherlock 2026 R1.01 
 Sherlock 2026 R1.02 
 Sound - SAS 2026 R1 
 Sound - SAS 2026 R1.01  
 Sound - SAS 2026 R1.02  
 ACIS Geometry Interface 2026 R1 
 ACIS Geometry Interface 2026 R1.01  
 ACIS Geometry Interface 2026 R1.02  
 AutoCAD Geometry Interface 2026 R1  
 AutoCAD Geometry Interface 2026 R1.01   
 AutoCAD Geometry Interface 2026 R1.02   
 Catia, Version 4 Geometry Interface 2026 R1 
 Catia, Version 4 Geometry Interface 2026 R1.01  
 Catia, Version 4 Geometry Interface 2026 R1.02  
 Catia, Version 5 Geometry Interface 2026 R1 
 Catia, Version 5 Geometry Interface 2026 R1.01  
 Catia, Version 5 Geometry Interface 2026 R1.02  
 Catia, Version 6 Geometry Interface 2026 R1 
 Catia, Version 6 Geometry Interface 2026 R1.01  
 Catia, Version 6 Geometry Interface 2026 R1.02  
 Creo Elements/Direct Modeling Geometry Interface 2026 R1
 Creo Elements/Direct Modeling Geometry Interface 2026 R1.01 
 Creo Elements/Direct Modeling Geometry Interface 2026 R1.02 
 Creo Parametric Geometry Interface 2026 R1  
 Creo Parametric Geometry Interface 2026 R1.01   
 Creo Parametric Geometry Interface 2026 R1.02   
 Inventor Geometry Interface 2026 R1 
 Inventor Geometry Interface 2026 R1.01  
 Inventor Geometry Interface 2026 R1.02  
 JTOpen Geometry Interface 2026 R1   
 JTOpen Geometry Interface 2026 R1.01
 JTOpen Geometry Interface 2026 R1.02
 NX Geometry Interface 2026 R1   
 NX Geometry Interface 2026 R1.01
 NX Geometry Interface 2026 R1.02
 Parasolid Geometry Interface  2026 R1   
 Parasolid Geometry Interface  2026 R1.01
 Parasolid Geometry Interface  2026 R1.02
 Solid Edge Geometry Interface 2026 R1   
 Solid Edge Geometry Interface 2026 R1.01
 Solid Edge Geometry Interface 2026 R1.02
 SOLIDWORKS Geometry Interface 2026 R1   
 SOLIDWORKS Geometry Interface 2026 R1.01
 SOLIDWORKS Geometry Interface 2026 R1.02


          *****  MAPDL COMMAND LINE ARGUMENTS  *****
  INITIAL JOBNAME              = check                                                                                                                                                                                                                                                   
  BATCH MODE REQUESTED (-b)    = NOLIST
  INPUT FILE COPY MODE (-c)    = COPY
  SHARED MEMORY PARALLEL REQUESTED
    SINGLE PROCESS WITH SINGLE THREAD REQUESTED
    TOTAL OF     1 CORES REQUESTED
  INPUT FILE NAME              = C:\Temp\PBTear26_coupon_nominal_v2\preflight.dat
  OUTPUT FILE NAME             = C:\Temp\PBTear26_coupon_nominal_v2\preflight.out
  START-UP FILE MODE           = NOREAD
  STOP FILE MODE               = NOREAD

 RELEASE= 2026 R1.02           BUILD= 26.1      UP20260202   VERSION=WINDOWS x64 
 CURRENT JOBNAME=check  17:15:15  OCT 05, 2026  Elapsed Time=       0.172


 *** MAPDL - ENGINEERING ANALYSIS SYSTEM  RELEASE 2026 R1.02       26.1     ***
 Ansys Mechanical Enterprise Academic Research     
 01196637  VERSION=WINDOWS x64   17:15:15  OCT 05, 2026 Elapsed Time=      6.225

                                                                               



          ***** MAPDL ANALYSIS DEFINITION (PREP7) *****

 MPA UNITS SPECIFIED FOR INTERNAL    
  LENGTH      = MILLIMETERS (mm)
  MASS        = TONNE (Mg)
  TIME        = SECONDS (sec)
  TEMPERATURE = CELSIUS (C)
  TOFFSET     = 273.0
  FORCE       = NEWTON (N)
  HEAT        = MILLIJOULES (mJ)

 INPUT  UNITS ARE ALSO SET TO MPA 

 ELEMENT TYPE          1 IS SHELL181     4-NODE SHELL                
  KEYOPT( 1- 6)=        0      0      0        0      0      0
  KEYOPT( 7-12)=        0      0      0        0      0      0
  KEYOPT(13-18)=        0      0      0        0      0      0

 CURRENT NODAL DOF SET IS  UX    UY    UZ    ROTX  ROTY  ROTZ
  THREE-DIMENSIONAL MODEL

 ELEMENT TYPE       1 IS SHELL181     4-NODE SHELL                
  KEYOPT( 1- 6)=        0      0      2        0      0      0
  KEYOPT( 7-12)=        0      0      0        0      0      0
  KEYOPT(13-18)=        0      0      0        0      0      0

 CURRENT NODAL DOF SET IS  UX    UY    UZ    ROTX  ROTY  ROTZ
  THREE-DIMENSIONAL MODEL

 ELEMENT TYPE       1 IS SHELL181     4-NODE SHELL                
  KEYOPT( 1- 6)=        0      0      2        0      0      0
  KEYOPT( 7-12)=        0      2      0        0      0      0
  KEYOPT(13-18)=        0      0      0        0      0      0

 CURRENT NODAL DOF SET IS  UX    UY    UZ    ROTX  ROTY  ROTZ
  THREE-DIMENSIONAL MODEL
                                      
   INPUT SECTION ID NUMBER               1
   INPUT SECTION TYPE                 SHELL
   INPUT SHELL SECTION NAME                   


 Shell Section ID=        1 Number of layers=    1  Total Thickness=     0.150000

 MATERIAL          1     EX   =   205000.0      

 MATERIAL          1     PRXY =  0.2900000      

   RATE-INDEPENDENT PLASTICITY - MULTILINEAR ISOTROPIC HARDENING OPTION FOR MATERIAL 1 
 POINT INSERTED IN THE  PLAS  TABLE FOR MATERIAL     1
    COL1= 0.00000e+00    COL2= 1.85000e+02 
 POINT INSERTED IN THE  PLAS  TABLE FOR MATERIAL     1
    COL1= 1.00000e-03    COL2= 1.92036e+02 
 POINT INSERTED IN THE  PLAS  TABLE FOR MATERIAL     1
    COL1= 3.00000e-03    COL2= 2.05348e+02 
 POINT INSERTED IN THE  PLAS  TABLE FOR MATERIAL     1
    COL1= 5.00000e-03    COL2= 2.17695e+02 
 POINT INSERTED IN THE  PLAS  TABLE FOR MATERIAL     1
    COL1= 7.00000e-03    COL2= 2.29138e+02 
 POINT INSERTED IN THE  PLAS  TABLE FOR MATERIAL     1
    COL1= 9.00000e-03    COL2= 2.39737e+02 
 POINT INSERTED IN THE  PLAS  TABLE FOR MATERIAL     1
    COL1= 1.10000e-02    COL2= 2.49548e+02 
 POINT INSERTED IN THE  PLAS  TABLE FOR MATERIAL     1
    COL1= 1.30000e-02    COL2= 2.58626e+02 
 POINT INSERTED IN THE  PLAS  TABLE FOR MATERIAL     1
    COL1= 1.50000e-02    COL2= 2.67023e+02 
 POINT INSERTED IN THE  PLAS  TABLE FOR MATERIAL     1
    COL1= 1.70000e-02    COL2= 2.74791e+02 
 POINT INSERTED IN THE  PLAS  TABLE FOR MATERIAL     1
    COL1= 1.90000e-02    COL2= 2.81979e+02 
 POINT INSERTED IN THE  PLAS  TABLE FOR MATERIAL     1
    COL1= 2.10000e-02    COL2= 2.88634e+02 
 POINT INSERTED IN THE  PLAS  TABLE FOR MATERIAL     1
    COL1= 2.30000e-02    COL2= 2.94802e+02 
 POINT INSERTED IN THE  PLAS  TABLE FOR MATERIAL     1
    COL1= 2.50000e-02    COL2= 3.00525e+02 
 POINT INSERTED IN THE  PLAS  TABLE FOR MATERIAL     1
    COL1= 2.70000e-02    COL2= 3.05846e+02 
 POINT INSERTED IN THE  PLAS  TABLE FOR MATERIAL     1
    COL1= 2.90000e-02    COL2= 3.09974e+02 
 POINT INSERTED IN THE  PLAS  TABLE FOR MATERIAL     1
    COL1= 3.10000e-02    COL2= 3.13576e+02 
 POINT INSERTED IN THE  PLAS  TABLE FOR MATERIAL     1
    COL1= 3.30000e-02    COL2= 3.17153e+02 
 POINT INSERTED IN THE  PLAS  TABLE FOR MATERIAL     1
    COL1= 3.50000e-02    COL2= 3.20706e+02 
 POINT INSERTED IN THE  PLAS  TABLE FOR MATERIAL     1
    COL1= 3.70000e-02    COL2= 3.24234e+02 
 POINT INSERTED IN THE  PLAS  TABLE FOR MATERIAL     1
    COL1= 3.90000e-02    COL2= 3.27739e+02 
 POINT INSERTED IN THE  PLAS  TABLE FOR MATERIAL     1
    COL1= 4.10000e-02    COL2= 3.31219e+02 
 POINT INSERTED IN THE  PLAS  TABLE FOR MATERIAL     1
    COL1= 4.30000e-02    COL2= 3.34675e+02 
 POINT INSERTED IN THE  PLAS  TABLE FOR MATERIAL     1
    COL1= 4.50000e-02    COL2= 3.38107e+02 
 POINT INSERTED IN THE  PLAS  TABLE FOR MATERIAL     1
    COL1= 4.70000e-02    COL2= 3.41515e+02 
 POINT INSERTED IN THE  PLAS  TABLE FOR MATERIAL     1
    COL1= 4.90000e-02    COL2= 3.44898e+02 
 POINT INSERTED IN THE  PLAS  TABLE FOR MATERIAL     1
    COL1= 5.10000e-02    COL2= 3.48257e+02 
 POINT INSERTED IN THE  PLAS  TABLE FOR MATERIAL     1
    COL1= 5.30000e-02    COL2= 3.51592e+02 
 POINT INSERTED IN THE  PLAS  TABLE FOR MATERIAL     1
    COL1= 5.50000e-02    COL2= 3.54903e+02 
 POINT INSERTED IN THE  PLAS  TABLE FOR MATERIAL     1
    COL1= 5.70000e-02    COL2= 3.58190e+02 
 POINT INSERTED IN THE  PLAS  TABLE FOR MATERIAL     1
    COL1= 5.90000e-02    COL2= 3.61452e+02 
 POINT INSERTED IN THE  PLAS  TABLE FOR MATERIAL     1
    COL1= 6.10000e-02    COL2= 3.64690e+02 
 POINT INSERTED IN THE  PLAS  TABLE FOR MATERIAL     1
    COL1= 6.30000e-02    COL2= 3.67904e+02 
 POINT INSERTED IN THE  PLAS  TABLE FOR MATERIAL     1
    COL1= 6.50000e-02    COL2= 3.71094e+02 
 POINT INSERTED IN THE  PLAS  TABLE FOR MATERIAL     1
    COL1= 6.70000e-02    COL2= 3.74259e+02 
 POINT INSERTED IN THE  PLAS  TABLE FOR MATERIAL     1
    COL1= 6.90000e-02    COL2= 3.77401e+02 
 POINT INSERTED IN THE  PLAS  TABLE FOR MATERIAL     1
    COL1= 7.10000e-02    COL2= 3.80518e+02 
 POINT INSERTED IN THE  PLAS  TABLE FOR MATERIAL     1
    COL1= 7.30000e-02    COL2= 3.83611e+02 
 POINT INSERTED IN THE  PLAS  TABLE FOR MATERIAL     1
    COL1= 7.50000e-02    COL2= 3.86679e+02 
 POINT INSERTED IN THE  PLAS  TABLE FOR MATERIAL     1
    COL1= 7.70000e-02    COL2= 3.89724e+02 
 POINT INSERTED IN THE  PLAS  TABLE FOR MATERIAL     1
    COL1= 7.90000e-02    COL2= 3.92744e+02 
 POINT INSERTED IN THE  PLAS  TABLE FOR MATERIAL     1
    COL1= 8.10000e-02    COL2= 3.95740e+02 
 POINT INSERTED IN THE  PLAS  TABLE FOR MATERIAL     1
    COL1= 8.30000e-02    COL2= 3.98712e+02 
 POINT INSERTED IN THE  PLAS  TABLE FOR MATERIAL     1
    COL1= 8.50000e-02    COL2= 4.01659e+02 
 POINT INSERTED IN THE  PLAS  TABLE FOR MATERIAL     1
    COL1= 8.70000e-02    COL2= 4.04583e+02 
 POINT INSERTED IN THE  PLAS  TABLE FOR MATERIAL     1
    COL1= 8.90000e-02    COL2= 4.07482e+02 
 POINT INSERTED IN THE  PLAS  TABLE FOR MATERIAL     1
    COL1= 9.10000e-02    COL2= 4.10357e+02 
 POINT INSERTED IN THE  PLAS  TABLE FOR MATERIAL     1
    COL1= 9.30000e-02    COL2= 4.13208e+02 
 POINT INSERTED IN THE  PLAS  TABLE FOR MATERIAL     1
    COL1= 9.50000e-02    COL2= 4.16034e+02 
 POINT INSERTED IN THE  PLAS  TABLE FOR MATERIAL     1
    COL1= 9.70000e-02    COL2= 4.18837e+02 
 POINT INSERTED IN THE  PLAS  TABLE FOR MATERIAL     1
    COL1= 9.90000e-02    COL2= 4.21615e+02 
 POINT INSERTED IN THE  PLAS  TABLE FOR MATERIAL     1
    COL1= 1.01000e-01    COL2= 4.24369e+02 
 POINT INSERTED IN THE  PLAS  TABLE FOR MATERIAL     1
    COL1= 1.03000e-01    COL2= 4.27099e+02 
 POINT INSERTED IN THE  PLAS  TABLE FOR MATERIAL     1
    COL1= 1.05000e-01    COL2= 4.29804e+02 
 POINT INSERTED IN THE  PLAS  TABLE FOR MATERIAL     1
    COL1= 1.07000e-01    COL2= 4.32486e+02 
 POINT INSERTED IN THE  PLAS  TABLE FOR MATERIAL     1
    COL1= 1.09000e-01    COL2= 4.35143e+02 
 POINT INSERTED IN THE  PLAS  TABLE FOR MATERIAL     1
    COL1= 1.11000e-01    COL2= 4.37776e+02 
 POINT INSERTED IN THE  PLAS  TABLE FOR MATERIAL     1
    COL1= 1.13000e-01    COL2= 4.40384e+02 
 POINT INSERTED IN THE  PLAS  TABLE FOR MATERIAL     1
    COL1= 1.15000e-01    COL2= 4.42969e+02 
 POINT INSERTED IN THE  PLAS  TABLE FOR MATERIAL     1
    COL1= 1.17000e-01    COL2= 4.45529e+02 
 POINT INSERTED IN THE  PLAS  TABLE FOR MATERIAL     1
    COL1= 1.19000e-01    COL2= 4.48065e+02 
 POINT INSERTED IN THE  PLAS  TABLE FOR MATERIAL     1
    COL1= 1.21000e-01    COL2= 4.50577e+02 
 POINT INSERTED IN THE  PLAS  TABLE FOR MATERIAL     1
    COL1= 1.23000e-01    COL2= 4.53065e+02 
 POINT INSERTED IN THE  PLAS  TABLE FOR MATERIAL     1
    COL1= 1.25000e-01    COL2= 4.55528e+02 
 POINT INSERTED IN THE  PLAS  TABLE FOR MATERIAL     1
    COL1= 1.27000e-01    COL2= 4.57967e+02 
 POINT INSERTED IN THE  PLAS  TABLE FOR MATERIAL     1
    COL1= 1.29000e-01    COL2= 4.60382e+02 
 POINT INSERTED IN THE  PLAS  TABLE FOR MATERIAL     1
    COL1= 1.31000e-01    COL2= 4.62773e+02 
 POINT INSERTED IN THE  PLAS  TABLE FOR MATERIAL     1
    COL1= 1.33000e-01    COL2= 4.65140e+02 
 POINT INSERTED IN THE  PLAS  TABLE FOR MATERIAL     1
    COL1= 1.35000e-01    COL2= 4.67482e+02 
 POINT INSERTED IN THE  PLAS  TABLE FOR MATERIAL     1
    COL1= 1.37000e-01    COL2= 4.69800e+02 
 POINT INSERTED IN THE  PLAS  TABLE FOR MATERIAL     1
    COL1= 1.39000e-01    COL2= 4.72094e+02 
 POINT INSERTED IN THE  PLAS  TABLE FOR MATERIAL     1
    COL1= 1.41000e-01    COL2= 4.74364e+02 
 POINT INSERTED IN THE  PLAS  TABLE FOR MATERIAL     1
    COL1= 1.43000e-01    COL2= 4.76609e+02 
 POINT INSERTED IN THE  PLAS  TABLE FOR MATERIAL     1
    COL1= 1.45000e-01    COL2= 4.78831e+02 
 POINT INSERTED IN THE  PLAS  TABLE FOR MATERIAL     1
    COL1= 1.47000e-01    COL2= 4.81028e+02 
 POINT INSERTED IN THE  PLAS  TABLE FOR MATERIAL     1
    COL1= 1.49000e-01    COL2= 4.83201e+02 
 POINT INSERTED IN THE  PLAS  TABLE FOR MATERIAL     1
    COL1= 1.51000e-01    COL2= 4.85349e+02 
 POINT INSERTED IN THE  PLAS  TABLE FOR MATERIAL     1
    COL1= 1.53000e-01    COL2= 4.87474e+02 
 POINT INSERTED IN THE  PLAS  TABLE FOR MATERIAL     1
    COL1= 1.55000e-01    COL2= 4.89574e+02 
 POINT INSERTED IN THE  PLAS  TABLE FOR MATERIAL     1
    COL1= 1.57000e-01    COL2= 4.91650e+02 
 POINT INSERTED IN THE  PLAS  TABLE FOR MATERIAL     1
    COL1= 1.59000e-01    COL2= 4.93702e+02 
 POINT INSERTED IN THE  PLAS  TABLE FOR MATERIAL     1
    COL1= 1.61000e-01    COL2= 4.95730e+02 
 POINT INSERTED IN THE  PLAS  TABLE FOR MATERIAL     1
    COL1= 1.63000e-01    COL2= 4.97733e+02 
 POINT INSERTED IN THE  PLAS  TABLE FOR MATERIAL     1
    COL1= 1.65000e-01    COL2= 4.99712e+02 
 POINT INSERTED IN THE  PLAS  TABLE FOR MATERIAL     1
    COL1= 1.67000e-01    COL2= 5.01667e+02 
 POINT INSERTED IN THE  PLAS  TABLE FOR MATERIAL     1
    COL1= 1.69000e-01    COL2= 5.03598e+02 
 POINT INSERTED IN THE  PLAS  TABLE FOR MATERIAL     1
    COL1= 1.71000e-01    COL2= 5.05505e+02 
 POINT INSERTED IN THE  PLAS  TABLE FOR MATERIAL     1
    COL1= 1.73000e-01    COL2= 5.07387e+02 
 POINT INSERTED IN THE  PLAS  TABLE FOR MATERIAL     1
    COL1= 1.75000e-01    COL2= 5.09245e+02 
 POINT INSERTED IN THE  PLAS  TABLE FOR MATERIAL     1
    COL1= 1.77000e-01    COL2= 5.11079e+02 
 POINT INSERTED IN THE  PLAS  TABLE FOR MATERIAL     1
    COL1= 1.79000e-01    COL2= 5.12889e+02 
 POINT INSERTED IN THE  PLAS  TABLE FOR MATERIAL     1
    COL1= 1.81000e-01    COL2= 5.14675e+02 
 POINT INSERTED IN THE  PLAS  TABLE FOR MATERIAL     1
    COL1= 1.83000e-01    COL2= 5.16436e+02 
 POINT INSERTED IN THE  PLAS  TABLE FOR MATERIAL     1
    COL1= 1.85000e-01    COL2= 5.18173e+02 
 POINT INSERTED IN THE  PLAS  TABLE FOR MATERIAL     1
    COL1= 1.87000e-01    COL2= 5.19886e+02 
 POINT INSERTED IN THE  PLAS  TABLE FOR MATERIAL     1
    COL1= 1.89000e-01    COL2= 5.21575e+02 
 POINT INSERTED IN THE  PLAS  TABLE FOR MATERIAL     1
    COL1= 1.91000e-01    COL2= 5.23239e+02 
 POINT INSERTED IN THE  PLAS  TABLE FOR MATERIAL     1
    COL1= 1.93000e-01    COL2= 5.24879e+02 
 POINT INSERTED IN THE  PLAS  TABLE FOR MATERIAL     1
    COL1= 1.95000e-01    COL2= 5.26496e+02 
 POINT INSERTED IN THE  PLAS  TABLE FOR MATERIAL     1
    COL1= 1.97000e-01    COL2= 5.28087e+02 
 POINT INSERTED IN THE  PLAS  TABLE FOR MATERIAL     1
    COL1= 1.99000e-01    COL2= 5.29655e+02 
 POINT INSERTED IN THE  PLAS  TABLE FOR MATERIAL     1
    COL1= 1.99999e-01    COL2= 5.30429e+02 
 POINT INSERTED IN THE  PLAS  TABLE FOR MATERIAL     1
    COL1= 2.10000e-01    COL2= 5.38676e+02 
 POINT INSERTED IN THE  PLAS  TABLE FOR MATERIAL     1
    COL1= 2.20000e-01    COL2= 5.46658e+02 
 POINT INSERTED IN THE  PLAS  TABLE FOR MATERIAL     1
    COL1= 2.30000e-01    COL2= 5.54396e+02 
 POINT INSERTED IN THE  PLAS  TABLE FOR MATERIAL     1
    COL1= 2.40000e-01    COL2= 5.61907e+02 
 POINT INSERTED IN THE  PLAS  TABLE FOR MATERIAL     1
    COL1= 2.50000e-01    COL2= 5.69207e+02 
 POINT INSERTED IN THE  PLAS  TABLE FOR MATERIAL     1
    COL1= 2.60000e-01    COL2= 5.76310e+02 
 POINT INSERTED IN THE  PLAS  TABLE FOR MATERIAL     1
    COL1= 2.70000e-01    COL2= 5.83228e+02 
 POINT INSERTED IN THE  PLAS  TABLE FOR MATERIAL     1
    COL1= 2.80000e-01    COL2= 5.89974e+02 
 POINT INSERTED IN THE  PLAS  TABLE FOR MATERIAL     1
    COL1= 2.90000e-01    COL2= 5.96556e+02 
 POINT INSERTED IN THE  PLAS  TABLE FOR MATERIAL     1
    COL1= 3.00000e-01    COL2= 6.02985e+02 
 POINT INSERTED IN THE  PLAS  TABLE FOR MATERIAL     1
    COL1= 3.10000e-01    COL2= 6.09270e+02 
 POINT INSERTED IN THE  PLAS  TABLE FOR MATERIAL     1
    COL1= 3.20000e-01    COL2= 6.15417e+02 
 POINT INSERTED IN THE  PLAS  TABLE FOR MATERIAL     1
    COL1= 3.30000e-01    COL2= 6.21434e+02 
 POINT INSERTED IN THE  PLAS  TABLE FOR MATERIAL     1
    COL1= 3.40000e-01    COL2= 6.27327e+02 
 POINT INSERTED IN THE  PLAS  TABLE FOR MATERIAL     1
    COL1= 3.50000e-01    COL2= 6.33104e+02 
 POINT INSERTED IN THE  PLAS  TABLE FOR MATERIAL     1
    COL1= 3.60000e-01    COL2= 6.38768e+02 
 POINT INSERTED IN THE  PLAS  TABLE FOR MATERIAL     1
    COL1= 3.70000e-01    COL2= 6.44326e+02 
 POINT INSERTED IN THE  PLAS  TABLE FOR MATERIAL     1
    COL1= 3.80000e-01    COL2= 6.49782e+02 
 POINT INSERTED IN THE  PLAS  TABLE FOR MATERIAL     1
    COL1= 3.90000e-01    COL2= 6.55141e+02 
 POINT INSERTED IN THE  PLAS  TABLE FOR MATERIAL     1
    COL1= 4.00000e-01    COL2= 6.60407e+02 
 POINT INSERTED IN THE  PLAS  TABLE FOR MATERIAL     1
    COL1= 4.10000e-01    COL2= 6.65583e+02 
 POINT INSERTED IN THE  PLAS  TABLE FOR MATERIAL     1
    COL1= 4.20000e-01    COL2= 6.70674e+02 
 POINT INSERTED IN THE  PLAS  TABLE FOR MATERIAL     1
    COL1= 4.30000e-01    COL2= 6.75683e+02 
 POINT INSERTED IN THE  PLAS  TABLE FOR MATERIAL     1
    COL1= 4.40000e-01    COL2= 6.80612e+02 
 POINT INSERTED IN THE  PLAS  TABLE FOR MATERIAL     1
    COL1= 4.50000e-01    COL2= 6.85466e+02 
 POINT INSERTED IN THE  PLAS  TABLE FOR MATERIAL     1
    COL1= 4.60000e-01    COL2= 6.90246e+02 
 POINT INSERTED IN THE  PLAS  TABLE FOR MATERIAL     1
    COL1= 4.70000e-01    COL2= 6.94956e+02 
 POINT INSERTED IN THE  PLAS  TABLE FOR MATERIAL     1
    COL1= 4.80000e-01    COL2= 6.99597e+02 
 POINT INSERTED IN THE  PLAS  TABLE FOR MATERIAL     1
    COL1= 4.90000e-01    COL2= 7.04173e+02 
 POINT INSERTED IN THE  PLAS  TABLE FOR MATERIAL     1
    COL1= 5.00000e-01    COL2= 7.08686e+02 
 POINT INSERTED IN THE  PLAS  TABLE FOR MATERIAL     1
    COL1= 5.10000e-01    COL2= 7.13137e+02 
 POINT INSERTED IN THE  PLAS  TABLE FOR MATERIAL     1
    COL1= 5.20000e-01    COL2= 7.17529e+02 
 POINT INSERTED IN THE  PLAS  TABLE FOR MATERIAL     1
    COL1= 5.30000e-01    COL2= 7.21864e+02 
 POINT INSERTED IN THE  PLAS  TABLE FOR MATERIAL     1
    COL1= 5.40000e-01    COL2= 7.26143e+02 
 POINT INSERTED IN THE  PLAS  TABLE FOR MATERIAL     1
    COL1= 5.50000e-01    COL2= 7.30368e+02 
 POINT INSERTED IN THE  PLAS  TABLE FOR MATERIAL     1
    COL1= 5.60000e-01    COL2= 7.34541e+02 
 POINT INSERTED IN THE  PLAS  TABLE FOR MATERIAL     1
    COL1= 5.70000e-01    COL2= 7.38664e+02 
 POINT INSERTED IN THE  PLAS  TABLE FOR MATERIAL     1
    COL1= 5.80000e-01    COL2= 7.42737e+02 
 POINT INSERTED IN THE  PLAS  TABLE FOR MATERIAL     1
    COL1= 5.90000e-01    COL2= 7.46762e+02 
 POINT INSERTED IN THE  PLAS  TABLE FOR MATERIAL     1
    COL1= 6.00000e-01    COL2= 7.50741e+02 
 POINT INSERTED IN THE  PLAS  TABLE FOR MATERIAL     1
    COL1= 6.10000e-01    COL2= 7.54675e+02 
 POINT INSERTED IN THE  PLAS  TABLE FOR MATERIAL     1
    COL1= 6.20000e-01    COL2= 7.58566e+02 
 POINT INSERTED IN THE  PLAS  TABLE FOR MATERIAL     1
    COL1= 6.30000e-01    COL2= 7.62413e+02 
 POINT INSERTED IN THE  PLAS  TABLE FOR MATERIAL     1
    COL1= 6.40000e-01    COL2= 7.66219e+02 
 POINT INSERTED IN THE  PLAS  TABLE FOR MATERIAL     1
    COL1= 6.50000e-01    COL2= 7.69984e+02 
 POINT INSERTED IN THE  PLAS  TABLE FOR MATERIAL     1
    COL1= 6.60000e-01    COL2= 7.73710e+02 
 POINT INSERTED IN THE  PLAS  TABLE FOR MATERIAL     1
    COL1= 6.70000e-01    COL2= 7.77398e+02 
 POINT INSERTED IN THE  PLAS  TABLE FOR MATERIAL     1
    COL1= 6.80000e-01    COL2= 7.81048e+02 
 POINT INSERTED IN THE  PLAS  TABLE FOR MATERIAL     1
    COL1= 6.90000e-01    COL2= 7.84662e+02 
 POINT INSERTED IN THE  PLAS  TABLE FOR MATERIAL     1
    COL1= 7.00000e-01    COL2= 7.88240e+02 
 POINT INSERTED IN THE  PLAS  TABLE FOR MATERIAL     1
    COL1= 7.10000e-01    COL2= 7.91783e+02 
 POINT INSERTED IN THE  PLAS  TABLE FOR MATERIAL     1
    COL1= 7.20000e-01    COL2= 7.95293e+02 
 POINT INSERTED IN THE  PLAS  TABLE FOR MATERIAL     1
    COL1= 7.30000e-01    COL2= 7.98769e+02 
 POINT INSERTED IN THE  PLAS  TABLE FOR MATERIAL     1
    COL1= 7.40000e-01    COL2= 8.02212e+02 
 POINT INSERTED IN THE  PLAS  TABLE FOR MATERIAL     1
    COL1= 7.50000e-01    COL2= 8.05625e+02 
 POINT INSERTED IN THE  PLAS  TABLE FOR MATERIAL     1
    COL1= 7.60000e-01    COL2= 8.09006e+02 
 POINT INSERTED IN THE  PLAS  TABLE FOR MATERIAL     1
    COL1= 7.70000e-01    COL2= 8.12356e+02 
 POINT INSERTED IN THE  PLAS  TABLE FOR MATERIAL     1
    COL1= 7.80000e-01    COL2= 8.15678e+02 
 POINT INSERTED IN THE  PLAS  TABLE FOR MATERIAL     1
    COL1= 7.90000e-01    COL2= 8.18970e+02 
 POINT INSERTED IN THE  PLAS  TABLE FOR MATERIAL     1
    COL1= 8.00000e-01    COL2= 8.22233e+02 
 POINT INSERTED IN THE  PLAS  TABLE FOR MATERIAL     1
    COL1= 8.10000e-01    COL2= 8.25469e+02 
 POINT INSERTED IN THE  PLAS  TABLE FOR MATERIAL     1
    COL1= 8.20000e-01    COL2= 8.28678e+02 
 POINT INSERTED IN THE  PLAS  TABLE FOR MATERIAL     1
    COL1= 8.30000e-01    COL2= 8.31860e+02 
 POINT INSERTED IN THE  PLAS  TABLE FOR MATERIAL     1
    COL1= 8.40000e-01    COL2= 8.35017e+02 
 POINT INSERTED IN THE  PLAS  TABLE FOR MATERIAL     1
    COL1= 8.50000e-01    COL2= 8.38147e+02 
 POINT INSERTED IN THE  PLAS  TABLE FOR MATERIAL     1
    COL1= 8.60000e-01    COL2= 8.41252e+02 
 POINT INSERTED IN THE  PLAS  TABLE FOR MATERIAL     1
    COL1= 8.70000e-01    COL2= 8.44333e+02 
 POINT INSERTED IN THE  PLAS  TABLE FOR MATERIAL     1
    COL1= 8.80000e-01    COL2= 8.47390e+02 
 POINT INSERTED IN THE  PLAS  TABLE FOR MATERIAL     1
    COL1= 8.90000e-01    COL2= 8.50423e+02 
 POINT INSERTED IN THE  PLAS  TABLE FOR MATERIAL     1
    COL1= 9.00000e-01    COL2= 8.53433e+02 
 POINT INSERTED IN THE  PLAS  TABLE FOR MATERIAL     1
    COL1= 9.10000e-01    COL2= 8.56420e+02 
 POINT INSERTED IN THE  PLAS  TABLE FOR MATERIAL     1
    COL1= 9.20000e-01    COL2= 8.59384e+02 
 POINT INSERTED IN THE  PLAS  TABLE FOR MATERIAL     1
    COL1= 9.30000e-01    COL2= 8.62327e+02 
 POINT INSERTED IN THE  PLAS  TABLE FOR MATERIAL     1
    COL1= 9.40000e-01    COL2= 8.65248e+02 
 POINT INSERTED IN THE  PLAS  TABLE FOR MATERIAL     1
    COL1= 9.50000e-01    COL2= 8.68148e+02 
 POINT INSERTED IN THE  PLAS  TABLE FOR MATERIAL     1
    COL1= 9.60000e-01    COL2= 8.71027e+02 
 POINT INSERTED IN THE  PLAS  TABLE FOR MATERIAL     1
    COL1= 9.70000e-01    COL2= 8.73886e+02 
 POINT INSERTED IN THE  PLAS  TABLE FOR MATERIAL     1
    COL1= 9.80000e-01    COL2= 8.76725e+02 
 POINT INSERTED IN THE  PLAS  TABLE FOR MATERIAL     1
    COL1= 9.90000e-01    COL2= 8.79543e+02 
 POINT INSERTED IN THE  PLAS  TABLE FOR MATERIAL     1
    COL1= 1.00000e+00    COL2= 8.82343e+02 
 POINT INSERTED IN THE  PLAS  TABLE FOR MATERIAL     1
    COL1= 1.01000e+00    COL2= 8.85123e+02 
 POINT INSERTED IN THE  PLAS  TABLE FOR MATERIAL     1
    COL1= 1.02000e+00    COL2= 8.87885e+02 
 POINT INSERTED IN THE  PLAS  TABLE FOR MATERIAL     1
    COL1= 1.03000e+00    COL2= 8.90628e+02 
 POINT INSERTED IN THE  PLAS  TABLE FOR MATERIAL     1
    COL1= 1.04000e+00    COL2= 8.93353e+02 
 POINT INSERTED IN THE  PLAS  TABLE FOR MATERIAL     1
    COL1= 1.05000e+00    COL2= 8.96061e+02 
 POINT INSERTED IN THE  PLAS  TABLE FOR MATERIAL     1
    COL1= 1.06000e+00    COL2= 8.98750e+02 
 POINT INSERTED IN THE  PLAS  TABLE FOR MATERIAL     1
    COL1= 1.07000e+00    COL2= 9.01422e+02 
 POINT INSERTED IN THE  PLAS  TABLE FOR MATERIAL     1
    COL1= 1.08000e+00    COL2= 9.04078e+02 
 POINT INSERTED IN THE  PLAS  TABLE FOR MATERIAL     1
    COL1= 1.09000e+00    COL2= 9.06716e+02 
 POINT INSERTED IN THE  PLAS  TABLE FOR MATERIAL     1
    COL1= 1.10000e+00    COL2= 9.09338e+02 
 POINT INSERTED IN THE  PLAS  TABLE FOR MATERIAL     1
    COL1= 1.11000e+00    COL2= 9.11944e+02 
 POINT INSERTED IN THE  PLAS  TABLE FOR MATERIAL     1
    COL1= 1.12000e+00    COL2= 9.14534e+02 
 POINT INSERTED IN THE  PLAS  TABLE FOR MATERIAL     1
    COL1= 1.13000e+00    COL2= 9.17108e+02 
 POINT INSERTED IN THE  PLAS  TABLE FOR MATERIAL     1
    COL1= 1.14000e+00    COL2= 9.19666e+02 
 POINT INSERTED IN THE  PLAS  TABLE FOR MATERIAL     1
    COL1= 1.15000e+00    COL2= 9.22210e+02 
 POINT INSERTED IN THE  PLAS  TABLE FOR MATERIAL     1
    COL1= 1.16000e+00    COL2= 9.24738e+02 
 POINT INSERTED IN THE  PLAS  TABLE FOR MATERIAL     1
    COL1= 1.17000e+00    COL2= 9.27251e+02 
 POINT INSERTED IN THE  PLAS  TABLE FOR MATERIAL     1
    COL1= 1.18000e+00    COL2= 9.29750e+02 
 POINT INSERTED IN THE  PLAS  TABLE FOR MATERIAL     1
    COL1= 1.19000e+00    COL2= 9.32234e+02 
 POINT INSERTED IN THE  PLAS  TABLE FOR MATERIAL     1
    COL1= 1.20000e+00    COL2= 9.34704e+02 
 POINT INSERTED IN THE  PLAS  TABLE FOR MATERIAL     1
    COL1= 1.21000e+00    COL2= 9.37160e+02 
 POINT INSERTED IN THE  PLAS  TABLE FOR MATERIAL     1
    COL1= 1.22000e+00    COL2= 9.39602e+02 
 POINT INSERTED IN THE  PLAS  TABLE FOR MATERIAL     1
    COL1= 1.23000e+00    COL2= 9.42030e+02 
 POINT INSERTED IN THE  PLAS  TABLE FOR MATERIAL     1
    COL1= 1.24000e+00    COL2= 9.44445e+02 
 POINT INSERTED IN THE  PLAS  TABLE FOR MATERIAL     1
    COL1= 1.25000e+00    COL2= 9.46847e+02 
 POINT INSERTED IN THE  PLAS  TABLE FOR MATERIAL     1
    COL1= 1.26000e+00    COL2= 9.49235e+02 
 POINT INSERTED IN THE  PLAS  TABLE FOR MATERIAL     1
    COL1= 1.27000e+00    COL2= 9.51611e+02 
 POINT INSERTED IN THE  PLAS  TABLE FOR MATERIAL     1
    COL1= 1.28000e+00    COL2= 9.53974e+02 
 POINT INSERTED IN THE  PLAS  TABLE FOR MATERIAL     1
    COL1= 1.29000e+00    COL2= 9.56324e+02 
 POINT INSERTED IN THE  PLAS  TABLE FOR MATERIAL     1
    COL1= 1.30000e+00    COL2= 9.58662e+02 
 POINT INSERTED IN THE  PLAS  TABLE FOR MATERIAL     1
    COL1= 1.31000e+00    COL2= 9.60988e+02 
 POINT INSERTED IN THE  PLAS  TABLE FOR MATERIAL     1
    COL1= 1.32000e+00    COL2= 9.63301e+02 
 POINT INSERTED IN THE  PLAS  TABLE FOR MATERIAL     1
    COL1= 1.33000e+00    COL2= 9.65603e+02 
 POINT INSERTED IN THE  PLAS  TABLE FOR MATERIAL     1
    COL1= 1.34000e+00    COL2= 9.67892e+02 
 POINT INSERTED IN THE  PLAS  TABLE FOR MATERIAL     1
    COL1= 1.35000e+00    COL2= 9.70171e+02 
 POINT INSERTED IN THE  PLAS  TABLE FOR MATERIAL     1
    COL1= 1.36000e+00    COL2= 9.72437e+02 
 POINT INSERTED IN THE  PLAS  TABLE FOR MATERIAL     1
    COL1= 1.37000e+00    COL2= 9.74692e+02 
 POINT INSERTED IN THE  PLAS  TABLE FOR MATERIAL     1
    COL1= 1.38000e+00    COL2= 9.76936e+02 
 POINT INSERTED IN THE  PLAS  TABLE FOR MATERIAL     1
    COL1= 1.39000e+00    COL2= 9.79169e+02 
 POINT INSERTED IN THE  PLAS  TABLE FOR MATERIAL     1
    COL1= 1.40000e+00    COL2= 9.81391e+02 
 POINT INSERTED IN THE  PLAS  TABLE FOR MATERIAL     1
    COL1= 1.41000e+00    COL2= 9.83602e+02 
 POINT INSERTED IN THE  PLAS  TABLE FOR MATERIAL     1
    COL1= 1.42000e+00    COL2= 9.85803e+02 
 POINT INSERTED IN THE  PLAS  TABLE FOR MATERIAL     1
    COL1= 1.43000e+00    COL2= 9.87992e+02 
 POINT INSERTED IN THE  PLAS  TABLE FOR MATERIAL     1
    COL1= 1.44000e+00    COL2= 9.90172e+02 
 POINT INSERTED IN THE  PLAS  TABLE FOR MATERIAL     1
    COL1= 1.45000e+00    COL2= 9.92341e+02 
 POINT INSERTED IN THE  PLAS  TABLE FOR MATERIAL     1
    COL1= 1.46000e+00    COL2= 9.94500e+02 
 POINT INSERTED IN THE  PLAS  TABLE FOR MATERIAL     1
    COL1= 1.47000e+00    COL2= 9.96649e+02 
 POINT INSERTED IN THE  PLAS  TABLE FOR MATERIAL     1
    COL1= 1.48000e+00    COL2= 9.98787e+02 
 POINT INSERTED IN THE  PLAS  TABLE FOR MATERIAL     1
    COL1= 1.49000e+00    COL2= 1.00092e+03 
 POINT INSERTED IN THE  PLAS  TABLE FOR MATERIAL     1
    COL1= 1.50000e+00    COL2= 1.00304e+03 
 POINT INSERTED IN THE  PLAS  TABLE FOR MATERIAL     1
    COL1= 1.51000e+00    COL2= 1.00514e+03 
 POINT INSERTED IN THE  PLAS  TABLE FOR MATERIAL     1
    COL1= 1.52000e+00    COL2= 1.00725e+03 
 POINT INSERTED IN THE  PLAS  TABLE FOR MATERIAL     1
    COL1= 1.53000e+00    COL2= 1.00934e+03 
 POINT INSERTED IN THE  PLAS  TABLE FOR MATERIAL     1
    COL1= 1.54000e+00    COL2= 1.01142e+03 
 POINT INSERTED IN THE  PLAS  TABLE FOR MATERIAL     1
    COL1= 1.55000e+00    COL2= 1.01349e+03 
 POINT INSERTED IN THE  PLAS  TABLE FOR MATERIAL     1
    COL1= 1.56000e+00    COL2= 1.01555e+03 
 POINT INSERTED IN THE  PLAS  TABLE FOR MATERIAL     1
    COL1= 1.57000e+00    COL2= 1.01761e+03 
 POINT INSERTED IN THE  PLAS  TABLE FOR MATERIAL     1
    COL1= 1.58000e+00    COL2= 1.01965e+03 
 POINT INSERTED IN THE  PLAS  TABLE FOR MATERIAL     1
    COL1= 1.59000e+00    COL2= 1.02169e+03 
 POINT INSERTED IN THE  PLAS  TABLE FOR MATERIAL     1
    COL1= 1.60000e+00    COL2= 1.02371e+03 

   GENERALIZED DAMAGE - DUCTILE INITIATION CRITERION
 POINT INSERTED IN THE  CDM  TABLE FOR MATERIAL     1
    COL1=-1.00000e+03    COL2= 1.00000e+06 
 POINT INSERTED IN THE  CDM  TABLE FOR MATERIAL     1
    COL1=-1.00000e-06    COL2= 1.00000e+06 
 POINT INSERTED IN THE  CDM  TABLE FOR MATERIAL     1
    COL1= 0.00000e+00    COL2= 3.00000e-01 
 POINT INSERTED IN THE  CDM  TABLE FOR MATERIAL     1
    COL1= 1.00000e-02    COL2= 3.00000e-01 
 POINT INSERTED IN THE  CDM  TABLE FOR MATERIAL     1
    COL1= 2.00000e-02    COL2= 3.00000e-01 
 POINT INSERTED IN THE  CDM  TABLE FOR MATERIAL     1
    COL1= 3.00000e-02    COL2= 3.00000e-01 
 POINT INSERTED IN THE  CDM  TABLE FOR MATERIAL     1
    COL1= 4.00000e-02    COL2= 3.00000e-01 
 POINT INSERTED IN THE  CDM  TABLE FOR MATERIAL     1
    COL1= 5.00000e-02    COL2= 3.00000e-01 
 POINT INSERTED IN THE  CDM  TABLE FOR MATERIAL     1
    COL1= 6.00000e-02    COL2= 3.00000e-01 
 POINT INSERTED IN THE  CDM  TABLE FOR MATERIAL     1
    COL1= 7.00000e-02    COL2= 3.00000e-01 
 POINT INSERTED IN THE  CDM  TABLE FOR MATERIAL     1
    COL1= 8.00000e-02    COL2= 3.00000e-01 
 POINT INSERTED IN THE  CDM  TABLE FOR MATERIAL     1
    COL1= 9.00000e-02    COL2= 3.00000e-01 
 POINT INSERTED IN THE  CDM  TABLE FOR MATERIAL     1
    COL1= 1.00000e-01    COL2= 3.00000e-01 
 POINT INSERTED IN THE  CDM  TABLE FOR MATERIAL     1
    COL1= 1.10000e-01    COL2= 3.00000e-01 
 POINT INSERTED IN THE  CDM  TABLE FOR MATERIAL     1
    COL1= 1.20000e-01    COL2= 3.00000e-01 
 POINT INSERTED IN THE  CDM  TABLE FOR MATERIAL     1
    COL1= 1.30000e-01    COL2= 3.00000e-01 
 POINT INSERTED IN THE  CDM  TABLE FOR MATERIAL     1
    COL1= 1.40000e-01    COL2= 3.00000e-01 
 POINT INSERTED IN THE  CDM  TABLE FOR MATERIAL     1
    COL1= 1.50000e-01    COL2= 3.00000e-01 
 POINT INSERTED IN THE  CDM  TABLE FOR MATERIAL     1
    COL1= 1.60000e-01    COL2= 3.00000e-01 
 POINT INSERTED IN THE  CDM  TABLE FOR MATERIAL     1
    COL1= 1.70000e-01    COL2= 3.00000e-01 
 POINT INSERTED IN THE  CDM  TABLE FOR MATERIAL     1
    COL1= 1.80000e-01    COL2= 3.00000e-01 
 POINT INSERTED IN THE  CDM  TABLE FOR MATERIAL     1
    COL1= 1.90000e-01    COL2= 3.00000e-01 
 POINT INSERTED IN THE  CDM  TABLE FOR MATERIAL     1
    COL1= 2.00000e-01    COL2= 3.00000e-01 
 POINT INSERTED IN THE  CDM  TABLE FOR MATERIAL     1
    COL1= 2.10000e-01    COL2= 3.00000e-01 
 POINT INSERTED IN THE  CDM  TABLE FOR MATERIAL     1
    COL1= 2.20000e-01    COL2= 3.00000e-01 
 POINT INSERTED IN THE  CDM  TABLE FOR MATERIAL     1
    COL1= 2.30000e-01    COL2= 3.00000e-01 
 POINT INSERTED IN THE  CDM  TABLE FOR MATERIAL     1
    COL1= 2.40000e-01    COL2= 3.00000e-01 
 POINT INSERTED IN THE  CDM  TABLE FOR MATERIAL     1
    COL1= 2.50000e-01    COL2= 3.00000e-01 
 POINT INSERTED IN THE  CDM  TABLE FOR MATERIAL     1
    COL1= 2.60000e-01    COL2= 3.00000e-01 
 POINT INSERTED IN THE  CDM  TABLE FOR MATERIAL     1
    COL1= 2.70000e-01    COL2= 3.00000e-01 
 POINT INSERTED IN THE  CDM  TABLE FOR MATERIAL     1
    COL1= 2.80000e-01    COL2= 3.00000e-01 
 POINT INSERTED IN THE  CDM  TABLE FOR MATERIAL     1
    COL1= 2.90000e-01    COL2= 3.00000e-01 
 POINT INSERTED IN THE  CDM  TABLE FOR MATERIAL     1
    COL1= 3.00000e-01    COL2= 3.00000e-01 
 POINT INSERTED IN THE  CDM  TABLE FOR MATERIAL     1
    COL1= 3.10000e-01    COL2= 3.00000e-01 
 POINT INSERTED IN THE  CDM  TABLE FOR MATERIAL     1
    COL1= 3.20000e-01    COL2= 3.00000e-01 
 POINT INSERTED IN THE  CDM  TABLE FOR MATERIAL     1
    COL1= 3.30000e-01    COL2= 3.00000e-01 
 POINT INSERTED IN THE  CDM  TABLE FOR MATERIAL     1
    COL1= 3.33333e-01    COL2= 3.00000e-01 
 POINT INSERTED IN THE  CDM  TABLE FOR MATERIAL     1
    COL1= 3.40000e-01    COL2= 2.97015e-01 
 POINT INSERTED IN THE  CDM  TABLE FOR MATERIAL     1
    COL1= 3.50000e-01    COL2= 2.92593e-01 
 POINT INSERTED IN THE  CDM  TABLE FOR MATERIAL     1
    COL1= 3.60000e-01    COL2= 2.88237e-01 
 POINT INSERTED IN THE  CDM  TABLE FOR MATERIAL     1
    COL1= 3.70000e-01    COL2= 2.83946e-01 
 POINT INSERTED IN THE  CDM  TABLE FOR MATERIAL     1
    COL1= 3.80000e-01    COL2= 2.79718e-01 
 POINT INSERTED IN THE  CDM  TABLE FOR MATERIAL     1
    COL1= 3.90000e-01    COL2= 2.75554e-01 
 POINT INSERTED IN THE  CDM  TABLE FOR MATERIAL     1
    COL1= 4.00000e-01    COL2= 2.71451e-01 
 POINT INSERTED IN THE  CDM  TABLE FOR MATERIAL     1
    COL1= 4.10000e-01    COL2= 2.67410e-01 
 POINT INSERTED IN THE  CDM  TABLE FOR MATERIAL     1
    COL1= 4.20000e-01    COL2= 2.63429e-01 
 POINT INSERTED IN THE  CDM  TABLE FOR MATERIAL     1
    COL1= 4.30000e-01    COL2= 2.59507e-01 
 POINT INSERTED IN THE  CDM  TABLE FOR MATERIAL     1
    COL1= 4.40000e-01    COL2= 2.55643e-01 
 POINT INSERTED IN THE  CDM  TABLE FOR MATERIAL     1
    COL1= 4.50000e-01    COL2= 2.51837e-01 
 POINT INSERTED IN THE  CDM  TABLE FOR MATERIAL     1
    COL1= 4.60000e-01    COL2= 2.48088e-01 
 POINT INSERTED IN THE  CDM  TABLE FOR MATERIAL     1
    COL1= 4.70000e-01    COL2= 2.44394e-01 
 POINT INSERTED IN THE  CDM  TABLE FOR MATERIAL     1
    COL1= 4.80000e-01    COL2= 2.40756e-01 
 POINT INSERTED IN THE  CDM  TABLE FOR MATERIAL     1
    COL1= 4.90000e-01    COL2= 2.37171e-01 
 POINT INSERTED IN THE  CDM  TABLE FOR MATERIAL     1
    COL1= 5.00000e-01    COL2= 2.33640e-01 
 POINT INSERTED IN THE  CDM  TABLE FOR MATERIAL     1
    COL1= 5.10000e-01    COL2= 2.30162e-01 
 POINT INSERTED IN THE  CDM  TABLE FOR MATERIAL     1
    COL1= 5.20000e-01    COL2= 2.26735e-01 
 POINT INSERTED IN THE  CDM  TABLE FOR MATERIAL     1
    COL1= 5.30000e-01    COL2= 2.23359e-01 
 POINT INSERTED IN THE  CDM  TABLE FOR MATERIAL     1
    COL1= 5.40000e-01    COL2= 2.20034e-01 
 POINT INSERTED IN THE  CDM  TABLE FOR MATERIAL     1
    COL1= 5.50000e-01    COL2= 2.16758e-01 
 POINT INSERTED IN THE  CDM  TABLE FOR MATERIAL     1
    COL1= 5.60000e-01    COL2= 2.13531e-01 
 POINT INSERTED IN THE  CDM  TABLE FOR MATERIAL     1
    COL1= 5.70000e-01    COL2= 2.10352e-01 
 POINT INSERTED IN THE  CDM  TABLE FOR MATERIAL     1
    COL1= 5.80000e-01    COL2= 2.07220e-01 
 POINT INSERTED IN THE  CDM  TABLE FOR MATERIAL     1
    COL1= 5.90000e-01    COL2= 2.04135e-01 
 POINT INSERTED IN THE  CDM  TABLE FOR MATERIAL     1
    COL1= 6.00000e-01    COL2= 2.01096e-01 
 POINT INSERTED IN THE  CDM  TABLE FOR MATERIAL     1
    COL1= 6.10000e-01    COL2= 1.98102e-01 
 POINT INSERTED IN THE  CDM  TABLE FOR MATERIAL     1
    COL1= 6.20000e-01    COL2= 1.95153e-01 
 POINT INSERTED IN THE  CDM  TABLE FOR MATERIAL     1
    COL1= 6.30000e-01    COL2= 1.92247e-01 
 POINT INSERTED IN THE  CDM  TABLE FOR MATERIAL     1
    COL1= 6.40000e-01    COL2= 1.89385e-01 
 POINT INSERTED IN THE  CDM  TABLE FOR MATERIAL     1
    COL1= 6.50000e-01    COL2= 1.86566e-01 
 POINT INSERTED IN THE  CDM  TABLE FOR MATERIAL     1
    COL1= 6.60000e-01    COL2= 1.83788e-01 
 POINT INSERTED IN THE  CDM  TABLE FOR MATERIAL     1
    COL1= 6.70000e-01    COL2= 1.81052e-01 
 POINT INSERTED IN THE  CDM  TABLE FOR MATERIAL     1
    COL1= 6.80000e-01    COL2= 1.78356e-01 
 POINT INSERTED IN THE  CDM  TABLE FOR MATERIAL     1
    COL1= 6.90000e-01    COL2= 1.75701e-01 
 POINT INSERTED IN THE  CDM  TABLE FOR MATERIAL     1
    COL1= 7.00000e-01    COL2= 1.73085e-01 
 POINT INSERTED IN THE  CDM  TABLE FOR MATERIAL     1
    COL1= 7.10000e-01    COL2= 1.70508e-01 
 POINT INSERTED IN THE  CDM  TABLE FOR MATERIAL     1
    COL1= 7.20000e-01    COL2= 1.67970e-01 
 POINT INSERTED IN THE  CDM  TABLE FOR MATERIAL     1
    COL1= 7.30000e-01    COL2= 1.65469e-01 
 POINT INSERTED IN THE  CDM  TABLE FOR MATERIAL     1
    COL1= 7.40000e-01    COL2= 1.63005e-01 
 POINT INSERTED IN THE  CDM  TABLE FOR MATERIAL     1
    COL1= 7.50000e-01    COL2= 1.60578e-01 
 POINT INSERTED IN THE  CDM  TABLE FOR MATERIAL     1
    COL1= 7.60000e-01    COL2= 1.58188e-01 
 POINT INSERTED IN THE  CDM  TABLE FOR MATERIAL     1
    COL1= 7.70000e-01    COL2= 1.55833e-01 
 POINT INSERTED IN THE  CDM  TABLE FOR MATERIAL     1
    COL1= 7.80000e-01    COL2= 1.53513e-01 
 POINT INSERTED IN THE  CDM  TABLE FOR MATERIAL     1
    COL1= 7.90000e-01    COL2= 1.51227e-01 
 POINT INSERTED IN THE  CDM  TABLE FOR MATERIAL     1
    COL1= 8.00000e-01    COL2= 1.48976e-01 
 POINT INSERTED IN THE  CDM  TABLE FOR MATERIAL     1
    COL1= 8.10000e-01    COL2= 1.46758e-01 
 POINT INSERTED IN THE  CDM  TABLE FOR MATERIAL     1
    COL1= 8.20000e-01    COL2= 1.44573e-01 
 POINT INSERTED IN THE  CDM  TABLE FOR MATERIAL     1
    COL1= 8.30000e-01    COL2= 1.42420e-01 
 POINT INSERTED IN THE  CDM  TABLE FOR MATERIAL     1
    COL1= 8.40000e-01    COL2= 1.40300e-01 
 POINT INSERTED IN THE  CDM  TABLE FOR MATERIAL     1
    COL1= 8.50000e-01    COL2= 1.38211e-01 
 POINT INSERTED IN THE  CDM  TABLE FOR MATERIAL     1
    COL1= 8.60000e-01    COL2= 1.36153e-01 
 POINT INSERTED IN THE  CDM  TABLE FOR MATERIAL     1
    COL1= 8.70000e-01    COL2= 1.34126e-01 
 POINT INSERTED IN THE  CDM  TABLE FOR MATERIAL     1
    COL1= 8.80000e-01    COL2= 1.32129e-01 
 POINT INSERTED IN THE  CDM  TABLE FOR MATERIAL     1
    COL1= 8.90000e-01    COL2= 1.30162e-01 
 POINT INSERTED IN THE  CDM  TABLE FOR MATERIAL     1
    COL1= 9.00000e-01    COL2= 1.28224e-01 
 POINT INSERTED IN THE  CDM  TABLE FOR MATERIAL     1
    COL1= 9.10000e-01    COL2= 1.26315e-01 
 POINT INSERTED IN THE  CDM  TABLE FOR MATERIAL     1
    COL1= 9.20000e-01    COL2= 1.24435e-01 
 POINT INSERTED IN THE  CDM  TABLE FOR MATERIAL     1
    COL1= 9.30000e-01    COL2= 1.22582e-01 
 POINT INSERTED IN THE  CDM  TABLE FOR MATERIAL     1
    COL1= 9.40000e-01    COL2= 1.20757e-01 
 POINT INSERTED IN THE  CDM  TABLE FOR MATERIAL     1
    COL1= 9.50000e-01    COL2= 1.18959e-01 
 POINT INSERTED IN THE  CDM  TABLE FOR MATERIAL     1
    COL1= 9.60000e-01    COL2= 1.17188e-01 
 POINT INSERTED IN THE  CDM  TABLE FOR MATERIAL     1
    COL1= 9.70000e-01    COL2= 1.15444e-01 
 POINT INSERTED IN THE  CDM  TABLE FOR MATERIAL     1
    COL1= 9.80000e-01    COL2= 1.13725e-01 
 POINT INSERTED IN THE  CDM  TABLE FOR MATERIAL     1
    COL1= 9.90000e-01    COL2= 1.12032e-01 
 POINT INSERTED IN THE  CDM  TABLE FOR MATERIAL     1
    COL1= 1.00000e+00    COL2= 1.10364e-01 
 POINT INSERTED IN THE  CDM  TABLE FOR MATERIAL     1
    COL1= 1.01000e+00    COL2= 1.08721e-01 
 POINT INSERTED IN THE  CDM  TABLE FOR MATERIAL     1
    COL1= 1.02000e+00    COL2= 1.07102e-01 
 POINT INSERTED IN THE  CDM  TABLE FOR MATERIAL     1
    COL1= 1.03000e+00    COL2= 1.05508e-01 
 POINT INSERTED IN THE  CDM  TABLE FOR MATERIAL     1
    COL1= 1.04000e+00    COL2= 1.03937e-01 
 POINT INSERTED IN THE  CDM  TABLE FOR MATERIAL     1
    COL1= 1.05000e+00    COL2= 1.02389e-01 
 POINT INSERTED IN THE  CDM  TABLE FOR MATERIAL     1
    COL1= 1.06000e+00    COL2= 1.00865e-01 
 POINT INSERTED IN THE  CDM  TABLE FOR MATERIAL     1
    COL1= 1.07000e+00    COL2= 9.93633e-02 
 POINT INSERTED IN THE  CDM  TABLE FOR MATERIAL     1
    COL1= 1.08000e+00    COL2= 9.78839e-02 
 POINT INSERTED IN THE  CDM  TABLE FOR MATERIAL     1
    COL1= 1.09000e+00    COL2= 9.64266e-02 
 POINT INSERTED IN THE  CDM  TABLE FOR MATERIAL     1
    COL1= 1.10000e+00    COL2= 9.49910e-02 
 POINT INSERTED IN THE  CDM  TABLE FOR MATERIAL     1
    COL1= 1.11000e+00    COL2= 9.35768e-02 
 POINT INSERTED IN THE  CDM  TABLE FOR MATERIAL     1
    COL1= 1.12000e+00    COL2= 9.21836e-02 
 POINT INSERTED IN THE  CDM  TABLE FOR MATERIAL     1
    COL1= 1.13000e+00    COL2= 9.08112e-02 
 POINT INSERTED IN THE  CDM  TABLE FOR MATERIAL     1
    COL1= 1.14000e+00    COL2= 8.94592e-02 
 POINT INSERTED IN THE  CDM  TABLE FOR MATERIAL     1
    COL1= 1.15000e+00    COL2= 8.81273e-02 
 POINT INSERTED IN THE  CDM  TABLE FOR MATERIAL     1
    COL1= 1.16000e+00    COL2= 8.68153e-02 
 POINT INSERTED IN THE  CDM  TABLE FOR MATERIAL     1
    COL1= 1.17000e+00    COL2= 8.55228e-02 
 POINT INSERTED IN THE  CDM  TABLE FOR MATERIAL     1
    COL1= 1.18000e+00    COL2= 8.42495e-02 
 POINT INSERTED IN THE  CDM  TABLE FOR MATERIAL     1
    COL1= 1.19000e+00    COL2= 8.29952e-02 
 POINT INSERTED IN THE  CDM  TABLE FOR MATERIAL     1
    COL1= 1.20000e+00    COL2= 8.17595e-02 
 POINT INSERTED IN THE  CDM  TABLE FOR MATERIAL     1
    COL1= 1.21000e+00    COL2= 8.05423e-02 
 POINT INSERTED IN THE  CDM  TABLE FOR MATERIAL     1
    COL1= 1.22000e+00    COL2= 7.93432e-02 
 POINT INSERTED IN THE  CDM  TABLE FOR MATERIAL     1
    COL1= 1.23000e+00    COL2= 7.81619e-02 
 POINT INSERTED IN THE  CDM  TABLE FOR MATERIAL     1
    COL1= 1.24000e+00    COL2= 7.69982e-02 
 POINT INSERTED IN THE  CDM  TABLE FOR MATERIAL     1
    COL1= 1.25000e+00    COL2= 7.58519e-02 
 POINT INSERTED IN THE  CDM  TABLE FOR MATERIAL     1
    COL1= 1.26000e+00    COL2= 7.47226e-02 
 POINT INSERTED IN THE  CDM  TABLE FOR MATERIAL     1
    COL1= 1.27000e+00    COL2= 7.36101e-02 
 POINT INSERTED IN THE  CDM  TABLE FOR MATERIAL     1
    COL1= 1.28000e+00    COL2= 7.25142e-02 
 POINT INSERTED IN THE  CDM  TABLE FOR MATERIAL     1
    COL1= 1.29000e+00    COL2= 7.14346e-02 
 POINT INSERTED IN THE  CDM  TABLE FOR MATERIAL     1
    COL1= 1.30000e+00    COL2= 7.03711e-02 
 POINT INSERTED IN THE  CDM  TABLE FOR MATERIAL     1
    COL1= 1.31000e+00    COL2= 6.93234e-02 
 POINT INSERTED IN THE  CDM  TABLE FOR MATERIAL     1
    COL1= 1.32000e+00    COL2= 6.82913e-02 
 POINT INSERTED IN THE  CDM  TABLE FOR MATERIAL     1
    COL1= 1.33000e+00    COL2= 6.72746e-02 
 POINT INSERTED IN THE  CDM  TABLE FOR MATERIAL     1
    COL1= 1.34000e+00    COL2= 6.62730e-02 
 POINT INSERTED IN THE  CDM  TABLE FOR MATERIAL     1
    COL1= 1.35000e+00    COL2= 6.52863e-02 
 POINT INSERTED IN THE  CDM  TABLE FOR MATERIAL     1
    COL1= 1.36000e+00    COL2= 6.43143e-02 
 POINT INSERTED IN THE  CDM  TABLE FOR MATERIAL     1
    COL1= 1.37000e+00    COL2= 6.33568e-02 
 POINT INSERTED IN THE  CDM  TABLE FOR MATERIAL     1
    COL1= 1.38000e+00    COL2= 6.24136e-02 
 POINT INSERTED IN THE  CDM  TABLE FOR MATERIAL     1
    COL1= 1.39000e+00    COL2= 6.14843e-02 
 POINT INSERTED IN THE  CDM  TABLE FOR MATERIAL     1
    COL1= 1.40000e+00    COL2= 6.05690e-02 
 POINT INSERTED IN THE  CDM  TABLE FOR MATERIAL     1
    COL1= 1.41000e+00    COL2= 5.96672e-02 
 POINT INSERTED IN THE  CDM  TABLE FOR MATERIAL     1
    COL1= 1.42000e+00    COL2= 5.87789e-02 
 POINT INSERTED IN THE  CDM  TABLE FOR MATERIAL     1
    COL1= 1.43000e+00    COL2= 5.79038e-02 
 POINT INSERTED IN THE  CDM  TABLE FOR MATERIAL     1
    COL1= 1.44000e+00    COL2= 5.70417e-02 
 POINT INSERTED IN THE  CDM  TABLE FOR MATERIAL     1
    COL1= 1.45000e+00    COL2= 5.61925e-02 
 POINT INSERTED IN THE  CDM  TABLE FOR MATERIAL     1
    COL1= 1.46000e+00    COL2= 5.53559e-02 
 POINT INSERTED IN THE  CDM  TABLE FOR MATERIAL     1
    COL1= 1.47000e+00    COL2= 5.45317e-02 
 POINT INSERTED IN THE  CDM  TABLE FOR MATERIAL     1
    COL1= 1.48000e+00    COL2= 5.37198e-02 
 POINT INSERTED IN THE  CDM  TABLE FOR MATERIAL     1
    COL1= 1.49000e+00    COL2= 5.29201e-02 
 POINT INSERTED IN THE  CDM  TABLE FOR MATERIAL     1
    COL1= 1.50000e+00    COL2= 5.21322e-02 
 POINT INSERTED IN THE  CDM  TABLE FOR MATERIAL     1
    COL1= 1.51000e+00    COL2= 5.13560e-02 
 POINT INSERTED IN THE  CDM  TABLE FOR MATERIAL     1
    COL1= 1.52000e+00    COL2= 5.05914e-02 
 POINT INSERTED IN THE  CDM  TABLE FOR MATERIAL     1
    COL1= 1.53000e+00    COL2= 4.98382e-02 
 POINT INSERTED IN THE  CDM  TABLE FOR MATERIAL     1
    COL1= 1.54000e+00    COL2= 4.90962e-02 
 POINT INSERTED IN THE  CDM  TABLE FOR MATERIAL     1
    COL1= 1.55000e+00    COL2= 4.83653e-02 
 POINT INSERTED IN THE  CDM  TABLE FOR MATERIAL     1
    COL1= 1.56000e+00    COL2= 4.76452e-02 
 POINT INSERTED IN THE  CDM  TABLE FOR MATERIAL     1
    COL1= 1.57000e+00    COL2= 4.69359e-02 
 POINT INSERTED IN THE  CDM  TABLE FOR MATERIAL     1
    COL1= 1.58000e+00    COL2= 4.62371e-02 
 POINT INSERTED IN THE  CDM  TABLE FOR MATERIAL     1
    COL1= 1.59000e+00    COL2= 4.55487e-02 
 POINT INSERTED IN THE  CDM  TABLE FOR MATERIAL     1
    COL1= 1.60000e+00    COL2= 4.48706e-02 
 POINT INSERTED IN THE  CDM  TABLE FOR MATERIAL     1
    COL1= 1.61000e+00    COL2= 4.42025e-02 
 POINT INSERTED IN THE  CDM  TABLE FOR MATERIAL     1
    COL1= 1.62000e+00    COL2= 4.35445e-02 
 POINT INSERTED IN THE  CDM  TABLE FOR MATERIAL     1
    COL1= 1.63000e+00    COL2= 4.28962e-02 
 POINT INSERTED IN THE  CDM  TABLE FOR MATERIAL     1
    COL1= 1.64000e+00    COL2= 4.22575e-02 
 POINT INSERTED IN THE  CDM  TABLE FOR MATERIAL     1
    COL1= 1.65000e+00    COL2= 4.16284e-02 
 POINT INSERTED IN THE  CDM  TABLE FOR MATERIAL     1
    COL1= 1.66000e+00    COL2= 4.10086e-02 
 POINT INSERTED IN THE  CDM  TABLE FOR MATERIAL     1
    COL1= 1.67000e+00    COL2= 4.03981e-02 
 POINT INSERTED IN THE  CDM  TABLE FOR MATERIAL     1
    COL1= 1.68000e+00    COL2= 3.97966e-02 
 POINT INSERTED IN THE  CDM  TABLE FOR MATERIAL     1
    COL1= 1.69000e+00    COL2= 3.92041e-02 
 POINT INSERTED IN THE  CDM  TABLE FOR MATERIAL     1
    COL1= 1.70000e+00    COL2= 3.86205e-02 
 POINT INSERTED IN THE  CDM  TABLE FOR MATERIAL     1
    COL1= 1.71000e+00    COL2= 3.80455e-02 
 POINT INSERTED IN THE  CDM  TABLE FOR MATERIAL     1
    COL1= 1.72000e+00    COL2= 3.74791e-02 
 POINT INSERTED IN THE  CDM  TABLE FOR MATERIAL     1
    COL1= 1.73000e+00    COL2= 3.69211e-02 
 POINT INSERTED IN THE  CDM  TABLE FOR MATERIAL     1
    COL1= 1.74000e+00    COL2= 3.63714e-02 
 POINT INSERTED IN THE  CDM  TABLE FOR MATERIAL     1
    COL1= 1.75000e+00    COL2= 3.58299e-02 
 POINT INSERTED IN THE  CDM  TABLE FOR MATERIAL     1
    COL1= 1.76000e+00    COL2= 3.52965e-02 
 POINT INSERTED IN THE  CDM  TABLE FOR MATERIAL     1
    COL1= 1.77000e+00    COL2= 3.47710e-02 
 POINT INSERTED IN THE  CDM  TABLE FOR MATERIAL     1
    COL1= 1.78000e+00    COL2= 3.42533e-02 
 POINT INSERTED IN THE  CDM  TABLE FOR MATERIAL     1
    COL1= 1.79000e+00    COL2= 3.37433e-02 
 POINT INSERTED IN THE  CDM  TABLE FOR MATERIAL     1
    COL1= 1.80000e+00    COL2= 3.32409e-02 
 POINT INSERTED IN THE  CDM  TABLE FOR MATERIAL     1
    COL1= 1.81000e+00    COL2= 3.27461e-02 
 POINT INSERTED IN THE  CDM  TABLE FOR MATERIAL     1
    COL1= 1.82000e+00    COL2= 3.22585e-02 
 POINT INSERTED IN THE  CDM  TABLE FOR MATERIAL     1
    COL1= 1.83000e+00    COL2= 3.17783e-02 
 POINT INSERTED IN THE  CDM  TABLE FOR MATERIAL     1
    COL1= 1.84000e+00    COL2= 3.13051e-02 
 POINT INSERTED IN THE  CDM  TABLE FOR MATERIAL     1
    COL1= 1.85000e+00    COL2= 3.08391e-02 
 POINT INSERTED IN THE  CDM  TABLE FOR MATERIAL     1
    COL1= 1.86000e+00    COL2= 3.03799e-02 
 POINT INSERTED IN THE  CDM  TABLE FOR MATERIAL     1
    COL1= 1.87000e+00    COL2= 2.99276e-02 
 POINT INSERTED IN THE  CDM  TABLE FOR MATERIAL     1
    COL1= 1.88000e+00    COL2= 2.94821e-02 
 POINT INSERTED IN THE  CDM  TABLE FOR MATERIAL     1
    COL1= 1.89000e+00    COL2= 2.90431e-02 
 POINT INSERTED IN THE  CDM  TABLE FOR MATERIAL     1
    COL1= 1.90000e+00    COL2= 2.86107e-02 
 POINT INSERTED IN THE  CDM  TABLE FOR MATERIAL     1
    COL1= 1.91000e+00    COL2= 2.81848e-02 
 POINT INSERTED IN THE  CDM  TABLE FOR MATERIAL     1
    COL1= 1.92000e+00    COL2= 2.77652e-02 
 POINT INSERTED IN THE  CDM  TABLE FOR MATERIAL     1
    COL1= 1.93000e+00    COL2= 2.73518e-02 
 POINT INSERTED IN THE  CDM  TABLE FOR MATERIAL     1
    COL1= 1.94000e+00    COL2= 2.69446e-02 
 POINT INSERTED IN THE  CDM  TABLE FOR MATERIAL     1
    COL1= 1.95000e+00    COL2= 2.65434e-02 
 POINT INSERTED IN THE  CDM  TABLE FOR MATERIAL     1
    COL1= 1.96000e+00    COL2= 2.61483e-02 
 POINT INSERTED IN THE  CDM  TABLE FOR MATERIAL     1
    COL1= 1.97000e+00    COL2= 2.57590e-02 
 POINT INSERTED IN THE  CDM  TABLE FOR MATERIAL     1
    COL1= 1.98000e+00    COL2= 2.53755e-02 
 POINT INSERTED IN THE  CDM  TABLE FOR MATERIAL     1
    COL1= 1.99000e+00    COL2= 2.49977e-02 
 POINT INSERTED IN THE  CDM  TABLE FOR MATERIAL     1
    COL1= 2.00000e+00    COL2= 2.46255e-02 

   GENERALIZED DAMAGE - LINEAR DAMAGE EVOLUTION LAW
 DATA FOR  CDM  TABLE FOR MATERIAL   1 AT TEMPERATURE=  0.0000    
 LOC=  1 1.20000e-01    


   GENERALIZED DAMAGE - DAMAGE CAP
 DATA FOR  CDM  TABLE FOR MATERIAL   1 AT TEMPERATURE=  0.0000    
 LOC=  1 9.99900e-01    


 NODE          1  KCS=      0  X,Y,Z=  0.0000       0.0000       0.0000     

 NODE          2  KCS=      0  X,Y,Z=  1.0000       0.0000       0.0000     

 NODE          3  KCS=      0  X,Y,Z=  1.0000       1.0000       0.0000     

 NODE          4  KCS=      0  X,Y,Z=  0.0000       1.0000       0.0000     

 ELEMENT      1       1      2      3      4

 SPECIFIED CONSTRAINT UZ   FOR SELECTED NODES            1 TO           4 BY           1
 REAL=  0.00000000       IMAG=  0.00000000    

 SPECIFIED CONSTRAINT ROTX FOR SELECTED NODES            1 TO           4 BY           1
 REAL=  0.00000000       IMAG=  0.00000000    

 SPECIFIED CONSTRAINT ROTY FOR SELECTED NODES            1 TO           4 BY           1
 REAL=  0.00000000       IMAG=  0.00000000    

 SPECIFIED CONSTRAINT ROTZ FOR SELECTED NODES            1 TO           4 BY           1
 REAL=  0.00000000       IMAG=  0.00000000    

 SPECIFIED CONSTRAINT UX   FOR SELECTED NODES            1 TO           1 BY           1
 REAL=  0.00000000       IMAG=  0.00000000    

 SPECIFIED CONSTRAINT UX   FOR SELECTED NODES            4 TO           4 BY           1
 REAL=  0.00000000       IMAG=  0.00000000    

 SPECIFIED CONSTRAINT UY   FOR SELECTED NODES            1 TO           1 BY           1
 REAL=  0.00000000       IMAG=  0.00000000    

 SPECIFIED CONSTRAINT UY   FOR SELECTED NODES            2 TO           2 BY           1
 REAL=  0.00000000       IMAG=  0.00000000    

 CHECK MODEL FOR ERRORS
     Check all data

 *** NOTE ***                            ELAPSED TIME =       6.424   TIME= 17:15:16
 There is no title defined for this analysis.                            

 *** ERROR ***                           ELAPSED TIME =       6.444   TIME= 17:15:16
 There are 1070805811 data point components defined for the              
 TB,CDM,1,,,DUCT table.  The number of data point components must be 2.  

 *** MEMORY ERROR ***
 The low level memory manager failed to return a valid memory handle for a
 free operation.  Pointer value: 3951369913.
 It is likely that the code is calling for a free with a pointer that was not
 allocated via the memory manager.

 A FATAL, DUPLICATE ERROR WILL FOLLOW THIS MESSAGE

 *** FATAL ***                           ELAPSED TIME =       6.447   TIME= 17:15:16
 The low level memory manager failed to return a valid memory handle for 
 a free operation.  Pointer value: 3951369913.  It is likely that the    
 code is calling for a free with a pointer that was not allocated via    
 the memory manager.                                                     
 Please send the data leading to this operation to your technical support provider, as this will allow ANSYS, Inc. to improve the program.

 Current ANSYS Traceback:
     tbchk                           
     pr7vmt                          
     pr7ver                          
     prep7                           
     prepcl                          
     ANSYS

 ALL CURRENT MAPDL DATA WRITTEN TO FILE NAME= ansabort.db
  FOR POSSIBLE RESUME FROM THIS POINT

 ************************************************************************
 The above error is non-recoverable by ANSYS                             
  ANSYS run terminated by the indicated error                            
  Current data base saved if possible.                                   
 ************************************************************************

+--------------------- M A P D L   S T A T I S T I C S ------------------------+

Release: 2026 R1.02         Build: 26.1       Update: UP20260202   Platform: WINDOWS x64 
Date Run: 10/05/2026   Time: 17:15     Process ID: 17216
Operating System: Windows 11  (Build: 26200)

Processor Model:                           Virtual CPU @ 3.20GHz

Compiler: Intel(R) Fortran Compiler Classic Version 2021.9  (Build: 20230302)
          Intel(R) C/C++ Compiler Classic Version 2021.9  (Build: 20230302)
          AOCL-BLAS 5.1.1 Build 20251008
          Intel(R) oneAPI Math Kernel Library Version 2024.2.3-Product Build 20250403

Number of machines requested            :    1
Total number of cores available         :   14
Number of physical cores available      :   14
Number of processes requested           :    1
Number of threads per process requested :    1
Total number of cores requested         :    1 (Shared Memory Parallel)                    

GPU Acceleration: Not Requested

Job Name: check
Input File: preflight.dat
Working Directory: C:\Temp\PBTear26_coupon_nominal_v2

Total CPU time for main thread                    :        1.5 seconds
Total CPU time summed for all threads             :        1.0 seconds

Elapsed time spent obtaining a license            :        1.3 seconds
Elapsed time spent pre-processing model (/PREP7)  :        0.0 seconds
Elapsed time spent solution - preprocessing       :        0.0 seconds
Elapsed time spent computing solution             :        0.0 seconds
   Elapsed time in element formation & assembly   :        0.0 seconds
   Elapsed time in equation solver                :        0.0 seconds
   Elapsed time in element result calculations    :        0.0 seconds
Elapsed time spent solution - postprocessing      :        0.0 seconds
Elapsed time spent post-processing model (/POST1) :        0.0 seconds
 

Sum of disk space used on all processes           :        0.1 MB

Sum of memory used on all processes               :       10.0 MB
Sum of memory allocated on all processes          :     2304.0 MB
Physical memory available                         :        112 GB
Total amount of I/O written to disk               :        0.0 GB
Total amount of I/O read from disk                :        0.0 GB

+------------------ E N D   M A P D L   S T A T I S T I C S -------------------+


 *-----------------------------------------------------------------------------*
 |                                                                             |
 |                               RUN COMPLETED                                 |
 |                                                                             |
 |-----------------------------------------------------------------------------|
 |                                                                             |
 |  Ansys MAPDL 2026 R1.02      Build 26.1         UP20260202    WINDOWS x64   |
 |                                                                             |
 |-----------------------------------------------------------------------------|
 |                                                                             |
 |  Database Requested(-db)  1024 MB     Scratch Memory Requested      1024 MB |
 |  Maximum Database Used       1 MB     Maximum Scratch Memory Used      9 MB |
 |                                                                             |
 |-----------------------------------------------------------------------------|
 |                                                                             |
 |        CP Time      (sec) =          1.000       Time  =  17:15:27          |
 |        Elapsed Time (sec) =         17.808       Date  =  10/05/2026        |
 |                                                                             |
 *-----------------------------------------------------------------------------*
