/COM,ANSYS RELEASE 2026 R1.02        BUILD 26.1      UP20260202       14:58:53

 *** WARNING ***                         ELAPSED TIME =       6.097   TIME= 14:58:54
 One or more single layer Shell elements (such as element 3089)          
 reference section 1, which defines a different material (1) than the    
 attribute of the element (2).                                           

 *** WARNING ***                         ELAPSED TIME =       6.790   TIME= 14:58:55
 A boundary condition has been applied on 6 degrees of freedom of the    
 nodes belonging to the constraint element(MPC184) 3073.  It is likely   
 that the system may encounter solver difficulties due to                
 overconstraining.                                                       

 *** WARNING ***                         ELAPSED TIME =       6.791   TIME= 14:58:55
 A boundary condition has been applied on 6 degrees of freedom of the    
 nodes belonging to the constraint element(MPC184) 2681.  It is likely   
 that the system may encounter solver difficulties due to                
 overconstraining.                                                       

 *** WARNING ***                         ELAPSED TIME =       6.792   TIME= 14:58:55
 A boundary condition has been applied on 6 degrees of freedom of the    
 nodes belonging to the constraint element(MPC184) 3072.  It is likely   
 that the system may encounter solver difficulties due to                
 overconstraining.                                                       

 *** WARNING ***                         ELAPSED TIME =       6.792   TIME= 14:58:55
 A boundary condition has been applied on 6 degrees of freedom of the    
 nodes belonging to the constraint element(MPC184) 2680.  It is likely   
 that the system may encounter solver difficulties due to                
 overconstraining.                                                       

 *** WARNING ***                         ELAPSED TIME =       6.795   TIME= 14:58:55
 A boundary condition has been applied on 6 degrees of freedom of the    
 nodes belonging to the constraint element(MPC184) 3074.  It is likely   
 that the system may encounter solver difficulties due to                
 overconstraining.                                                       

 *** WARNING ***                         ELAPSED TIME =       6.795   TIME= 14:58:55
 A boundary condition has been applied on 6 degrees of freedom of the    
 nodes belonging to the constraint element(MPC184) 2683.  It is likely   
 that the system may encounter solver difficulties due to                
 overconstraining.                                                       

 *** WARNING ***                         ELAPSED TIME =       6.795   TIME= 14:58:55
 A boundary condition has been applied on 6 degrees of freedom of the    
 nodes belonging to the constraint element(MPC184) 2682.  It is likely   
 that the system may encounter solver difficulties due to                
 overconstraining.                                                       

 *** WARNING ***                         ELAPSED TIME =       6.795   TIME= 14:58:55
 A boundary condition has been applied on 6 degrees of freedom of the    
 nodes belonging to the constraint element(MPC184) 3075.  It is likely   
 that the system may encounter solver difficulties due to                
 overconstraining.                                                       

 *** WARNING ***                         ELAPSED TIME =       6.795   TIME= 14:58:55
 A boundary condition has been applied on 6 degrees of freedom of the    
 nodes belonging to the constraint element(MPC184) 2684.  It is likely   
 that the system may encounter solver difficulties due to                
 overconstraining.                                                       

 *** WARNING ***                         ELAPSED TIME =       6.795   TIME= 14:58:55
 A boundary condition has been applied on 6 degrees of freedom of the    
 nodes belonging to the constraint element(MPC184) 3076.  It is likely   
 that the system may encounter solver difficulties due to                
 overconstraining.                                                       

 *** WARNING ***                         ELAPSED TIME =       6.795   TIME= 14:58:55
 A boundary condition has been applied on 6 degrees of freedom of the    
 nodes belonging to the constraint element(MPC184) 2685.  It is likely   
 that the system may encounter solver difficulties due to                
 overconstraining.                                                       

 *** WARNING ***                         ELAPSED TIME =       6.795   TIME= 14:58:55
 A boundary condition has been applied on 6 degrees of freedom of the    
 nodes belonging to the constraint element(MPC184) 3077.  It is likely   
 that the system may encounter solver difficulties due to                
 overconstraining.                                                       

 *** WARNING ***                         ELAPSED TIME =       6.795   TIME= 14:58:55
 A boundary condition has been applied on 6 degrees of freedom of the    
 nodes belonging to the constraint element(MPC184) 2686.  It is likely   
 that the system may encounter solver difficulties due to                
 overconstraining.                                                       

 *** WARNING ***                         ELAPSED TIME =       7.239   TIME= 14:58:56
 Pivoting has been activated for the Sparse Matrix Solver.  The memory   
 required may greatly exceed the predicted amount.  In that event, use   
 the DSPOPTION command to change the memory mode and/or memory size      
 used by the Sparse Matrix Solver.                                       

 *** WARNING ***                         ELAPSED TIME =      41.457   TIME= 14:59:30
 A reference moment value times the tolerance is used by the             
 Newton-Raphson method for checking convergence.  The calculated         
 reference MOMENT CONVERGENCE VALUE = 0.47239438 is less than a          
 threshold.  This threshold is internally calculated.  You can           
 overwrite it by specifying MINREF on the CNVTOL command.  Check         
 results carefully.                                                      
