/COM,ANSYS RELEASE 2026 R1.02        BUILD 26.1      UP20260202       18:15:45

 *** ERROR ***                           ELAPSED TIME =       7.076   TIME= 18:15:48
 Element 1 has excessive thickness change.                               

 *** ERROR ***                           ELAPSED TIME =       7.112   TIME= 18:15:48
 Element 1 has excessive thickness change.                               

 *** ERROR ***                           ELAPSED TIME =       7.146   TIME= 18:15:48
 Element 1 has excessive thickness change.                               

 *** ERROR ***                           ELAPSED TIME =       7.180   TIME= 18:15:48
 Element 1 has excessive thickness change.                               

 *** ERROR ***                           ELAPSED TIME =       7.206   TIME= 18:15:48
 Element 1 has excessive thickness change.                               

 *** ERROR ***                           ELAPSED TIME =       7.239   TIME= 18:15:48
 Element 1 has excessive thickness change.                               

 *** ERROR ***                           ELAPSED TIME =       7.264   TIME= 18:15:48
 Element 1 has excessive thickness change.                               

 *** ERROR ***                           ELAPSED TIME =       7.301   TIME= 18:15:48
 Element 1 has excessive thickness change.                               

 *** ERROR ***                           ELAPSED TIME =       7.327   TIME= 18:15:48
 Element 1 has excessive thickness change.                               

 *** ERROR ***                           ELAPSED TIME =       7.363   TIME= 18:15:48
 Element 1 has excessive thickness change.                               

 *** ERROR ***                           ELAPSED TIME =       7.389   TIME= 18:15:48
 Element 1 has excessive thickness change.                               

 *** ERROR ***                           ELAPSED TIME =       7.423   TIME= 18:15:48
 Element 1 has excessive thickness change.                               

 *** ERROR ***                           ELAPSED TIME =       7.450   TIME= 18:15:48
 Element 1 has excessive thickness change.                               

 *** ERROR ***                           ELAPSED TIME =       7.483   TIME= 18:15:48
 Element 1 has excessive thickness change.                               

 *** ERROR ***                           ELAPSED TIME =       7.510   TIME= 18:15:48
 Element 1 has excessive thickness change.                               

 *** ERROR ***                           ELAPSED TIME =       7.545   TIME= 18:15:48
 Element 1 has excessive thickness change.                               

 *** ERROR ***                           ELAPSED TIME =       7.572   TIME= 18:15:48
 Element 1 has excessive thickness change.                               

 *** ERROR ***                           ELAPSED TIME =       7.607   TIME= 18:15:48
 Element 1 has excessive thickness change.                               

 *** ERROR ***                           ELAPSED TIME =       7.632   TIME= 18:15:48
 Element 1 has excessive thickness change.                               

 *** ERROR ***                           ELAPSED TIME =       7.666   TIME= 18:15:48
 Element 1 has excessive thickness change.                               

 *** ERROR ***                           ELAPSED TIME =       7.692   TIME= 18:15:48
 Element 1 has excessive thickness change.                               

 *** ERROR ***                           ELAPSED TIME =       7.723   TIME= 18:15:49
 Element 1 has excessive thickness change.                               

 *** ERROR ***                           ELAPSED TIME =       7.745   TIME= 18:15:49
 Element 1 has excessive thickness change.                               

 *** ERROR ***                           ELAPSED TIME =       7.771   TIME= 18:15:49
 Element 1 has excessive thickness change.                               

 *** ERROR ***                           ELAPSED TIME =       7.791   TIME= 18:15:49
 Element 1 has excessive thickness change.                               

 *** ERROR ***                           ELAPSED TIME =       7.813   TIME= 18:15:49
 Element 1 has excessive thickness change.                               

 *** ERROR ***                           ELAPSED TIME =       7.830   TIME= 18:15:49
 Element 1 has excessive thickness change.                               

 *** ERROR ***                           ELAPSED TIME =       7.852   TIME= 18:15:49
 Element 1 has excessive thickness change.                               

 *** ERROR ***                           ELAPSED TIME =       7.866   TIME= 18:15:49
 Element 1 has excessive thickness change.                               

 *** ERROR ***                           ELAPSED TIME =       7.883   TIME= 18:15:49
 Element 1 has excessive thickness change.                               

 *** ERROR ***                           ELAPSED TIME =       7.896   TIME= 18:15:49
 Element 1 has excessive thickness change.                               

 *** ERROR ***                           ELAPSED TIME =       7.914   TIME= 18:15:49
 Element 1 has excessive thickness change.                               

 *** ERROR ***                           ELAPSED TIME =       7.929   TIME= 18:15:49
 Element 1 has excessive thickness change.                               

 *** ERROR ***                           ELAPSED TIME =       7.944   TIME= 18:15:49
 Element 1 has excessive thickness change.                               

 *** ERROR ***                           ELAPSED TIME =       7.963   TIME= 18:15:49
 Element 1 has excessive thickness change.                               

 *** ERROR ***                           ELAPSED TIME =       7.975   TIME= 18:15:49
 Element 1 has excessive thickness change.                               

 *** ERROR ***                           ELAPSED TIME =       7.993   TIME= 18:15:49
 Element 1 has excessive thickness change.                               

 *** ERROR ***                           ELAPSED TIME =       8.006   TIME= 18:15:49
 Element 1 has excessive thickness change.                               

 *** ERROR ***                           ELAPSED TIME =       8.023   TIME= 18:15:49
 Element 1 has excessive thickness change.                               

 *** ERROR ***                           ELAPSED TIME =       8.037   TIME= 18:15:49
 Element 1 has excessive thickness change.                               

 *** ERROR ***                           ELAPSED TIME =       8.056   TIME= 18:15:49
 Element 1 has excessive thickness change.                               

 *** ERROR ***                           ELAPSED TIME =       8.070   TIME= 18:15:49
 Element 1 has excessive thickness change.                               

 *** ERROR ***                           ELAPSED TIME =       8.088   TIME= 18:15:49
 Element 1 has excessive thickness change.                               

 *** ERROR ***                           ELAPSED TIME =       8.101   TIME= 18:15:49
 Element 1 has excessive thickness change.                               

 *** ERROR ***                           ELAPSED TIME =       8.118   TIME= 18:15:49
 Element 1 has excessive thickness change.                               

 *** ERROR ***                           ELAPSED TIME =       8.130   TIME= 18:15:49
 Element 1 has excessive thickness change.                               

 *** ERROR ***                           ELAPSED TIME =       8.148   TIME= 18:15:49
 Element 1 has excessive thickness change.                               

 *** ERROR ***                           ELAPSED TIME =       8.162   TIME= 18:15:49
 Element 1 has excessive thickness change.                               

 *** ERROR ***                           ELAPSED TIME =       8.180   TIME= 18:15:49
 Element 1 has excessive thickness change.                               

 *** ERROR ***                           ELAPSED TIME =       8.192   TIME= 18:15:49
 Element 1 has excessive thickness change.                               

 *** ERROR ***                           ELAPSED TIME =       8.210   TIME= 18:15:49
 Element 1 has excessive thickness change.                               

 *** ERROR ***                           ELAPSED TIME =       8.223   TIME= 18:15:49
 Element 1 has excessive thickness change.                               

 *** ERROR ***                           ELAPSED TIME =       8.242   TIME= 18:15:49
 Element 1 has excessive thickness change.                               

 *** ERROR ***                           ELAPSED TIME =       8.255   TIME= 18:15:49
 Element 1 has excessive thickness change.                               

 *** ERROR ***                           ELAPSED TIME =       8.272   TIME= 18:15:49
 Element 1 has excessive thickness change.                               

 *** ERROR ***                           ELAPSED TIME =       8.285   TIME= 18:15:49
 Element 1 has excessive thickness change.                               

 *** ERROR ***                           ELAPSED TIME =       8.301   TIME= 18:15:49
 Element 1 has excessive thickness change.                               

 *** ERROR ***                           ELAPSED TIME =       8.314   TIME= 18:15:49
 Element 1 has excessive thickness change.                               

 *** ERROR ***                           ELAPSED TIME =       8.333   TIME= 18:15:49
 Element 1 has excessive thickness change.                               

 *** ERROR ***                           ELAPSED TIME =       8.347   TIME= 18:15:49
 Element 1 has excessive thickness change.                               

 *** ERROR ***                           ELAPSED TIME =       8.364   TIME= 18:15:49
 Element 1 has excessive thickness change.                               

 *** ERROR ***                           ELAPSED TIME =       8.376   TIME= 18:15:49
 Element 1 has excessive thickness change.                               

 *** ERROR ***                           ELAPSED TIME =       8.389   TIME= 18:15:49
 Element 1 has excessive thickness change.                               

 *** ERROR ***                           ELAPSED TIME =       8.411   TIME= 18:15:49
 Element 1 has excessive thickness change.                               

 *** ERROR ***                           ELAPSED TIME =       8.426   TIME= 18:15:49
 Element 1 has excessive thickness change.                               

 *** ERROR ***                           ELAPSED TIME =       8.451   TIME= 18:15:49
 Element 1 has excessive thickness change.                               

 *** ERROR ***                           ELAPSED TIME =       8.464   TIME= 18:15:49
 Element 1 has excessive thickness change.                               

 *** ERROR ***                           ELAPSED TIME =       8.482   TIME= 18:15:49
 Element 1 has excessive thickness change.                               

 *** ERROR ***                           ELAPSED TIME =       8.501   TIME= 18:15:49
 Element 1 has excessive thickness change.                               

 *** ERROR ***                           ELAPSED TIME =       8.520   TIME= 18:15:49
 Element 1 has excessive thickness change.                               

 *** ERROR ***                           ELAPSED TIME =       8.537   TIME= 18:15:49
 Element 1 has excessive thickness change.                               

 *** ERROR ***                           ELAPSED TIME =       8.554   TIME= 18:15:49
 Element 1 has excessive thickness change.                               

 *** ERROR ***                           ELAPSED TIME =       8.570   TIME= 18:15:49
 Element 1 has excessive thickness change.                               

 *** ERROR ***                           ELAPSED TIME =       8.587   TIME= 18:15:49
 Element 1 has excessive thickness change.                               

 *** ERROR ***                           ELAPSED TIME =       8.606   TIME= 18:15:49
 Element 1 has excessive thickness change.                               

 *** ERROR ***                           ELAPSED TIME =       8.626   TIME= 18:15:49
 Element 1 has excessive thickness change.                               

 *** ERROR ***                           ELAPSED TIME =       8.639   TIME= 18:15:49
 Element 1 has excessive thickness change.                               

 *** ERROR ***                           ELAPSED TIME =       8.652   TIME= 18:15:49
 Element 1 has excessive thickness change.                               

 *** ERROR ***                           ELAPSED TIME =       8.664   TIME= 18:15:49
 Element 1 has excessive thickness change.                               

 *** ERROR ***                           ELAPSED TIME =       8.677   TIME= 18:15:49
 Element 1 has excessive thickness change.                               

 *** ERROR ***                           ELAPSED TIME =       8.690   TIME= 18:15:49
 Element 1 has excessive thickness change.                               

 *** ERROR ***                           ELAPSED TIME =       8.705   TIME= 18:15:49
 Element 1 has excessive thickness change.                               

 *** ERROR ***                           ELAPSED TIME =       8.718   TIME= 18:15:50
 Element 1 has excessive thickness change.                               

 *** ERROR ***                           ELAPSED TIME =       8.731   TIME= 18:15:50
 Element 1 has excessive thickness change.                               

 *** ERROR ***                           ELAPSED TIME =       8.744   TIME= 18:15:50
 Element 1 has excessive thickness change.                               

 *** ERROR ***                           ELAPSED TIME =       8.757   TIME= 18:15:50
 Element 1 has excessive thickness change.                               

 *** ERROR ***                           ELAPSED TIME =       8.768   TIME= 18:15:50
 Element 1 has excessive thickness change.                               

 *** ERROR ***                           ELAPSED TIME =       8.777   TIME= 18:15:50
 Element 1 has excessive thickness change.                               

 *** ERROR ***                           ELAPSED TIME =       8.785   TIME= 18:15:50
 Element 1 has excessive thickness change.                               

 *** ERROR ***                           ELAPSED TIME =       8.793   TIME= 18:15:50
 Element 1 has excessive thickness change.                               

 *** ERROR ***                           ELAPSED TIME =       8.801   TIME= 18:15:50
 Element 1 has excessive thickness change.                               

 *** ERROR ***                           ELAPSED TIME =       8.810   TIME= 18:15:50
 Element 1 has excessive thickness change.                               

 *** ERROR ***                           ELAPSED TIME =       8.818   TIME= 18:15:50
 Element 1 has excessive thickness change.                               

 *** ERROR ***                           ELAPSED TIME =       8.826   TIME= 18:15:50
 Element 1 has excessive thickness change.                               

 *** ERROR ***                           ELAPSED TIME =       8.835   TIME= 18:15:50
 Element 1 has excessive thickness change.                               

 *** ERROR ***                           ELAPSED TIME =       8.845   TIME= 18:15:50
 Element 1 has excessive thickness change.                               

 *** ERROR ***                           ELAPSED TIME =       8.854   TIME= 18:15:50
 Element 1 has excessive thickness change.                               

 *** ERROR ***                           ELAPSED TIME =       8.862   TIME= 18:15:50
 Element 1 has excessive thickness change.                               

 *** ERROR ***                           ELAPSED TIME =       8.866   TIME= 18:15:50
 Element 1 has excessive thickness change.                               

 *** WARNING ***                         ELAPSED TIME =       8.867   TIME= 18:15:50
 The unconverged solution (identified as time 1 substep 999999) is       
 output for analysis debug purposes.  Results should not be used for     
 any other purpose.                                                      
