13:00:50.314 [DatabaseLoadingThread] WARN info.openrocket.core.database.MotorDatabaseLoader -- User-defined motor file /Users/mdn/MSFT/Massachusetts Institute of Technology/MIT Rocket Team - Dokumentumok/Zephyrus/Simulations/Pmotor_v3.eng is neither file nor directory
Swept Hbev-nearzero; component sums validated
Swept Sbody-nozzle; component sums validated
Swept Hbev; component sums validated
Swept Ssq-thick; component sums validated
Swept Hsq-long; component sums validated
Swept Ssq-unswept; component sums validated
Swept Hsq; component sums validated
Swept Hbody-nose6; component sums validated
Swept Hbody-nozzle; component sums validated
Swept Hbody; component sums validated
Swept Ssq-thin; component sums validated
Swept Hsq-nearzero; component sums validated
Swept Sbody; component sums validated
Swept Sbev; component sums validated
Swept Hbody-long; component sums validated
Swept Hbev-thick; component sums validated
Swept Hbody-nose18; component sums validated
Swept Hbev-unswept; component sums validated
Swept Hsq-unswept; component sums validated
Swept Hbody-short; component sums validated
Swept Ssq; component sums validated
Swept Hsq-count3; component sums validated
Swept Hsq-thick; component sums validated
Swept Hsq-thin; component sums validated
Swept Hbev-gentle; component sums validated
