132054|WindowsForms10.Window.8.app.0.34f5582_r7_ad1|-16,-16,3616,1992|RASAero II 
132052|WindowsForms10.Window.8.app.0.34f5582_r7_ad1|0,168,3600,1978|
131938|WindowsForms10.Window.8.app.0.34f5582_r7_ad1|0,168,3600,438|
263020|WindowsForms10.EDIT.app.0.34f5582_r7_ad1|340,188,1282,270|Hsq-count3
328648|WindowsForms10.EDIT.app.0.34f5582_r7_ad1|418,294,1162,376|Motor: I500T-14A  (AT)  Loaded Wt. (lb) 14.5064
132048|WindowsForms10.LISTBOX.app.0.34f5582_r7_ad1|18,188,316,378|
197574|WindowsForms10.Window.8.app.0.34f5582_r7_ad1|0,446,3600,1978|
197562|WindowsForms10.Window.8.app.0.34f5582_r7_ad1|1780,1902,1906,1942|
263104|WindowsForms10.EDIT.app.0.34f5582_r7_ad1|1784,1906,1902,1938|0.00
197578|WindowsForms10.STATIC.app.0.34f5582_r7_ad1|642,1906,2794,1934|Mach
131936|WindowsForms10.Window.8.app.0.34f5582_r7_ad1|18,454,3592,1834|
132056|WindowsForms10.Window.8.app.0.34f5582_r7_ad1|4,1846,3600,1932|
197438|WindowsForms10.Window.8.app.0.34f5582_r7_ad1|0,94,3600,162|ToolStrip1
197598|WindowsForms10.Window.8.app.0.34f5582_r7_ad1|0,46,3600,94|MenuStrip1
132054|WindowsForms10.Window.8.app.0.34f5582_r7_ad1|-16,-16,3616,1992|RASAero II 
132052|WindowsForms10.Window.8.app.0.34f5582_r7_ad1|0,168,3600,1978|
131938|WindowsForms10.Window.8.app.0.34f5582_r7_ad1|0,168,3600,438|
263020|WindowsForms10.EDIT.app.0.34f5582_r7_ad1|340,188,1282,270|Hsq-nearzero
328648|WindowsForms10.EDIT.app.0.34f5582_r7_ad1|418,294,1162,376|Motor: I500T-14A  (AT)  Loaded Wt. (lb) 14.5064
132048|WindowsForms10.LISTBOX.app.0.34f5582_r7_ad1|18,188,316,378|
197574|WindowsForms10.Window.8.app.0.34f5582_r7_ad1|0,446,3600,1978|
197562|WindowsForms10.Window.8.app.0.34f5582_r7_ad1|1780,1902,1906,1942|
263104|WindowsForms10.EDIT.app.0.34f5582_r7_ad1|1784,1906,1902,1938|0.00
197578|WindowsForms10.STATIC.app.0.34f5582_r7_ad1|642,1906,2794,1934|Mach
131936|WindowsForms10.Window.8.app.0.34f5582_r7_ad1|18,454,3592,1834|
132056|WindowsForms10.Window.8.app.0.34f5582_r7_ad1|4,1846,3600,1932|
197438|WindowsForms10.Window.8.app.0.34f5582_r7_ad1|0,94,3600,162|ToolStrip1
197598|WindowsForms10.Window.8.app.0.34f5582_r7_ad1|0,46,3600,94|MenuStrip1
132054|WindowsForms10.Window.8.app.0.34f5582_r7_ad1|-16,-16,3616,1992|RASAero II 
132052|WindowsForms10.Window.8.app.0.34f5582_r7_ad1|0,168,3600,1978|
131938|WindowsForms10.Window.8.app.0.34f5582_r7_ad1|0,168,3600,438|
263020|WindowsForms10.EDIT.app.0.34f5582_r7_ad1|340,188,1282,270|Hsq-nearzero
328648|WindowsForms10.EDIT.app.0.34f5582_r7_ad1|418,294,1162,376|Motor: I500T-14A  (AT)  Loaded Wt. (lb) 14.5064
132048|WindowsForms10.LISTBOX.app.0.34f5582_r7_ad1|18,188,316,378|
197574|WindowsForms10.Window.8.app.0.34f5582_r7_ad1|0,446,3600,1978|
197562|WindowsForms10.Window.8.app.0.34f5582_r7_ad1|1780,1902,1906,1942|
263104|WindowsForms10.EDIT.app.0.34f5582_r7_ad1|1784,1906,1902,1938|0.00
197578|WindowsForms10.STATIC.app.0.34f5582_r7_ad1|642,1906,2794,1934|Mach
131936|WindowsForms10.Window.8.app.0.34f5582_r7_ad1|18,454,3592,1834|
132056|WindowsForms10.Window.8.app.0.34f5582_r7_ad1|4,1846,3600,1932|
197438|WindowsForms10.Window.8.app.0.34f5582_r7_ad1|0,94,3600,162|ToolStrip1
197598|WindowsForms10.Window.8.app.0.34f5582_r7_ad1|0,46,3600,94|MenuStrip1
5833532|WindowsForms10.Window.8.app.0.34f5582_r7_ad1|364,364,1938,1518|Aero Plots
8257664|WindowsForms10.STATIC.app.0.34f5582_r7_ad1|930,484,1102,518|Plot Data to:
6161770|WindowsForms10.COMBOBOX.app.0.34f5582_r7_ad1|1112,480,1284,522|Mach 25
6946988|WindowsForms10.Window.8.app.0.34f5582_r7_ad1|404,546,1954,1492|
6291688|WindowsForms10.Window.8.app.0.34f5582_r7_ad1|404,546,1954,1290|
7406508|WindowsForms10.Window.8.app.0.34f5582_r7_ad1|412,576,1922,1282|
7340586|WindowsForms10.Window.8.app.0.34f5582_r7_ad1|404,1298,1954,1492|
7733330|WindowsForms10.Window.8.app.0.34f5582_r7_ad1|416,1302,1900,1480|
7799028|WindowsForms10.SCROLLBAR.app.0.34f5582_r7_ad1|418,1444,1864,1478|
8519860|WindowsForms10.SCROLLBAR.app.0.34f5582_r7_ad1|1864,1304,1898,1444|
9502780|WindowsForms10.COMBOBOX.app.0.34f5582_r7_ad1|650,476,902,518|Mach Number
6750942|WindowsForms10.COMBOBOX.app.0.34f5582_r7_ad1|412,478,638,520|CD
6816638|WindowsForms10.Window.8.app.0.34f5582_r7_ad1|380,426,1922,474|MenuStrip1
132054|WindowsForms10.Window.8.app.0.34f5582_r7_ad1|-16,-16,3616,1992|RASAero II 
132052|WindowsForms10.Window.8.app.0.34f5582_r7_ad1|0,168,3600,1978|
131938|WindowsForms10.Window.8.app.0.34f5582_r7_ad1|0,168,3600,438|
263020|WindowsForms10.EDIT.app.0.34f5582_r7_ad1|340,188,1282,270|Hsq-nearzero
328648|WindowsForms10.EDIT.app.0.34f5582_r7_ad1|418,294,1162,376|Motor: I500T-14A  (AT)  Loaded Wt. (lb) 14.5064
132048|WindowsForms10.LISTBOX.app.0.34f5582_r7_ad1|18,188,316,378|
197574|WindowsForms10.Window.8.app.0.34f5582_r7_ad1|0,446,3600,1978|
197562|WindowsForms10.Window.8.app.0.34f5582_r7_ad1|1780,1902,1906,1942|
263104|WindowsForms10.EDIT.app.0.34f5582_r7_ad1|1784,1906,1902,1938|0.00
197578|WindowsForms10.STATIC.app.0.34f5582_r7_ad1|642,1906,2794,1934|Mach
131936|WindowsForms10.Window.8.app.0.34f5582_r7_ad1|18,454,3592,1834|
132056|WindowsForms10.Window.8.app.0.34f5582_r7_ad1|4,1846,3600,1932|
197438|WindowsForms10.Window.8.app.0.34f5582_r7_ad1|0,94,3600,162|ToolStrip1
197598|WindowsForms10.Window.8.app.0.34f5582_r7_ad1|0,46,3600,94|MenuStrip1
5833532|WindowsForms10.Window.8.app.0.34f5582_r7_ad1|364,364,1938,1518|Aero Plots
8257664|WindowsForms10.STATIC.app.0.34f5582_r7_ad1|930,484,1102,518|Plot Data to:
6161770|WindowsForms10.COMBOBOX.app.0.34f5582_r7_ad1|1112,480,1284,522|Mach 25
6946988|WindowsForms10.Window.8.app.0.34f5582_r7_ad1|404,546,1954,1492|
6291688|WindowsForms10.Window.8.app.0.34f5582_r7_ad1|404,546,1954,1290|
7406508|WindowsForms10.Window.8.app.0.34f5582_r7_ad1|412,576,1922,1282|
7340586|WindowsForms10.Window.8.app.0.34f5582_r7_ad1|404,1298,1954,1492|
7733330|WindowsForms10.Window.8.app.0.34f5582_r7_ad1|416,1302,1900,1480|
7799028|WindowsForms10.SCROLLBAR.app.0.34f5582_r7_ad1|418,1444,1864,1478|
8519860|WindowsForms10.SCROLLBAR.app.0.34f5582_r7_ad1|1864,1304,1898,1444|
9502780|WindowsForms10.COMBOBOX.app.0.34f5582_r7_ad1|650,476,902,518|Mach Number
6750942|WindowsForms10.COMBOBOX.app.0.34f5582_r7_ad1|412,478,638,520|CD
6816638|WindowsForms10.Window.8.app.0.34f5582_r7_ad1|380,426,1922,474|MenuStrip1
132054|WindowsForms10.Window.8.app.0.34f5582_r7_ad1|-16,-16,3616,1992|RASAero II 
132052|WindowsForms10.Window.8.app.0.34f5582_r7_ad1|0,168,3600,1978|
131938|WindowsForms10.Window.8.app.0.34f5582_r7_ad1|0,168,3600,438|
263020|WindowsForms10.EDIT.app.0.34f5582_r7_ad1|340,188,1282,270|Hsq-nearzero
328648|WindowsForms10.EDIT.app.0.34f5582_r7_ad1|418,294,1162,376|Motor: I500T-14A  (AT)  Loaded Wt. (lb) 14.5064
132048|WindowsForms10.LISTBOX.app.0.34f5582_r7_ad1|18,188,316,378|
197574|WindowsForms10.Window.8.app.0.34f5582_r7_ad1|0,446,3600,1978|
197562|WindowsForms10.Window.8.app.0.34f5582_r7_ad1|1780,1902,1906,1942|
263104|WindowsForms10.EDIT.app.0.34f5582_r7_ad1|1784,1906,1902,1938|0.00
197578|WindowsForms10.STATIC.app.0.34f5582_r7_ad1|642,1906,2794,1934|Mach
131936|WindowsForms10.Window.8.app.0.34f5582_r7_ad1|18,454,3592,1834|
132056|WindowsForms10.Window.8.app.0.34f5582_r7_ad1|4,1846,3600,1932|
197438|WindowsForms10.Window.8.app.0.34f5582_r7_ad1|0,94,3600,162|ToolStrip1
197598|WindowsForms10.Window.8.app.0.34f5582_r7_ad1|0,46,3600,94|MenuStrip1
5833532|WindowsForms10.Window.8.app.0.34f5582_r7_ad1|364,364,1938,1518|Aero Plots
8257664|WindowsForms10.STATIC.app.0.34f5582_r7_ad1|930,484,1102,518|Plot Data to:
6161770|WindowsForms10.COMBOBOX.app.0.34f5582_r7_ad1|1112,480,1284,522|Mach 25
6946988|WindowsForms10.Window.8.app.0.34f5582_r7_ad1|404,546,1954,1492|
6291688|WindowsForms10.Window.8.app.0.34f5582_r7_ad1|404,546,1954,1290|
7406508|WindowsForms10.Window.8.app.0.34f5582_r7_ad1|412,576,1922,1282|
7340586|WindowsForms10.Window.8.app.0.34f5582_r7_ad1|404,1298,1954,1492|
7733330|WindowsForms10.Window.8.app.0.34f5582_r7_ad1|416,1302,1900,1480|
7799028|WindowsForms10.SCROLLBAR.app.0.34f5582_r7_ad1|418,1444,1864,1478|
8519860|WindowsForms10.SCROLLBAR.app.0.34f5582_r7_ad1|1864,1304,1898,1444|
9502780|WindowsForms10.COMBOBOX.app.0.34f5582_r7_ad1|650,476,902,518|Mach Number
6750942|WindowsForms10.COMBOBOX.app.0.34f5582_r7_ad1|412,478,638,520|CD
6816638|WindowsForms10.Window.8.app.0.34f5582_r7_ad1|380,426,1922,474|MenuStrip1
132054|WindowsForms10.Window.8.app.0.34f5582_r7_ad1|-16,-16,3616,1992|RASAero II 
132052|WindowsForms10.Window.8.app.0.34f5582_r7_ad1|0,168,3600,1978|
131938|WindowsForms10.Window.8.app.0.34f5582_r7_ad1|0,168,3600,438|
263020|WindowsForms10.EDIT.app.0.34f5582_r7_ad1|340,188,1282,270|Hsq-nearzero
328648|WindowsForms10.EDIT.app.0.34f5582_r7_ad1|418,294,1162,376|Motor: I500T-14A  (AT)  Loaded Wt. (lb) 14.5064
132048|WindowsForms10.LISTBOX.app.0.34f5582_r7_ad1|18,188,316,378|
197574|WindowsForms10.Window.8.app.0.34f5582_r7_ad1|0,446,3600,1978|
197562|WindowsForms10.Window.8.app.0.34f5582_r7_ad1|1780,1902,1906,1942|
263104|WindowsForms10.EDIT.app.0.34f5582_r7_ad1|1784,1906,1902,1938|0.00
197578|WindowsForms10.STATIC.app.0.34f5582_r7_ad1|642,1906,2794,1934|Mach
131936|WindowsForms10.Window.8.app.0.34f5582_r7_ad1|18,454,3592,1834|
132056|WindowsForms10.Window.8.app.0.34f5582_r7_ad1|4,1846,3600,1932|
197438|WindowsForms10.Window.8.app.0.34f5582_r7_ad1|0,94,3600,162|ToolStrip1
197598|WindowsForms10.Window.8.app.0.34f5582_r7_ad1|0,46,3600,94|MenuStrip1
EXPORTED Hsq-nearzero
132054|WindowsForms10.Window.8.app.0.34f5582_r7_ad1|-16,-16,3616,1992|RASAero II 
132052|WindowsForms10.Window.8.app.0.34f5582_r7_ad1|0,168,3600,1978|
131938|WindowsForms10.Window.8.app.0.34f5582_r7_ad1|0,168,3600,438|
263020|WindowsForms10.EDIT.app.0.34f5582_r7_ad1|340,188,1282,270|Hsq-nearzero
328648|WindowsForms10.EDIT.app.0.34f5582_r7_ad1|418,294,1162,376|Motor: I500T-14A  (AT)  Loaded Wt. (lb) 14.5064
132048|WindowsForms10.LISTBOX.app.0.34f5582_r7_ad1|18,188,316,378|
197574|WindowsForms10.Window.8.app.0.34f5582_r7_ad1|0,446,3600,1978|
197562|WindowsForms10.Window.8.app.0.34f5582_r7_ad1|1780,1902,1906,1942|
263104|WindowsForms10.EDIT.app.0.34f5582_r7_ad1|1784,1906,1902,1938|0.00
197578|WindowsForms10.STATIC.app.0.34f5582_r7_ad1|642,1906,2794,1934|Mach
131936|WindowsForms10.Window.8.app.0.34f5582_r7_ad1|18,454,3592,1834|
132056|WindowsForms10.Window.8.app.0.34f5582_r7_ad1|4,1846,3600,1932|
197438|WindowsForms10.Window.8.app.0.34f5582_r7_ad1|0,94,3600,162|ToolStrip1
197598|WindowsForms10.Window.8.app.0.34f5582_r7_ad1|0,46,3600,94|MenuStrip1
132054|WindowsForms10.Window.8.app.0.34f5582_r7_ad1|-16,-16,3616,1992|RASAero II 
132052|WindowsForms10.Window.8.app.0.34f5582_r7_ad1|0,168,3600,1978|
131938|WindowsForms10.Window.8.app.0.34f5582_r7_ad1|0,168,3600,438|
263020|WindowsForms10.EDIT.app.0.34f5582_r7_ad1|340,188,1282,270|Hbev-nearzero
328648|WindowsForms10.EDIT.app.0.34f5582_r7_ad1|418,294,1162,376|Motor: I500T-14A  (AT)  Loaded Wt. (lb) 14.5064
132048|WindowsForms10.LISTBOX.app.0.34f5582_r7_ad1|18,188,316,378|
197574|WindowsForms10.Window.8.app.0.34f5582_r7_ad1|0,446,3600,1978|
197562|WindowsForms10.Window.8.app.0.34f5582_r7_ad1|1780,1902,1906,1942|
263104|WindowsForms10.EDIT.app.0.34f5582_r7_ad1|1784,1906,1902,1938|0.00
197578|WindowsForms10.STATIC.app.0.34f5582_r7_ad1|642,1906,2794,1934|Mach
131936|WindowsForms10.Window.8.app.0.34f5582_r7_ad1|18,454,3592,1834|
132056|WindowsForms10.Window.8.app.0.34f5582_r7_ad1|4,1846,3600,1932|
197438|WindowsForms10.Window.8.app.0.34f5582_r7_ad1|0,94,3600,162|ToolStrip1
197598|WindowsForms10.Window.8.app.0.34f5582_r7_ad1|0,46,3600,94|MenuStrip1
132054|WindowsForms10.Window.8.app.0.34f5582_r7_ad1|-16,-16,3616,1992|RASAero II 
132052|WindowsForms10.Window.8.app.0.34f5582_r7_ad1|0,168,3600,1978|
131938|WindowsForms10.Window.8.app.0.34f5582_r7_ad1|0,168,3600,438|
263020|WindowsForms10.EDIT.app.0.34f5582_r7_ad1|340,188,1282,270|Hbev-nearzero
328648|WindowsForms10.EDIT.app.0.34f5582_r7_ad1|418,294,1162,376|Motor: I500T-14A  (AT)  Loaded Wt. (lb) 14.5064
132048|WindowsForms10.LISTBOX.app.0.34f5582_r7_ad1|18,188,316,378|
197574|WindowsForms10.Window.8.app.0.34f5582_r7_ad1|0,446,3600,1978|
197562|WindowsForms10.Window.8.app.0.34f5582_r7_ad1|1780,1902,1906,1942|
263104|WindowsForms10.EDIT.app.0.34f5582_r7_ad1|1784,1906,1902,1938|0.00
197578|WindowsForms10.STATIC.app.0.34f5582_r7_ad1|642,1906,2794,1934|Mach
131936|WindowsForms10.Window.8.app.0.34f5582_r7_ad1|18,454,3592,1834|
132056|WindowsForms10.Window.8.app.0.34f5582_r7_ad1|4,1846,3600,1932|
197438|WindowsForms10.Window.8.app.0.34f5582_r7_ad1|0,94,3600,162|ToolStrip1
197598|WindowsForms10.Window.8.app.0.34f5582_r7_ad1|0,46,3600,94|MenuStrip1
7799802|WindowsForms10.Window.8.app.0.34f5582_r7_ad1|416,416,1990,1570|Aero Plots
8978918|WindowsForms10.STATIC.app.0.34f5582_r7_ad1|982,536,1154,570|Plot Data to:
9175260|WindowsForms10.COMBOBOX.app.0.34f5582_r7_ad1|1164,532,1336,574|Mach 25
6292842|WindowsForms10.Window.8.app.0.34f5582_r7_ad1|456,598,2006,1544|
7405704|WindowsForms10.Window.8.app.0.34f5582_r7_ad1|456,598,2006,1342|
8127844|WindowsForms10.Window.8.app.0.34f5582_r7_ad1|464,628,1974,1334|
4064154|WindowsForms10.Window.8.app.0.34f5582_r7_ad1|456,1350,2006,1544|
7537580|WindowsForms10.Window.8.app.0.34f5582_r7_ad1|468,1354,1952,1532|
9307120|WindowsForms10.SCROLLBAR.app.0.34f5582_r7_ad1|470,1496,1916,1530|
8324000|WindowsForms10.SCROLLBAR.app.0.34f5582_r7_ad1|1916,1356,1950,1496|
7471658|WindowsForms10.COMBOBOX.app.0.34f5582_r7_ad1|702,528,954,570|Mach Number
8650932|WindowsForms10.COMBOBOX.app.0.34f5582_r7_ad1|464,530,690,572|CD
8847578|WindowsForms10.Window.8.app.0.34f5582_r7_ad1|432,478,1974,526|MenuStrip1
132054|WindowsForms10.Window.8.app.0.34f5582_r7_ad1|-16,-16,3616,1992|RASAero II 
132052|WindowsForms10.Window.8.app.0.34f5582_r7_ad1|0,168,3600,1978|
131938|WindowsForms10.Window.8.app.0.34f5582_r7_ad1|0,168,3600,438|
263020|WindowsForms10.EDIT.app.0.34f5582_r7_ad1|340,188,1282,270|Hbev-nearzero
328648|WindowsForms10.EDIT.app.0.34f5582_r7_ad1|418,294,1162,376|Motor: I500T-14A  (AT)  Loaded Wt. (lb) 14.5064
132048|WindowsForms10.LISTBOX.app.0.34f5582_r7_ad1|18,188,316,378|
197574|WindowsForms10.Window.8.app.0.34f5582_r7_ad1|0,446,3600,1978|
197562|WindowsForms10.Window.8.app.0.34f5582_r7_ad1|1780,1902,1906,1942|
263104|WindowsForms10.EDIT.app.0.34f5582_r7_ad1|1784,1906,1902,1938|0.00
197578|WindowsForms10.STATIC.app.0.34f5582_r7_ad1|642,1906,2794,1934|Mach
131936|WindowsForms10.Window.8.app.0.34f5582_r7_ad1|18,454,3592,1834|
132056|WindowsForms10.Window.8.app.0.34f5582_r7_ad1|4,1846,3600,1932|
197438|WindowsForms10.Window.8.app.0.34f5582_r7_ad1|0,94,3600,162|ToolStrip1
197598|WindowsForms10.Window.8.app.0.34f5582_r7_ad1|0,46,3600,94|MenuStrip1
7799802|WindowsForms10.Window.8.app.0.34f5582_r7_ad1|416,416,1990,1570|Aero Plots
8978918|WindowsForms10.STATIC.app.0.34f5582_r7_ad1|982,536,1154,570|Plot Data to:
9175260|WindowsForms10.COMBOBOX.app.0.34f5582_r7_ad1|1164,532,1336,574|Mach 25
6292842|WindowsForms10.Window.8.app.0.34f5582_r7_ad1|456,598,2006,1544|
7405704|WindowsForms10.Window.8.app.0.34f5582_r7_ad1|456,598,2006,1342|
8127844|WindowsForms10.Window.8.app.0.34f5582_r7_ad1|464,628,1974,1334|
4064154|WindowsForms10.Window.8.app.0.34f5582_r7_ad1|456,1350,2006,1544|
7537580|WindowsForms10.Window.8.app.0.34f5582_r7_ad1|468,1354,1952,1532|
9307120|WindowsForms10.SCROLLBAR.app.0.34f5582_r7_ad1|470,1496,1916,1530|
8324000|WindowsForms10.SCROLLBAR.app.0.34f5582_r7_ad1|1916,1356,1950,1496|
7471658|WindowsForms10.COMBOBOX.app.0.34f5582_r7_ad1|702,528,954,570|Mach Number
8650932|WindowsForms10.COMBOBOX.app.0.34f5582_r7_ad1|464,530,690,572|CD
8847578|WindowsForms10.Window.8.app.0.34f5582_r7_ad1|432,478,1974,526|MenuStrip1
132054|WindowsForms10.Window.8.app.0.34f5582_r7_ad1|-16,-16,3616,1992|RASAero II 
132052|WindowsForms10.Window.8.app.0.34f5582_r7_ad1|0,168,3600,1978|
131938|WindowsForms10.Window.8.app.0.34f5582_r7_ad1|0,168,3600,438|
263020|WindowsForms10.EDIT.app.0.34f5582_r7_ad1|340,188,1282,270|Hbev-nearzero
328648|WindowsForms10.EDIT.app.0.34f5582_r7_ad1|418,294,1162,376|Motor: I500T-14A  (AT)  Loaded Wt. (lb) 14.5064
132048|WindowsForms10.LISTBOX.app.0.34f5582_r7_ad1|18,188,316,378|
197574|WindowsForms10.Window.8.app.0.34f5582_r7_ad1|0,446,3600,1978|
197562|WindowsForms10.Window.8.app.0.34f5582_r7_ad1|1780,1902,1906,1942|
263104|WindowsForms10.EDIT.app.0.34f5582_r7_ad1|1784,1906,1902,1938|0.00
197578|WindowsForms10.STATIC.app.0.34f5582_r7_ad1|642,1906,2794,1934|Mach
131936|WindowsForms10.Window.8.app.0.34f5582_r7_ad1|18,454,3592,1834|
132056|WindowsForms10.Window.8.app.0.34f5582_r7_ad1|4,1846,3600,1932|
197438|WindowsForms10.Window.8.app.0.34f5582_r7_ad1|0,94,3600,162|ToolStrip1
197598|WindowsForms10.Window.8.app.0.34f5582_r7_ad1|0,46,3600,94|MenuStrip1
7799802|WindowsForms10.Window.8.app.0.34f5582_r7_ad1|416,416,1990,1570|Aero Plots
8978918|WindowsForms10.STATIC.app.0.34f5582_r7_ad1|982,536,1154,570|Plot Data to:
9175260|WindowsForms10.COMBOBOX.app.0.34f5582_r7_ad1|1164,532,1336,574|Mach 25
6292842|WindowsForms10.Window.8.app.0.34f5582_r7_ad1|456,598,2006,1544|
7405704|WindowsForms10.Window.8.app.0.34f5582_r7_ad1|456,598,2006,1342|
8127844|WindowsForms10.Window.8.app.0.34f5582_r7_ad1|464,628,1974,1334|
4064154|WindowsForms10.Window.8.app.0.34f5582_r7_ad1|456,1350,2006,1544|
7537580|WindowsForms10.Window.8.app.0.34f5582_r7_ad1|468,1354,1952,1532|
9307120|WindowsForms10.SCROLLBAR.app.0.34f5582_r7_ad1|470,1496,1916,1530|
8324000|WindowsForms10.SCROLLBAR.app.0.34f5582_r7_ad1|1916,1356,1950,1496|
7471658|WindowsForms10.COMBOBOX.app.0.34f5582_r7_ad1|702,528,954,570|Mach Number
8650932|WindowsForms10.COMBOBOX.app.0.34f5582_r7_ad1|464,530,690,572|CD
8847578|WindowsForms10.Window.8.app.0.34f5582_r7_ad1|432,478,1974,526|MenuStrip1
132054|WindowsForms10.Window.8.app.0.34f5582_r7_ad1|-16,-16,3616,1992|RASAero II 
132052|WindowsForms10.Window.8.app.0.34f5582_r7_ad1|0,168,3600,1978|
131938|WindowsForms10.Window.8.app.0.34f5582_r7_ad1|0,168,3600,438|
263020|WindowsForms10.EDIT.app.0.34f5582_r7_ad1|340,188,1282,270|Hbev-nearzero
328648|WindowsForms10.EDIT.app.0.34f5582_r7_ad1|418,294,1162,376|Motor: I500T-14A  (AT)  Loaded Wt. (lb) 14.5064
132048|WindowsForms10.LISTBOX.app.0.34f5582_r7_ad1|18,188,316,378|
197574|WindowsForms10.Window.8.app.0.34f5582_r7_ad1|0,446,3600,1978|
197562|WindowsForms10.Window.8.app.0.34f5582_r7_ad1|1780,1902,1906,1942|
263104|WindowsForms10.EDIT.app.0.34f5582_r7_ad1|1784,1906,1902,1938|0.00
197578|WindowsForms10.STATIC.app.0.34f5582_r7_ad1|642,1906,2794,1934|Mach
131936|WindowsForms10.Window.8.app.0.34f5582_r7_ad1|18,454,3592,1834|
132056|WindowsForms10.Window.8.app.0.34f5582_r7_ad1|4,1846,3600,1932|
197438|WindowsForms10.Window.8.app.0.34f5582_r7_ad1|0,94,3600,162|ToolStrip1
197598|WindowsForms10.Window.8.app.0.34f5582_r7_ad1|0,46,3600,94|MenuStrip1
EXPORTED Hbev-nearzero
132054|WindowsForms10.Window.8.app.0.34f5582_r7_ad1|-16,-16,3616,1992|RASAero II 
132052|WindowsForms10.Window.8.app.0.34f5582_r7_ad1|0,168,3600,1978|
131938|WindowsForms10.Window.8.app.0.34f5582_r7_ad1|0,168,3600,438|
263020|WindowsForms10.EDIT.app.0.34f5582_r7_ad1|340,188,1282,270|Hbev-nearzero
328648|WindowsForms10.EDIT.app.0.34f5582_r7_ad1|418,294,1162,376|Motor: I500T-14A  (AT)  Loaded Wt. (lb) 14.5064
132048|WindowsForms10.LISTBOX.app.0.34f5582_r7_ad1|18,188,316,378|
197574|WindowsForms10.Window.8.app.0.34f5582_r7_ad1|0,446,3600,1978|
197562|WindowsForms10.Window.8.app.0.34f5582_r7_ad1|1780,1902,1906,1942|
263104|WindowsForms10.EDIT.app.0.34f5582_r7_ad1|1784,1906,1902,1938|0.00
197578|WindowsForms10.STATIC.app.0.34f5582_r7_ad1|642,1906,2794,1934|Mach
131936|WindowsForms10.Window.8.app.0.34f5582_r7_ad1|18,454,3592,1834|
132056|WindowsForms10.Window.8.app.0.34f5582_r7_ad1|4,1846,3600,1932|
197438|WindowsForms10.Window.8.app.0.34f5582_r7_ad1|0,94,3600,162|ToolStrip1
197598|WindowsForms10.Window.8.app.0.34f5582_r7_ad1|0,46,3600,94|MenuStrip1
132054|WindowsForms10.Window.8.app.0.34f5582_r7_ad1|-16,-16,3616,1992|RASAero II 
132052|WindowsForms10.Window.8.app.0.34f5582_r7_ad1|0,168,3600,1978|
131938|WindowsForms10.Window.8.app.0.34f5582_r7_ad1|0,168,3600,438|
263020|WindowsForms10.EDIT.app.0.34f5582_r7_ad1|340,188,1282,270|Ssq-thin
328648|WindowsForms10.EDIT.app.0.34f5582_r7_ad1|418,294,1162,376|Motor: I500T-14A  (AT)  Loaded Wt. (lb) 3.4833
132048|WindowsForms10.LISTBOX.app.0.34f5582_r7_ad1|18,188,316,378|
197574|WindowsForms10.Window.8.app.0.34f5582_r7_ad1|0,446,3600,1978|
197562|WindowsForms10.Window.8.app.0.34f5582_r7_ad1|1780,1902,1906,1942|
263104|WindowsForms10.EDIT.app.0.34f5582_r7_ad1|1784,1906,1902,1938|0.00
197578|WindowsForms10.STATIC.app.0.34f5582_r7_ad1|642,1906,2794,1934|Mach
131936|WindowsForms10.Window.8.app.0.34f5582_r7_ad1|18,454,3592,1834|
132056|WindowsForms10.Window.8.app.0.34f5582_r7_ad1|4,1846,3600,1932|
197438|WindowsForms10.Window.8.app.0.34f5582_r7_ad1|0,94,3600,162|ToolStrip1
197598|WindowsForms10.Window.8.app.0.34f5582_r7_ad1|0,46,3600,94|MenuStrip1
132054|WindowsForms10.Window.8.app.0.34f5582_r7_ad1|-16,-16,3616,1992|RASAero II 
132052|WindowsForms10.Window.8.app.0.34f5582_r7_ad1|0,168,3600,1978|
131938|WindowsForms10.Window.8.app.0.34f5582_r7_ad1|0,168,3600,438|
263020|WindowsForms10.EDIT.app.0.34f5582_r7_ad1|340,188,1282,270|Ssq-thin
328648|WindowsForms10.EDIT.app.0.34f5582_r7_ad1|418,294,1162,376|Motor: I500T-14A  (AT)  Loaded Wt. (lb) 3.4833
132048|WindowsForms10.LISTBOX.app.0.34f5582_r7_ad1|18,188,316,378|
197574|WindowsForms10.Window.8.app.0.34f5582_r7_ad1|0,446,3600,1978|
197562|WindowsForms10.Window.8.app.0.34f5582_r7_ad1|1780,1902,1906,1942|
263104|WindowsForms10.EDIT.app.0.34f5582_r7_ad1|1784,1906,1902,1938|0.00
197578|WindowsForms10.STATIC.app.0.34f5582_r7_ad1|642,1906,2794,1934|Mach
131936|WindowsForms10.Window.8.app.0.34f5582_r7_ad1|18,454,3592,1834|
132056|WindowsForms10.Window.8.app.0.34f5582_r7_ad1|4,1846,3600,1932|
197438|WindowsForms10.Window.8.app.0.34f5582_r7_ad1|0,94,3600,162|ToolStrip1
197598|WindowsForms10.Window.8.app.0.34f5582_r7_ad1|0,46,3600,94|MenuStrip1
8061172|WindowsForms10.Window.8.app.0.34f5582_r7_ad1|468,468,2042,1622|Aero Plots
8782004|WindowsForms10.STATIC.app.0.34f5582_r7_ad1|1034,588,1206,622|Plot Data to:
7929998|WindowsForms10.COMBOBOX.app.0.34f5582_r7_ad1|1216,584,1388,626|Mach 25
7078890|WindowsForms10.Window.8.app.0.34f5582_r7_ad1|508,650,2058,1596|
9306332|WindowsForms10.Window.8.app.0.34f5582_r7_ad1|508,650,2058,1394|
9371670|WindowsForms10.Window.8.app.0.34f5582_r7_ad1|516,680,2026,1386|
8388822|WindowsForms10.Window.8.app.0.34f5582_r7_ad1|508,1402,2058,1596|
7078782|WindowsForms10.Window.8.app.0.34f5582_r7_ad1|520,1406,2004,1584|
7995474|WindowsForms10.SCROLLBAR.app.0.34f5582_r7_ad1|522,1548,1968,1582|
7799646|WindowsForms10.SCROLLBAR.app.0.34f5582_r7_ad1|1968,1408,2002,1548|
8258916|WindowsForms10.COMBOBOX.app.0.34f5582_r7_ad1|754,580,1006,622|Mach Number
7668652|WindowsForms10.COMBOBOX.app.0.34f5582_r7_ad1|516,582,742,624|CD
9438192|WindowsForms10.Window.8.app.0.34f5582_r7_ad1|484,530,2026,578|MenuStrip1
132054|WindowsForms10.Window.8.app.0.34f5582_r7_ad1|-16,-16,3616,1992|RASAero II 
132052|WindowsForms10.Window.8.app.0.34f5582_r7_ad1|0,168,3600,1978|
131938|WindowsForms10.Window.8.app.0.34f5582_r7_ad1|0,168,3600,438|
263020|WindowsForms10.EDIT.app.0.34f5582_r7_ad1|340,188,1282,270|Ssq-thin
328648|WindowsForms10.EDIT.app.0.34f5582_r7_ad1|418,294,1162,376|Motor: I500T-14A  (AT)  Loaded Wt. (lb) 3.4833
132048|WindowsForms10.LISTBOX.app.0.34f5582_r7_ad1|18,188,316,378|
197574|WindowsForms10.Window.8.app.0.34f5582_r7_ad1|0,446,3600,1978|
197562|WindowsForms10.Window.8.app.0.34f5582_r7_ad1|1780,1902,1906,1942|
263104|WindowsForms10.EDIT.app.0.34f5582_r7_ad1|1784,1906,1902,1938|0.00
197578|WindowsForms10.STATIC.app.0.34f5582_r7_ad1|642,1906,2794,1934|Mach
131936|WindowsForms10.Window.8.app.0.34f5582_r7_ad1|18,454,3592,1834|
132056|WindowsForms10.Window.8.app.0.34f5582_r7_ad1|4,1846,3600,1932|
197438|WindowsForms10.Window.8.app.0.34f5582_r7_ad1|0,94,3600,162|ToolStrip1
197598|WindowsForms10.Window.8.app.0.34f5582_r7_ad1|0,46,3600,94|MenuStrip1
8061172|WindowsForms10.Window.8.app.0.34f5582_r7_ad1|468,468,2042,1622|Aero Plots
8782004|WindowsForms10.STATIC.app.0.34f5582_r7_ad1|1034,588,1206,622|Plot Data to:
7929998|WindowsForms10.COMBOBOX.app.0.34f5582_r7_ad1|1216,584,1388,626|Mach 25
7078890|WindowsForms10.Window.8.app.0.34f5582_r7_ad1|508,650,2058,1596|
9306332|WindowsForms10.Window.8.app.0.34f5582_r7_ad1|508,650,2058,1394|
9371670|WindowsForms10.Window.8.app.0.34f5582_r7_ad1|516,680,2026,1386|
8388822|WindowsForms10.Window.8.app.0.34f5582_r7_ad1|508,1402,2058,1596|
7078782|WindowsForms10.Window.8.app.0.34f5582_r7_ad1|520,1406,2004,1584|
7995474|WindowsForms10.SCROLLBAR.app.0.34f5582_r7_ad1|522,1548,1968,1582|
7799646|WindowsForms10.SCROLLBAR.app.0.34f5582_r7_ad1|1968,1408,2002,1548|
8258916|WindowsForms10.COMBOBOX.app.0.34f5582_r7_ad1|754,580,1006,622|Mach Number
7668652|WindowsForms10.COMBOBOX.app.0.34f5582_r7_ad1|516,582,742,624|CD
9438192|WindowsForms10.Window.8.app.0.34f5582_r7_ad1|484,530,2026,578|MenuStrip1
132054|WindowsForms10.Window.8.app.0.34f5582_r7_ad1|-16,-16,3616,1992|RASAero II 
132052|WindowsForms10.Window.8.app.0.34f5582_r7_ad1|0,168,3600,1978|
131938|WindowsForms10.Window.8.app.0.34f5582_r7_ad1|0,168,3600,438|
263020|WindowsForms10.EDIT.app.0.34f5582_r7_ad1|340,188,1282,270|Ssq-thin
328648|WindowsForms10.EDIT.app.0.34f5582_r7_ad1|418,294,1162,376|Motor: I500T-14A  (AT)  Loaded Wt. (lb) 3.4833
132048|WindowsForms10.LISTBOX.app.0.34f5582_r7_ad1|18,188,316,378|
197574|WindowsForms10.Window.8.app.0.34f5582_r7_ad1|0,446,3600,1978|
197562|WindowsForms10.Window.8.app.0.34f5582_r7_ad1|1780,1902,1906,1942|
263104|WindowsForms10.EDIT.app.0.34f5582_r7_ad1|1784,1906,1902,1938|0.00
197578|WindowsForms10.STATIC.app.0.34f5582_r7_ad1|642,1906,2794,1934|Mach
131936|WindowsForms10.Window.8.app.0.34f5582_r7_ad1|18,454,3592,1834|
132056|WindowsForms10.Window.8.app.0.34f5582_r7_ad1|4,1846,3600,1932|
197438|WindowsForms10.Window.8.app.0.34f5582_r7_ad1|0,94,3600,162|ToolStrip1
197598|WindowsForms10.Window.8.app.0.34f5582_r7_ad1|0,46,3600,94|MenuStrip1
8061172|WindowsForms10.Window.8.app.0.34f5582_r7_ad1|468,468,2042,1622|Aero Plots
8782004|WindowsForms10.STATIC.app.0.34f5582_r7_ad1|1034,588,1206,622|Plot Data to:
7929998|WindowsForms10.COMBOBOX.app.0.34f5582_r7_ad1|1216,584,1388,626|Mach 25
7078890|WindowsForms10.Window.8.app.0.34f5582_r7_ad1|508,650,2058,1596|
9306332|WindowsForms10.Window.8.app.0.34f5582_r7_ad1|508,650,2058,1394|
9371670|WindowsForms10.Window.8.app.0.34f5582_r7_ad1|516,680,2026,1386|
8388822|WindowsForms10.Window.8.app.0.34f5582_r7_ad1|508,1402,2058,1596|
7078782|WindowsForms10.Window.8.app.0.34f5582_r7_ad1|520,1406,2004,1584|
7995474|WindowsForms10.SCROLLBAR.app.0.34f5582_r7_ad1|522,1548,1968,1582|
7799646|WindowsForms10.SCROLLBAR.app.0.34f5582_r7_ad1|1968,1408,2002,1548|
8258916|WindowsForms10.COMBOBOX.app.0.34f5582_r7_ad1|754,580,1006,622|Mach Number
7668652|WindowsForms10.COMBOBOX.app.0.34f5582_r7_ad1|516,582,742,624|CD
9438192|WindowsForms10.Window.8.app.0.34f5582_r7_ad1|484,530,2026,578|MenuStrip1
132054|WindowsForms10.Window.8.app.0.34f5582_r7_ad1|-16,-16,3616,1992|RASAero II 
132052|WindowsForms10.Window.8.app.0.34f5582_r7_ad1|0,168,3600,1978|
131938|WindowsForms10.Window.8.app.0.34f5582_r7_ad1|0,168,3600,438|
263020|WindowsForms10.EDIT.app.0.34f5582_r7_ad1|340,188,1282,270|Ssq-thin
328648|WindowsForms10.EDIT.app.0.34f5582_r7_ad1|418,294,1162,376|Motor: I500T-14A  (AT)  Loaded Wt. (lb) 3.4833
132048|WindowsForms10.LISTBOX.app.0.34f5582_r7_ad1|18,188,316,378|
197574|WindowsForms10.Window.8.app.0.34f5582_r7_ad1|0,446,3600,1978|
197562|WindowsForms10.Window.8.app.0.34f5582_r7_ad1|1780,1902,1906,1942|
263104|WindowsForms10.EDIT.app.0.34f5582_r7_ad1|1784,1906,1902,1938|0.00
197578|WindowsForms10.STATIC.app.0.34f5582_r7_ad1|642,1906,2794,1934|Mach
131936|WindowsForms10.Window.8.app.0.34f5582_r7_ad1|18,454,3592,1834|
132056|WindowsForms10.Window.8.app.0.34f5582_r7_ad1|4,1846,3600,1932|
197438|WindowsForms10.Window.8.app.0.34f5582_r7_ad1|0,94,3600,162|ToolStrip1
197598|WindowsForms10.Window.8.app.0.34f5582_r7_ad1|0,46,3600,94|MenuStrip1
EXPORTED Ssq-thin
132054|WindowsForms10.Window.8.app.0.34f5582_r7_ad1|-16,-16,3616,1992|RASAero II 
132052|WindowsForms10.Window.8.app.0.34f5582_r7_ad1|0,168,3600,1978|
131938|WindowsForms10.Window.8.app.0.34f5582_r7_ad1|0,168,3600,438|
263020|WindowsForms10.EDIT.app.0.34f5582_r7_ad1|340,188,1282,270|Ssq-thin
328648|WindowsForms10.EDIT.app.0.34f5582_r7_ad1|418,294,1162,376|Motor: I500T-14A  (AT)  Loaded Wt. (lb) 3.4833
132048|WindowsForms10.LISTBOX.app.0.34f5582_r7_ad1|18,188,316,378|
197574|WindowsForms10.Window.8.app.0.34f5582_r7_ad1|0,446,3600,1978|
197562|WindowsForms10.Window.8.app.0.34f5582_r7_ad1|1780,1902,1906,1942|
263104|WindowsForms10.EDIT.app.0.34f5582_r7_ad1|1784,1906,1902,1938|0.00
197578|WindowsForms10.STATIC.app.0.34f5582_r7_ad1|642,1906,2794,1934|Mach
131936|WindowsForms10.Window.8.app.0.34f5582_r7_ad1|18,454,3592,1834|
132056|WindowsForms10.Window.8.app.0.34f5582_r7_ad1|4,1846,3600,1932|
197438|WindowsForms10.Window.8.app.0.34f5582_r7_ad1|0,94,3600,162|ToolStrip1
197598|WindowsForms10.Window.8.app.0.34f5582_r7_ad1|0,46,3600,94|MenuStrip1
132054|WindowsForms10.Window.8.app.0.34f5582_r7_ad1|-16,-16,3616,1992|RASAero II 
132052|WindowsForms10.Window.8.app.0.34f5582_r7_ad1|0,168,3600,1978|
131938|WindowsForms10.Window.8.app.0.34f5582_r7_ad1|0,168,3600,438|
263020|WindowsForms10.EDIT.app.0.34f5582_r7_ad1|340,188,1282,270|Ssq-thick
328648|WindowsForms10.EDIT.app.0.34f5582_r7_ad1|418,294,1162,376|Motor: I500T-14A  (AT)  Loaded Wt. (lb) 3.4833
132048|WindowsForms10.LISTBOX.app.0.34f5582_r7_ad1|18,188,316,378|
197574|WindowsForms10.Window.8.app.0.34f5582_r7_ad1|0,446,3600,1978|
197562|WindowsForms10.Window.8.app.0.34f5582_r7_ad1|1780,1902,1906,1942|
263104|WindowsForms10.EDIT.app.0.34f5582_r7_ad1|1784,1906,1902,1938|0.00
197578|WindowsForms10.STATIC.app.0.34f5582_r7_ad1|642,1906,2794,1934|Mach
131936|WindowsForms10.Window.8.app.0.34f5582_r7_ad1|18,454,3592,1834|
132056|WindowsForms10.Window.8.app.0.34f5582_r7_ad1|4,1846,3600,1932|
197438|WindowsForms10.Window.8.app.0.34f5582_r7_ad1|0,94,3600,162|ToolStrip1
197598|WindowsForms10.Window.8.app.0.34f5582_r7_ad1|0,46,3600,94|MenuStrip1
132054|WindowsForms10.Window.8.app.0.34f5582_r7_ad1|-16,-16,3616,1992|RASAero II 
132052|WindowsForms10.Window.8.app.0.34f5582_r7_ad1|0,168,3600,1978|
131938|WindowsForms10.Window.8.app.0.34f5582_r7_ad1|0,168,3600,438|
263020|WindowsForms10.EDIT.app.0.34f5582_r7_ad1|340,188,1282,270|Ssq-thick
328648|WindowsForms10.EDIT.app.0.34f5582_r7_ad1|418,294,1162,376|Motor: I500T-14A  (AT)  Loaded Wt. (lb) 3.4833
132048|WindowsForms10.LISTBOX.app.0.34f5582_r7_ad1|18,188,316,378|
197574|WindowsForms10.Window.8.app.0.34f5582_r7_ad1|0,446,3600,1978|
197562|WindowsForms10.Window.8.app.0.34f5582_r7_ad1|1780,1902,1906,1942|
263104|WindowsForms10.EDIT.app.0.34f5582_r7_ad1|1784,1906,1902,1938|0.00
197578|WindowsForms10.STATIC.app.0.34f5582_r7_ad1|642,1906,2794,1934|Mach
131936|WindowsForms10.Window.8.app.0.34f5582_r7_ad1|18,454,3592,1834|
132056|WindowsForms10.Window.8.app.0.34f5582_r7_ad1|4,1846,3600,1932|
197438|WindowsForms10.Window.8.app.0.34f5582_r7_ad1|0,94,3600,162|ToolStrip1
197598|WindowsForms10.Window.8.app.0.34f5582_r7_ad1|0,46,3600,94|MenuStrip1
8586144|WindowsForms10.Window.8.app.0.34f5582_r7_ad1|52,52,1626,1206|Aero Plots
8913404|WindowsForms10.STATIC.app.0.34f5582_r7_ad1|618,172,790,206|Plot Data to:
9241062|WindowsForms10.COMBOBOX.app.0.34f5582_r7_ad1|800,168,972,210|Mach 25
8061070|WindowsForms10.Window.8.app.0.34f5582_r7_ad1|92,234,1642,1180|
9895996|WindowsForms10.Window.8.app.0.34f5582_r7_ad1|92,234,1642,978|
7602266|WindowsForms10.Window.8.app.0.34f5582_r7_ad1|100,264,1610,970|
9109722|WindowsForms10.Window.8.app.0.34f5582_r7_ad1|92,986,1642,1180|
9502742|WindowsForms10.Window.8.app.0.34f5582_r7_ad1|104,990,1588,1168|
4326298|WindowsForms10.SCROLLBAR.app.0.34f5582_r7_ad1|106,1132,1552,1166|
7209866|WindowsForms10.SCROLLBAR.app.0.34f5582_r7_ad1|1552,992,1586,1132|
8519894|WindowsForms10.COMBOBOX.app.0.34f5582_r7_ad1|338,164,590,206|Mach Number
7930718|WindowsForms10.COMBOBOX.app.0.34f5582_r7_ad1|100,166,326,208|CD
8126546|WindowsForms10.Window.8.app.0.34f5582_r7_ad1|68,114,1610,162|MenuStrip1
132054|WindowsForms10.Window.8.app.0.34f5582_r7_ad1|-16,-16,3616,1992|RASAero II 
132052|WindowsForms10.Window.8.app.0.34f5582_r7_ad1|0,168,3600,1978|
131938|WindowsForms10.Window.8.app.0.34f5582_r7_ad1|0,168,3600,438|
263020|WindowsForms10.EDIT.app.0.34f5582_r7_ad1|340,188,1282,270|Ssq-thick
328648|WindowsForms10.EDIT.app.0.34f5582_r7_ad1|418,294,1162,376|Motor: I500T-14A  (AT)  Loaded Wt. (lb) 3.4833
132048|WindowsForms10.LISTBOX.app.0.34f5582_r7_ad1|18,188,316,378|
197574|WindowsForms10.Window.8.app.0.34f5582_r7_ad1|0,446,3600,1978|
197562|WindowsForms10.Window.8.app.0.34f5582_r7_ad1|1780,1902,1906,1942|
263104|WindowsForms10.EDIT.app.0.34f5582_r7_ad1|1784,1906,1902,1938|0.00
197578|WindowsForms10.STATIC.app.0.34f5582_r7_ad1|642,1906,2794,1934|Mach
131936|WindowsForms10.Window.8.app.0.34f5582_r7_ad1|18,454,3592,1834|
132056|WindowsForms10.Window.8.app.0.34f5582_r7_ad1|4,1846,3600,1932|
197438|WindowsForms10.Window.8.app.0.34f5582_r7_ad1|0,94,3600,162|ToolStrip1
197598|WindowsForms10.Window.8.app.0.34f5582_r7_ad1|0,46,3600,94|MenuStrip1
8586144|WindowsForms10.Window.8.app.0.34f5582_r7_ad1|52,52,1626,1206|Aero Plots
8913404|WindowsForms10.STATIC.app.0.34f5582_r7_ad1|618,172,790,206|Plot Data to:
9241062|WindowsForms10.COMBOBOX.app.0.34f5582_r7_ad1|800,168,972,210|Mach 25
8061070|WindowsForms10.Window.8.app.0.34f5582_r7_ad1|92,234,1642,1180|
9895996|WindowsForms10.Window.8.app.0.34f5582_r7_ad1|92,234,1642,978|
7602266|WindowsForms10.Window.8.app.0.34f5582_r7_ad1|100,264,1610,970|
9109722|WindowsForms10.Window.8.app.0.34f5582_r7_ad1|92,986,1642,1180|
9502742|WindowsForms10.Window.8.app.0.34f5582_r7_ad1|104,990,1588,1168|
4326298|WindowsForms10.SCROLLBAR.app.0.34f5582_r7_ad1|106,1132,1552,1166|
7209866|WindowsForms10.SCROLLBAR.app.0.34f5582_r7_ad1|1552,992,1586,1132|
8519894|WindowsForms10.COMBOBOX.app.0.34f5582_r7_ad1|338,164,590,206|Mach Number
7930718|WindowsForms10.COMBOBOX.app.0.34f5582_r7_ad1|100,166,326,208|CD
8126546|WindowsForms10.Window.8.app.0.34f5582_r7_ad1|68,114,1610,162|MenuStrip1
132054|WindowsForms10.Window.8.app.0.34f5582_r7_ad1|-16,-16,3616,1992|RASAero II 
132052|WindowsForms10.Window.8.app.0.34f5582_r7_ad1|0,168,3600,1978|
131938|WindowsForms10.Window.8.app.0.34f5582_r7_ad1|0,168,3600,438|
263020|WindowsForms10.EDIT.app.0.34f5582_r7_ad1|340,188,1282,270|Ssq-thick
328648|WindowsForms10.EDIT.app.0.34f5582_r7_ad1|418,294,1162,376|Motor: I500T-14A  (AT)  Loaded Wt. (lb) 3.4833
132048|WindowsForms10.LISTBOX.app.0.34f5582_r7_ad1|18,188,316,378|
197574|WindowsForms10.Window.8.app.0.34f5582_r7_ad1|0,446,3600,1978|
197562|WindowsForms10.Window.8.app.0.34f5582_r7_ad1|1780,1902,1906,1942|
263104|WindowsForms10.EDIT.app.0.34f5582_r7_ad1|1784,1906,1902,1938|0.00
197578|WindowsForms10.STATIC.app.0.34f5582_r7_ad1|642,1906,2794,1934|Mach
131936|WindowsForms10.Window.8.app.0.34f5582_r7_ad1|18,454,3592,1834|
132056|WindowsForms10.Window.8.app.0.34f5582_r7_ad1|4,1846,3600,1932|
197438|WindowsForms10.Window.8.app.0.34f5582_r7_ad1|0,94,3600,162|ToolStrip1
197598|WindowsForms10.Window.8.app.0.34f5582_r7_ad1|0,46,3600,94|MenuStrip1
8586144|WindowsForms10.Window.8.app.0.34f5582_r7_ad1|52,52,1626,1206|Aero Plots
8913404|WindowsForms10.STATIC.app.0.34f5582_r7_ad1|618,172,790,206|Plot Data to:
9241062|WindowsForms10.COMBOBOX.app.0.34f5582_r7_ad1|800,168,972,210|Mach 25
8061070|WindowsForms10.Window.8.app.0.34f5582_r7_ad1|92,234,1642,1180|
9895996|WindowsForms10.Window.8.app.0.34f5582_r7_ad1|92,234,1642,978|
7602266|WindowsForms10.Window.8.app.0.34f5582_r7_ad1|100,264,1610,970|
9109722|WindowsForms10.Window.8.app.0.34f5582_r7_ad1|92,986,1642,1180|
9502742|WindowsForms10.Window.8.app.0.34f5582_r7_ad1|104,990,1588,1168|
4326298|WindowsForms10.SCROLLBAR.app.0.34f5582_r7_ad1|106,1132,1552,1166|
7209866|WindowsForms10.SCROLLBAR.app.0.34f5582_r7_ad1|1552,992,1586,1132|
8519894|WindowsForms10.COMBOBOX.app.0.34f5582_r7_ad1|338,164,590,206|Mach Number
7930718|WindowsForms10.COMBOBOX.app.0.34f5582_r7_ad1|100,166,326,208|CD
8126546|WindowsForms10.Window.8.app.0.34f5582_r7_ad1|68,114,1610,162|MenuStrip1
132054|WindowsForms10.Window.8.app.0.34f5582_r7_ad1|-16,-16,3616,1992|RASAero II 
132052|WindowsForms10.Window.8.app.0.34f5582_r7_ad1|0,168,3600,1978|
131938|WindowsForms10.Window.8.app.0.34f5582_r7_ad1|0,168,3600,438|
263020|WindowsForms10.EDIT.app.0.34f5582_r7_ad1|340,188,1282,270|Ssq-thick
328648|WindowsForms10.EDIT.app.0.34f5582_r7_ad1|418,294,1162,376|Motor: I500T-14A  (AT)  Loaded Wt. (lb) 3.4833
132048|WindowsForms10.LISTBOX.app.0.34f5582_r7_ad1|18,188,316,378|
197574|WindowsForms10.Window.8.app.0.34f5582_r7_ad1|0,446,3600,1978|
197562|WindowsForms10.Window.8.app.0.34f5582_r7_ad1|1780,1902,1906,1942|
263104|WindowsForms10.EDIT.app.0.34f5582_r7_ad1|1784,1906,1902,1938|0.00
197578|WindowsForms10.STATIC.app.0.34f5582_r7_ad1|642,1906,2794,1934|Mach
131936|WindowsForms10.Window.8.app.0.34f5582_r7_ad1|18,454,3592,1834|
132056|WindowsForms10.Window.8.app.0.34f5582_r7_ad1|4,1846,3600,1932|
197438|WindowsForms10.Window.8.app.0.34f5582_r7_ad1|0,94,3600,162|ToolStrip1
197598|WindowsForms10.Window.8.app.0.34f5582_r7_ad1|0,46,3600,94|MenuStrip1
EXPORTED Ssq-thick
132054|WindowsForms10.Window.8.app.0.34f5582_r7_ad1|-16,-16,3616,1992|RASAero II 
132052|WindowsForms10.Window.8.app.0.34f5582_r7_ad1|0,168,3600,1978|
131938|WindowsForms10.Window.8.app.0.34f5582_r7_ad1|0,168,3600,438|
263020|WindowsForms10.EDIT.app.0.34f5582_r7_ad1|340,188,1282,270|Ssq-thick
328648|WindowsForms10.EDIT.app.0.34f5582_r7_ad1|418,294,1162,376|Motor: I500T-14A  (AT)  Loaded Wt. (lb) 3.4833
132048|WindowsForms10.LISTBOX.app.0.34f5582_r7_ad1|18,188,316,378|
197574|WindowsForms10.Window.8.app.0.34f5582_r7_ad1|0,446,3600,1978|
197562|WindowsForms10.Window.8.app.0.34f5582_r7_ad1|1780,1902,1906,1942|
263104|WindowsForms10.EDIT.app.0.34f5582_r7_ad1|1784,1906,1902,1938|0.00
197578|WindowsForms10.STATIC.app.0.34f5582_r7_ad1|642,1906,2794,1934|Mach
131936|WindowsForms10.Window.8.app.0.34f5582_r7_ad1|18,454,3592,1834|
132056|WindowsForms10.Window.8.app.0.34f5582_r7_ad1|4,1846,3600,1932|
197438|WindowsForms10.Window.8.app.0.34f5582_r7_ad1|0,94,3600,162|ToolStrip1
197598|WindowsForms10.Window.8.app.0.34f5582_r7_ad1|0,46,3600,94|MenuStrip1
132054|WindowsForms10.Window.8.app.0.34f5582_r7_ad1|-16,-16,3616,1992|RASAero II 
132052|WindowsForms10.Window.8.app.0.34f5582_r7_ad1|0,168,3600,1978|
131938|WindowsForms10.Window.8.app.0.34f5582_r7_ad1|0,168,3600,438|
263020|WindowsForms10.EDIT.app.0.34f5582_r7_ad1|340,188,1282,270|Hbody-nozzle
328648|WindowsForms10.EDIT.app.0.34f5582_r7_ad1|418,294,1162,376|Motor: I500T-14A  (AT)  Loaded Wt. (lb) 14.5064
132048|WindowsForms10.LISTBOX.app.0.34f5582_r7_ad1|18,188,316,378|
197574|WindowsForms10.Window.8.app.0.34f5582_r7_ad1|0,446,3600,1978|
197562|WindowsForms10.Window.8.app.0.34f5582_r7_ad1|1780,1902,1906,1942|
263104|WindowsForms10.EDIT.app.0.34f5582_r7_ad1|1784,1906,1902,1938|0.00
197578|WindowsForms10.STATIC.app.0.34f5582_r7_ad1|642,1906,2794,1934|Mach
131936|WindowsForms10.Window.8.app.0.34f5582_r7_ad1|18,454,3592,1834|
132056|WindowsForms10.Window.8.app.0.34f5582_r7_ad1|4,1846,3600,1932|
197438|WindowsForms10.Window.8.app.0.34f5582_r7_ad1|0,94,3600,162|ToolStrip1
197598|WindowsForms10.Window.8.app.0.34f5582_r7_ad1|0,46,3600,94|MenuStrip1
132054|WindowsForms10.Window.8.app.0.34f5582_r7_ad1|-16,-16,3616,1992|RASAero II 
132052|WindowsForms10.Window.8.app.0.34f5582_r7_ad1|0,168,3600,1978|
131938|WindowsForms10.Window.8.app.0.34f5582_r7_ad1|0,168,3600,438|
263020|WindowsForms10.EDIT.app.0.34f5582_r7_ad1|340,188,1282,270|Hbody-nozzle
328648|WindowsForms10.EDIT.app.0.34f5582_r7_ad1|418,294,1162,376|Motor: I500T-14A  (AT)  Loaded Wt. (lb) 14.5064
132048|WindowsForms10.LISTBOX.app.0.34f5582_r7_ad1|18,188,316,378|
197574|WindowsForms10.Window.8.app.0.34f5582_r7_ad1|0,446,3600,1978|
197562|WindowsForms10.Window.8.app.0.34f5582_r7_ad1|1780,1902,1906,1942|
263104|WindowsForms10.EDIT.app.0.34f5582_r7_ad1|1784,1906,1902,1938|0.00
197578|WindowsForms10.STATIC.app.0.34f5582_r7_ad1|642,1906,2794,1934|Mach
131936|WindowsForms10.Window.8.app.0.34f5582_r7_ad1|18,454,3592,1834|
132056|WindowsForms10.Window.8.app.0.34f5582_r7_ad1|4,1846,3600,1932|
197438|WindowsForms10.Window.8.app.0.34f5582_r7_ad1|0,94,3600,162|ToolStrip1
197598|WindowsForms10.Window.8.app.0.34f5582_r7_ad1|0,46,3600,94|MenuStrip1
8650966|WindowsForms10.Window.8.app.0.34f5582_r7_ad1|104,104,1678,1258|Aero Plots
8061790|WindowsForms10.STATIC.app.0.34f5582_r7_ad1|670,224,842,258|Plot Data to:
8847604|WindowsForms10.COMBOBOX.app.0.34f5582_r7_ad1|852,220,1024,262|Mach 25
8781952|WindowsForms10.Window.8.app.0.34f5582_r7_ad1|144,286,1694,1232|
9372134|WindowsForms10.Window.8.app.0.34f5582_r7_ad1|144,286,1694,1030|
7275230|WindowsForms10.Window.8.app.0.34f5582_r7_ad1|152,316,1662,1022|
7864874|WindowsForms10.Window.8.app.0.34f5582_r7_ad1|144,1038,1694,1232|
9700336|WindowsForms10.Window.8.app.0.34f5582_r7_ad1|156,1042,1640,1220|
7340926|WindowsForms10.SCROLLBAR.app.0.34f5582_r7_ad1|158,1184,1604,1218|
9961734|WindowsForms10.SCROLLBAR.app.0.34f5582_r7_ad1|1604,1044,1638,1184|
7733338|WindowsForms10.COMBOBOX.app.0.34f5582_r7_ad1|390,216,642,258|Mach Number
9633814|WindowsForms10.COMBOBOX.app.0.34f5582_r7_ad1|152,218,378,260|CD
4457370|WindowsForms10.Window.8.app.0.34f5582_r7_ad1|120,166,1662,214|MenuStrip1
132054|WindowsForms10.Window.8.app.0.34f5582_r7_ad1|-16,-16,3616,1992|RASAero II 
132052|WindowsForms10.Window.8.app.0.34f5582_r7_ad1|0,168,3600,1978|
131938|WindowsForms10.Window.8.app.0.34f5582_r7_ad1|0,168,3600,438|
263020|WindowsForms10.EDIT.app.0.34f5582_r7_ad1|340,188,1282,270|Hbody-nozzle
328648|WindowsForms10.EDIT.app.0.34f5582_r7_ad1|418,294,1162,376|Motor: I500T-14A  (AT)  Loaded Wt. (lb) 14.5064
132048|WindowsForms10.LISTBOX.app.0.34f5582_r7_ad1|18,188,316,378|
197574|WindowsForms10.Window.8.app.0.34f5582_r7_ad1|0,446,3600,1978|
197562|WindowsForms10.Window.8.app.0.34f5582_r7_ad1|1780,1902,1906,1942|
263104|WindowsForms10.EDIT.app.0.34f5582_r7_ad1|1784,1906,1902,1938|0.00
197578|WindowsForms10.STATIC.app.0.34f5582_r7_ad1|642,1906,2794,1934|Mach
131936|WindowsForms10.Window.8.app.0.34f5582_r7_ad1|18,454,3592,1834|
132056|WindowsForms10.Window.8.app.0.34f5582_r7_ad1|4,1846,3600,1932|
197438|WindowsForms10.Window.8.app.0.34f5582_r7_ad1|0,94,3600,162|ToolStrip1
197598|WindowsForms10.Window.8.app.0.34f5582_r7_ad1|0,46,3600,94|MenuStrip1
8650966|WindowsForms10.Window.8.app.0.34f5582_r7_ad1|104,104,1678,1258|Aero Plots
8061790|WindowsForms10.STATIC.app.0.34f5582_r7_ad1|670,224,842,258|Plot Data to:
8847604|WindowsForms10.COMBOBOX.app.0.34f5582_r7_ad1|852,220,1024,262|Mach 25
8781952|WindowsForms10.Window.8.app.0.34f5582_r7_ad1|144,286,1694,1232|
9372134|WindowsForms10.Window.8.app.0.34f5582_r7_ad1|144,286,1694,1030|
7275230|WindowsForms10.Window.8.app.0.34f5582_r7_ad1|152,316,1662,1022|
7864874|WindowsForms10.Window.8.app.0.34f5582_r7_ad1|144,1038,1694,1232|
9700336|WindowsForms10.Window.8.app.0.34f5582_r7_ad1|156,1042,1640,1220|
7340926|WindowsForms10.SCROLLBAR.app.0.34f5582_r7_ad1|158,1184,1604,1218|
9961734|WindowsForms10.SCROLLBAR.app.0.34f5582_r7_ad1|1604,1044,1638,1184|
7733338|WindowsForms10.COMBOBOX.app.0.34f5582_r7_ad1|390,216,642,258|Mach Number
9633814|WindowsForms10.COMBOBOX.app.0.34f5582_r7_ad1|152,218,378,260|CD
4457370|WindowsForms10.Window.8.app.0.34f5582_r7_ad1|120,166,1662,214|MenuStrip1
132054|WindowsForms10.Window.8.app.0.34f5582_r7_ad1|-16,-16,3616,1992|RASAero II 
132052|WindowsForms10.Window.8.app.0.34f5582_r7_ad1|0,168,3600,1978|
131938|WindowsForms10.Window.8.app.0.34f5582_r7_ad1|0,168,3600,438|
263020|WindowsForms10.EDIT.app.0.34f5582_r7_ad1|340,188,1282,270|Hbody-nozzle
328648|WindowsForms10.EDIT.app.0.34f5582_r7_ad1|418,294,1162,376|Motor: I500T-14A  (AT)  Loaded Wt. (lb) 14.5064
132048|WindowsForms10.LISTBOX.app.0.34f5582_r7_ad1|18,188,316,378|
197574|WindowsForms10.Window.8.app.0.34f5582_r7_ad1|0,446,3600,1978|
197562|WindowsForms10.Window.8.app.0.34f5582_r7_ad1|1780,1902,1906,1942|
263104|WindowsForms10.EDIT.app.0.34f5582_r7_ad1|1784,1906,1902,1938|0.00
197578|WindowsForms10.STATIC.app.0.34f5582_r7_ad1|642,1906,2794,1934|Mach
131936|WindowsForms10.Window.8.app.0.34f5582_r7_ad1|18,454,3592,1834|
132056|WindowsForms10.Window.8.app.0.34f5582_r7_ad1|4,1846,3600,1932|
197438|WindowsForms10.Window.8.app.0.34f5582_r7_ad1|0,94,3600,162|ToolStrip1
197598|WindowsForms10.Window.8.app.0.34f5582_r7_ad1|0,46,3600,94|MenuStrip1
8650966|WindowsForms10.Window.8.app.0.34f5582_r7_ad1|104,104,1678,1258|Aero Plots
8061790|WindowsForms10.STATIC.app.0.34f5582_r7_ad1|670,224,842,258|Plot Data to:
8847604|WindowsForms10.COMBOBOX.app.0.34f5582_r7_ad1|852,220,1024,262|Mach 25
8781952|WindowsForms10.Window.8.app.0.34f5582_r7_ad1|144,286,1694,1232|
9372134|WindowsForms10.Window.8.app.0.34f5582_r7_ad1|144,286,1694,1030|
7275230|WindowsForms10.Window.8.app.0.34f5582_r7_ad1|152,316,1662,1022|
7864874|WindowsForms10.Window.8.app.0.34f5582_r7_ad1|144,1038,1694,1232|
9700336|WindowsForms10.Window.8.app.0.34f5582_r7_ad1|156,1042,1640,1220|
7340926|WindowsForms10.SCROLLBAR.app.0.34f5582_r7_ad1|158,1184,1604,1218|
9961734|WindowsForms10.SCROLLBAR.app.0.34f5582_r7_ad1|1604,1044,1638,1184|
7733338|WindowsForms10.COMBOBOX.app.0.34f5582_r7_ad1|390,216,642,258|Mach Number
9633814|WindowsForms10.COMBOBOX.app.0.34f5582_r7_ad1|152,218,378,260|CD
4457370|WindowsForms10.Window.8.app.0.34f5582_r7_ad1|120,166,1662,214|MenuStrip1
132054|WindowsForms10.Window.8.app.0.34f5582_r7_ad1|-16,-16,3616,1992|RASAero II 
132052|WindowsForms10.Window.8.app.0.34f5582_r7_ad1|0,168,3600,1978|
131938|WindowsForms10.Window.8.app.0.34f5582_r7_ad1|0,168,3600,438|
263020|WindowsForms10.EDIT.app.0.34f5582_r7_ad1|340,188,1282,270|Hbody-nozzle
328648|WindowsForms10.EDIT.app.0.34f5582_r7_ad1|418,294,1162,376|Motor: I500T-14A  (AT)  Loaded Wt. (lb) 14.5064
132048|WindowsForms10.LISTBOX.app.0.34f5582_r7_ad1|18,188,316,378|
197574|WindowsForms10.Window.8.app.0.34f5582_r7_ad1|0,446,3600,1978|
197562|WindowsForms10.Window.8.app.0.34f5582_r7_ad1|1780,1902,1906,1942|
263104|WindowsForms10.EDIT.app.0.34f5582_r7_ad1|1784,1906,1902,1938|0.00
197578|WindowsForms10.STATIC.app.0.34f5582_r7_ad1|642,1906,2794,1934|Mach
131936|WindowsForms10.Window.8.app.0.34f5582_r7_ad1|18,454,3592,1834|
132056|WindowsForms10.Window.8.app.0.34f5582_r7_ad1|4,1846,3600,1932|
197438|WindowsForms10.Window.8.app.0.34f5582_r7_ad1|0,94,3600,162|ToolStrip1
197598|WindowsForms10.Window.8.app.0.34f5582_r7_ad1|0,46,3600,94|MenuStrip1
EXPORTED Hbody-nozzle
132054|WindowsForms10.Window.8.app.0.34f5582_r7_ad1|-16,-16,3616,1992|RASAero II 
132052|WindowsForms10.Window.8.app.0.34f5582_r7_ad1|0,168,3600,1978|
131938|WindowsForms10.Window.8.app.0.34f5582_r7_ad1|0,168,3600,438|
263020|WindowsForms10.EDIT.app.0.34f5582_r7_ad1|340,188,1282,270|Hbody-nozzle
328648|WindowsForms10.EDIT.app.0.34f5582_r7_ad1|418,294,1162,376|Motor: I500T-14A  (AT)  Loaded Wt. (lb) 14.5064
132048|WindowsForms10.LISTBOX.app.0.34f5582_r7_ad1|18,188,316,378|
197574|WindowsForms10.Window.8.app.0.34f5582_r7_ad1|0,446,3600,1978|
197562|WindowsForms10.Window.8.app.0.34f5582_r7_ad1|1780,1902,1906,1942|
263104|WindowsForms10.EDIT.app.0.34f5582_r7_ad1|1784,1906,1902,1938|0.00
197578|WindowsForms10.STATIC.app.0.34f5582_r7_ad1|642,1906,2794,1934|Mach
131936|WindowsForms10.Window.8.app.0.34f5582_r7_ad1|18,454,3592,1834|
132056|WindowsForms10.Window.8.app.0.34f5582_r7_ad1|4,1846,3600,1932|
197438|WindowsForms10.Window.8.app.0.34f5582_r7_ad1|0,94,3600,162|ToolStrip1
197598|WindowsForms10.Window.8.app.0.34f5582_r7_ad1|0,46,3600,94|MenuStrip1
132054|WindowsForms10.Window.8.app.0.34f5582_r7_ad1|-16,-16,3616,1992|RASAero II 
132052|WindowsForms10.Window.8.app.0.34f5582_r7_ad1|0,168,3600,1978|
131938|WindowsForms10.Window.8.app.0.34f5582_r7_ad1|0,168,3600,438|
263020|WindowsForms10.EDIT.app.0.34f5582_r7_ad1|340,188,1282,270|Sbody-nozzle
328648|WindowsForms10.EDIT.app.0.34f5582_r7_ad1|418,294,1162,376|Motor: I500T-14A  (AT)  Loaded Wt. (lb) 3.4833
132048|WindowsForms10.LISTBOX.app.0.34f5582_r7_ad1|18,188,316,378|
197574|WindowsForms10.Window.8.app.0.34f5582_r7_ad1|0,446,3600,1978|
197562|WindowsForms10.Window.8.app.0.34f5582_r7_ad1|1780,1902,1906,1942|
263104|WindowsForms10.EDIT.app.0.34f5582_r7_ad1|1784,1906,1902,1938|0.00
197578|WindowsForms10.STATIC.app.0.34f5582_r7_ad1|642,1906,2794,1934|Mach
131936|WindowsForms10.Window.8.app.0.34f5582_r7_ad1|18,454,3592,1834|
132056|WindowsForms10.Window.8.app.0.34f5582_r7_ad1|4,1846,3600,1932|
197438|WindowsForms10.Window.8.app.0.34f5582_r7_ad1|0,94,3600,162|ToolStrip1
197598|WindowsForms10.Window.8.app.0.34f5582_r7_ad1|0,46,3600,94|MenuStrip1
132054|WindowsForms10.Window.8.app.0.34f5582_r7_ad1|-16,-16,3616,1992|RASAero II 
132052|WindowsForms10.Window.8.app.0.34f5582_r7_ad1|0,168,3600,1978|
131938|WindowsForms10.Window.8.app.0.34f5582_r7_ad1|0,168,3600,438|
263020|WindowsForms10.EDIT.app.0.34f5582_r7_ad1|340,188,1282,270|Sbody-nozzle
328648|WindowsForms10.EDIT.app.0.34f5582_r7_ad1|418,294,1162,376|Motor: I500T-14A  (AT)  Loaded Wt. (lb) 3.4833
132048|WindowsForms10.LISTBOX.app.0.34f5582_r7_ad1|18,188,316,378|
197574|WindowsForms10.Window.8.app.0.34f5582_r7_ad1|0,446,3600,1978|
197562|WindowsForms10.Window.8.app.0.34f5582_r7_ad1|1780,1902,1906,1942|
263104|WindowsForms10.EDIT.app.0.34f5582_r7_ad1|1784,1906,1902,1938|0.00
197578|WindowsForms10.STATIC.app.0.34f5582_r7_ad1|642,1906,2794,1934|Mach
131936|WindowsForms10.Window.8.app.0.34f5582_r7_ad1|18,454,3592,1834|
132056|WindowsForms10.Window.8.app.0.34f5582_r7_ad1|4,1846,3600,1932|
197438|WindowsForms10.Window.8.app.0.34f5582_r7_ad1|0,94,3600,162|ToolStrip1
197598|WindowsForms10.Window.8.app.0.34f5582_r7_ad1|0,46,3600,94|MenuStrip1
7472010|WindowsForms10.Window.8.app.0.34f5582_r7_ad1|156,156,1730,1310|Aero Plots
8126938|WindowsForms10.STATIC.app.0.34f5582_r7_ad1|722,276,894,310|Plot Data to:
8652132|WindowsForms10.COMBOBOX.app.0.34f5582_r7_ad1|904,272,1076,314|Mach 25
8978676|WindowsForms10.Window.8.app.0.34f5582_r7_ad1|196,338,1746,1284|
8979092|WindowsForms10.Window.8.app.0.34f5582_r7_ad1|196,338,1746,1082|
9110348|WindowsForms10.Window.8.app.0.34f5582_r7_ad1|204,368,1714,1074|
8388690|WindowsForms10.Window.8.app.0.34f5582_r7_ad1|196,1090,1746,1284|
7406302|WindowsForms10.Window.8.app.0.34f5582_r7_ad1|208,1094,1692,1272|
9896502|WindowsForms10.SCROLLBAR.app.0.34f5582_r7_ad1|210,1236,1656,1270|
8127842|WindowsForms10.SCROLLBAR.app.0.34f5582_r7_ad1|1656,1096,1690,1236|
7995946|WindowsForms10.COMBOBOX.app.0.34f5582_r7_ad1|442,268,694,310|Mach Number
10092806|WindowsForms10.COMBOBOX.app.0.34f5582_r7_ad1|204,270,430,312|CD
9371866|WindowsForms10.Window.8.app.0.34f5582_r7_ad1|172,218,1714,266|MenuStrip1
132054|WindowsForms10.Window.8.app.0.34f5582_r7_ad1|-16,-16,3616,1992|RASAero II 
132052|WindowsForms10.Window.8.app.0.34f5582_r7_ad1|0,168,3600,1978|
131938|WindowsForms10.Window.8.app.0.34f5582_r7_ad1|0,168,3600,438|
263020|WindowsForms10.EDIT.app.0.34f5582_r7_ad1|340,188,1282,270|Sbody-nozzle
328648|WindowsForms10.EDIT.app.0.34f5582_r7_ad1|418,294,1162,376|Motor: I500T-14A  (AT)  Loaded Wt. (lb) 3.4833
132048|WindowsForms10.LISTBOX.app.0.34f5582_r7_ad1|18,188,316,378|
197574|WindowsForms10.Window.8.app.0.34f5582_r7_ad1|0,446,3600,1978|
197562|WindowsForms10.Window.8.app.0.34f5582_r7_ad1|1780,1902,1906,1942|
263104|WindowsForms10.EDIT.app.0.34f5582_r7_ad1|1784,1906,1902,1938|0.00
197578|WindowsForms10.STATIC.app.0.34f5582_r7_ad1|642,1906,2794,1934|Mach
131936|WindowsForms10.Window.8.app.0.34f5582_r7_ad1|18,454,3592,1834|
132056|WindowsForms10.Window.8.app.0.34f5582_r7_ad1|4,1846,3600,1932|
197438|WindowsForms10.Window.8.app.0.34f5582_r7_ad1|0,94,3600,162|ToolStrip1
197598|WindowsForms10.Window.8.app.0.34f5582_r7_ad1|0,46,3600,94|MenuStrip1
7472010|WindowsForms10.Window.8.app.0.34f5582_r7_ad1|156,156,1730,1310|Aero Plots
8126938|WindowsForms10.STATIC.app.0.34f5582_r7_ad1|722,276,894,310|Plot Data to:
8652132|WindowsForms10.COMBOBOX.app.0.34f5582_r7_ad1|904,272,1076,314|Mach 25
8978676|WindowsForms10.Window.8.app.0.34f5582_r7_ad1|196,338,1746,1284|
8979092|WindowsForms10.Window.8.app.0.34f5582_r7_ad1|196,338,1746,1082|
9110348|WindowsForms10.Window.8.app.0.34f5582_r7_ad1|204,368,1714,1074|
8388690|WindowsForms10.Window.8.app.0.34f5582_r7_ad1|196,1090,1746,1284|
7406302|WindowsForms10.Window.8.app.0.34f5582_r7_ad1|208,1094,1692,1272|
9896502|WindowsForms10.SCROLLBAR.app.0.34f5582_r7_ad1|210,1236,1656,1270|
8127842|WindowsForms10.SCROLLBAR.app.0.34f5582_r7_ad1|1656,1096,1690,1236|
7995946|WindowsForms10.COMBOBOX.app.0.34f5582_r7_ad1|442,268,694,310|Mach Number
10092806|WindowsForms10.COMBOBOX.app.0.34f5582_r7_ad1|204,270,430,312|CD
9371866|WindowsForms10.Window.8.app.0.34f5582_r7_ad1|172,218,1714,266|MenuStrip1
132054|WindowsForms10.Window.8.app.0.34f5582_r7_ad1|-16,-16,3616,1992|RASAero II 
132052|WindowsForms10.Window.8.app.0.34f5582_r7_ad1|0,168,3600,1978|
131938|WindowsForms10.Window.8.app.0.34f5582_r7_ad1|0,168,3600,438|
263020|WindowsForms10.EDIT.app.0.34f5582_r7_ad1|340,188,1282,270|Sbody-nozzle
328648|WindowsForms10.EDIT.app.0.34f5582_r7_ad1|418,294,1162,376|Motor: I500T-14A  (AT)  Loaded Wt. (lb) 3.4833
132048|WindowsForms10.LISTBOX.app.0.34f5582_r7_ad1|18,188,316,378|
197574|WindowsForms10.Window.8.app.0.34f5582_r7_ad1|0,446,3600,1978|
197562|WindowsForms10.Window.8.app.0.34f5582_r7_ad1|1780,1902,1906,1942|
263104|WindowsForms10.EDIT.app.0.34f5582_r7_ad1|1784,1906,1902,1938|0.00
197578|WindowsForms10.STATIC.app.0.34f5582_r7_ad1|642,1906,2794,1934|Mach
131936|WindowsForms10.Window.8.app.0.34f5582_r7_ad1|18,454,3592,1834|
132056|WindowsForms10.Window.8.app.0.34f5582_r7_ad1|4,1846,3600,1932|
197438|WindowsForms10.Window.8.app.0.34f5582_r7_ad1|0,94,3600,162|ToolStrip1
197598|WindowsForms10.Window.8.app.0.34f5582_r7_ad1|0,46,3600,94|MenuStrip1
7472010|WindowsForms10.Window.8.app.0.34f5582_r7_ad1|156,156,1730,1310|Aero Plots
8126938|WindowsForms10.STATIC.app.0.34f5582_r7_ad1|722,276,894,310|Plot Data to:
8652132|WindowsForms10.COMBOBOX.app.0.34f5582_r7_ad1|904,272,1076,314|Mach 25
8978676|WindowsForms10.Window.8.app.0.34f5582_r7_ad1|196,338,1746,1284|
8979092|WindowsForms10.Window.8.app.0.34f5582_r7_ad1|196,338,1746,1082|
9110348|WindowsForms10.Window.8.app.0.34f5582_r7_ad1|204,368,1714,1074|
8388690|WindowsForms10.Window.8.app.0.34f5582_r7_ad1|196,1090,1746,1284|
7406302|WindowsForms10.Window.8.app.0.34f5582_r7_ad1|208,1094,1692,1272|
9896502|WindowsForms10.SCROLLBAR.app.0.34f5582_r7_ad1|210,1236,1656,1270|
8127842|WindowsForms10.SCROLLBAR.app.0.34f5582_r7_ad1|1656,1096,1690,1236|
7995946|WindowsForms10.COMBOBOX.app.0.34f5582_r7_ad1|442,268,694,310|Mach Number
10092806|WindowsForms10.COMBOBOX.app.0.34f5582_r7_ad1|204,270,430,312|CD
9371866|WindowsForms10.Window.8.app.0.34f5582_r7_ad1|172,218,1714,266|MenuStrip1
132054|WindowsForms10.Window.8.app.0.34f5582_r7_ad1|-16,-16,3616,1992|RASAero II 
132052|WindowsForms10.Window.8.app.0.34f5582_r7_ad1|0,168,3600,1978|
131938|WindowsForms10.Window.8.app.0.34f5582_r7_ad1|0,168,3600,438|
263020|WindowsForms10.EDIT.app.0.34f5582_r7_ad1|340,188,1282,270|Sbody-nozzle
328648|WindowsForms10.EDIT.app.0.34f5582_r7_ad1|418,294,1162,376|Motor: I500T-14A  (AT)  Loaded Wt. (lb) 3.4833
132048|WindowsForms10.LISTBOX.app.0.34f5582_r7_ad1|18,188,316,378|
197574|WindowsForms10.Window.8.app.0.34f5582_r7_ad1|0,446,3600,1978|
197562|WindowsForms10.Window.8.app.0.34f5582_r7_ad1|1780,1902,1906,1942|
263104|WindowsForms10.EDIT.app.0.34f5582_r7_ad1|1784,1906,1902,1938|0.00
197578|WindowsForms10.STATIC.app.0.34f5582_r7_ad1|642,1906,2794,1934|Mach
131936|WindowsForms10.Window.8.app.0.34f5582_r7_ad1|18,454,3592,1834|
132056|WindowsForms10.Window.8.app.0.34f5582_r7_ad1|4,1846,3600,1932|
197438|WindowsForms10.Window.8.app.0.34f5582_r7_ad1|0,94,3600,162|ToolStrip1
197598|WindowsForms10.Window.8.app.0.34f5582_r7_ad1|0,46,3600,94|MenuStrip1
EXPORTED Sbody-nozzle
132054|WindowsForms10.Window.8.app.0.34f5582_r7_ad1|-16,-16,3616,1992|RASAero II 
132052|WindowsForms10.Window.8.app.0.34f5582_r7_ad1|0,168,3600,1978|
131938|WindowsForms10.Window.8.app.0.34f5582_r7_ad1|0,168,3600,438|
263020|WindowsForms10.EDIT.app.0.34f5582_r7_ad1|340,188,1282,270|Sbody-nozzle
328648|WindowsForms10.EDIT.app.0.34f5582_r7_ad1|418,294,1162,376|Motor: I500T-14A  (AT)  Loaded Wt. (lb) 3.4833
132048|WindowsForms10.LISTBOX.app.0.34f5582_r7_ad1|18,188,316,378|
197574|WindowsForms10.Window.8.app.0.34f5582_r7_ad1|0,446,3600,1978|
197562|WindowsForms10.Window.8.app.0.34f5582_r7_ad1|1780,1902,1906,1942|
263104|WindowsForms10.EDIT.app.0.34f5582_r7_ad1|1784,1906,1902,1938|0.00
197578|WindowsForms10.STATIC.app.0.34f5582_r7_ad1|642,1906,2794,1934|Mach
131936|WindowsForms10.Window.8.app.0.34f5582_r7_ad1|18,454,3592,1834|
132056|WindowsForms10.Window.8.app.0.34f5582_r7_ad1|4,1846,3600,1932|
197438|WindowsForms10.Window.8.app.0.34f5582_r7_ad1|0,94,3600,162|ToolStrip1
197598|WindowsForms10.Window.8.app.0.34f5582_r7_ad1|0,46,3600,94|MenuStrip1
132054|WindowsForms10.Window.8.app.0.34f5582_r7_ad1|-16,-16,3616,1992|RASAero II 
132052|WindowsForms10.Window.8.app.0.34f5582_r7_ad1|0,168,3600,1978|
131938|WindowsForms10.Window.8.app.0.34f5582_r7_ad1|0,168,3600,438|
263020|WindowsForms10.EDIT.app.0.34f5582_r7_ad1|340,188,1282,270|Hbody-nose6
328648|WindowsForms10.EDIT.app.0.34f5582_r7_ad1|418,294,1162,376|Motor: I500T-14A  (AT)  Loaded Wt. (lb) 14.5064
132048|WindowsForms10.LISTBOX.app.0.34f5582_r7_ad1|18,188,316,378|
197574|WindowsForms10.Window.8.app.0.34f5582_r7_ad1|0,446,3600,1978|
197562|WindowsForms10.Window.8.app.0.34f5582_r7_ad1|1780,1902,1906,1942|
263104|WindowsForms10.EDIT.app.0.34f5582_r7_ad1|1784,1906,1902,1938|0.00
197578|WindowsForms10.STATIC.app.0.34f5582_r7_ad1|642,1906,2794,1934|Mach
131936|WindowsForms10.Window.8.app.0.34f5582_r7_ad1|18,454,3592,1834|
132056|WindowsForms10.Window.8.app.0.34f5582_r7_ad1|4,1846,3600,1932|
197438|WindowsForms10.Window.8.app.0.34f5582_r7_ad1|0,94,3600,162|ToolStrip1
197598|WindowsForms10.Window.8.app.0.34f5582_r7_ad1|0,46,3600,94|MenuStrip1
132054|WindowsForms10.Window.8.app.0.34f5582_r7_ad1|-16,-16,3616,1992|RASAero II 
132052|WindowsForms10.Window.8.app.0.34f5582_r7_ad1|0,168,3600,1978|
131938|WindowsForms10.Window.8.app.0.34f5582_r7_ad1|0,168,3600,438|
263020|WindowsForms10.EDIT.app.0.34f5582_r7_ad1|340,188,1282,270|Hbody-nose6
328648|WindowsForms10.EDIT.app.0.34f5582_r7_ad1|418,294,1162,376|Motor: I500T-14A  (AT)  Loaded Wt. (lb) 14.5064
132048|WindowsForms10.LISTBOX.app.0.34f5582_r7_ad1|18,188,316,378|
197574|WindowsForms10.Window.8.app.0.34f5582_r7_ad1|0,446,3600,1978|
197562|WindowsForms10.Window.8.app.0.34f5582_r7_ad1|1780,1902,1906,1942|
263104|WindowsForms10.EDIT.app.0.34f5582_r7_ad1|1784,1906,1902,1938|0.00
197578|WindowsForms10.STATIC.app.0.34f5582_r7_ad1|642,1906,2794,1934|Mach
131936|WindowsForms10.Window.8.app.0.34f5582_r7_ad1|18,454,3592,1834|
132056|WindowsForms10.Window.8.app.0.34f5582_r7_ad1|4,1846,3600,1932|
197438|WindowsForms10.Window.8.app.0.34f5582_r7_ad1|0,94,3600,162|ToolStrip1
197598|WindowsForms10.Window.8.app.0.34f5582_r7_ad1|0,46,3600,94|MenuStrip1
7603070|WindowsForms10.Window.8.app.0.34f5582_r7_ad1|208,208,1782,1362|Aero Plots
10158560|WindowsForms10.STATIC.app.0.34f5582_r7_ad1|774,328,946,362|Plot Data to:
8323934|WindowsForms10.COMBOBOX.app.0.34f5582_r7_ad1|956,324,1128,366|Mach 25
8783204|WindowsForms10.Window.8.app.0.34f5582_r7_ad1|248,390,1798,1336|
9306620|WindowsForms10.Window.8.app.0.34f5582_r7_ad1|248,390,1798,1134|
8914270|WindowsForms10.Window.8.app.0.34f5582_r7_ad1|256,420,1766,1126|
4719514|WindowsForms10.Window.8.app.0.34f5582_r7_ad1|248,1142,1798,1336|
9241420|WindowsForms10.Window.8.app.0.34f5582_r7_ad1|260,1146,1744,1324|
9831282|WindowsForms10.SCROLLBAR.app.0.34f5582_r7_ad1|262,1288,1708,1322|
6816670|WindowsForms10.SCROLLBAR.app.0.34f5582_r7_ad1|1708,1148,1742,1288|
8519762|WindowsForms10.COMBOBOX.app.0.34f5582_r7_ad1|494,320,746,362|Mach Number
8258914|WindowsForms10.COMBOBOX.app.0.34f5582_r7_ad1|256,322,482,364|CD
9962480|WindowsForms10.Window.8.app.0.34f5582_r7_ad1|224,270,1766,318|MenuStrip1
132054|WindowsForms10.Window.8.app.0.34f5582_r7_ad1|-16,-16,3616,1992|RASAero II 
132052|WindowsForms10.Window.8.app.0.34f5582_r7_ad1|0,168,3600,1978|
131938|WindowsForms10.Window.8.app.0.34f5582_r7_ad1|0,168,3600,438|
263020|WindowsForms10.EDIT.app.0.34f5582_r7_ad1|340,188,1282,270|Hbody-nose6
328648|WindowsForms10.EDIT.app.0.34f5582_r7_ad1|418,294,1162,376|Motor: I500T-14A  (AT)  Loaded Wt. (lb) 14.5064
132048|WindowsForms10.LISTBOX.app.0.34f5582_r7_ad1|18,188,316,378|
197574|WindowsForms10.Window.8.app.0.34f5582_r7_ad1|0,446,3600,1978|
197562|WindowsForms10.Window.8.app.0.34f5582_r7_ad1|1780,1902,1906,1942|
263104|WindowsForms10.EDIT.app.0.34f5582_r7_ad1|1784,1906,1902,1938|0.00
197578|WindowsForms10.STATIC.app.0.34f5582_r7_ad1|642,1906,2794,1934|Mach
131936|WindowsForms10.Window.8.app.0.34f5582_r7_ad1|18,454,3592,1834|
132056|WindowsForms10.Window.8.app.0.34f5582_r7_ad1|4,1846,3600,1932|
197438|WindowsForms10.Window.8.app.0.34f5582_r7_ad1|0,94,3600,162|ToolStrip1
197598|WindowsForms10.Window.8.app.0.34f5582_r7_ad1|0,46,3600,94|MenuStrip1
7603070|WindowsForms10.Window.8.app.0.34f5582_r7_ad1|208,208,1782,1362|Aero Plots
10158560|WindowsForms10.STATIC.app.0.34f5582_r7_ad1|774,328,946,362|Plot Data to:
8323934|WindowsForms10.COMBOBOX.app.0.34f5582_r7_ad1|956,324,1128,366|Mach 25
8783204|WindowsForms10.Window.8.app.0.34f5582_r7_ad1|248,390,1798,1336|
9306620|WindowsForms10.Window.8.app.0.34f5582_r7_ad1|248,390,1798,1134|
8914270|WindowsForms10.Window.8.app.0.34f5582_r7_ad1|256,420,1766,1126|
4719514|WindowsForms10.Window.8.app.0.34f5582_r7_ad1|248,1142,1798,1336|
9241420|WindowsForms10.Window.8.app.0.34f5582_r7_ad1|260,1146,1744,1324|
9831282|WindowsForms10.SCROLLBAR.app.0.34f5582_r7_ad1|262,1288,1708,1322|
6816670|WindowsForms10.SCROLLBAR.app.0.34f5582_r7_ad1|1708,1148,1742,1288|
8519762|WindowsForms10.COMBOBOX.app.0.34f5582_r7_ad1|494,320,746,362|Mach Number
8258914|WindowsForms10.COMBOBOX.app.0.34f5582_r7_ad1|256,322,482,364|CD
9962480|WindowsForms10.Window.8.app.0.34f5582_r7_ad1|224,270,1766,318|MenuStrip1
132054|WindowsForms10.Window.8.app.0.34f5582_r7_ad1|-16,-16,3616,1992|RASAero II 
132052|WindowsForms10.Window.8.app.0.34f5582_r7_ad1|0,168,3600,1978|
131938|WindowsForms10.Window.8.app.0.34f5582_r7_ad1|0,168,3600,438|
263020|WindowsForms10.EDIT.app.0.34f5582_r7_ad1|340,188,1282,270|Hbody-nose6
328648|WindowsForms10.EDIT.app.0.34f5582_r7_ad1|418,294,1162,376|Motor: I500T-14A  (AT)  Loaded Wt. (lb) 14.5064
132048|WindowsForms10.LISTBOX.app.0.34f5582_r7_ad1|18,188,316,378|
197574|WindowsForms10.Window.8.app.0.34f5582_r7_ad1|0,446,3600,1978|
197562|WindowsForms10.Window.8.app.0.34f5582_r7_ad1|1780,1902,1906,1942|
263104|WindowsForms10.EDIT.app.0.34f5582_r7_ad1|1784,1906,1902,1938|0.00
197578|WindowsForms10.STATIC.app.0.34f5582_r7_ad1|642,1906,2794,1934|Mach
131936|WindowsForms10.Window.8.app.0.34f5582_r7_ad1|18,454,3592,1834|
132056|WindowsForms10.Window.8.app.0.34f5582_r7_ad1|4,1846,3600,1932|
197438|WindowsForms10.Window.8.app.0.34f5582_r7_ad1|0,94,3600,162|ToolStrip1
197598|WindowsForms10.Window.8.app.0.34f5582_r7_ad1|0,46,3600,94|MenuStrip1
7603070|WindowsForms10.Window.8.app.0.34f5582_r7_ad1|208,208,1782,1362|Aero Plots
10158560|WindowsForms10.STATIC.app.0.34f5582_r7_ad1|774,328,946,362|Plot Data to:
8323934|WindowsForms10.COMBOBOX.app.0.34f5582_r7_ad1|956,324,1128,366|Mach 25
8783204|WindowsForms10.Window.8.app.0.34f5582_r7_ad1|248,390,1798,1336|
9306620|WindowsForms10.Window.8.app.0.34f5582_r7_ad1|248,390,1798,1134|
8914270|WindowsForms10.Window.8.app.0.34f5582_r7_ad1|256,420,1766,1126|
4719514|WindowsForms10.Window.8.app.0.34f5582_r7_ad1|248,1142,1798,1336|
9241420|WindowsForms10.Window.8.app.0.34f5582_r7_ad1|260,1146,1744,1324|
9831282|WindowsForms10.SCROLLBAR.app.0.34f5582_r7_ad1|262,1288,1708,1322|
6816670|WindowsForms10.SCROLLBAR.app.0.34f5582_r7_ad1|1708,1148,1742,1288|
8519762|WindowsForms10.COMBOBOX.app.0.34f5582_r7_ad1|494,320,746,362|Mach Number
8258914|WindowsForms10.COMBOBOX.app.0.34f5582_r7_ad1|256,322,482,364|CD
9962480|WindowsForms10.Window.8.app.0.34f5582_r7_ad1|224,270,1766,318|MenuStrip1
132054|WindowsForms10.Window.8.app.0.34f5582_r7_ad1|-16,-16,3616,1992|RASAero II 
132052|WindowsForms10.Window.8.app.0.34f5582_r7_ad1|0,168,3600,1978|
131938|WindowsForms10.Window.8.app.0.34f5582_r7_ad1|0,168,3600,438|
263020|WindowsForms10.EDIT.app.0.34f5582_r7_ad1|340,188,1282,270|Hbody-nose6
328648|WindowsForms10.EDIT.app.0.34f5582_r7_ad1|418,294,1162,376|Motor: I500T-14A  (AT)  Loaded Wt. (lb) 14.5064
132048|WindowsForms10.LISTBOX.app.0.34f5582_r7_ad1|18,188,316,378|
197574|WindowsForms10.Window.8.app.0.34f5582_r7_ad1|0,446,3600,1978|
197562|WindowsForms10.Window.8.app.0.34f5582_r7_ad1|1780,1902,1906,1942|
263104|WindowsForms10.EDIT.app.0.34f5582_r7_ad1|1784,1906,1902,1938|0.00
197578|WindowsForms10.STATIC.app.0.34f5582_r7_ad1|642,1906,2794,1934|Mach
131936|WindowsForms10.Window.8.app.0.34f5582_r7_ad1|18,454,3592,1834|
132056|WindowsForms10.Window.8.app.0.34f5582_r7_ad1|4,1846,3600,1932|
197438|WindowsForms10.Window.8.app.0.34f5582_r7_ad1|0,94,3600,162|ToolStrip1
197598|WindowsForms10.Window.8.app.0.34f5582_r7_ad1|0,46,3600,94|MenuStrip1
EXPORTED Hbody-nose6
132054|WindowsForms10.Window.8.app.0.34f5582_r7_ad1|-16,-16,3616,1992|RASAero II 
132052|WindowsForms10.Window.8.app.0.34f5582_r7_ad1|0,168,3600,1978|
131938|WindowsForms10.Window.8.app.0.34f5582_r7_ad1|0,168,3600,438|
263020|WindowsForms10.EDIT.app.0.34f5582_r7_ad1|340,188,1282,270|Hbody-nose6
328648|WindowsForms10.EDIT.app.0.34f5582_r7_ad1|418,294,1162,376|Motor: I500T-14A  (AT)  Loaded Wt. (lb) 14.5064
132048|WindowsForms10.LISTBOX.app.0.34f5582_r7_ad1|18,188,316,378|
197574|WindowsForms10.Window.8.app.0.34f5582_r7_ad1|0,446,3600,1978|
197562|WindowsForms10.Window.8.app.0.34f5582_r7_ad1|1780,1902,1906,1942|
263104|WindowsForms10.EDIT.app.0.34f5582_r7_ad1|1784,1906,1902,1938|0.00
197578|WindowsForms10.STATIC.app.0.34f5582_r7_ad1|642,1906,2794,1934|Mach
131936|WindowsForms10.Window.8.app.0.34f5582_r7_ad1|18,454,3592,1834|
132056|WindowsForms10.Window.8.app.0.34f5582_r7_ad1|4,1846,3600,1932|
197438|WindowsForms10.Window.8.app.0.34f5582_r7_ad1|0,94,3600,162|ToolStrip1
197598|WindowsForms10.Window.8.app.0.34f5582_r7_ad1|0,46,3600,94|MenuStrip1
132054|WindowsForms10.Window.8.app.0.34f5582_r7_ad1|-16,-16,3616,1992|RASAero II 
132052|WindowsForms10.Window.8.app.0.34f5582_r7_ad1|0,168,3600,1978|
131938|WindowsForms10.Window.8.app.0.34f5582_r7_ad1|0,168,3600,438|
263020|WindowsForms10.EDIT.app.0.34f5582_r7_ad1|340,188,1282,270|Hbody-nose18
328648|WindowsForms10.EDIT.app.0.34f5582_r7_ad1|418,294,1162,376|Motor: I500T-14A  (AT)  Loaded Wt. (lb) 14.5064
132048|WindowsForms10.LISTBOX.app.0.34f5582_r7_ad1|18,188,316,378|
197574|WindowsForms10.Window.8.app.0.34f5582_r7_ad1|0,446,3600,1978|
197562|WindowsForms10.Window.8.app.0.34f5582_r7_ad1|1780,1902,1906,1942|
263104|WindowsForms10.EDIT.app.0.34f5582_r7_ad1|1784,1906,1902,1938|0.00
197578|WindowsForms10.STATIC.app.0.34f5582_r7_ad1|642,1906,2794,1934|Mach
131936|WindowsForms10.Window.8.app.0.34f5582_r7_ad1|18,454,3592,1834|
132056|WindowsForms10.Window.8.app.0.34f5582_r7_ad1|4,1846,3600,1932|
197438|WindowsForms10.Window.8.app.0.34f5582_r7_ad1|0,94,3600,162|ToolStrip1
197598|WindowsForms10.Window.8.app.0.34f5582_r7_ad1|0,46,3600,94|MenuStrip1
132054|WindowsForms10.Window.8.app.0.34f5582_r7_ad1|-16,-16,3616,1992|RASAero II 
132052|WindowsForms10.Window.8.app.0.34f5582_r7_ad1|0,168,3600,1978|
131938|WindowsForms10.Window.8.app.0.34f5582_r7_ad1|0,168,3600,438|
263020|WindowsForms10.EDIT.app.0.34f5582_r7_ad1|340,188,1282,270|Hbody-nose18
328648|WindowsForms10.EDIT.app.0.34f5582_r7_ad1|418,294,1162,376|Motor: I500T-14A  (AT)  Loaded Wt. (lb) 14.5064
132048|WindowsForms10.LISTBOX.app.0.34f5582_r7_ad1|18,188,316,378|
197574|WindowsForms10.Window.8.app.0.34f5582_r7_ad1|0,446,3600,1978|
197562|WindowsForms10.Window.8.app.0.34f5582_r7_ad1|1780,1902,1906,1942|
263104|WindowsForms10.EDIT.app.0.34f5582_r7_ad1|1784,1906,1902,1938|0.00
197578|WindowsForms10.STATIC.app.0.34f5582_r7_ad1|642,1906,2794,1934|Mach
131936|WindowsForms10.Window.8.app.0.34f5582_r7_ad1|18,454,3592,1834|
132056|WindowsForms10.Window.8.app.0.34f5582_r7_ad1|4,1846,3600,1932|
197438|WindowsForms10.Window.8.app.0.34f5582_r7_ad1|0,94,3600,162|ToolStrip1
197598|WindowsForms10.Window.8.app.0.34f5582_r7_ad1|0,46,3600,94|MenuStrip1
10158646|WindowsForms10.Window.8.app.0.34f5582_r7_ad1|260,260,1834,1414|Aero Plots
8258442|WindowsForms10.STATIC.app.0.34f5582_r7_ad1|826,380,998,414|Plot Data to:
8389082|WindowsForms10.COMBOBOX.app.0.34f5582_r7_ad1|1008,376,1180,418|Mach 25
8455006|WindowsForms10.Window.8.app.0.34f5582_r7_ad1|300,442,1850,1388|
8126554|WindowsForms10.Window.8.app.0.34f5582_r7_ad1|300,442,1850,1186|
9831060|WindowsForms10.Window.8.app.0.34f5582_r7_ad1|308,472,1818,1178|
9634010|WindowsForms10.Window.8.app.0.34f5582_r7_ad1|300,1194,1850,1388|
9045342|WindowsForms10.Window.8.app.0.34f5582_r7_ad1|312,1198,1796,1376|
7668446|WindowsForms10.SCROLLBAR.app.0.34f5582_r7_ad1|314,1340,1760,1374|
7209788|WindowsForms10.SCROLLBAR.app.0.34f5582_r7_ad1|1760,1200,1794,1340|
4850586|WindowsForms10.COMBOBOX.app.0.34f5582_r7_ad1|546,372,798,414|Mach Number
6947742|WindowsForms10.COMBOBOX.app.0.34f5582_r7_ad1|308,374,534,416|CD
8585446|WindowsForms10.Window.8.app.0.34f5582_r7_ad1|276,322,1818,370|MenuStrip1
132054|WindowsForms10.Window.8.app.0.34f5582_r7_ad1|-16,-16,3616,1992|RASAero II 
132052|WindowsForms10.Window.8.app.0.34f5582_r7_ad1|0,168,3600,1978|
131938|WindowsForms10.Window.8.app.0.34f5582_r7_ad1|0,168,3600,438|
263020|WindowsForms10.EDIT.app.0.34f5582_r7_ad1|340,188,1282,270|Hbody-nose18
328648|WindowsForms10.EDIT.app.0.34f5582_r7_ad1|418,294,1162,376|Motor: I500T-14A  (AT)  Loaded Wt. (lb) 14.5064
132048|WindowsForms10.LISTBOX.app.0.34f5582_r7_ad1|18,188,316,378|
197574|WindowsForms10.Window.8.app.0.34f5582_r7_ad1|0,446,3600,1978|
197562|WindowsForms10.Window.8.app.0.34f5582_r7_ad1|1780,1902,1906,1942|
263104|WindowsForms10.EDIT.app.0.34f5582_r7_ad1|1784,1906,1902,1938|0.00
197578|WindowsForms10.STATIC.app.0.34f5582_r7_ad1|642,1906,2794,1934|Mach
131936|WindowsForms10.Window.8.app.0.34f5582_r7_ad1|18,454,3592,1834|
132056|WindowsForms10.Window.8.app.0.34f5582_r7_ad1|4,1846,3600,1932|
197438|WindowsForms10.Window.8.app.0.34f5582_r7_ad1|0,94,3600,162|ToolStrip1
197598|WindowsForms10.Window.8.app.0.34f5582_r7_ad1|0,46,3600,94|MenuStrip1
10158646|WindowsForms10.Window.8.app.0.34f5582_r7_ad1|260,260,1834,1414|Aero Plots
8258442|WindowsForms10.STATIC.app.0.34f5582_r7_ad1|826,380,998,414|Plot Data to:
8389082|WindowsForms10.COMBOBOX.app.0.34f5582_r7_ad1|1008,376,1180,418|Mach 25
8455006|WindowsForms10.Window.8.app.0.34f5582_r7_ad1|300,442,1850,1388|
8126554|WindowsForms10.Window.8.app.0.34f5582_r7_ad1|300,442,1850,1186|
9831060|WindowsForms10.Window.8.app.0.34f5582_r7_ad1|308,472,1818,1178|
9634010|WindowsForms10.Window.8.app.0.34f5582_r7_ad1|300,1194,1850,1388|
9045342|WindowsForms10.Window.8.app.0.34f5582_r7_ad1|312,1198,1796,1376|
7668446|WindowsForms10.SCROLLBAR.app.0.34f5582_r7_ad1|314,1340,1760,1374|
7209788|WindowsForms10.SCROLLBAR.app.0.34f5582_r7_ad1|1760,1200,1794,1340|
4850586|WindowsForms10.COMBOBOX.app.0.34f5582_r7_ad1|546,372,798,414|Mach Number
6947742|WindowsForms10.COMBOBOX.app.0.34f5582_r7_ad1|308,374,534,416|CD
8585446|WindowsForms10.Window.8.app.0.34f5582_r7_ad1|276,322,1818,370|MenuStrip1
132054|WindowsForms10.Window.8.app.0.34f5582_r7_ad1|-16,-16,3616,1992|RASAero II 
132052|WindowsForms10.Window.8.app.0.34f5582_r7_ad1|0,168,3600,1978|
131938|WindowsForms10.Window.8.app.0.34f5582_r7_ad1|0,168,3600,438|
263020|WindowsForms10.EDIT.app.0.34f5582_r7_ad1|340,188,1282,270|Hbody-nose18
328648|WindowsForms10.EDIT.app.0.34f5582_r7_ad1|418,294,1162,376|Motor: I500T-14A  (AT)  Loaded Wt. (lb) 14.5064
132048|WindowsForms10.LISTBOX.app.0.34f5582_r7_ad1|18,188,316,378|
197574|WindowsForms10.Window.8.app.0.34f5582_r7_ad1|0,446,3600,1978|
197562|WindowsForms10.Window.8.app.0.34f5582_r7_ad1|1780,1902,1906,1942|
263104|WindowsForms10.EDIT.app.0.34f5582_r7_ad1|1784,1906,1902,1938|0.00
197578|WindowsForms10.STATIC.app.0.34f5582_r7_ad1|642,1906,2794,1934|Mach
131936|WindowsForms10.Window.8.app.0.34f5582_r7_ad1|18,454,3592,1834|
132056|WindowsForms10.Window.8.app.0.34f5582_r7_ad1|4,1846,3600,1932|
197438|WindowsForms10.Window.8.app.0.34f5582_r7_ad1|0,94,3600,162|ToolStrip1
197598|WindowsForms10.Window.8.app.0.34f5582_r7_ad1|0,46,3600,94|MenuStrip1
10158646|WindowsForms10.Window.8.app.0.34f5582_r7_ad1|260,260,1834,1414|Aero Plots
8258442|WindowsForms10.STATIC.app.0.34f5582_r7_ad1|826,380,998,414|Plot Data to:
8389082|WindowsForms10.COMBOBOX.app.0.34f5582_r7_ad1|1008,376,1180,418|Mach 25
8455006|WindowsForms10.Window.8.app.0.34f5582_r7_ad1|300,442,1850,1388|
8126554|WindowsForms10.Window.8.app.0.34f5582_r7_ad1|300,442,1850,1186|
9831060|WindowsForms10.Window.8.app.0.34f5582_r7_ad1|308,472,1818,1178|
9634010|WindowsForms10.Window.8.app.0.34f5582_r7_ad1|300,1194,1850,1388|
9045342|WindowsForms10.Window.8.app.0.34f5582_r7_ad1|312,1198,1796,1376|
7668446|WindowsForms10.SCROLLBAR.app.0.34f5582_r7_ad1|314,1340,1760,1374|
7209788|WindowsForms10.SCROLLBAR.app.0.34f5582_r7_ad1|1760,1200,1794,1340|
4850586|WindowsForms10.COMBOBOX.app.0.34f5582_r7_ad1|546,372,798,414|Mach Number
6947742|WindowsForms10.COMBOBOX.app.0.34f5582_r7_ad1|308,374,534,416|CD
8585446|WindowsForms10.Window.8.app.0.34f5582_r7_ad1|276,322,1818,370|MenuStrip1
132054|WindowsForms10.Window.8.app.0.34f5582_r7_ad1|-16,-16,3616,1992|RASAero II 
132052|WindowsForms10.Window.8.app.0.34f5582_r7_ad1|0,168,3600,1978|
131938|WindowsForms10.Window.8.app.0.34f5582_r7_ad1|0,168,3600,438|
263020|WindowsForms10.EDIT.app.0.34f5582_r7_ad1|340,188,1282,270|Hbody-nose18
328648|WindowsForms10.EDIT.app.0.34f5582_r7_ad1|418,294,1162,376|Motor: I500T-14A  (AT)  Loaded Wt. (lb) 14.5064
132048|WindowsForms10.LISTBOX.app.0.34f5582_r7_ad1|18,188,316,378|
197574|WindowsForms10.Window.8.app.0.34f5582_r7_ad1|0,446,3600,1978|
197562|WindowsForms10.Window.8.app.0.34f5582_r7_ad1|1780,1902,1906,1942|
263104|WindowsForms10.EDIT.app.0.34f5582_r7_ad1|1784,1906,1902,1938|0.00
197578|WindowsForms10.STATIC.app.0.34f5582_r7_ad1|642,1906,2794,1934|Mach
131936|WindowsForms10.Window.8.app.0.34f5582_r7_ad1|18,454,3592,1834|
132056|WindowsForms10.Window.8.app.0.34f5582_r7_ad1|4,1846,3600,1932|
197438|WindowsForms10.Window.8.app.0.34f5582_r7_ad1|0,94,3600,162|ToolStrip1
197598|WindowsForms10.Window.8.app.0.34f5582_r7_ad1|0,46,3600,94|MenuStrip1
EXPORTED Hbody-nose18
132054|WindowsForms10.Window.8.app.0.34f5582_r7_ad1|-16,-16,3616,1992|RASAero II 
132052|WindowsForms10.Window.8.app.0.34f5582_r7_ad1|0,168,3600,1978|
131938|WindowsForms10.Window.8.app.0.34f5582_r7_ad1|0,168,3600,438|
263020|WindowsForms10.EDIT.app.0.34f5582_r7_ad1|340,188,1282,270|Hbody-nose18
328648|WindowsForms10.EDIT.app.0.34f5582_r7_ad1|418,294,1162,376|Motor: I500T-14A  (AT)  Loaded Wt. (lb) 14.5064
132048|WindowsForms10.LISTBOX.app.0.34f5582_r7_ad1|18,188,316,378|
197574|WindowsForms10.Window.8.app.0.34f5582_r7_ad1|0,446,3600,1978|
197562|WindowsForms10.Window.8.app.0.34f5582_r7_ad1|1780,1902,1906,1942|
263104|WindowsForms10.EDIT.app.0.34f5582_r7_ad1|1784,1906,1902,1938|0.00
197578|WindowsForms10.STATIC.app.0.34f5582_r7_ad1|642,1906,2794,1934|Mach
131936|WindowsForms10.Window.8.app.0.34f5582_r7_ad1|18,454,3592,1834|
132056|WindowsForms10.Window.8.app.0.34f5582_r7_ad1|4,1846,3600,1932|
197438|WindowsForms10.Window.8.app.0.34f5582_r7_ad1|0,94,3600,162|ToolStrip1
197598|WindowsForms10.Window.8.app.0.34f5582_r7_ad1|0,46,3600,94|MenuStrip1
132054|WindowsForms10.Window.8.app.0.34f5582_r7_ad1|-16,-16,3616,1992|RASAero II 
132052|WindowsForms10.Window.8.app.0.34f5582_r7_ad1|0,168,3600,1978|
131938|WindowsForms10.Window.8.app.0.34f5582_r7_ad1|0,168,3600,438|
263020|WindowsForms10.EDIT.app.0.34f5582_r7_ad1|340,188,1282,270|Hsq-long
328648|WindowsForms10.EDIT.app.0.34f5582_r7_ad1|418,294,1162,376|Motor: I500T-14A  (AT)  Loaded Wt. (lb) 14.5064
132048|WindowsForms10.LISTBOX.app.0.34f5582_r7_ad1|18,188,316,378|
197574|WindowsForms10.Window.8.app.0.34f5582_r7_ad1|0,446,3600,1978|
197562|WindowsForms10.Window.8.app.0.34f5582_r7_ad1|1780,1902,1906,1942|
263104|WindowsForms10.EDIT.app.0.34f5582_r7_ad1|1784,1906,1902,1938|0.00
197578|WindowsForms10.STATIC.app.0.34f5582_r7_ad1|642,1906,2794,1934|Mach
131936|WindowsForms10.Window.8.app.0.34f5582_r7_ad1|18,454,3592,1834|
132056|WindowsForms10.Window.8.app.0.34f5582_r7_ad1|4,1846,3600,1932|
197438|WindowsForms10.Window.8.app.0.34f5582_r7_ad1|0,94,3600,162|ToolStrip1
197598|WindowsForms10.Window.8.app.0.34f5582_r7_ad1|0,46,3600,94|MenuStrip1
132054|WindowsForms10.Window.8.app.0.34f5582_r7_ad1|-16,-16,3616,1992|RASAero II 
132052|WindowsForms10.Window.8.app.0.34f5582_r7_ad1|0,168,3600,1978|
131938|WindowsForms10.Window.8.app.0.34f5582_r7_ad1|0,168,3600,438|
263020|WindowsForms10.EDIT.app.0.34f5582_r7_ad1|340,188,1282,270|Hsq-long
328648|WindowsForms10.EDIT.app.0.34f5582_r7_ad1|418,294,1162,376|Motor: I500T-14A  (AT)  Loaded Wt. (lb) 14.5064
132048|WindowsForms10.LISTBOX.app.0.34f5582_r7_ad1|18,188,316,378|
197574|WindowsForms10.Window.8.app.0.34f5582_r7_ad1|0,446,3600,1978|
197562|WindowsForms10.Window.8.app.0.34f5582_r7_ad1|1780,1902,1906,1942|
263104|WindowsForms10.EDIT.app.0.34f5582_r7_ad1|1784,1906,1902,1938|0.00
197578|WindowsForms10.STATIC.app.0.34f5582_r7_ad1|642,1906,2794,1934|Mach
131936|WindowsForms10.Window.8.app.0.34f5582_r7_ad1|18,454,3592,1834|
132056|WindowsForms10.Window.8.app.0.34f5582_r7_ad1|4,1846,3600,1932|
197438|WindowsForms10.Window.8.app.0.34f5582_r7_ad1|0,94,3600,162|ToolStrip1
197598|WindowsForms10.Window.8.app.0.34f5582_r7_ad1|0,46,3600,94|MenuStrip1
10093426|WindowsForms10.Window.8.app.0.34f5582_r7_ad1|312,312,1886,1466|Aero Plots
3997874|WindowsForms10.STATIC.app.0.34f5582_r7_ad1|878,432,1050,466|Plot Data to:
10420704|WindowsForms10.COMBOBOX.app.0.34f5582_r7_ad1|1060,428,1232,470|Mach 25
8520154|WindowsForms10.Window.8.app.0.34f5582_r7_ad1|352,494,1902,1440|
8389162|WindowsForms10.Window.8.app.0.34f5582_r7_ad1|352,494,1902,1238|
10486658|WindowsForms10.Window.8.app.0.34f5582_r7_ad1|360,524,1870,1230|
10224624|WindowsForms10.Window.8.app.0.34f5582_r7_ad1|352,1246,1902,1440|
9962132|WindowsForms10.Window.8.app.0.34f5582_r7_ad1|364,1250,1848,1428|
9503564|WindowsForms10.SCROLLBAR.app.0.34f5582_r7_ad1|366,1392,1812,1426|
10223638|WindowsForms10.SCROLLBAR.app.0.34f5582_r7_ad1|1812,1252,1846,1392|
9765082|WindowsForms10.COMBOBOX.app.0.34f5582_r7_ad1|598,424,850,466|Mach Number
7340860|WindowsForms10.COMBOBOX.app.0.34f5582_r7_ad1|360,426,586,468|CD
7799518|WindowsForms10.Window.8.app.0.34f5582_r7_ad1|328,374,1870,422|MenuStrip1
132054|WindowsForms10.Window.8.app.0.34f5582_r7_ad1|-16,-16,3616,1992|RASAero II 
132052|WindowsForms10.Window.8.app.0.34f5582_r7_ad1|0,168,3600,1978|
131938|WindowsForms10.Window.8.app.0.34f5582_r7_ad1|0,168,3600,438|
263020|WindowsForms10.EDIT.app.0.34f5582_r7_ad1|340,188,1282,270|Hsq-long
328648|WindowsForms10.EDIT.app.0.34f5582_r7_ad1|418,294,1162,376|Motor: I500T-14A  (AT)  Loaded Wt. (lb) 14.5064
132048|WindowsForms10.LISTBOX.app.0.34f5582_r7_ad1|18,188,316,378|
197574|WindowsForms10.Window.8.app.0.34f5582_r7_ad1|0,446,3600,1978|
197562|WindowsForms10.Window.8.app.0.34f5582_r7_ad1|1780,1902,1906,1942|
263104|WindowsForms10.EDIT.app.0.34f5582_r7_ad1|1784,1906,1902,1938|0.00
197578|WindowsForms10.STATIC.app.0.34f5582_r7_ad1|642,1906,2794,1934|Mach
131936|WindowsForms10.Window.8.app.0.34f5582_r7_ad1|18,454,3592,1834|
132056|WindowsForms10.Window.8.app.0.34f5582_r7_ad1|4,1846,3600,1932|
197438|WindowsForms10.Window.8.app.0.34f5582_r7_ad1|0,94,3600,162|ToolStrip1
197598|WindowsForms10.Window.8.app.0.34f5582_r7_ad1|0,46,3600,94|MenuStrip1
10093426|WindowsForms10.Window.8.app.0.34f5582_r7_ad1|312,312,1886,1466|Aero Plots
3997874|WindowsForms10.STATIC.app.0.34f5582_r7_ad1|878,432,1050,466|Plot Data to:
10420704|WindowsForms10.COMBOBOX.app.0.34f5582_r7_ad1|1060,428,1232,470|Mach 25
8520154|WindowsForms10.Window.8.app.0.34f5582_r7_ad1|352,494,1902,1440|
8389162|WindowsForms10.Window.8.app.0.34f5582_r7_ad1|352,494,1902,1238|
10486658|WindowsForms10.Window.8.app.0.34f5582_r7_ad1|360,524,1870,1230|
10224624|WindowsForms10.Window.8.app.0.34f5582_r7_ad1|352,1246,1902,1440|
9962132|WindowsForms10.Window.8.app.0.34f5582_r7_ad1|364,1250,1848,1428|
9503564|WindowsForms10.SCROLLBAR.app.0.34f5582_r7_ad1|366,1392,1812,1426|
10223638|WindowsForms10.SCROLLBAR.app.0.34f5582_r7_ad1|1812,1252,1846,1392|
9765082|WindowsForms10.COMBOBOX.app.0.34f5582_r7_ad1|598,424,850,466|Mach Number
7340860|WindowsForms10.COMBOBOX.app.0.34f5582_r7_ad1|360,426,586,468|CD
7799518|WindowsForms10.Window.8.app.0.34f5582_r7_ad1|328,374,1870,422|MenuStrip1
132054|WindowsForms10.Window.8.app.0.34f5582_r7_ad1|-16,-16,3616,1992|RASAero II 
132052|WindowsForms10.Window.8.app.0.34f5582_r7_ad1|0,168,3600,1978|
131938|WindowsForms10.Window.8.app.0.34f5582_r7_ad1|0,168,3600,438|
263020|WindowsForms10.EDIT.app.0.34f5582_r7_ad1|340,188,1282,270|Hsq-long
328648|WindowsForms10.EDIT.app.0.34f5582_r7_ad1|418,294,1162,376|Motor: I500T-14A  (AT)  Loaded Wt. (lb) 14.5064
132048|WindowsForms10.LISTBOX.app.0.34f5582_r7_ad1|18,188,316,378|
197574|WindowsForms10.Window.8.app.0.34f5582_r7_ad1|0,446,3600,1978|
197562|WindowsForms10.Window.8.app.0.34f5582_r7_ad1|1780,1902,1906,1942|
263104|WindowsForms10.EDIT.app.0.34f5582_r7_ad1|1784,1906,1902,1938|0.00
197578|WindowsForms10.STATIC.app.0.34f5582_r7_ad1|642,1906,2794,1934|Mach
131936|WindowsForms10.Window.8.app.0.34f5582_r7_ad1|18,454,3592,1834|
132056|WindowsForms10.Window.8.app.0.34f5582_r7_ad1|4,1846,3600,1932|
197438|WindowsForms10.Window.8.app.0.34f5582_r7_ad1|0,94,3600,162|ToolStrip1
197598|WindowsForms10.Window.8.app.0.34f5582_r7_ad1|0,46,3600,94|MenuStrip1
10093426|WindowsForms10.Window.8.app.0.34f5582_r7_ad1|312,312,1886,1466|Aero Plots
3997874|WindowsForms10.STATIC.app.0.34f5582_r7_ad1|878,432,1050,466|Plot Data to:
10420704|WindowsForms10.COMBOBOX.app.0.34f5582_r7_ad1|1060,428,1232,470|Mach 25
8520154|WindowsForms10.Window.8.app.0.34f5582_r7_ad1|352,494,1902,1440|
8389162|WindowsForms10.Window.8.app.0.34f5582_r7_ad1|352,494,1902,1238|
10486658|WindowsForms10.Window.8.app.0.34f5582_r7_ad1|360,524,1870,1230|
10224624|WindowsForms10.Window.8.app.0.34f5582_r7_ad1|352,1246,1902,1440|
9962132|WindowsForms10.Window.8.app.0.34f5582_r7_ad1|364,1250,1848,1428|
9503564|WindowsForms10.SCROLLBAR.app.0.34f5582_r7_ad1|366,1392,1812,1426|
10223638|WindowsForms10.SCROLLBAR.app.0.34f5582_r7_ad1|1812,1252,1846,1392|
9765082|WindowsForms10.COMBOBOX.app.0.34f5582_r7_ad1|598,424,850,466|Mach Number
7340860|WindowsForms10.COMBOBOX.app.0.34f5582_r7_ad1|360,426,586,468|CD
7799518|WindowsForms10.Window.8.app.0.34f5582_r7_ad1|328,374,1870,422|MenuStrip1
132054|WindowsForms10.Window.8.app.0.34f5582_r7_ad1|-16,-16,3616,1992|RASAero II 
132052|WindowsForms10.Window.8.app.0.34f5582_r7_ad1|0,168,3600,1978|
131938|WindowsForms10.Window.8.app.0.34f5582_r7_ad1|0,168,3600,438|
263020|WindowsForms10.EDIT.app.0.34f5582_r7_ad1|340,188,1282,270|Hsq-long
328648|WindowsForms10.EDIT.app.0.34f5582_r7_ad1|418,294,1162,376|Motor: I500T-14A  (AT)  Loaded Wt. (lb) 14.5064
132048|WindowsForms10.LISTBOX.app.0.34f5582_r7_ad1|18,188,316,378|
197574|WindowsForms10.Window.8.app.0.34f5582_r7_ad1|0,446,3600,1978|
197562|WindowsForms10.Window.8.app.0.34f5582_r7_ad1|1780,1902,1906,1942|
263104|WindowsForms10.EDIT.app.0.34f5582_r7_ad1|1784,1906,1902,1938|0.00
197578|WindowsForms10.STATIC.app.0.34f5582_r7_ad1|642,1906,2794,1934|Mach
131936|WindowsForms10.Window.8.app.0.34f5582_r7_ad1|18,454,3592,1834|
132056|WindowsForms10.Window.8.app.0.34f5582_r7_ad1|4,1846,3600,1932|
197438|WindowsForms10.Window.8.app.0.34f5582_r7_ad1|0,94,3600,162|ToolStrip1
197598|WindowsForms10.Window.8.app.0.34f5582_r7_ad1|0,46,3600,94|MenuStrip1
EXPORTED Hsq-long
132054|WindowsForms10.Window.8.app.0.34f5582_r7_ad1|-16,-16,3616,1992|RASAero II 
132052|WindowsForms10.Window.8.app.0.34f5582_r7_ad1|0,168,3600,1978|
131938|WindowsForms10.Window.8.app.0.34f5582_r7_ad1|0,168,3600,438|
263020|WindowsForms10.EDIT.app.0.34f5582_r7_ad1|340,188,1282,270|Hsq-long
328648|WindowsForms10.EDIT.app.0.34f5582_r7_ad1|418,294,1162,376|Motor: I500T-14A  (AT)  Loaded Wt. (lb) 14.5064
132048|WindowsForms10.LISTBOX.app.0.34f5582_r7_ad1|18,188,316,378|
197574|WindowsForms10.Window.8.app.0.34f5582_r7_ad1|0,446,3600,1978|
197562|WindowsForms10.Window.8.app.0.34f5582_r7_ad1|1780,1902,1906,1942|
263104|WindowsForms10.EDIT.app.0.34f5582_r7_ad1|1784,1906,1902,1938|0.00
197578|WindowsForms10.STATIC.app.0.34f5582_r7_ad1|642,1906,2794,1934|Mach
131936|WindowsForms10.Window.8.app.0.34f5582_r7_ad1|18,454,3592,1834|
132056|WindowsForms10.Window.8.app.0.34f5582_r7_ad1|4,1846,3600,1932|
197438|WindowsForms10.Window.8.app.0.34f5582_r7_ad1|0,94,3600,162|ToolStrip1
197598|WindowsForms10.Window.8.app.0.34f5582_r7_ad1|0,46,3600,94|MenuStrip1
132054|WindowsForms10.Window.8.app.0.34f5582_r7_ad1|-16,-16,3616,1992|RASAero II 
132052|WindowsForms10.Window.8.app.0.34f5582_r7_ad1|0,168,3600,1978|
131938|WindowsForms10.Window.8.app.0.34f5582_r7_ad1|0,168,3600,438|
263020|WindowsForms10.EDIT.app.0.34f5582_r7_ad1|340,188,1282,270|Hbev-gentle
328648|WindowsForms10.EDIT.app.0.34f5582_r7_ad1|418,294,1162,376|Motor: I500T-14A  (AT)  Loaded Wt. (lb) 14.5064
132048|WindowsForms10.LISTBOX.app.0.34f5582_r7_ad1|18,188,316,378|
197574|WindowsForms10.Window.8.app.0.34f5582_r7_ad1|0,446,3600,1978|
197562|WindowsForms10.Window.8.app.0.34f5582_r7_ad1|1780,1902,1906,1942|
263104|WindowsForms10.EDIT.app.0.34f5582_r7_ad1|1784,1906,1902,1938|0.00
197578|WindowsForms10.STATIC.app.0.34f5582_r7_ad1|642,1906,2794,1934|Mach
131936|WindowsForms10.Window.8.app.0.34f5582_r7_ad1|18,454,3592,1834|
132056|WindowsForms10.Window.8.app.0.34f5582_r7_ad1|4,1846,3600,1932|
197438|WindowsForms10.Window.8.app.0.34f5582_r7_ad1|0,94,3600,162|ToolStrip1
197598|WindowsForms10.Window.8.app.0.34f5582_r7_ad1|0,46,3600,94|MenuStrip1
132054|WindowsForms10.Window.8.app.0.34f5582_r7_ad1|-16,-16,3616,1992|RASAero II 
132052|WindowsForms10.Window.8.app.0.34f5582_r7_ad1|0,168,3600,1978|
131938|WindowsForms10.Window.8.app.0.34f5582_r7_ad1|0,168,3600,438|
263020|WindowsForms10.EDIT.app.0.34f5582_r7_ad1|340,188,1282,270|Hbev-gentle
328648|WindowsForms10.EDIT.app.0.34f5582_r7_ad1|418,294,1162,376|Motor: I500T-14A  (AT)  Loaded Wt. (lb) 14.5064
132048|WindowsForms10.LISTBOX.app.0.34f5582_r7_ad1|18,188,316,378|
197574|WindowsForms10.Window.8.app.0.34f5582_r7_ad1|0,446,3600,1978|
197562|WindowsForms10.Window.8.app.0.34f5582_r7_ad1|1780,1902,1906,1942|
263104|WindowsForms10.EDIT.app.0.34f5582_r7_ad1|1784,1906,1902,1938|0.00
197578|WindowsForms10.STATIC.app.0.34f5582_r7_ad1|642,1906,2794,1934|Mach
131936|WindowsForms10.Window.8.app.0.34f5582_r7_ad1|18,454,3592,1834|
132056|WindowsForms10.Window.8.app.0.34f5582_r7_ad1|4,1846,3600,1932|
197438|WindowsForms10.Window.8.app.0.34f5582_r7_ad1|0,94,3600,162|ToolStrip1
197598|WindowsForms10.Window.8.app.0.34f5582_r7_ad1|0,46,3600,94|MenuStrip1
9306904|WindowsForms10.Window.8.app.0.34f5582_r7_ad1|364,364,1938,1518|Aero Plots
10551382|WindowsForms10.STATIC.app.0.34f5582_r7_ad1|930,484,1102,518|Plot Data to:
8520586|WindowsForms10.COMBOBOX.app.0.34f5582_r7_ad1|1112,480,1284,522|Mach 25
10551776|WindowsForms10.Window.8.app.0.34f5582_r7_ad1|404,546,1954,1492|
8912978|WindowsForms10.Window.8.app.0.34f5582_r7_ad1|404,546,1954,1290|
5375342|WindowsForms10.Window.8.app.0.34f5582_r7_ad1|412,576,1922,1282|
8847590|WindowsForms10.Window.8.app.0.34f5582_r7_ad1|404,1298,1954,1492|
10617730|WindowsForms10.Window.8.app.0.34f5582_r7_ad1|416,1302,1900,1480|
9307486|WindowsForms10.SCROLLBAR.app.0.34f5582_r7_ad1|418,1444,1864,1478|
8323904|WindowsForms10.SCROLLBAR.app.0.34f5582_r7_ad1|1864,1304,1898,1444|
10355696|WindowsForms10.COMBOBOX.app.0.34f5582_r7_ad1|650,476,902,518|Mach Number
10354710|WindowsForms10.COMBOBOX.app.0.34f5582_r7_ad1|412,478,638,520|CD
9634636|WindowsForms10.Window.8.app.0.34f5582_r7_ad1|380,426,1922,474|MenuStrip1
132054|WindowsForms10.Window.8.app.0.34f5582_r7_ad1|-16,-16,3616,1992|RASAero II 
132052|WindowsForms10.Window.8.app.0.34f5582_r7_ad1|0,168,3600,1978|
131938|WindowsForms10.Window.8.app.0.34f5582_r7_ad1|0,168,3600,438|
263020|WindowsForms10.EDIT.app.0.34f5582_r7_ad1|340,188,1282,270|Hbev-gentle
328648|WindowsForms10.EDIT.app.0.34f5582_r7_ad1|418,294,1162,376|Motor: I500T-14A  (AT)  Loaded Wt. (lb) 14.5064
132048|WindowsForms10.LISTBOX.app.0.34f5582_r7_ad1|18,188,316,378|
197574|WindowsForms10.Window.8.app.0.34f5582_r7_ad1|0,446,3600,1978|
197562|WindowsForms10.Window.8.app.0.34f5582_r7_ad1|1780,1902,1906,1942|
263104|WindowsForms10.EDIT.app.0.34f5582_r7_ad1|1784,1906,1902,1938|0.00
197578|WindowsForms10.STATIC.app.0.34f5582_r7_ad1|642,1906,2794,1934|Mach
131936|WindowsForms10.Window.8.app.0.34f5582_r7_ad1|18,454,3592,1834|
132056|WindowsForms10.Window.8.app.0.34f5582_r7_ad1|4,1846,3600,1932|
197438|WindowsForms10.Window.8.app.0.34f5582_r7_ad1|0,94,3600,162|ToolStrip1
197598|WindowsForms10.Window.8.app.0.34f5582_r7_ad1|0,46,3600,94|MenuStrip1
9306904|WindowsForms10.Window.8.app.0.34f5582_r7_ad1|364,364,1938,1518|Aero Plots
10551382|WindowsForms10.STATIC.app.0.34f5582_r7_ad1|930,484,1102,518|Plot Data to:
8520586|WindowsForms10.COMBOBOX.app.0.34f5582_r7_ad1|1112,480,1284,522|Mach 25
10551776|WindowsForms10.Window.8.app.0.34f5582_r7_ad1|404,546,1954,1492|
8912978|WindowsForms10.Window.8.app.0.34f5582_r7_ad1|404,546,1954,1290|
5375342|WindowsForms10.Window.8.app.0.34f5582_r7_ad1|412,576,1922,1282|
8847590|WindowsForms10.Window.8.app.0.34f5582_r7_ad1|404,1298,1954,1492|
10617730|WindowsForms10.Window.8.app.0.34f5582_r7_ad1|416,1302,1900,1480|
9307486|WindowsForms10.SCROLLBAR.app.0.34f5582_r7_ad1|418,1444,1864,1478|
8323904|WindowsForms10.SCROLLBAR.app.0.34f5582_r7_ad1|1864,1304,1898,1444|
10355696|WindowsForms10.COMBOBOX.app.0.34f5582_r7_ad1|650,476,902,518|Mach Number
10354710|WindowsForms10.COMBOBOX.app.0.34f5582_r7_ad1|412,478,638,520|CD
9634636|WindowsForms10.Window.8.app.0.34f5582_r7_ad1|380,426,1922,474|MenuStrip1
132054|WindowsForms10.Window.8.app.0.34f5582_r7_ad1|-16,-16,3616,1992|RASAero II 
132052|WindowsForms10.Window.8.app.0.34f5582_r7_ad1|0,168,3600,1978|
131938|WindowsForms10.Window.8.app.0.34f5582_r7_ad1|0,168,3600,438|
263020|WindowsForms10.EDIT.app.0.34f5582_r7_ad1|340,188,1282,270|Hbev-gentle
328648|WindowsForms10.EDIT.app.0.34f5582_r7_ad1|418,294,1162,376|Motor: I500T-14A  (AT)  Loaded Wt. (lb) 14.5064
132048|WindowsForms10.LISTBOX.app.0.34f5582_r7_ad1|18,188,316,378|
197574|WindowsForms10.Window.8.app.0.34f5582_r7_ad1|0,446,3600,1978|
197562|WindowsForms10.Window.8.app.0.34f5582_r7_ad1|1780,1902,1906,1942|
263104|WindowsForms10.EDIT.app.0.34f5582_r7_ad1|1784,1906,1902,1938|0.00
197578|WindowsForms10.STATIC.app.0.34f5582_r7_ad1|642,1906,2794,1934|Mach
131936|WindowsForms10.Window.8.app.0.34f5582_r7_ad1|18,454,3592,1834|
132056|WindowsForms10.Window.8.app.0.34f5582_r7_ad1|4,1846,3600,1932|
197438|WindowsForms10.Window.8.app.0.34f5582_r7_ad1|0,94,3600,162|ToolStrip1
197598|WindowsForms10.Window.8.app.0.34f5582_r7_ad1|0,46,3600,94|MenuStrip1
9306904|WindowsForms10.Window.8.app.0.34f5582_r7_ad1|364,364,1938,1518|Aero Plots
10551382|WindowsForms10.STATIC.app.0.34f5582_r7_ad1|930,484,1102,518|Plot Data to:
8520586|WindowsForms10.COMBOBOX.app.0.34f5582_r7_ad1|1112,480,1284,522|Mach 25
10551776|WindowsForms10.Window.8.app.0.34f5582_r7_ad1|404,546,1954,1492|
8912978|WindowsForms10.Window.8.app.0.34f5582_r7_ad1|404,546,1954,1290|
5375342|WindowsForms10.Window.8.app.0.34f5582_r7_ad1|412,576,1922,1282|
8847590|WindowsForms10.Window.8.app.0.34f5582_r7_ad1|404,1298,1954,1492|
10617730|WindowsForms10.Window.8.app.0.34f5582_r7_ad1|416,1302,1900,1480|
9307486|WindowsForms10.SCROLLBAR.app.0.34f5582_r7_ad1|418,1444,1864,1478|
8323904|WindowsForms10.SCROLLBAR.app.0.34f5582_r7_ad1|1864,1304,1898,1444|
10355696|WindowsForms10.COMBOBOX.app.0.34f5582_r7_ad1|650,476,902,518|Mach Number
10354710|WindowsForms10.COMBOBOX.app.0.34f5582_r7_ad1|412,478,638,520|CD
9634636|WindowsForms10.Window.8.app.0.34f5582_r7_ad1|380,426,1922,474|MenuStrip1
132054|WindowsForms10.Window.8.app.0.34f5582_r7_ad1|-16,-16,3616,1992|RASAero II 
132052|WindowsForms10.Window.8.app.0.34f5582_r7_ad1|0,168,3600,1978|
131938|WindowsForms10.Window.8.app.0.34f5582_r7_ad1|0,168,3600,438|
263020|WindowsForms10.EDIT.app.0.34f5582_r7_ad1|340,188,1282,270|Hbev-gentle
328648|WindowsForms10.EDIT.app.0.34f5582_r7_ad1|418,294,1162,376|Motor: I500T-14A  (AT)  Loaded Wt. (lb) 14.5064
132048|WindowsForms10.LISTBOX.app.0.34f5582_r7_ad1|18,188,316,378|
197574|WindowsForms10.Window.8.app.0.34f5582_r7_ad1|0,446,3600,1978|
197562|WindowsForms10.Window.8.app.0.34f5582_r7_ad1|1780,1902,1906,1942|
263104|WindowsForms10.EDIT.app.0.34f5582_r7_ad1|1784,1906,1902,1938|0.00
197578|WindowsForms10.STATIC.app.0.34f5582_r7_ad1|642,1906,2794,1934|Mach
131936|WindowsForms10.Window.8.app.0.34f5582_r7_ad1|18,454,3592,1834|
132056|WindowsForms10.Window.8.app.0.34f5582_r7_ad1|4,1846,3600,1932|
197438|WindowsForms10.Window.8.app.0.34f5582_r7_ad1|0,94,3600,162|ToolStrip1
197598|WindowsForms10.Window.8.app.0.34f5582_r7_ad1|0,46,3600,94|MenuStrip1
EXPORTED Hbev-gentle
