4980984|WindowsForms10.Window.8.app.0.34f5582_r7_ad1|52,52,1626,1206|Aero Plots
5703014|WindowsForms10.STATIC.app.0.34f5582_r7_ad1|618,172,790,206|Plot Data to:
5898804|WindowsForms10.COMBOBOX.app.0.34f5582_r7_ad1|800,168,972,210|Mach 25
4981216|WindowsForms10.Window.8.app.0.34f5582_r7_ad1|92,234,1642,1180|
4128904|WindowsForms10.Window.8.app.0.34f5582_r7_ad1|92,234,1642,978|
3212652|WindowsForms10.Window.8.app.0.34f5582_r7_ad1|100,264,1610,970|
5308470|WindowsForms10.Window.8.app.0.34f5582_r7_ad1|92,986,1642,1180|
5898454|WindowsForms10.Window.8.app.0.34f5582_r7_ad1|104,990,1588,1168|
5243090|WindowsForms10.SCROLLBAR.app.0.34f5582_r7_ad1|106,1132,1552,1166|
4980824|WindowsForms10.SCROLLBAR.app.0.34f5582_r7_ad1|1552,992,1586,1132|
4916128|WindowsForms10.COMBOBOX.app.0.34f5582_r7_ad1|338,164,590,206|Mach Number
4718822|WindowsForms10.COMBOBOX.app.0.34f5582_r7_ad1|100,166,326,208|CD
5046462|WindowsForms10.Window.8.app.0.34f5582_r7_ad1|68,114,1610,162|MenuStrip1
132054|WindowsForms10.Window.8.app.0.34f5582_r7_ad1|-16,-16,3616,1992|RASAero II 
132052|WindowsForms10.Window.8.app.0.34f5582_r7_ad1|0,168,3600,1978|
131938|WindowsForms10.Window.8.app.0.34f5582_r7_ad1|0,168,3600,438|
263020|WindowsForms10.EDIT.app.0.34f5582_r7_ad1|340,188,1282,270|B05-slender-bevel-turbulent
328648|WindowsForms10.EDIT.app.0.34f5582_r7_ad1|418,294,1162,376|Motor: I500T-14A  (AT)  Loaded Wt. (lb) 3.4833
132048|WindowsForms10.LISTBOX.app.0.34f5582_r7_ad1|18,188,316,378|
197574|WindowsForms10.Window.8.app.0.34f5582_r7_ad1|0,446,3600,1978|
197562|WindowsForms10.Window.8.app.0.34f5582_r7_ad1|1780,1902,1906,1942|
263104|WindowsForms10.EDIT.app.0.34f5582_r7_ad1|1784,1906,1902,1938|0.00
197578|WindowsForms10.STATIC.app.0.34f5582_r7_ad1|642,1906,2794,1934|Mach
131936|WindowsForms10.Window.8.app.0.34f5582_r7_ad1|18,454,3592,1834|
132056|WindowsForms10.Window.8.app.0.34f5582_r7_ad1|4,1846,3600,1932|
197438|WindowsForms10.Window.8.app.0.34f5582_r7_ad1|0,94,3600,162|ToolStrip1
197598|WindowsForms10.Window.8.app.0.34f5582_r7_ad1|0,46,3600,94|MenuStrip1
132054|WindowsForms10.Window.8.app.0.34f5582_r7_ad1|-16,-16,3616,1992|RASAero II 
132052|WindowsForms10.Window.8.app.0.34f5582_r7_ad1|0,168,3600,1978|
131938|WindowsForms10.Window.8.app.0.34f5582_r7_ad1|0,168,3600,438|
263020|WindowsForms10.EDIT.app.0.34f5582_r7_ad1|340,188,1282,270|Hsq
328648|WindowsForms10.EDIT.app.0.34f5582_r7_ad1|418,294,1162,376|Motor: I500T-14A  (AT)  Loaded Wt. (lb) 14.5064
132048|WindowsForms10.LISTBOX.app.0.34f5582_r7_ad1|18,188,316,378|
197574|WindowsForms10.Window.8.app.0.34f5582_r7_ad1|0,446,3600,1978|
197562|WindowsForms10.Window.8.app.0.34f5582_r7_ad1|1780,1902,1906,1942|
263104|WindowsForms10.EDIT.app.0.34f5582_r7_ad1|1784,1906,1902,1938|0.00
197578|WindowsForms10.STATIC.app.0.34f5582_r7_ad1|642,1906,2794,1934|Mach
131936|WindowsForms10.Window.8.app.0.34f5582_r7_ad1|18,454,3592,1834|
132056|WindowsForms10.Window.8.app.0.34f5582_r7_ad1|4,1846,3600,1932|
197438|WindowsForms10.Window.8.app.0.34f5582_r7_ad1|0,94,3600,162|ToolStrip1
197598|WindowsForms10.Window.8.app.0.34f5582_r7_ad1|0,46,3600,94|MenuStrip1
132054|WindowsForms10.Window.8.app.0.34f5582_r7_ad1|-16,-16,3616,1992|RASAero II 
132052|WindowsForms10.Window.8.app.0.34f5582_r7_ad1|0,168,3600,1978|
131938|WindowsForms10.Window.8.app.0.34f5582_r7_ad1|0,168,3600,438|
263020|WindowsForms10.EDIT.app.0.34f5582_r7_ad1|340,188,1282,270|Hsq
328648|WindowsForms10.EDIT.app.0.34f5582_r7_ad1|418,294,1162,376|Motor: I500T-14A  (AT)  Loaded Wt. (lb) 14.5064
132048|WindowsForms10.LISTBOX.app.0.34f5582_r7_ad1|18,188,316,378|
197574|WindowsForms10.Window.8.app.0.34f5582_r7_ad1|0,446,3600,1978|
197562|WindowsForms10.Window.8.app.0.34f5582_r7_ad1|1780,1902,1906,1942|
263104|WindowsForms10.EDIT.app.0.34f5582_r7_ad1|1784,1906,1902,1938|0.00
197578|WindowsForms10.STATIC.app.0.34f5582_r7_ad1|642,1906,2794,1934|Mach
131936|WindowsForms10.Window.8.app.0.34f5582_r7_ad1|18,454,3592,1834|
132056|WindowsForms10.Window.8.app.0.34f5582_r7_ad1|4,1846,3600,1932|
197438|WindowsForms10.Window.8.app.0.34f5582_r7_ad1|0,94,3600,162|ToolStrip1
197598|WindowsForms10.Window.8.app.0.34f5582_r7_ad1|0,46,3600,94|MenuStrip1
5047200|WindowsForms10.Window.8.app.0.34f5582_r7_ad1|104,104,1678,1258|Aero Plots
4849894|WindowsForms10.STATIC.app.0.34f5582_r7_ad1|670,224,842,258|Plot Data to:
7602660|WindowsForms10.COMBOBOX.app.0.34f5582_r7_ad1|852,220,1024,262|Mach 25
5834086|WindowsForms10.Window.8.app.0.34f5582_r7_ad1|144,286,1694,1232|
6029876|WindowsForms10.Window.8.app.0.34f5582_r7_ad1|144,286,1694,1030|
8848554|WindowsForms10.Window.8.app.0.34f5582_r7_ad1|152,316,1662,1022|
6292008|WindowsForms10.Window.8.app.0.34f5582_r7_ad1|144,1038,1694,1232|
3868010|WindowsForms10.Window.8.app.0.34f5582_r7_ad1|156,1042,1640,1220|
5112288|WindowsForms10.SCROLLBAR.app.0.34f5582_r7_ad1|158,1184,1604,1218|
4785068|WindowsForms10.SCROLLBAR.app.0.34f5582_r7_ad1|1604,1044,1638,1184|
6029526|WindowsForms10.COMBOBOX.app.0.34f5582_r7_ad1|390,216,642,258|Mach Number
5374162|WindowsForms10.COMBOBOX.app.0.34f5582_r7_ad1|152,218,378,260|CD
5308924|WindowsForms10.Window.8.app.0.34f5582_r7_ad1|120,166,1662,214|MenuStrip1
132054|WindowsForms10.Window.8.app.0.34f5582_r7_ad1|-16,-16,3616,1992|RASAero II 
132052|WindowsForms10.Window.8.app.0.34f5582_r7_ad1|0,168,3600,1978|
131938|WindowsForms10.Window.8.app.0.34f5582_r7_ad1|0,168,3600,438|
263020|WindowsForms10.EDIT.app.0.34f5582_r7_ad1|340,188,1282,270|Hsq
328648|WindowsForms10.EDIT.app.0.34f5582_r7_ad1|418,294,1162,376|Motor: I500T-14A  (AT)  Loaded Wt. (lb) 14.5064
132048|WindowsForms10.LISTBOX.app.0.34f5582_r7_ad1|18,188,316,378|
197574|WindowsForms10.Window.8.app.0.34f5582_r7_ad1|0,446,3600,1978|
197562|WindowsForms10.Window.8.app.0.34f5582_r7_ad1|1780,1902,1906,1942|
263104|WindowsForms10.EDIT.app.0.34f5582_r7_ad1|1784,1906,1902,1938|0.00
197578|WindowsForms10.STATIC.app.0.34f5582_r7_ad1|642,1906,2794,1934|Mach
131936|WindowsForms10.Window.8.app.0.34f5582_r7_ad1|18,454,3592,1834|
132056|WindowsForms10.Window.8.app.0.34f5582_r7_ad1|4,1846,3600,1932|
197438|WindowsForms10.Window.8.app.0.34f5582_r7_ad1|0,94,3600,162|ToolStrip1
197598|WindowsForms10.Window.8.app.0.34f5582_r7_ad1|0,46,3600,94|MenuStrip1
5047200|WindowsForms10.Window.8.app.0.34f5582_r7_ad1|104,104,1678,1258|Aero Plots
4849894|WindowsForms10.STATIC.app.0.34f5582_r7_ad1|670,224,842,258|Plot Data to:
7602660|WindowsForms10.COMBOBOX.app.0.34f5582_r7_ad1|852,220,1024,262|Mach 25
5834086|WindowsForms10.Window.8.app.0.34f5582_r7_ad1|144,286,1694,1232|
6029876|WindowsForms10.Window.8.app.0.34f5582_r7_ad1|144,286,1694,1030|
8848554|WindowsForms10.Window.8.app.0.34f5582_r7_ad1|152,316,1662,1022|
6292008|WindowsForms10.Window.8.app.0.34f5582_r7_ad1|144,1038,1694,1232|
3868010|WindowsForms10.Window.8.app.0.34f5582_r7_ad1|156,1042,1640,1220|
5112288|WindowsForms10.SCROLLBAR.app.0.34f5582_r7_ad1|158,1184,1604,1218|
4785068|WindowsForms10.SCROLLBAR.app.0.34f5582_r7_ad1|1604,1044,1638,1184|
6029526|WindowsForms10.COMBOBOX.app.0.34f5582_r7_ad1|390,216,642,258|Mach Number
5374162|WindowsForms10.COMBOBOX.app.0.34f5582_r7_ad1|152,218,378,260|CD
5308924|WindowsForms10.Window.8.app.0.34f5582_r7_ad1|120,166,1662,214|MenuStrip1
132054|WindowsForms10.Window.8.app.0.34f5582_r7_ad1|-16,-16,3616,1992|RASAero II 
132052|WindowsForms10.Window.8.app.0.34f5582_r7_ad1|0,168,3600,1978|
131938|WindowsForms10.Window.8.app.0.34f5582_r7_ad1|0,168,3600,438|
263020|WindowsForms10.EDIT.app.0.34f5582_r7_ad1|340,188,1282,270|Hsq
328648|WindowsForms10.EDIT.app.0.34f5582_r7_ad1|418,294,1162,376|Motor: I500T-14A  (AT)  Loaded Wt. (lb) 14.5064
132048|WindowsForms10.LISTBOX.app.0.34f5582_r7_ad1|18,188,316,378|
197574|WindowsForms10.Window.8.app.0.34f5582_r7_ad1|0,446,3600,1978|
197562|WindowsForms10.Window.8.app.0.34f5582_r7_ad1|1780,1902,1906,1942|
263104|WindowsForms10.EDIT.app.0.34f5582_r7_ad1|1784,1906,1902,1938|0.00
197578|WindowsForms10.STATIC.app.0.34f5582_r7_ad1|642,1906,2794,1934|Mach
131936|WindowsForms10.Window.8.app.0.34f5582_r7_ad1|18,454,3592,1834|
132056|WindowsForms10.Window.8.app.0.34f5582_r7_ad1|4,1846,3600,1932|
197438|WindowsForms10.Window.8.app.0.34f5582_r7_ad1|0,94,3600,162|ToolStrip1
197598|WindowsForms10.Window.8.app.0.34f5582_r7_ad1|0,46,3600,94|MenuStrip1
5047200|WindowsForms10.Window.8.app.0.34f5582_r7_ad1|104,104,1678,1258|Aero Plots
4849894|WindowsForms10.STATIC.app.0.34f5582_r7_ad1|670,224,842,258|Plot Data to:
7602660|WindowsForms10.COMBOBOX.app.0.34f5582_r7_ad1|852,220,1024,262|Mach 25
5834086|WindowsForms10.Window.8.app.0.34f5582_r7_ad1|144,286,1694,1232|
6029876|WindowsForms10.Window.8.app.0.34f5582_r7_ad1|144,286,1694,1030|
8848554|WindowsForms10.Window.8.app.0.34f5582_r7_ad1|152,316,1662,1022|
6292008|WindowsForms10.Window.8.app.0.34f5582_r7_ad1|144,1038,1694,1232|
3868010|WindowsForms10.Window.8.app.0.34f5582_r7_ad1|156,1042,1640,1220|
5112288|WindowsForms10.SCROLLBAR.app.0.34f5582_r7_ad1|158,1184,1604,1218|
4785068|WindowsForms10.SCROLLBAR.app.0.34f5582_r7_ad1|1604,1044,1638,1184|
6029526|WindowsForms10.COMBOBOX.app.0.34f5582_r7_ad1|390,216,642,258|Mach Number
5374162|WindowsForms10.COMBOBOX.app.0.34f5582_r7_ad1|152,218,378,260|CD
5308924|WindowsForms10.Window.8.app.0.34f5582_r7_ad1|120,166,1662,214|MenuStrip1
132054|WindowsForms10.Window.8.app.0.34f5582_r7_ad1|-16,-16,3616,1992|RASAero II 
132052|WindowsForms10.Window.8.app.0.34f5582_r7_ad1|0,168,3600,1978|
131938|WindowsForms10.Window.8.app.0.34f5582_r7_ad1|0,168,3600,438|
263020|WindowsForms10.EDIT.app.0.34f5582_r7_ad1|340,188,1282,270|Hsq
328648|WindowsForms10.EDIT.app.0.34f5582_r7_ad1|418,294,1162,376|Motor: I500T-14A  (AT)  Loaded Wt. (lb) 14.5064
132048|WindowsForms10.LISTBOX.app.0.34f5582_r7_ad1|18,188,316,378|
197574|WindowsForms10.Window.8.app.0.34f5582_r7_ad1|0,446,3600,1978|
197562|WindowsForms10.Window.8.app.0.34f5582_r7_ad1|1780,1902,1906,1942|
263104|WindowsForms10.EDIT.app.0.34f5582_r7_ad1|1784,1906,1902,1938|0.00
197578|WindowsForms10.STATIC.app.0.34f5582_r7_ad1|642,1906,2794,1934|Mach
131936|WindowsForms10.Window.8.app.0.34f5582_r7_ad1|18,454,3592,1834|
132056|WindowsForms10.Window.8.app.0.34f5582_r7_ad1|4,1846,3600,1932|
197438|WindowsForms10.Window.8.app.0.34f5582_r7_ad1|0,94,3600,162|ToolStrip1
197598|WindowsForms10.Window.8.app.0.34f5582_r7_ad1|0,46,3600,94|MenuStrip1
EXPORTED Hsq
