
 Ansys Mechanical Enterprise Academic Research     


 *------------------------------------------------------------------*
 |                                                                  |
 |   W E L C O M E   T O   T H E   A N S Y S (R)  P R O G R A M     |
 |                                                                  |
 *------------------------------------------------------------------*




 ***************************************************************
 *         ANSYS MAPDL 2026 R1.02       LEGAL NOTICES          *
 ***************************************************************
 *                                                             *
 * Copyright (c) 2026 Synopsys, Inc. and ANSYS, Inc.           *
 * All rights reserved.                                        *
 * Unauthorized use, distribution or duplication is            *
 * prohibited.                                                 *
 *                                                             *
 * Ansys is a registered trademark of Ansys, Inc. or its       *
 * subsidiaries in the United States or other countries.       *
 * See the Ansys, Inc. online documentation or the Ansys, Inc. *
 * documentation CD or online help for the complete Legal      *
 * Notice.                                                     *
 *                                                             *
 ***************************************************************
 *                                                             *
 * THIS ANSYS SOFTWARE PRODUCT AND PROGRAM DOCUMENTATION       *
 * INCLUDE TRADE SECRETS AND CONFIDENTIAL AND PROPRIETARY      *
 * PRODUCTS OF ANSYS, INC., ITS SUBSIDIARIES, OR LICENSORS.    *
 * The software products and documentation are furnished by    *
 * Ansys, Inc. or its subsidiaries under a software license    *
 * agreement that contains provisions concerning               *
 * non-disclosure, copying, length and nature of use,          *
 * compliance with exporting laws, warranties, disclaimers,    *
 * limitations of liability, and remedies, and other           *
 * provisions.  The software products and documentation may be *
 * used, disclosed, transferred, or copied only in accordance  *
 * with the terms and conditions of that software license      *
 * agreement.                                                  *
 *                                                             *
 * Ansys, Inc. is a UL registered                              *
 * ISO 9001:2015 company.                                      *
 *                                                             *
 ***************************************************************
 *                                                             *
 * This product is subject to U.S. laws governing export and   *
 * re-export.                                                  *
 *                                                             *
 * For U.S. Government users, except as specifically granted   *
 * by the Ansys, Inc. software license agreement, the use,     *
 * duplication, or disclosure by the United States Government  *
 * is subject to restrictions stated in the Ansys, Inc.        *
 * software license agreement and FAR 12.212 (for non-DOD      *
 * licenses).                                                  *
 *                                                             *
 ***************************************************************

 2026 R1.02  
     
 Point Releases and Patches installed:   
     
 Ansys Service Pack 2026 R1.01   
 Ansys Service Pack 2026 R1.02   
 Ansys, Inc. License Manager 2026 R1 
 Ansys, Inc. License Manager 2026 R1.01  
 Ansys, Inc. License Manager 2026 R1.02  
 Discovery (reduced install) 2026 R1 
 Discovery (reduced install) 2026 R1.01  
 Discovery (reduced install) 2026 R1.02  
 Core WB Files 2026 R1   
 Core WB Files 2026 R1.01
 Core WB Files 2026 R1.02
 BladeModeler 2026 R1
 BladeModeler 2026 R1.01 
 BladeModeler 2026 R1.02 
 CFX (includes CFD-Post) 2026 R1 
 CFX (includes CFD-Post) 2026 R1.01  
 CFX (includes CFD-Post) 2026 R1.02  
 CFD-Post only 2026 R1   
 CFD-Post only 2026 R1.01
 CFD-Post only 2026 R1.02
 Chemkin 2026 R1 
 Chemkin 2026 R1.01  
 Chemkin 2026 R1.02  
 EnSight 2026 R1 
 EnSight 2026 R1.01  
 EnSight 2026 R1.02  
 FENSAP-ICE 2026 R1  
 FENSAP-ICE 2026 R1.01   
 FENSAP-ICE 2026 R1.02   
 Fluent (includes CFD-Post) 2026 R1  
 Fluent (includes CFD-Post) 2026 R1.01   
 Fluent (includes CFD-Post) 2026 R1.02   
 Polyflow (includes CFD-Post) 2026 R1
 Polyflow (includes CFD-Post) 2026 R1.01 
 Polyflow (includes CFD-Post) 2026 R1.02 
 Forte (includes EnSight) 2026 R1
 Forte (includes EnSight) 2026 R1.01 
 Forte (includes EnSight) 2026 R1.02 
 ICEM CFD 2026 R1
 ICEM CFD 2026 R1.01 
 ICEM CFD 2026 R1.02 
 RBF Morph Fluids UDF 2026 R1
 RBF Morph Fluids UDF 2026 R1.01 
 RBF Morph Fluids UDF 2026 R1.02 
 RBF Morph Libraries 2026 R1 
 RBF Morph Libraries 2026 R1.01  
 RBF Morph Libraries 2026 R1.02  
 Rocky 2026 R1   
 Rocky 2026 R1.01
 Rocky 2026 R1.02
 Thermal Desktop: AutoCAD 2026 R1
 Thermal Desktop: AutoCAD 2026 R1.01 
 Thermal Desktop: AutoCAD 2026 R1.02 
 Thermal Desktop: Thermal Desktop and TD Designer  2026 R1   
 Thermal Desktop: Thermal Desktop and TD Designer  2026 R1.01
 Thermal Desktop: Thermal Desktop and TD Designer  2026 R1.02
 Thermal Desktop: Sinda Solver 2026 R1   
 Thermal Desktop: Sinda Solver 2026 R1.01
 Thermal Desktop: Sinda Solver 2026 R1.02
 TurboGrid 2026 R1   
 TurboGrid 2026 R1.01
 TurboGrid 2026 R1.02
 Granta EduPack 2026 R1  
 Granta EduPack 2026 R1.01   
 Granta EduPack 2026 R1.02   
 Granta Selector 2026 R1 
 Granta Selector 2026 R1.01  
 Granta Selector 2026 R1.02  
 Dynamic Reporting 2026 R1   
 Dynamic Reporting 2026 R1.01
 Dynamic Reporting 2026 R1.02
 Remote Solve Manager Standalone Services 2026 R1
 Remote Solve Manager Standalone Services 2026 R1.01 
 Remote Solve Manager Standalone Services 2026 R1.02 
 Aqwa 2026 R1
 Aqwa 2026 R1.01 
 Aqwa 2026 R1.02 
 Autodyn 2026 R1 
 Autodyn 2026 R1.01  
 Autodyn 2026 R1.02  
 Customization Files for User Programmable Features 2026 R1  
 Customization Files for User Programmable Features 2026 R1.01   
 Customization Files for User Programmable Features 2026 R1.02   
 LS-DYNA 2026 R1 
 LS-DYNA 2026 R1.01  
 LS-DYNA 2026 R1.02  
 Material Calibration App 2026 R1
 Material Calibration App 2026 R1.01 
 Material Calibration App 2026 R1.02 
 Material Designer 2026 R1   
 Material Designer 2026 R1.01
 Material Designer 2026 R1.02
 Mechanical Products 2026 R1 
 Mechanical Products 2026 R1.01  
 Mechanical Products 2026 R1.02  
 Motion 2026 R1  
 Motion 2026 R1.01   
 Motion 2026 R1.02   
 RBF Morph 2026 R1   
 RBF Morph 2026 R1.01
 RBF Morph 2026 R1.02
 Sherlock 2026 R1
 Sherlock 2026 R1.01 
 Sherlock 2026 R1.02 
 Sound - SAS 2026 R1 
 Sound - SAS 2026 R1.01  
 Sound - SAS 2026 R1.02  
 ACIS Geometry Interface 2026 R1 
 ACIS Geometry Interface 2026 R1.01  
 ACIS Geometry Interface 2026 R1.02  
 AutoCAD Geometry Interface 2026 R1  
 AutoCAD Geometry Interface 2026 R1.01   
 AutoCAD Geometry Interface 2026 R1.02   
 Catia, Version 4 Geometry Interface 2026 R1 
 Catia, Version 4 Geometry Interface 2026 R1.01  
 Catia, Version 4 Geometry Interface 2026 R1.02  
 Catia, Version 5 Geometry Interface 2026 R1 
 Catia, Version 5 Geometry Interface 2026 R1.01  
 Catia, Version 5 Geometry Interface 2026 R1.02  
 Catia, Version 6 Geometry Interface 2026 R1 
 Catia, Version 6 Geometry Interface 2026 R1.01  
 Catia, Version 6 Geometry Interface 2026 R1.02  
 Creo Elements/Direct Modeling Geometry Interface 2026 R1
 Creo Elements/Direct Modeling Geometry Interface 2026 R1.01 
 Creo Elements/Direct Modeling Geometry Interface 2026 R1.02 
 Creo Parametric Geometry Interface 2026 R1  
 Creo Parametric Geometry Interface 2026 R1.01   
 Creo Parametric Geometry Interface 2026 R1.02   
 Inventor Geometry Interface 2026 R1 
 Inventor Geometry Interface 2026 R1.01  
 Inventor Geometry Interface 2026 R1.02  
 JTOpen Geometry Interface 2026 R1   
 JTOpen Geometry Interface 2026 R1.01
 JTOpen Geometry Interface 2026 R1.02
 NX Geometry Interface 2026 R1   
 NX Geometry Interface 2026 R1.01
 NX Geometry Interface 2026 R1.02
 Parasolid Geometry Interface  2026 R1   
 Parasolid Geometry Interface  2026 R1.01
 Parasolid Geometry Interface  2026 R1.02
 Solid Edge Geometry Interface 2026 R1   
 Solid Edge Geometry Interface 2026 R1.01
 Solid Edge Geometry Interface 2026 R1.02
 SOLIDWORKS Geometry Interface 2026 R1   
 SOLIDWORKS Geometry Interface 2026 R1.01
 SOLIDWORKS Geometry Interface 2026 R1.02


          *****  MAPDL COMMAND LINE ARGUMENTS  *****
  INITIAL JOBNAME              = file                                                                                                                                                                                                                                                    
  BATCH MODE REQUESTED (-b)    = NOLIST
  INPUT FILE COPY MODE (-c)    = COPY
  SHARED MEMORY PARALLEL REQUESTED
    SINGLE PROCESS WITH SINGLE THREAD REQUESTED
    TOTAL OF     1 CORES REQUESTED
  INPUT FILE NAME              = C:\Temp\PBMotion_20261005_stress_merged_proof\run.dat
  OUTPUT FILE NAME             = C:\Temp\PBMotion_20261005_stress_merged_proof\run.out

 RELEASE= 2026 R1.02           BUILD= 26.1      UP20260202   VERSION=WINDOWS x64 
 CURRENT JOBNAME=file  12:01:48  OCT 06, 2026  Elapsed Time=       0.141


 RUN SETUP PROCEDURE FROM FILE= C:\Program Files\ANSYS Inc\v261\Ansys\apdl\start.ans

 /INPUT FILE= C:\Program Files\ANSYS Inc\v261\Ansys\apdl\start.ans  LINE=       0

 RESUME ANSYS DATA FROM FILE NAME=file.db                                                                                                                                                                                                                                                             

 *** MAPDL GLOBAL STATUS *** 

 TITLE = powerboardsim_v1--RANDOM VIBE - expanded prestressed modal basis (C5) 
 ANALYSIS TYPE =  MODAL                
       646 ELEM TYPES DEFINED    MAX ELEM TYPE NUMBER =           651
    248516 ELEMENTS DEFINED      MAX ELEMENT NUMBER =          341323
    369590 NODES DEFINED         MAX NODE NUMBER =             379902
       208 MATERIALS DEFINED     MAX MATERIAL NUMBER =            208
       426 REAL CONSTS DEFINED   MAX REAL CONST NUMBER =          651
         6 SECTIONS DEFINED      MAX SECTION NUMBER =             649
         6 COORD SYS DEFINED     MAX COORD SYS NUMBER =            17
 
 ACTIVE COORDINATE SYSTEM             =          0  (CARTESIAN)
 NUMBER OF DEFINED NODAL CONSTRAINTS  =       2349
 NUMBER OF DEFINED NODAL LOADS        =          0
 NUMBER OF DEFINED COMPONENTS         =         20
 NUMBER OF DEFINED ELEM SURFACE LOADS =          0
 NUMBER OF DEFINED ELEM BODY LOADS    =          0
 NUMBER OF DEFINED NODE BODY FORCES   =          0
 CURRENT LOAD CASE =      0 OF      0
 LOAD SET   =       1
 SUBSTEP    =      38
 TIME/FREQ  =    2.0000    

 INITIAL JOBNAME = file
 CURRENT JOBNAME = file

 SELECT ALL ENTITIES OF TYPE= ALL  AND BELOW

 *** MAPDL - ENGINEERING ANALYSIS SYSTEM  RELEASE 2026 R1.02       26.1     ***
 Ansys Mechanical Enterprise Academic Research     
 01196637  VERSION=WINDOWS x64   12:01:49  OCT 06, 2026 Elapsed Time=      6.437

 powerboardsim_v1--RANDOM VIBE - expanded prestressed modal basis (C5)         



          ***** MAPDL RESULTS INTERPRETATION (POST1) *****

 *** NOTE ***                            ELAPSED TIME =       6.437   TIME= 12:01:49
 Reading results into the database (SET command) will update the current 
 displacement and force boundary conditions in the database with the     
 values from the results file for that load set.  Note that any          
 subsequent solutions will use these values unless action is taken to    
 either SAVE the current values or not overwrite them (/EXIT,NOSAVE).    

 *** NOTE ***                            ELAPSED TIME =       6.437   TIME= 12:01:49
 The nodal coordinates were updated from their original locations during 
 a prior operation (an explicit UPCOORD or UPGEOM, or a linear           
 perturbation analysis).                                                 

 SET DATABASE INPUT CONTROL TO ACCESS RESULTS FILE DATA FOR :
  NSOL    strs                                                    

 RSYS KEY SET TO SOLU

 USE THE SOLUTION PHASE COORDINATE SYSTEMS FOR SOLUTION RESULTS

 SELECT       FOR ITEM=ELEM COMPONENT=    
  IN RANGE     73331 TO     112344 STEP          1

      39014  ELEMENTS (OF     248516  DEFINED) SELECTED BY  ESEL  COMMAND.

 ALL SELECT   FOR ITEM=NODE COMPONENT=    
  IN RANGE         1 TO     379902 STEP          1

     369590  NODES (OF     369590  DEFINED) SELECTED BY NSEL  COMMAND.

 LOAD CASE   1 IS LOAD STEP     1  SUBSTEP     1  COMPLEX=  0
 FILE= shape01.lcs                                                                                                                                                                                                                                                         
 powerboardsim_v1--RANDOM VIBE - expanded prestressed modal basis (C5)   
                                                                         

 LOAD CASE   2 IS LOAD STEP     2  SUBSTEP     1  COMPLEX=  0
 FILE= shape02.lcs                                                                                                                                                                                                                                                         
 powerboardsim_v1--RANDOM VIBE - expanded prestressed modal basis (C5)   
                                                                         

 LOAD CASE   3 IS LOAD STEP     3  SUBSTEP     1  COMPLEX=  0
 FILE= shape03.lcs                                                                                                                                                                                                                                                         
 powerboardsim_v1--RANDOM VIBE - expanded prestressed modal basis (C5)   
                                                                         

 LOAD CASE   4 IS LOAD STEP     4  SUBSTEP     1  COMPLEX=  0
 FILE= shape04.lcs                                                                                                                                                                                                                                                         
 powerboardsim_v1--RANDOM VIBE - expanded prestressed modal basis (C5)   
                                                                         

 LOAD CASE   5 IS LOAD STEP     5  SUBSTEP     1  COMPLEX=  0
 FILE= shape05.lcs                                                                                                                                                                                                                                                         
 powerboardsim_v1--RANDOM VIBE - expanded prestressed modal basis (C5)   
                                                                         

 LOAD CASE   6 IS LOAD STEP     6  SUBSTEP     1  COMPLEX=  0
 FILE= shape06.lcs                                                                                                                                                                                                                                                         
 powerboardsim_v1--RANDOM VIBE - expanded prestressed modal basis (C5)   
                                                                         

 LOAD CASE   7 IS LOAD STEP     7  SUBSTEP     1  COMPLEX=  0
 FILE= shape07.lcs                                                                                                                                                                                                                                                         
 powerboardsim_v1--RANDOM VIBE - expanded prestressed modal basis (C5)   
                                                                         

 LOAD CASE   8 IS LOAD STEP     8  SUBSTEP     1  COMPLEX=  0
 FILE= shape08.lcs                                                                                                                                                                                                                                                         
 powerboardsim_v1--RANDOM VIBE - expanded prestressed modal basis (C5)   
                                                                         

 LOAD CASE   9 IS LOAD STEP     9  SUBSTEP     1  COMPLEX=  0
 FILE= shape09.lcs                                                                                                                                                                                                                                                         
 powerboardsim_v1--RANDOM VIBE - expanded prestressed modal basis (C5)   
                                                                         

 LOAD CASE  10 IS LOAD STEP    10  SUBSTEP     1  COMPLEX=  0
 FILE= shape10.lcs                                                                                                                                                                                                                                                         
 powerboardsim_v1--RANDOM VIBE - expanded prestressed modal basis (C5)   
                                                                         

 LOAD CASE  11 IS LOAD STEP    11  SUBSTEP     1  COMPLEX=  0
 FILE= shape11.lcs                                                                                                                                                                                                                                                         
 powerboardsim_v1--RANDOM VIBE - expanded prestressed modal basis (C5)   
                                                                         

 LOAD CASE  12 IS LOAD STEP    12  SUBSTEP     1  COMPLEX=  0
 FILE= shape12.lcs                                                                                                                                                                                                                                                         
 powerboardsim_v1--RANDOM VIBE - expanded prestressed modal basis (C5)   
                                                                         

 LOAD CASE  13 IS LOAD STEP    13  SUBSTEP     1  COMPLEX=  0
 FILE= shape13.lcs                                                                                                                                                                                                                                                         
 powerboardsim_v1--RANDOM VIBE - expanded prestressed modal basis (C5)   
                                                                         

 LOAD CASE  14 IS LOAD STEP    14  SUBSTEP     1  COMPLEX=  0
 FILE= shape14.lcs                                                                                                                                                                                                                                                         
 powerboardsim_v1--RANDOM VIBE - expanded prestressed modal basis (C5)   
                                                                         

 LOAD CASE  15 IS LOAD STEP    15  SUBSTEP     1  COMPLEX=  0
 FILE= shape15.lcs                                                                                                                                                                                                                                                         
 powerboardsim_v1--RANDOM VIBE - expanded prestressed modal basis (C5)   
                                                                         

 LOAD CASE  16 IS LOAD STEP    16  SUBSTEP     1  COMPLEX=  0
 FILE= shape16.lcs                                                                                                                                                                                                                                                         
 powerboardsim_v1--RANDOM VIBE - expanded prestressed modal basis (C5)   
                                                                         

 LOAD CASE  17 IS LOAD STEP    17  SUBSTEP     1  COMPLEX=  0
 FILE= shape17.lcs                                                                                                                                                                                                                                                         
 powerboardsim_v1--RANDOM VIBE - expanded prestressed modal basis (C5)   
                                                                         

 LOAD CASE  18 IS LOAD STEP    18  SUBSTEP     1  COMPLEX=  0
 FILE= shape18.lcs                                                                                                                                                                                                                                                         
 powerboardsim_v1--RANDOM VIBE - expanded prestressed modal basis (C5)   
                                                                         

 LOAD CASE  19 IS LOAD STEP    19  SUBSTEP     1  COMPLEX=  0
 FILE= shape19.lcs                                                                                                                                                                                                                                                         
 powerboardsim_v1--RANDOM VIBE - expanded prestressed modal basis (C5)   
                                                                         

 LOAD CASE  20 IS LOAD STEP    20  SUBSTEP     1  COMPLEX=  0
 FILE= shape20.lcs                                                                                                                                                                                                                                                         
 powerboardsim_v1--RANDOM VIBE - expanded prestressed modal basis (C5)   
                                                                         

 LOAD CASE  21 IS LOAD STEP    21  SUBSTEP     1  COMPLEX=  0
 FILE= shape21.lcs                                                                                                                                                                                                                                                         
 powerboardsim_v1--RANDOM VIBE - expanded prestressed modal basis (C5)   
                                                                         

 LOAD CASE  22 IS LOAD STEP    22  SUBSTEP     1  COMPLEX=  0
 FILE= shape22.lcs                                                                                                                                                                                                                                                         
 powerboardsim_v1--RANDOM VIBE - expanded prestressed modal basis (C5)   
                                                                         

 LOAD CASE  23 IS LOAD STEP    23  SUBSTEP     1  COMPLEX=  0
 FILE= shape23.lcs                                                                                                                                                                                                                                                         
 powerboardsim_v1--RANDOM VIBE - expanded prestressed modal basis (C5)   
                                                                         

 LOAD CASE  24 IS LOAD STEP    24  SUBSTEP     1  COMPLEX=  0
 FILE= shape24.lcs                                                                                                                                                                                                                                                         
 powerboardsim_v1--RANDOM VIBE - expanded prestressed modal basis (C5)   
                                                                         

 LOAD CASE  25 IS LOAD STEP    25  SUBSTEP     1  COMPLEX=  0
 FILE= shape25.lcs                                                                                                                                                                                                                                                         
 powerboardsim_v1--RANDOM VIBE - expanded prestressed modal basis (C5)   
                                                                         

 LOAD CASE  26 IS LOAD STEP    26  SUBSTEP     1  COMPLEX=  0
 FILE= shape26.lcs                                                                                                                                                                                                                                                         
 powerboardsim_v1--RANDOM VIBE - expanded prestressed modal basis (C5)   
                                                                         

 LOAD CASE  27 IS LOAD STEP    27  SUBSTEP     1  COMPLEX=  0
 FILE= shape27.lcs                                                                                                                                                                                                                                                         
 powerboardsim_v1--RANDOM VIBE - expanded prestressed modal basis (C5)   
                                                                         

 LOAD CASE  28 IS LOAD STEP    28  SUBSTEP     1  COMPLEX=  0
 FILE= shape28.lcs                                                                                                                                                                                                                                                         
 powerboardsim_v1--RANDOM VIBE - expanded prestressed modal basis (C5)   
                                                                         

 LOAD CASE  29 IS LOAD STEP    29  SUBSTEP     1  COMPLEX=  0
 FILE= shape29.lcs                                                                                                                                                                                                                                                         
 powerboardsim_v1--RANDOM VIBE - expanded prestressed modal basis (C5)   
                                                                         

 LOAD CASE  30 IS LOAD STEP    30  SUBSTEP     1  COMPLEX=  0
 FILE= shape30.lcs                                                                                                                                                                                                                                                         
 powerboardsim_v1--RANDOM VIBE - expanded prestressed modal basis (C5)   
                                                                         

 LOAD CASE  31 IS LOAD STEP    31  SUBSTEP     1  COMPLEX=  0
 FILE= shape31.lcs                                                                                                                                                                                                                                                         
 powerboardsim_v1--RANDOM VIBE - expanded prestressed modal basis (C5)   
                                                                         

 LOAD CASE  32 IS LOAD STEP    32  SUBSTEP     1  COMPLEX=  0
 FILE= shape32.lcs                                                                                                                                                                                                                                                         
 powerboardsim_v1--RANDOM VIBE - expanded prestressed modal basis (C5)   
                                                                         

 LOAD CASE  33 IS LOAD STEP    33  SUBSTEP     1  COMPLEX=  0
 FILE= shape33.lcs                                                                                                                                                                                                                                                         
 powerboardsim_v1--RANDOM VIBE - expanded prestressed modal basis (C5)   
                                                                         

 LOAD CASE  34 IS LOAD STEP    34  SUBSTEP     1  COMPLEX=  0
 FILE= shape34.lcs                                                                                                                                                                                                                                                         
 powerboardsim_v1--RANDOM VIBE - expanded prestressed modal basis (C5)   
                                                                         

 LOAD CASE  35 IS LOAD STEP    35  SUBSTEP     1  COMPLEX=  0
 FILE= shape35.lcs                                                                                                                                                                                                                                                         
 powerboardsim_v1--RANDOM VIBE - expanded prestressed modal basis (C5)   
                                                                         

 LOAD CASE  36 IS LOAD STEP    36  SUBSTEP     1  COMPLEX=  0
 FILE= shape36.lcs                                                                                                                                                                                                                                                         
 powerboardsim_v1--RANDOM VIBE - expanded prestressed modal basis (C5)   
                                                                         

 LOAD CASE  37 IS LOAD STEP    37  SUBSTEP     1  COMPLEX=  0
 FILE= shape37.lcs                                                                                                                                                                                                                                                         
 powerboardsim_v1--RANDOM VIBE - expanded prestressed modal basis (C5)   
                                                                         

 LOAD CASE  38 IS LOAD STEP    38  SUBSTEP     1  COMPLEX=  0
 FILE= shape38.lcs                                                                                                                                                                                                                                                         
 powerboardsim_v1--RANDOM VIBE - expanded prestressed modal basis (C5)   
                                                                         

 OPENED FILE= combined_nodes.csv FOR COMMAND FILE DATA 


 DATA FILE CHANGED TO FILE= modes.rst


 USE LOAD STEP     1  SUBSTEP     1  FOR LOAD CASE 0 

 SET COMMAND GOT LOAD STEP=     1  SUBSTEP=     1  CUMULATIVE ITERATION=     1
   TIME/FREQUENCY=  485.96    
 TITLE= powerboardsim_v1--RANDOM VIBE - expanded prestressed modal basis (C5)   

 CURRENT LOAD SET IN DATABASE IS ERASED

 LOAD CASE   1 FACTOR SET TO 0.49441E-07

 LOAD CASE   2 FACTOR SET TO 0.30938E-07

 LOAD CASE   3 FACTOR SET TO 0.44402E-05

 LOAD CASE   4 FACTOR SET TO 0.87022E-05

 LOAD CASE   5 FACTOR SET TO 0.74096E-06

 LOAD CASE   6 FACTOR SET TO-0.43833E-06

 LOAD CASE   7 FACTOR SET TO 0.16459E-06

 LOAD CASE   8 FACTOR SET TO-0.16883E-06

 LOAD CASE   9 FACTOR SET TO 0.15033E-07

 LOAD CASE  10 FACTOR SET TO 0.14122E-06

 LOAD CASE  11 FACTOR SET TO-0.33822E-07

 LOAD CASE  12 FACTOR SET TO 0.29592E-08

 LOAD CASE  13 FACTOR SET TO-0.17351E-07

 LOAD CASE  14 FACTOR SET TO-0.38068E-07

 LOAD CASE  15 FACTOR SET TO-0.47250E-07

 LOAD CASE  16 FACTOR SET TO 0.38892E-09

 LOAD CASE  17 FACTOR SET TO-0.39641E-09

 LOAD CASE  18 FACTOR SET TO-0.18082E-09

 LOAD CASE  19 FACTOR SET TO 0.49704E-10

 LOAD CASE  20 FACTOR SET TO-0.27422E-09

 LOAD CASE  21 FACTOR SET TO 0.80419E-09

 LOAD CASE  22 FACTOR SET TO-0.10712E-08

 LOAD CASE  23 FACTOR SET TO-0.16317E-08

 LOAD CASE  24 FACTOR SET TO-0.99652E-09

 LOAD CASE  25 FACTOR SET TO 0.47127E-08

 LOAD CASE  26 FACTOR SET TO 0.60243E-08

 LOAD CASE  27 FACTOR SET TO-0.28047E-08

 LOAD CASE  28 FACTOR SET TO 0.17625E-08

 LOAD CASE  29 FACTOR SET TO 0.57920E-08

 LOAD CASE  30 FACTOR SET TO-0.12025E-07

 LOAD CASE  31 FACTOR SET TO 0.16189E-07

 LOAD CASE  32 FACTOR SET TO-0.10294E-07

 LOAD CASE  33 FACTOR SET TO 0.13382E-07

 LOAD CASE  34 FACTOR SET TO-0.90053E-08

 LOAD CASE  35 FACTOR SET TO 0.44056E-08

 LOAD CASE  36 FACTOR SET TO 0.15690E-08

 LOAD CASE  37 FACTOR SET TO 0.37422E-08

 LOAD CASE  38 FACTOR SET TO 0.26291E-08

 LCOPER OPERATION ADD  USING LOAD CASE=   1 FACTOR= 0.49441E-07 ABS=   0

 LCOPER OPERATION ADD  USING LOAD CASE=   2 FACTOR= 0.30938E-07 ABS=   0

 LCOPER OPERATION ADD  USING LOAD CASE=   3 FACTOR= 0.44402E-05 ABS=   0

 LCOPER OPERATION ADD  USING LOAD CASE=   4 FACTOR= 0.87022E-05 ABS=   0

 LCOPER OPERATION ADD  USING LOAD CASE=   5 FACTOR= 0.74096E-06 ABS=   0

 LCOPER OPERATION ADD  USING LOAD CASE=   6 FACTOR=-0.43833E-06 ABS=   0

 LCOPER OPERATION ADD  USING LOAD CASE=   7 FACTOR= 0.16459E-06 ABS=   0

 LCOPER OPERATION ADD  USING LOAD CASE=   8 FACTOR=-0.16883E-06 ABS=   0

 LCOPER OPERATION ADD  USING LOAD CASE=   9 FACTOR= 0.15033E-07 ABS=   0

 LCOPER OPERATION ADD  USING LOAD CASE=  10 FACTOR= 0.14122E-06 ABS=   0

 LCOPER OPERATION ADD  USING LOAD CASE=  11 FACTOR=-0.33822E-07 ABS=   0

 LCOPER OPERATION ADD  USING LOAD CASE=  12 FACTOR= 0.29592E-08 ABS=   0

 LCOPER OPERATION ADD  USING LOAD CASE=  13 FACTOR=-0.17351E-07 ABS=   0

 LCOPER OPERATION ADD  USING LOAD CASE=  14 FACTOR=-0.38068E-07 ABS=   0

 LCOPER OPERATION ADD  USING LOAD CASE=  15 FACTOR=-0.47250E-07 ABS=   0

 LCOPER OPERATION ADD  USING LOAD CASE=  16 FACTOR= 0.38892E-09 ABS=   0

 LCOPER OPERATION ADD  USING LOAD CASE=  17 FACTOR=-0.39641E-09 ABS=   0

 LCOPER OPERATION ADD  USING LOAD CASE=  18 FACTOR=-0.18082E-09 ABS=   0

 LCOPER OPERATION ADD  USING LOAD CASE=  19 FACTOR= 0.49704E-10 ABS=   0

 LCOPER OPERATION ADD  USING LOAD CASE=  20 FACTOR=-0.27422E-09 ABS=   0

 LCOPER OPERATION ADD  USING LOAD CASE=  21 FACTOR= 0.80419E-09 ABS=   0

 LCOPER OPERATION ADD  USING LOAD CASE=  22 FACTOR=-0.10712E-08 ABS=   0

 LCOPER OPERATION ADD  USING LOAD CASE=  23 FACTOR=-0.16317E-08 ABS=   0

 LCOPER OPERATION ADD  USING LOAD CASE=  24 FACTOR=-0.99652E-09 ABS=   0

 LCOPER OPERATION ADD  USING LOAD CASE=  25 FACTOR= 0.47127E-08 ABS=   0

 LCOPER OPERATION ADD  USING LOAD CASE=  26 FACTOR= 0.60243E-08 ABS=   0

 LCOPER OPERATION ADD  USING LOAD CASE=  27 FACTOR=-0.28047E-08 ABS=   0

 LCOPER OPERATION ADD  USING LOAD CASE=  28 FACTOR= 0.17625E-08 ABS=   0

 LCOPER OPERATION ADD  USING LOAD CASE=  29 FACTOR= 0.57920E-08 ABS=   0

 LCOPER OPERATION ADD  USING LOAD CASE=  30 FACTOR=-0.12025E-07 ABS=   0

 LCOPER OPERATION ADD  USING LOAD CASE=  31 FACTOR= 0.16189E-07 ABS=   0

 LCOPER OPERATION ADD  USING LOAD CASE=  32 FACTOR=-0.10294E-07 ABS=   0

 LCOPER OPERATION ADD  USING LOAD CASE=  33 FACTOR= 0.13382E-07 ABS=   0

 LCOPER OPERATION ADD  USING LOAD CASE=  34 FACTOR=-0.90053E-08 ABS=   0

 LCOPER OPERATION ADD  USING LOAD CASE=  35 FACTOR= 0.44056E-08 ABS=   0

 LCOPER OPERATION ADD  USING LOAD CASE=  36 FACTOR= 0.15690E-08 ABS=   0

 LCOPER OPERATION ADD  USING LOAD CASE=  37 FACTOR= 0.37422E-08 ABS=   0

 LCOPER OPERATION ADD  USING LOAD CASE=  38 FACTOR= 0.26291E-08 ABS=   0

 *** NOTE ***                            ELAPSED TIME =      33.455   TIME= 12:02:16
 Load case combination data may not be correct unless viewed in the      
 solution phase coordinate system (RSYS=SOLU).                           

 *GET  PBS       FROM  NODE 149869  ITEM=S    X     VALUE= -77157.3111    

 *GET  PBS       FROM  NODE 149869  ITEM=S    Y     VALUE= -69986.8802    

 *GET  PBS       FROM  NODE 149869  ITEM=S    Z     VALUE=  7440.14547    

 *GET  PBS       FROM  NODE 149869  ITEM=S    XY    VALUE= -146392.087    

 *GET  PBS       FROM  NODE 149869  ITEM=S    YZ    VALUE=  26799.9221    

 *GET  PBS       FROM  NODE 149869  ITEM=S    XZ    VALUE= -45113.5003    

 *GET  PBS       FROM  NODE 173651  ITEM=S    X     VALUE= -3046243.31    

 *GET  PBS       FROM  NODE 173651  ITEM=S    Y     VALUE= -4284912.59    

 *GET  PBS       FROM  NODE 173651  ITEM=S    Z     VALUE= -17140993.5    

 *GET  PBS       FROM  NODE 173651  ITEM=S    XY    VALUE= -616619.805    

 *GET  PBS       FROM  NODE 173651  ITEM=S    YZ    VALUE= -1670743.53    

 *GET  PBS       FROM  NODE 173651  ITEM=S    XZ    VALUE=  3741673.52    

 SET DATABASE INPUT CONTROL TO ACCESS RESULTS FILE DATA FOR :
  NSOL                                                            

 DATA FILE CHANGED TO FILE= seed.rst

 APPEND RESULTS DATA FOR THE CURRENTLY SELECTED MODEL

 *** WARNING ***                         ELAPSED TIME =      33.691   TIME= 12:02:16
 Existing data in the database will not be zeroed.  A mixture of results 
 data in the database is possible.                                       


 USE DATA SET     1 ON RESULT FILE  FOR LOAD CASE 0 

 SET COMMAND GOT LOAD STEP=     1  SUBSTEP=     1  CUMULATIVE ITERATION=     1
   TIME/FREQUENCY=  1.0001    
 TITLE= powerboardsim_v1--RANDOM VIBE - expanded prestressed modal basis (C5)   

 SET DATABASE INPUT CONTROL TO ACCESS RESULTS FILE DATA FOR :
  NSOL    strs                                                    

 PUT THIS LOAD CASE ON THE RESULT FILE motion.rst
  AS RESULT SET     1 (LOAD STEP     1 SUBSTEP     1 TIME=  1.0001    )

 DATA FILE CHANGED TO FILE= modes.rst


 USE LOAD STEP     1  SUBSTEP     1  FOR LOAD CASE 0 

 SET COMMAND GOT LOAD STEP=     1  SUBSTEP=     1  CUMULATIVE ITERATION=     1
   TIME/FREQUENCY=  485.96    
 TITLE= powerboardsim_v1--RANDOM VIBE - expanded prestressed modal basis (C5)   

 CURRENT LOAD SET IN DATABASE IS ERASED

 LOAD CASE   1 FACTOR SET TO 0.77932E-07

 LOAD CASE   2 FACTOR SET TO-0.75041E-08

 LOAD CASE   3 FACTOR SET TO 0.14788E-05

 LOAD CASE   4 FACTOR SET TO 0.11458E-04

 LOAD CASE   5 FACTOR SET TO 0.61701E-06

 LOAD CASE   6 FACTOR SET TO-0.40762E-06

 LOAD CASE   7 FACTOR SET TO-0.41062E-07

 LOAD CASE   8 FACTOR SET TO 0.80338E-07

 LOAD CASE   9 FACTOR SET TO 0.20733E-07

 LOAD CASE  10 FACTOR SET TO 0.55908E-07

 LOAD CASE  11 FACTOR SET TO 0.61799E-07

 LOAD CASE  12 FACTOR SET TO 0.32542E-08

 LOAD CASE  13 FACTOR SET TO 0.55234E-07

 LOAD CASE  14 FACTOR SET TO-0.24299E-08

 LOAD CASE  15 FACTOR SET TO-0.12188E-07

 LOAD CASE  16 FACTOR SET TO 0.14100E-07

 LOAD CASE  17 FACTOR SET TO-0.11568E-07

 LOAD CASE  18 FACTOR SET TO-0.41820E-08

 LOAD CASE  19 FACTOR SET TO 0.67233E-09

 LOAD CASE  20 FACTOR SET TO-0.29183E-08

 LOAD CASE  21 FACTOR SET TO 0.84041E-08

 LOAD CASE  22 FACTOR SET TO-0.77597E-08

 LOAD CASE  23 FACTOR SET TO-0.96713E-08

 LOAD CASE  24 FACTOR SET TO-0.51875E-08

 LOAD CASE  25 FACTOR SET TO 0.23833E-07

 LOAD CASE  26 FACTOR SET TO 0.30023E-07

 LOAD CASE  27 FACTOR SET TO-0.13527E-07

 LOAD CASE  28 FACTOR SET TO 0.78966E-08

 LOAD CASE  29 FACTOR SET TO 0.25644E-07

 LOAD CASE  30 FACTOR SET TO-0.51252E-07

 LOAD CASE  31 FACTOR SET TO 0.67447E-07

 LOAD CASE  32 FACTOR SET TO-0.42037E-07

 LOAD CASE  33 FACTOR SET TO 0.54143E-07

 LOAD CASE  34 FACTOR SET TO-0.36048E-07

 LOAD CASE  35 FACTOR SET TO 0.17519E-07

 LOAD CASE  36 FACTOR SET TO 0.61536E-08

 LOAD CASE  37 FACTOR SET TO 0.14387E-07

 LOAD CASE  38 FACTOR SET TO 0.10009E-07

 LCOPER OPERATION ADD  USING LOAD CASE=   1 FACTOR= 0.77932E-07 ABS=   0

 LCOPER OPERATION ADD  USING LOAD CASE=   2 FACTOR=-0.75041E-08 ABS=   0

 LCOPER OPERATION ADD  USING LOAD CASE=   3 FACTOR= 0.14788E-05 ABS=   0

 LCOPER OPERATION ADD  USING LOAD CASE=   4 FACTOR= 0.11458E-04 ABS=   0

 LCOPER OPERATION ADD  USING LOAD CASE=   5 FACTOR= 0.61701E-06 ABS=   0

 LCOPER OPERATION ADD  USING LOAD CASE=   6 FACTOR=-0.40762E-06 ABS=   0

 LCOPER OPERATION ADD  USING LOAD CASE=   7 FACTOR=-0.41062E-07 ABS=   0

 LCOPER OPERATION ADD  USING LOAD CASE=   8 FACTOR= 0.80338E-07 ABS=   0

 LCOPER OPERATION ADD  USING LOAD CASE=   9 FACTOR= 0.20733E-07 ABS=   0

 LCOPER OPERATION ADD  USING LOAD CASE=  10 FACTOR= 0.55908E-07 ABS=   0

 LCOPER OPERATION ADD  USING LOAD CASE=  11 FACTOR= 0.61799E-07 ABS=   0

 LCOPER OPERATION ADD  USING LOAD CASE=  12 FACTOR= 0.32542E-08 ABS=   0

 LCOPER OPERATION ADD  USING LOAD CASE=  13 FACTOR= 0.55234E-07 ABS=   0

 LCOPER OPERATION ADD  USING LOAD CASE=  14 FACTOR=-0.24299E-08 ABS=   0

 LCOPER OPERATION ADD  USING LOAD CASE=  15 FACTOR=-0.12188E-07 ABS=   0

 LCOPER OPERATION ADD  USING LOAD CASE=  16 FACTOR= 0.14100E-07 ABS=   0

 LCOPER OPERATION ADD  USING LOAD CASE=  17 FACTOR=-0.11568E-07 ABS=   0

 LCOPER OPERATION ADD  USING LOAD CASE=  18 FACTOR=-0.41820E-08 ABS=   0

 LCOPER OPERATION ADD  USING LOAD CASE=  19 FACTOR= 0.67233E-09 ABS=   0

 LCOPER OPERATION ADD  USING LOAD CASE=  20 FACTOR=-0.29183E-08 ABS=   0

 LCOPER OPERATION ADD  USING LOAD CASE=  21 FACTOR= 0.84041E-08 ABS=   0

 LCOPER OPERATION ADD  USING LOAD CASE=  22 FACTOR=-0.77597E-08 ABS=   0

 LCOPER OPERATION ADD  USING LOAD CASE=  23 FACTOR=-0.96713E-08 ABS=   0

 LCOPER OPERATION ADD  USING LOAD CASE=  24 FACTOR=-0.51875E-08 ABS=   0

 LCOPER OPERATION ADD  USING LOAD CASE=  25 FACTOR= 0.23833E-07 ABS=   0

 LCOPER OPERATION ADD  USING LOAD CASE=  26 FACTOR= 0.30023E-07 ABS=   0

 LCOPER OPERATION ADD  USING LOAD CASE=  27 FACTOR=-0.13527E-07 ABS=   0

 LCOPER OPERATION ADD  USING LOAD CASE=  28 FACTOR= 0.78966E-08 ABS=   0

 LCOPER OPERATION ADD  USING LOAD CASE=  29 FACTOR= 0.25644E-07 ABS=   0

 LCOPER OPERATION ADD  USING LOAD CASE=  30 FACTOR=-0.51252E-07 ABS=   0

 LCOPER OPERATION ADD  USING LOAD CASE=  31 FACTOR= 0.67447E-07 ABS=   0

 LCOPER OPERATION ADD  USING LOAD CASE=  32 FACTOR=-0.42037E-07 ABS=   0

 LCOPER OPERATION ADD  USING LOAD CASE=  33 FACTOR= 0.54143E-07 ABS=   0

 LCOPER OPERATION ADD  USING LOAD CASE=  34 FACTOR=-0.36048E-07 ABS=   0

 LCOPER OPERATION ADD  USING LOAD CASE=  35 FACTOR= 0.17519E-07 ABS=   0

 LCOPER OPERATION ADD  USING LOAD CASE=  36 FACTOR= 0.61536E-08 ABS=   0

 LCOPER OPERATION ADD  USING LOAD CASE=  37 FACTOR= 0.14387E-07 ABS=   0

 LCOPER OPERATION ADD  USING LOAD CASE=  38 FACTOR= 0.10009E-07 ABS=   0

 *GET  PBS       FROM  NODE 149869  ITEM=S    X     VALUE= -133642.968    

 *GET  PBS       FROM  NODE 149869  ITEM=S    Y     VALUE= -118885.729    

 *GET  PBS       FROM  NODE 149869  ITEM=S    Z     VALUE=  8768.82290    

 *GET  PBS       FROM  NODE 149869  ITEM=S    XY    VALUE= -158871.427    

 *GET  PBS       FROM  NODE 149869  ITEM=S    YZ    VALUE=  24886.6453    

 *GET  PBS       FROM  NODE 149869  ITEM=S    XZ    VALUE= -64525.5462    

 *GET  PBS       FROM  NODE 173651  ITEM=S    X     VALUE=  7680602.36    

 *GET  PBS       FROM  NODE 173651  ITEM=S    Y     VALUE=  2956693.75    

 *GET  PBS       FROM  NODE 173651  ITEM=S    Z     VALUE=  6190260.70    

 *GET  PBS       FROM  NODE 173651  ITEM=S    XY    VALUE= -1539194.25    

 *GET  PBS       FROM  NODE 173651  ITEM=S    YZ    VALUE=  1204821.59    

 *GET  PBS       FROM  NODE 173651  ITEM=S    XZ    VALUE= -4506004.59    

 SET DATABASE INPUT CONTROL TO ACCESS RESULTS FILE DATA FOR :
  NSOL                                                            

 DATA FILE CHANGED TO FILE= seed.rst

 APPEND RESULTS DATA FOR THE CURRENTLY SELECTED MODEL

 *** WARNING ***                         ELAPSED TIME =      60.653   TIME= 12:02:43
 Existing data in the database will not be zeroed.  A mixture of results 
 data in the database is possible.                                       


 USE DATA SET     4 ON RESULT FILE  FOR LOAD CASE 0 

 SET COMMAND GOT LOAD STEP=     1  SUBSTEP=     4  CUMULATIVE ITERATION=     4
   TIME/FREQUENCY=  1.0002    
 TITLE= powerboardsim_v1--RANDOM VIBE - expanded prestressed modal basis (C5)   

 SET DATABASE INPUT CONTROL TO ACCESS RESULTS FILE DATA FOR :
  NSOL    strs                                                    

 PUT THIS LOAD CASE ON THE RESULT FILE motion.rst
  AS RESULT SET     2 (LOAD STEP     1 SUBSTEP     4 TIME=  1.0002    )

  COMMAND FILE CLOSED 


 DATA FILE CHANGED TO FILE= motion.rst


  *****  INDEX OF DATA SETS ON RESULTS FILE  *****

     SET   TIME/FREQ    LOAD STEP   SUBSTEP  CUMULATIVE
       1  1.0000610             1         1         1                  
       2  1.0002441             1         4         4                  

 OPENED FILE= roundtrip_nodes.csv FOR COMMAND FILE DATA 



 USE DATA SET     1 ON RESULT FILE  FOR LOAD CASE 0 

 SET COMMAND GOT LOAD STEP=     1  SUBSTEP=     1  CUMULATIVE ITERATION=     1
   TIME/FREQUENCY=  1.0001    
 TITLE= powerboardsim_v1--RANDOM VIBE - expanded prestressed modal basis (C5)   

 *GET  PBS       FROM  NODE 149869  ITEM=S    X     VALUE= -77157.3105    

 *GET  PBS       FROM  NODE 149869  ITEM=S    Y     VALUE= -69986.8799    

 *GET  PBS       FROM  NODE 149869  ITEM=S    Z     VALUE=  7440.14551    

 *GET  PBS       FROM  NODE 149869  ITEM=S    XY    VALUE= -146392.086    

 *GET  PBS       FROM  NODE 149869  ITEM=S    YZ    VALUE=  26799.9221    

 *GET  PBS       FROM  NODE 149869  ITEM=S    XZ    VALUE= -45113.5005    

 *GET  PBS       FROM  NODE 173651  ITEM=S    X     VALUE= -3046243.38    

 *GET  PBS       FROM  NODE 173651  ITEM=S    Y     VALUE= -4284912.65    

 *GET  PBS       FROM  NODE 173651  ITEM=S    Z     VALUE= -17140993.4    

 *GET  PBS       FROM  NODE 173651  ITEM=S    XY    VALUE= -616619.775    

 *GET  PBS       FROM  NODE 173651  ITEM=S    YZ    VALUE= -1670743.70    

 *GET  PBS       FROM  NODE 173651  ITEM=S    XZ    VALUE=  3741673.55    


 USE DATA SET     2 ON RESULT FILE  FOR LOAD CASE 0 

 SET COMMAND GOT LOAD STEP=     1  SUBSTEP=     4  CUMULATIVE ITERATION=     4
   TIME/FREQUENCY=  1.0002    
 TITLE= powerboardsim_v1--RANDOM VIBE - expanded prestressed modal basis (C5)   

 *GET  PBS       FROM  NODE 149869  ITEM=S    X     VALUE= -133642.968    

 *GET  PBS       FROM  NODE 149869  ITEM=S    Y     VALUE= -118885.729    

 *GET  PBS       FROM  NODE 149869  ITEM=S    Z     VALUE=  8768.82294    

 *GET  PBS       FROM  NODE 149869  ITEM=S    XY    VALUE= -158871.426    

 *GET  PBS       FROM  NODE 149869  ITEM=S    YZ    VALUE=  24886.6453    

 *GET  PBS       FROM  NODE 149869  ITEM=S    XZ    VALUE= -64525.5454    

 *GET  PBS       FROM  NODE 173651  ITEM=S    X     VALUE=  7680602.45    

 *GET  PBS       FROM  NODE 173651  ITEM=S    Y     VALUE=  2956693.75    

 *GET  PBS       FROM  NODE 173651  ITEM=S    Z     VALUE=  6190260.60    

 *GET  PBS       FROM  NODE 173651  ITEM=S    XY    VALUE= -1539194.16    

 *GET  PBS       FROM  NODE 173651  ITEM=S    YZ    VALUE=  1204821.62    

 *GET  PBS       FROM  NODE 173651  ITEM=S    XZ    VALUE= -4506004.70    

  COMMAND FILE CLOSED 


 OPENED FILE= displacement_nodes.csv FOR COMMAND FILE DATA 



 USE DATA SET     1 ON RESULT FILE  FOR LOAD CASE 0 

 SET COMMAND GOT LOAD STEP=     1  SUBSTEP=     1  CUMULATIVE ITERATION=     1
   TIME/FREQUENCY=  1.0001    
 TITLE= powerboardsim_v1--RANDOM VIBE - expanded prestressed modal basis (C5)   

 *GET  PBT       FROM  ACTI  ITEM=SET  TIME  VALUE=  1.00006104    

 *GET  PUX       FROM  NODE     44  ITEM=U    X     VALUE= 0.517997221E-05

 *GET  PUY       FROM  NODE     44  ITEM=U    Y     VALUE=-0.417060817E-05

 *GET  PUZ       FROM  NODE     44  ITEM=U    Z     VALUE=-0.119638732E-05

 *GET  PUX       FROM  NODE   2064  ITEM=U    X     VALUE= 0.364905199E-05

 *GET  PUY       FROM  NODE   2064  ITEM=U    Y     VALUE=-0.186041770E-06

 *GET  PUZ       FROM  NODE   2064  ITEM=U    Z     VALUE=-0.168932660E-05

 *GET  PUX       FROM  NODE   2075  ITEM=U    X     VALUE= 0.252193194E-05

 *GET  PUY       FROM  NODE   2075  ITEM=U    Y     VALUE=-0.176580731E-06

 *GET  PUZ       FROM  NODE   2075  ITEM=U    Z     VALUE= 0.474007070E-06

 *GET  PUX       FROM  NODE   2185  ITEM=U    X     VALUE= 0.724881232E-05

 *GET  PUY       FROM  NODE   2185  ITEM=U    Y     VALUE= 0.543084801E-06

 *GET  PUZ       FROM  NODE   2185  ITEM=U    Z     VALUE=-0.155465908E-04

 *GET  PUX       FROM  NODE  42154  ITEM=U    X     VALUE=-0.180274440E-06

 *GET  PUY       FROM  NODE  42154  ITEM=U    Y     VALUE= 0.445566518E-07

 *GET  PUZ       FROM  NODE  42154  ITEM=U    Z     VALUE=-0.127767227E-06

 *GET  PUX       FROM  NODE  42242  ITEM=U    X     VALUE= 0.671530207E-06

 *GET  PUY       FROM  NODE  42242  ITEM=U    Y     VALUE= 0.660691477E-07

 *GET  PUZ       FROM  NODE  42242  ITEM=U    Z     VALUE=-0.104663974E-05

 *GET  PUX       FROM  NODE 136765  ITEM=U    X     VALUE=  0.00000000    

 *GET  PUY       FROM  NODE 136765  ITEM=U    Y     VALUE=  0.00000000    

 *GET  PUZ       FROM  NODE 136765  ITEM=U    Z     VALUE=  0.00000000    


 USE DATA SET     2 ON RESULT FILE  FOR LOAD CASE 0 

 SET COMMAND GOT LOAD STEP=     1  SUBSTEP=     4  CUMULATIVE ITERATION=     4
   TIME/FREQUENCY=  1.0002    
 TITLE= powerboardsim_v1--RANDOM VIBE - expanded prestressed modal basis (C5)   

 *GET  PBT       FROM  ACTI  ITEM=SET  TIME  VALUE=  1.00024414    

 *GET  PUX       FROM  NODE     44  ITEM=U    X     VALUE= 0.517997221E-05

 *GET  PUY       FROM  NODE     44  ITEM=U    Y     VALUE=-0.417060817E-05

 *GET  PUZ       FROM  NODE     44  ITEM=U    Z     VALUE=-0.119638732E-05

 *GET  PUX       FROM  NODE   2064  ITEM=U    X     VALUE= 0.364905199E-05

 *GET  PUY       FROM  NODE   2064  ITEM=U    Y     VALUE=-0.186041770E-06

 *GET  PUZ       FROM  NODE   2064  ITEM=U    Z     VALUE=-0.168932660E-05

 *GET  PUX       FROM  NODE   2075  ITEM=U    X     VALUE= 0.252193194E-05

 *GET  PUY       FROM  NODE   2075  ITEM=U    Y     VALUE=-0.176580731E-06

 *GET  PUZ       FROM  NODE   2075  ITEM=U    Z     VALUE= 0.474007070E-06

 *GET  PUX       FROM  NODE   2185  ITEM=U    X     VALUE= 0.724881232E-05

 *GET  PUY       FROM  NODE   2185  ITEM=U    Y     VALUE= 0.543084801E-06

 *GET  PUZ       FROM  NODE   2185  ITEM=U    Z     VALUE=-0.155465908E-04

 *GET  PUX       FROM  NODE  42154  ITEM=U    X     VALUE=-0.180274440E-06

 *GET  PUY       FROM  NODE  42154  ITEM=U    Y     VALUE= 0.445566518E-07

 *GET  PUZ       FROM  NODE  42154  ITEM=U    Z     VALUE=-0.127767227E-06

 *GET  PUX       FROM  NODE  42242  ITEM=U    X     VALUE= 0.671530207E-06

 *GET  PUY       FROM  NODE  42242  ITEM=U    Y     VALUE= 0.660691477E-07

 *GET  PUZ       FROM  NODE  42242  ITEM=U    Z     VALUE=-0.104663974E-05

 *GET  PUX       FROM  NODE 136765  ITEM=U    X     VALUE=  0.00000000    

 *GET  PUY       FROM  NODE 136765  ITEM=U    Y     VALUE=  0.00000000    

 *GET  PUZ       FROM  NODE 136765  ITEM=U    Z     VALUE=  0.00000000    

  COMMAND FILE CLOSED 


 EXIT THE MAPDL POST1 DATABASE PROCESSOR


 ***** ROUTINE COMPLETED *****  ELAPSED TIME =        62.796



 EXIT MAPDL WITHOUT SAVING DATABASE


 NUMBER OF WARNING MESSAGES ENCOUNTERED=          2
 NUMBER OF ERROR   MESSAGES ENCOUNTERED=          0

+--------------------- M A P D L   S T A T I S T I C S ------------------------+

Release: 2026 R1.02         Build: 26.1       Update: UP20260202   Platform: WINDOWS x64 
Date Run: 10/06/2026   Time: 12:02     Process ID: 384
Operating System: Windows 11  (Build: 26200)

Processor Model:                           Virtual CPU @ 3.20GHz

Compiler: Intel(R) Fortran Compiler Classic Version 2021.9  (Build: 20230302)
          Intel(R) C/C++ Compiler Classic Version 2021.9  (Build: 20230302)
          AOCL-BLAS 5.1.1 Build 20251008
          Intel(R) oneAPI Math Kernel Library Version 2024.2.3-Product Build 20250403

Number of machines requested            :    1
Total number of cores available         :   14
Number of physical cores available      :   14
Number of processes requested           :    1
Number of threads per process requested :    1
Total number of cores requested         :    1 (Shared Memory Parallel)                    

GPU Acceleration: Not Requested

Job Name: file
Input File: run.dat
Working Directory: C:\Temp\PBMotion_20261005_stress_merged_proof

Total CPU time for main thread                    :       56.1 seconds
Total CPU time summed for all threads             :       56.0 seconds

Elapsed time spent obtaining a license            :        1.2 seconds
Elapsed time spent pre-processing model (/PREP7)  :        0.0 seconds
Elapsed time spent solution - preprocessing       :        0.0 seconds
Elapsed time spent computing solution             :        0.0 seconds
   Elapsed time in element formation & assembly   :        0.0 seconds
   Elapsed time in equation solver                :        0.0 seconds
   Elapsed time in element result calculations    :        0.0 seconds
Elapsed time spent solution - postprocessing      :        0.0 seconds
Elapsed time spent post-processing model (/POST1) :       56.4 seconds
 

Sum of disk space used on all processes           :       91.2 MB

Sum of memory used on all processes               :      721.0 MB
Sum of memory allocated on all processes          :     2304.0 MB
Physical memory available                         :        112 GB
Total amount of I/O written to disk               :        0.1 GB
Total amount of I/O read from disk                :        4.5 GB

+------------------ E N D   M A P D L   S T A T I S T I C S -------------------+


 *-----------------------------------------------------------------------------*
 |                                                                             |
 |                               RUN COMPLETED                                 |
 |                                                                             |
 |-----------------------------------------------------------------------------|
 |                                                                             |
 |  Ansys MAPDL 2026 R1.02      Build 26.1         UP20260202    WINDOWS x64   |
 |                                                                             |
 |-----------------------------------------------------------------------------|
 |                                                                             |
 |  Database Requested(-db)  1024 MB     Scratch Memory Requested      1024 MB |
 |  Maximum Database Used     640 MB     Maximum Scratch Memory Used     81 MB |
 |                                                                             |
 |-----------------------------------------------------------------------------|
 |                                                                             |
 |        CP Time      (sec) =         55.984       Time  =  12:02:56          |
 |        Elapsed Time (sec) =         73.177       Date  =  10/06/2026        |
 |                                                                             |
 *-----------------------------------------------------------------------------*
