/COM,ANSYS RELEASE 2026 R1.02        BUILD 26.1      UP20260202       21:06:18

 *** WARNING ***                         ELAPSED TIME =      12.554   TIME= 21:06:26
 Parameter _APDLBOLTCSIDS already exists.  It is deleted and redefined   
 by the *DIM command.                                                    

 *** WARNING ***                         ELAPSED TIME =      13.154   TIME= 21:06:27
 Parameter _APDLBOLTCSIDS already exists.  It is deleted and redefined   
 by the *DIM command.                                                    

 *** WARNING ***                         ELAPSED TIME =      13.995   TIME= 21:06:28
 Parameter _APDLBOLTCSIDS already exists.  It is deleted and redefined   
 by the *DIM command.                                                    

 *** WARNING ***                         ELAPSED TIME =      14.702   TIME= 21:06:28
 Parameter _APDLBOLTCSIDS already exists.  It is deleted and redefined   
 by the *DIM command.                                                    

 *** WARNING ***                         ELAPSED TIME =      15.534   TIME= 21:06:29
 Parameter _APDLBOLTCSIDS already exists.  It is deleted and redefined   
 by the *DIM command.                                                    

 *** WARNING ***                         ELAPSED TIME =      16.692   TIME= 21:06:30
 Parameter _APDLBOLTCSIDS already exists.  It is deleted and redefined   
 by the *DIM command.                                                    

 *** WARNING ***                         ELAPSED TIME =      16.696   TIME= 21:06:30
 Parameter _APDLBOLTCSIDS already exists.  It is deleted and redefined   
 by the *DIM command.                                                    

 *** WARNING ***                         ELAPSED TIME =      16.700   TIME= 21:06:30
 Parameter _APDLBOLTCSIDS already exists.  It is deleted and redefined   
 by the *DIM command.                                                    

 *** WARNING ***                         ELAPSED TIME =      16.703   TIME= 21:06:30
 Parameter _APDLBOLTCSIDS already exists.  It is deleted and redefined   
 by the *DIM command.                                                    

 *** WARNING ***                         ELAPSED TIME =      16.706   TIME= 21:06:30
 Parameter _APDLBOLTCSIDS already exists.  It is deleted and redefined   
 by the *DIM command.                                                    

 *** WARNING ***                         ELAPSED TIME =      16.709   TIME= 21:06:30
 Parameter _APDLBOLTCSIDS already exists.  It is deleted and redefined   
 by the *DIM command.                                                    

 *** WARNING ***                         ELAPSED TIME =      17.333   TIME= 21:06:31
 Element shape checking is currently inactive.  Issue SHPP,ON or         
 SHPP,WARN to reactivate, if desired.                                    

 *** WARNING ***                         ELAPSED TIME =      17.735   TIME= 21:06:31
 Material number 624 (used by element 72426) should normally have at     
 least one MP or one TB type command associated with it.  Output of      
 energy by material may not be available.                                

 *** WARNING ***                         ELAPSED TIME =      20.750   TIME= 21:06:34
 Overconstraint may occur for Lagrange multiplier or MPC based contact   
 algorithm.                                                              

 *** WARNING ***                         ELAPSED TIME =      20.751   TIME= 21:06:34
 Certain contact elements (for example 71600 & 62685) overlap with       
 other.                                                                  

 *** WARNING ***                         ELAPSED TIME =      20.751   TIME= 21:06:34
 Certain contact pairs (for example 482 & 340) overlap with other.       

 *** WARNING ***                         ELAPSED TIME =      21.980   TIME= 21:06:36
 Overconstraint may occur for Lagrange multiplier or MPC based contact   
 algorithm.                                                              

 *** WARNING ***                         ELAPSED TIME =      21.981   TIME= 21:06:36
 Certain contact elements (for example 80520 & 68246) overlap with       
 other.                                                                  

 *** WARNING ***                         ELAPSED TIME =      24.036   TIME= 21:06:38
 Overconstraint may occur for Lagrange multiplier or MPC based contact   
 algorithm.                                                              

 *** WARNING ***                         ELAPSED TIME =      24.036   TIME= 21:06:38
 Certain contact elements (for example 80520 & 68246) overlap with       
 other.                                                                  

 *** WARNING ***                         ELAPSED TIME =      37.855   TIME= 21:06:51
 Multiple constraints have been applied on degree of freedom 1 of        
 contact node 3923 (may be more nodes).  The program will remove         
 certain internal MPCs.  Please check the model carefully.               

 *** ERROR ***                           ELAPSED TIME =      64.975   TIME= 21:07:18
 A large negative pivot value ( -2.04090733 ) has been encountered in    
 the global assembled matrix at the UX degree of freedom of node 2361.   
 This may be caused by a bad temperature-dependent material property     
 used in the model.                                                      

 *** ERROR ***                           ELAPSED TIME =      64.978   TIME= 21:07:19
 There are 1 small equation solver pivot terms (e.g., at the UY degree   
 of freedom of node 3379).  Please check for an insufficiently           
 constrained model.                                                      

 *** WARNING ***                         ELAPSED TIME =      64.979   TIME= 21:07:19
 An extremely large pivot ratio has been detected by the sparse solver.  
 This usually indicates a very ill-conditioned matrix or possibly        
 rigid-body motion.  The solution may be inaccurate or even erroneous.   
 Please check your results carefully.                                    
